alloc/obstack/c/sdcc_iy/obstack_1grow
alloc/obstack/c/sdcc_iy/obstack_1grow_callee
alloc/obstack/c/sdcc_iy/obstack_1grow_fast
alloc/obstack/c/sdcc_iy/obstack_1grow_fast_callee
alloc/obstack/c/sdcc_iy/obstack_align_distance
alloc/obstack/c/sdcc_iy/obstack_align_distance_callee
alloc/obstack/c/sdcc_iy/obstack_align_to
alloc/obstack/c/sdcc_iy/obstack_align_to_callee
alloc/obstack/c/sdcc_iy/obstack_alloc
alloc/obstack/c/sdcc_iy/obstack_alloc_callee
alloc/obstack/c/sdcc_iy/obstack_base
alloc/obstack/c/sdcc_iy/obstack_base_fastcall
alloc/obstack/c/sdcc_iy/obstack_blank
alloc/obstack/c/sdcc_iy/obstack_blank_callee
alloc/obstack/c/sdcc_iy/obstack_blank_fast
alloc/obstack/c/sdcc_iy/obstack_blank_fast_callee
alloc/obstack/c/sdcc_iy/obstack_copy
alloc/obstack/c/sdcc_iy/obstack_copy_callee
alloc/obstack/c/sdcc_iy/obstack_copy0
alloc/obstack/c/sdcc_iy/obstack_copy0_callee
alloc/obstack/c/sdcc_iy/obstack_finish
alloc/obstack/c/sdcc_iy/obstack_finish_fastcall
alloc/obstack/c/sdcc_iy/obstack_free
alloc/obstack/c/sdcc_iy/obstack_free_callee
alloc/obstack/c/sdcc_iy/obstack_grow
alloc/obstack/c/sdcc_iy/obstack_grow_callee
alloc/obstack/c/sdcc_iy/obstack_grow0
alloc/obstack/c/sdcc_iy/obstack_grow0_callee
alloc/obstack/c/sdcc_iy/obstack_init
alloc/obstack/c/sdcc_iy/obstack_init_callee
alloc/obstack/c/sdcc_iy/obstack_int_grow
alloc/obstack/c/sdcc_iy/obstack_int_grow_callee
alloc/obstack/c/sdcc_iy/obstack_int_grow_fast
alloc/obstack/c/sdcc_iy/obstack_int_grow_fast_callee
alloc/obstack/c/sdcc_iy/obstack_next_free
alloc/obstack/c/sdcc_iy/obstack_next_free_fastcall
alloc/obstack/c/sdcc_iy/obstack_object_size
alloc/obstack/c/sdcc_iy/obstack_object_size_fastcall
alloc/obstack/c/sdcc_iy/obstack_room
alloc/obstack/c/sdcc_iy/obstack_room_fastcall
@alloc/obstack/obstack_asm.lst
