video/tms9918/obj/${TARGET}/msx_set_char_attr
video/tms9918/obj/${TARGET}/msx_calculate_side
video/tms9918/obj/${TARGET}/msx_blit_fill_vram
video/tms9918/obj/${TARGET}/msx_set_sprite_8
video/tms9918/obj/${TARGET}/msx_vpeek
video/tms9918/obj/${TARGET}/gen_filvrm
video/tms9918/obj/${TARGET}/msx_set_char_form
video/tms9918/obj/${TARGET}/msx_set_sprite_mode
video/tms9918/obj/${TARGET}/gen_msxbios
video/tms9918/obj/${TARGET}/msx_put_sprite_16
video/tms9918/obj/${TARGET}/gen_get_trigger
video/tms9918/obj/${TARGET}/dithpat
video/tms9918/obj/${TARGET}/gen_color
video/tms9918/obj/${TARGET}/gen_vram
video/tms9918/obj/${TARGET}/gen_ldirvm
video/tms9918/obj/${TARGET}/msx_map_m2_block
video/tms9918/obj/${TARGET}/gen_vwrite_direct
video/tms9918/obj/${TARGET}/gen_setrd
video/tms9918/obj/${TARGET}/add_raster_im1
video/tms9918/obj/${TARGET}/msx_set_char_color
video/tms9918/obj/${TARGET}/gen_vfill
video/tms9918/obj/${TARGET}/l_tms9918_disable_interrupts_im1
video/tms9918/obj/${TARGET}/gen_set_vdp_reg
video/tms9918/obj/${TARGET}/msx_map_m2_subpixel
video/tms9918/obj/${TARGET}/msx_put_sprite_8
video/tms9918/obj/${TARGET}/gen_setwrt
video/tms9918/obj/${TARGET}/gen_vread
video/tms9918/obj/${TARGET}/msx_blit_ram_vram
video/tms9918/obj/${TARGET}/msx_vfill_v
video/tms9918/obj/${TARGET}/gen_get_vdp_reg
video/tms9918/obj/${TARGET}/gen_set_border
video/tms9918/obj/${TARGET}/msx_blit
video/tms9918/obj/${TARGET}/msx_set_char
video/tms9918/obj/${TARGET}/msx_vpoke_callee
video/tms9918/obj/${TARGET}/msx_vpoke
video/tms9918/obj/${TARGET}/gen_ldirmv
video/tms9918/obj/${TARGET}/gen_set_mode
video/tms9918/obj/${TARGET}/gen_vwrite
video/tms9918/obj/${TARGET}/vdp_variables
video/tms9918/obj/${TARGET}/msx_vmerge
video/tms9918/obj/${TARGET}/msx_map_m2_pixel
video/tms9918/obj/${TARGET}/vdpport
video/tms9918/obj/${TARGET}/msx_set_sprite_16
video/tms9918/stdio/**/obj/${TARGET}/*
video/tms9918/graphics/obj/${TARGET}/*
