@arch/zx/display/display_sdcc.lst
@arch/ts2068/display/display_asm.lst
arch/ts2068/display/c/sdcc/tshc_aaddr2cx
arch/ts2068/display/c/sdcc/tshc_aaddr2cx_fastcall
arch/ts2068/display/c/sdcc/tshc_aaddr2cy
arch/ts2068/display/c/sdcc/tshc_aaddr2cy_fastcall
arch/ts2068/display/c/sdcc/tshc_aaddr2px
arch/ts2068/display/c/sdcc/tshc_aaddr2px_fastcall
arch/ts2068/display/c/sdcc/tshc_aaddr2py
arch/ts2068/display/c/sdcc/tshc_aaddr2py_fastcall
arch/ts2068/display/c/sdcc/tshc_aaddr2saddr
arch/ts2068/display/c/sdcc/tshc_aaddr2saddr_fastcall
arch/ts2068/display/c/sdcc/tshc_aaddrcdown
arch/ts2068/display/c/sdcc/tshc_aaddrcdown_fastcall
arch/ts2068/display/c/sdcc/tshc_aaddrcleft
arch/ts2068/display/c/sdcc/tshc_aaddrcleft_fastcall
arch/ts2068/display/c/sdcc/tshc_aaddrcright
arch/ts2068/display/c/sdcc/tshc_aaddrcright_fastcall
arch/ts2068/display/c/sdcc/tshc_aaddrcup
arch/ts2068/display/c/sdcc/tshc_aaddrcup_fastcall
arch/ts2068/display/c/sdcc/tshc_aaddrpdown
arch/ts2068/display/c/sdcc/tshc_aaddrpdown_fastcall
arch/ts2068/display/c/sdcc/tshc_aaddrpleft
arch/ts2068/display/c/sdcc/tshc_aaddrpleft_callee
arch/ts2068/display/c/sdcc/tshc_aaddrpright
arch/ts2068/display/c/sdcc/tshc_aaddrpright_callee
arch/ts2068/display/c/sdcc/tshc_aaddrpup
arch/ts2068/display/c/sdcc/tshc_aaddrpup_fastcall
arch/ts2068/display/c/sdcc/tshc_bitmask2px
arch/ts2068/display/c/sdcc/tshc_bitmask2px_fastcall
arch/ts2068/display/c/sdcc/tshc_cxy2aaddr
arch/ts2068/display/c/sdcc/tshc_cxy2aaddr_callee
arch/ts2068/display/c/sdcc/tshc_cxy2saddr
arch/ts2068/display/c/sdcc/tshc_cxy2saddr_callee
arch/ts2068/display/c/sdcc/tshc_cy2aaddr
arch/ts2068/display/c/sdcc/tshc_cy2aaddr_fastcall
arch/ts2068/display/c/sdcc/tshc_cy2saddr
arch/ts2068/display/c/sdcc/tshc_cy2saddr_fastcall
arch/ts2068/display/c/sdcc/tshc_px2bitmask
arch/ts2068/display/c/sdcc/tshc_px2bitmask_fastcall
arch/ts2068/display/c/sdcc/tshc_pxy2aaddr
arch/ts2068/display/c/sdcc/tshc_pxy2aaddr_callee
arch/ts2068/display/c/sdcc/tshc_pxy2saddr
arch/ts2068/display/c/sdcc/tshc_pxy2saddr_callee
arch/ts2068/display/c/sdcc/tshc_py2aaddr
arch/ts2068/display/c/sdcc/tshc_py2aaddr_fastcall
arch/ts2068/display/c/sdcc/tshc_py2saddr
arch/ts2068/display/c/sdcc/tshc_py2saddr_fastcall
arch/ts2068/display/c/sdcc/tshc_saddr2aaddr
arch/ts2068/display/c/sdcc/tshc_saddr2aaddr_fastcall
arch/ts2068/display/c/sdcc/tshc_saddr2cx
arch/ts2068/display/c/sdcc/tshc_saddr2cx_fastcall
arch/ts2068/display/c/sdcc/tshc_saddr2cy
arch/ts2068/display/c/sdcc/tshc_saddr2cy_fastcall
arch/ts2068/display/c/sdcc/tshc_saddr2px
arch/ts2068/display/c/sdcc/tshc_saddr2px_fastcall
arch/ts2068/display/c/sdcc/tshc_saddr2py
arch/ts2068/display/c/sdcc/tshc_saddr2py_fastcall
arch/ts2068/display/c/sdcc/tshc_saddrcdown
arch/ts2068/display/c/sdcc/tshc_saddrcdown_fastcall
arch/ts2068/display/c/sdcc/tshc_saddrcleft
arch/ts2068/display/c/sdcc/tshc_saddrcleft_fastcall
arch/ts2068/display/c/sdcc/tshc_saddrcright
arch/ts2068/display/c/sdcc/tshc_saddrcright_fastcall
arch/ts2068/display/c/sdcc/tshc_saddrcup
arch/ts2068/display/c/sdcc/tshc_saddrcup_fastcall
arch/ts2068/display/c/sdcc/tshc_saddrpdown
arch/ts2068/display/c/sdcc/tshc_saddrpdown_fastcall
arch/ts2068/display/c/sdcc/tshc_saddrpleft
arch/ts2068/display/c/sdcc/tshc_saddrpleft_callee
arch/ts2068/display/c/sdcc/tshc_saddrpright
arch/ts2068/display/c/sdcc/tshc_saddrpright_callee
arch/ts2068/display/c/sdcc/tshc_saddrpup
arch/ts2068/display/c/sdcc/tshc_saddrpup_fastcall
arch/ts2068/display/c/sdcc/tshr_bitmask2px
arch/ts2068/display/c/sdcc/tshr_bitmask2px_fastcall
arch/ts2068/display/c/sdcc/tshr_cxy2saddr
arch/ts2068/display/c/sdcc/tshr_cxy2saddr_callee
arch/ts2068/display/c/sdcc/tshr_cy2saddr
arch/ts2068/display/c/sdcc/tshr_cy2saddr_fastcall
arch/ts2068/display/c/sdcc/tshr_px2bitmask
arch/ts2068/display/c/sdcc/tshr_px2bitmask_fastcall
arch/ts2068/display/c/sdcc/tshr_pxy2saddr
arch/ts2068/display/c/sdcc/tshr_pxy2saddr_callee
arch/ts2068/display/c/sdcc/tshr_py2saddr
arch/ts2068/display/c/sdcc/tshr_py2saddr_fastcall
arch/ts2068/display/c/sdcc/tshr_saddr2cx
arch/ts2068/display/c/sdcc/tshr_saddr2cx_fastcall
arch/ts2068/display/c/sdcc/tshr_saddr2cy
arch/ts2068/display/c/sdcc/tshr_saddr2cy_fastcall
arch/ts2068/display/c/sdcc/tshr_saddr2px
arch/ts2068/display/c/sdcc/tshr_saddr2px_fastcall
arch/ts2068/display/c/sdcc/tshr_saddr2py
arch/ts2068/display/c/sdcc/tshr_saddr2py_fastcall
arch/ts2068/display/c/sdcc/tshr_saddrcdown
arch/ts2068/display/c/sdcc/tshr_saddrcdown_fastcall
arch/ts2068/display/c/sdcc/tshr_saddrcleft
arch/ts2068/display/c/sdcc/tshr_saddrcleft_fastcall
arch/ts2068/display/c/sdcc/tshr_saddrcright
arch/ts2068/display/c/sdcc/tshr_saddrcright_fastcall
arch/ts2068/display/c/sdcc/tshr_saddrcup
arch/ts2068/display/c/sdcc/tshr_saddrcup_fastcall
arch/ts2068/display/c/sdcc/tshr_saddrpdown
arch/ts2068/display/c/sdcc/tshr_saddrpdown_fastcall
arch/ts2068/display/c/sdcc/tshr_saddrpleft
arch/ts2068/display/c/sdcc/tshr_saddrpleft_callee
arch/ts2068/display/c/sdcc/tshr_saddrpright
arch/ts2068/display/c/sdcc/tshr_saddrpright_callee
arch/ts2068/display/c/sdcc/tshr_saddrpup
arch/ts2068/display/c/sdcc/tshr_saddrpup_fastcall
