string/z80/asm_bcmp
string/z80/asm_bcopy
string/z80/asm_bzero
string/z80/asm_ffs
string/z80/asm_ffsl
string/z80/asm_ffsll
string/z80/asm_index
string/z80/asm_memccpy
string/z80/asm_memchr
string/z80/asm_memcmp
string/z80/asm_memcpy
string/z80/asm_memmem
string/z80/asm_memmove
string/z80/asm_memrchr
string/z80/asm_memset
string/z80/asm_memswap
string/z80/asm_rawmemchr
string/z80/asm_rindex
string/z80/asm_stpcpy
string/z80/asm_stpncpy
string/z80/asm_strcasecmp
string/z80/asm_strcat
string/z80/asm_strchr
string/z80/asm_strchrnul
string/z80/asm_strcmp
string/z80/asm_strcoll
string/z80/asm_strcpy
string/z80/asm_strcspn
string/z80/asm_strdup
string/z80/asm_strerror
string/z80/asm_stricmp
string/z80/asm_strlcat
string/z80/asm_strlcpy
string/z80/asm_strlen
string/z80/asm_strlwr
string/z80/asm_strncasecmp
string/z80/asm_strncat
string/z80/asm_strnchr
string/z80/asm_strncmp
string/z80/asm_strncpy
string/z80/asm_strndup
string/z80/asm_strnicmp
string/z80/asm_strnlen
string/z80/asm_strnset
string/z80/asm_strpbrk
string/z80/asm_strrchr
string/z80/asm_strrcspn
string/z80/asm_strrev
string/z80/asm_strrspn
string/z80/asm_strrstr
string/z80/asm_strrstrip
string/z80/asm_strsep
string/z80/asm_strset
string/z80/asm_strspn
string/z80/asm_strstr
string/z80/asm_strstrip
string/z80/asm_strtok
string/z80/asm_strtok_r
string/z80/asm_strupr
string/z80/asm_strxfrm
string/z80/asm__memlwr
string/z80/asm__memstrcpy
string/z80/asm__memupr
string/z80/asm__strrstrip
string/z80/__str_locate_nul
string/z80/__string_strtok_p
