string/c/sdcc_iy/bcmp
string/c/sdcc_iy/bcmp_callee
string/c/sdcc_iy/bcopy
string/c/sdcc_iy/bcopy_callee
string/c/sdcc_iy/bzero
string/c/sdcc_iy/bzero_callee
string/c/sdcc_iy/ffs
string/c/sdcc_iy/ffs_fastcall
string/c/sdcc_iy/ffsl
string/c/sdcc_iy/ffsl_fastcall
string/c/sdcc_iy/ffsll
string/c/sdcc_iy/ffsll_callee
string/c/sdcc_iy/index
string/c/sdcc_iy/index_callee
string/c/sdcc_iy/memccpy
string/c/sdcc_iy/memccpy_callee
string/c/sdcc_iy/memchr
string/c/sdcc_iy/memchr_callee
string/c/sdcc_iy/memcmp
string/c/sdcc_iy/memcmp_callee
string/c/sdcc_iy/memcpy
string/c/sdcc_iy/memcpy_callee
string/c/sdcc_iy/memmem
string/c/sdcc_iy/memmem_callee
string/c/sdcc_iy/memmove
string/c/sdcc_iy/memmove_callee
string/c/sdcc_iy/memrchr
string/c/sdcc_iy/memrchr_callee
string/c/sdcc_iy/memset
string/c/sdcc_iy/memset_callee
string/c/sdcc_iy/memswap
string/c/sdcc_iy/memswap_callee
string/c/sdcc_iy/rawmemchr
string/c/sdcc_iy/rawmemchr_callee
string/c/sdcc_iy/rindex
string/c/sdcc_iy/rindex_callee
string/c/sdcc_iy/stpcpy
string/c/sdcc_iy/stpcpy_callee
string/c/sdcc_iy/stpncpy
string/c/sdcc_iy/stpncpy_callee
string/c/sdcc_iy/strcasecmp
string/c/sdcc_iy/strcasecmp_callee
string/c/sdcc_iy/strcat
string/c/sdcc_iy/strcat_callee
string/c/sdcc_iy/strchr
string/c/sdcc_iy/strchr_callee
string/c/sdcc_iy/strchrnul
string/c/sdcc_iy/strchrnul_callee
string/c/sdcc_iy/strcmp
string/c/sdcc_iy/strcmp_callee
string/c/sdcc_iy/strcoll
string/c/sdcc_iy/strcoll_callee
string/c/sdcc_iy/strcpy
string/c/sdcc_iy/strcpy_callee
string/c/sdcc_iy/strcspn
string/c/sdcc_iy/strcspn_callee
string/c/sdcc_iy/strdup
string/c/sdcc_iy/strdup_fastcall
string/c/sdcc_iy/strerror
string/c/sdcc_iy/strerror_fastcall
string/c/sdcc_iy/stricmp
string/c/sdcc_iy/stricmp_callee
string/c/sdcc_iy/strlcat
string/c/sdcc_iy/strlcat_callee
string/c/sdcc_iy/strlcpy
string/c/sdcc_iy/strlcpy_callee
string/c/sdcc_iy/strlen
string/c/sdcc_iy/strlen_fastcall
string/c/sdcc_iy/strlwr
string/c/sdcc_iy/strlwr_fastcall
string/c/sdcc_iy/strncasecmp
string/c/sdcc_iy/strncasecmp_callee
string/c/sdcc_iy/strncat
string/c/sdcc_iy/strncat_callee
string/c/sdcc_iy/strnchr
string/c/sdcc_iy/strnchr_callee
string/c/sdcc_iy/strncmp
string/c/sdcc_iy/strncmp_callee
string/c/sdcc_iy/strncpy
string/c/sdcc_iy/strncpy_callee
string/c/sdcc_iy/strndup
string/c/sdcc_iy/strndup_callee
string/c/sdcc_iy/strnicmp
string/c/sdcc_iy/strnicmp_callee
string/c/sdcc_iy/strnlen
string/c/sdcc_iy/strnlen_callee
string/c/sdcc_iy/strnset
string/c/sdcc_iy/strnset_callee
string/c/sdcc_iy/strpbrk
string/c/sdcc_iy/strpbrk_callee
string/c/sdcc_iy/strrchr
string/c/sdcc_iy/strrchr_callee
string/c/sdcc_iy/strrcspn
string/c/sdcc_iy/strrcspn_callee
string/c/sdcc_iy/strrev
string/c/sdcc_iy/strrev_fastcall
string/c/sdcc_iy/strrspn
string/c/sdcc_iy/strrspn_callee
string/c/sdcc_iy/strrstr
string/c/sdcc_iy/strrstr_callee
string/c/sdcc_iy/strrstrip
string/c/sdcc_iy/strrstrip_fastcall
string/c/sdcc_iy/strsep
string/c/sdcc_iy/strsep_callee
string/c/sdcc_iy/strset
string/c/sdcc_iy/strset_callee
string/c/sdcc_iy/strspn
string/c/sdcc_iy/strspn_callee
string/c/sdcc_iy/strstr
string/c/sdcc_iy/strstr_callee
string/c/sdcc_iy/strstrip
string/c/sdcc_iy/strstrip_fastcall
string/c/sdcc_iy/strtok
string/c/sdcc_iy/strtok_callee
string/c/sdcc_iy/strtok_r
string/c/sdcc_iy/strtok_r_callee
string/c/sdcc_iy/strupr
string/c/sdcc_iy/strupr_fastcall
string/c/sdcc_iy/strxfrm
string/c/sdcc_iy/strxfrm_callee
string/c/sdcc_iy/_memlwr_
string/c/sdcc_iy/_memlwr__callee
string/c/sdcc_iy/_memstrcpy_
string/c/sdcc_iy/_memstrcpy__callee
string/c/sdcc_iy/_memupr_
string/c/sdcc_iy/_memupr__callee
string/c/sdcc_iy/_strrstrip_
string/c/sdcc_iy/_strrstrip__fastcall
@string/string_asm.lst
