math/float/math48/lm/c/sccz80/acos
math/float/math48/lm/c/sccz80/acosh
math/float/math48/lm/c/sccz80/asin
math/float/math48/lm/c/sccz80/asinh
math/float/math48/lm/c/sccz80/atan
math/float/math48/lm/c/sccz80/atan2
math/float/math48/lm/c/sccz80/atan2_callee
math/float/math48/lm/c/sccz80/atanh
math/float/math48/lm/c/sccz80/cbrt
math/float/math48/lm/c/sccz80/ceil
math/float/math48/lm/c/sccz80/copysign
math/float/math48/lm/c/sccz80/copysign_callee
math/float/math48/lm/c/sccz80/cos
math/float/math48/lm/c/sccz80/cosh
math/float/math48/lm/c/sccz80/dadd
math/float/math48/lm/c/sccz80/dcallee1
math/float/math48/lm/c/sccz80/dcallee2
math/float/math48/lm/c/sccz80/ddiv
math/float/math48/lm/c/sccz80/deq
math/float/math48/lm/c/sccz80/dge
math/float/math48/lm/c/sccz80/dgt
math/float/math48/lm/c/sccz80/dldpsh
math/float/math48/lm/c/sccz80/dleq
math/float/math48/lm/c/sccz80/dload
math/float/math48/lm/c/sccz80/dloadb
math/float/math48/lm/c/sccz80/dlt
math/float/math48/lm/c/sccz80/dmul
math/float/math48/lm/c/sccz80/dne
math/float/math48/lm/c/sccz80/dpush
math/float/math48/lm/c/sccz80/dpush2
math/float/math48/lm/c/sccz80/dpush3
math/float/math48/lm/c/sccz80/dread
math/float/math48/lm/c/sccz80/dstore
math/float/math48/lm/c/sccz80/dsub
math/float/math48/lm/c/sccz80/dswap
math/float/math48/lm/c/sccz80/erf
math/float/math48/lm/c/sccz80/erfc
math/float/math48/lm/c/sccz80/exp
math/float/math48/lm/c/sccz80/exp2
math/float/math48/lm/c/sccz80/expm1
math/float/math48/lm/c/sccz80/fabs
math/float/math48/lm/c/sccz80/fdim
math/float/math48/lm/c/sccz80/fdim_callee
math/float/math48/lm/c/sccz80/float
math/float/math48/lm/c/sccz80/floor
math/float/math48/lm/c/sccz80/fma
math/float/math48/lm/c/sccz80/fma_callee
math/float/math48/lm/c/sccz80/fmax
math/float/math48/lm/c/sccz80/fmax_callee
math/float/math48/lm/c/sccz80/fmin
math/float/math48/lm/c/sccz80/fmin_callee
math/float/math48/lm/c/sccz80/fmod
math/float/math48/lm/c/sccz80/fmod_callee
math/float/math48/lm/c/sccz80/frexp
math/float/math48/lm/c/sccz80/frexp_callee
math/float/math48/lm/c/sccz80/hypot
math/float/math48/lm/c/sccz80/hypot_callee
math/float/math48/lm/c/sccz80/ifix
math/float/math48/lm/c/sccz80/ilogb
math/float/math48/lm/c/sccz80/isgreater
math/float/math48/lm/c/sccz80/isgreater_callee
math/float/math48/lm/c/sccz80/isgreaterequal
math/float/math48/lm/c/sccz80/isgreaterequal_callee
math/float/math48/lm/c/sccz80/isless
math/float/math48/lm/c/sccz80/isless_callee
math/float/math48/lm/c/sccz80/islessequal
math/float/math48/lm/c/sccz80/islessequal_callee
math/float/math48/lm/c/sccz80/islessgreater
math/float/math48/lm/c/sccz80/islessgreater_callee
math/float/math48/lm/c/sccz80/isunordered
math/float/math48/lm/c/sccz80/isunordered_callee
math/float/math48/lm/c/sccz80/ldexp
math/float/math48/lm/c/sccz80/ldexp_callee
math/float/math48/lm/c/sccz80/lgamma
math/float/math48/lm/c/sccz80/llrint
math/float/math48/lm/c/sccz80/llround
math/float/math48/lm/c/sccz80/log
math/float/math48/lm/c/sccz80/log10
math/float/math48/lm/c/sccz80/log1p
math/float/math48/lm/c/sccz80/log2
math/float/math48/lm/c/sccz80/logb
math/float/math48/lm/c/sccz80/lp_gdoub
math/float/math48/lm/c/sccz80/lp_pdoub
math/float/math48/lm/c/sccz80/lrint
math/float/math48/lm/c/sccz80/lround
math/float/math48/lm/c/sccz80/minusfa
math/float/math48/lm/c/sccz80/modf
math/float/math48/lm/c/sccz80/modf_callee
math/float/math48/lm/c/sccz80/nan
math/float/math48/lm/c/sccz80/nearbyint
math/float/math48/lm/c/sccz80/nextafter
math/float/math48/lm/c/sccz80/nexttoward
math/float/math48/lm/c/sccz80/pow
math/float/math48/lm/c/sccz80/pow_callee
math/float/math48/lm/c/sccz80/remainder
math/float/math48/lm/c/sccz80/remquo
math/float/math48/lm/c/sccz80/rint
math/float/math48/lm/c/sccz80/round
math/float/math48/lm/c/sccz80/scalbln
math/float/math48/lm/c/sccz80/scalbn
math/float/math48/lm/c/sccz80/scalbn_callee
math/float/math48/lm/c/sccz80/sin
math/float/math48/lm/c/sccz80/sinh
math/float/math48/lm/c/sccz80/sqrt
math/float/math48/lm/c/sccz80/tan
math/float/math48/lm/c/sccz80/tanh
math/float/math48/lm/c/sccz80/tgamma
math/float/math48/lm/c/sccz80/trunc
math/float/math48/lm/c/sccz80/ufloat
math/float/math48/lm/c/sccz80/l_f48_ldexp
@math/float/math48/m_asm.lst
