alloc/malloc-classic/obj/${TYPE}/calloc
alloc/malloc-classic/obj/${TYPE}/calloc_callee
alloc/malloc-classic/obj/${TYPE}/free
alloc/malloc-classic/obj/${TYPE}/HeapAlloc
alloc/malloc-classic/obj/${TYPE}/HeapAlloc_callee
alloc/malloc-classic/obj/${TYPE}/HeapCalloc
alloc/malloc-classic/obj/${TYPE}/HeapCalloc_callee
alloc/malloc-classic/obj/${TYPE}/HeapCreate
alloc/malloc-classic/obj/${TYPE}/HeapFree
alloc/malloc-classic/obj/${TYPE}/HeapFree_callee
alloc/malloc-classic/obj/${TYPE}/HeapInfo
alloc/malloc-classic/obj/${TYPE}/HeapInfo_callee
alloc/malloc-classic/obj/${TYPE}/HeapRealloc
alloc/malloc-classic/obj/${TYPE}/HeapRealloc_callee
alloc/malloc-classic/obj/${TYPE}/HeapSbrk
alloc/malloc-classic/obj/${TYPE}/HeapSbrk_callee
alloc/malloc-classic/obj/${TYPE}/MAHeapInfo
alloc/malloc-classic/obj/${TYPE}/mallinfo
alloc/malloc-classic/obj/${TYPE}/mallinfo_callee
alloc/malloc-classic/obj/${TYPE}/mallinit
alloc/malloc-classic/obj/${TYPE}/malloc
alloc/malloc-classic/obj/${TYPE}/realloc
alloc/malloc-classic/obj/${TYPE}/realloc_callee
alloc/malloc-classic/obj/${TYPE}/sbrk
alloc/malloc-classic/obj/${TYPE}/sbrk_callee
alloc/malloc-classic/obj/${TYPE}/strings/strdup
alloc/malloc-classic/obj/${TYPE}/asm_realloc
alloc/malloc-classic/obj/${TYPE}/asm_free
