math/float/math32/lm32/z80/asm_addf
math/float/math32/lm32/z80/asm_ceilf
math/float/math32/lm32/z80/asm_divf
math/float/math32/lm32/z80/asm_div2f
math/float/math32/lm32/z80/asm_fabsf
math/float/math32/lm32/z80/asm_floorf
math/float/math32/lm32/z80/asm_fpclassifyf
math/float/math32/lm32/z80/asm_hypotf
math/float/math32/lm32/z80/asm_invf
math/float/math32/lm32/z80/asm_invsqrtf
math/float/math32/lm32/z80/asm_mulf
math/float/math32/lm32/z80/asm_mul2f
math/float/math32/lm32/z80/asm_negf
math/float/math32/lm32/z80/asm_polyf
math/float/math32/lm32/z80/asm_sigdigf
math/float/math32/lm32/z80/asm_sqrf
math/float/math32/lm32/z80/asm_sqrtf
math/float/math32/lm32/z80/asm_subf
math/float/math32/lm32/z80/asm_zerof
math/float/math32/lm32/z80/asm_nan_b
math/float/math32/lm32/z80/asm_dneg
math/float/math32/lm32/z80/asm_dadd
math/float/math32/lm32/z80/asm_dmul
math/float/math32/lm32/z80/asm_dmul10u
math/float/math32/lm32/z80/asm_dmulpow2
math/float/math32/lm32/z80/asm_dmulpow10
math/float/math32/lm32/z80/asm_double8u
math/float/math32/lm32/z80/asm_double16u
math/float/math32/lm32/z80/asm_double32u
math/float/math32/lm32/z80/asm_dhexpop
math/float/math32/lm32/z80/asm__dtoa_base10
math/float/math32/lm32/z80/asm__dtoa_base16
math/float/math32/lm32/z80/asm__dtoa_digits
math/float/math32/lm32/z80/asm__dtoa_sgnabs
math/float/math32/lm32/z80/asm_derror_zc
math/float/math32/lm32/z80/asm_derror_onc
math/float/math32/lm32/z80/asm_derror_znc
math/float/math32/lm32/z80/asm_derror_nanc
math/float/math32/lm32/z80/asm_derror_nannc
math/float/math32/lm32/z80/asm_derror_pinfnc
math/float/math32/lm32/z80/asm_derror_edom_zc
math/float/math32/lm32/z80/asm_derror_edom_infc
math/float/math32/lm32/z80/asm_derror_einval_zc
math/float/math32/lm32/z80/asm_derror_erange_infc
