math/float/math32/c/sdcc/cm32_sdcc___fs2sint
math/float/math32/c/sdcc/cm32_sdcc___fs2sint_callee
math/float/math32/c/sdcc/cm32_sdcc___fs2slong
math/float/math32/c/sdcc/cm32_sdcc___fs2slong_callee
math/float/math32/c/sdcc/cm32_sdcc___fs2uint
math/float/math32/c/sdcc/cm32_sdcc___fs2uint_callee
math/float/math32/c/sdcc/cm32_sdcc___fs2ulong
math/float/math32/c/sdcc/cm32_sdcc___fs2ulong_callee
math/float/math32/c/sdcc/cm32_sdcc___fseq_callee
math/float/math32/c/sdcc/cm32_sdcc___fslt_callee
math/float/math32/c/sdcc/cm32_sdcc___fsneq_callee
math/float/math32/c/sdcc/cm32_sdcc___schar2fs
math/float/math32/c/sdcc/cm32_sdcc___schar2fs_callee
math/float/math32/c/sdcc/cm32_sdcc___sint2fs
math/float/math32/c/sdcc/cm32_sdcc___sint2fs_callee
math/float/math32/c/sdcc/cm32_sdcc___slong2fs
math/float/math32/c/sdcc/cm32_sdcc___slong2fs_callee
math/float/math32/c/sdcc/cm32_sdcc___uchar2fs
math/float/math32/c/sdcc/cm32_sdcc___uchar2fs_callee
math/float/math32/c/sdcc/cm32_sdcc___uint2fs
math/float/math32/c/sdcc/cm32_sdcc___uint2fs_callee
math/float/math32/c/sdcc/cm32_sdcc___ulong2fs
math/float/math32/c/sdcc/cm32_sdcc___ulong2fs_callee
math/float/math32/c/sdcc/cm32_sdcc_fsread
math/float/math32/c/sdcc/cm32_sdcc_fsread_callee
math/float/math32/c/sdcc/cm32_sdcc_fsload
math/float/math32/c/sdcc/cm32_sdcc_fsadd
math/float/math32/c/sdcc/cm32_sdcc_fsadd_callee
math/float/math32/c/sdcc/cm32_sdcc_fsdiv
math/float/math32/c/sdcc/cm32_sdcc_fsdiv_callee
math/float/math32/c/sdcc/cm32_sdcc_fsmul
math/float/math32/c/sdcc/cm32_sdcc_fsmul_callee
math/float/math32/c/sdcc/cm32_sdcc_fssub
math/float/math32/c/sdcc/cm32_sdcc_fssub_callee
