math/float/math32/c/sdcc/cm32_sdcc_acos
math/float/math32/c/sdcc/cm32_sdcc_acosh
math/float/math32/c/sdcc/cm32_sdcc_asin
math/float/math32/c/sdcc/cm32_sdcc_asinh
math/float/math32/c/sdcc/cm32_sdcc_atan
math/float/math32/c/sdcc/cm32_sdcc_atan2_callee
math/float/math32/c/sdcc/cm32_sdcc_atanh
math/float/math32/c/sdcc/cm32_sdcc_ceil
math/float/math32/c/sdcc/cm32_sdcc_cos
math/float/math32/c/sdcc/cm32_sdcc_cosh
math/float/math32/c/sdcc/cm32_sdcc_dload
math/float/math32/c/sdcc/cm32_sdcc_exp
math/float/math32/c/sdcc/cm32_sdcc_fabs
math/float/math32/c/sdcc/cm32_sdcc_floor
math/float/math32/c/sdcc/cm32_sdcc_fpclassify
math/float/math32/c/sdcc/cm32_sdcc___fs2sint
math/float/math32/c/sdcc/cm32_sdcc___fs2sint_callee
math/float/math32/c/sdcc/cm32_sdcc___fs2slong
math/float/math32/c/sdcc/cm32_sdcc___fs2slong_callee
math/float/math32/c/sdcc/cm32_sdcc___fs2uint
math/float/math32/c/sdcc/cm32_sdcc___fs2uint_callee
math/float/math32/c/sdcc/cm32_sdcc___fs2ulong
math/float/math32/c/sdcc/cm32_sdcc___fs2ulong_callee
math/float/math32/c/sdcc/cm32_sdcc_fsadd
math/float/math32/c/sdcc/cm32_sdcc_fsadd_callee
math/float/math32/c/sdcc/cm32_sdcc_fsdiv
math/float/math32/c/sdcc/cm32_sdcc_fsdiv_callee
math/float/math32/c/sdcc/cm32_sdcc_fsdiv2
math/float/math32/c/sdcc/cm32_sdcc___fseq_callee
math/float/math32/c/sdcc/cm32_sdcc_fsfrexp
math/float/math32/c/sdcc/cm32_sdcc_fsfrexp_callee
math/float/math32/c/sdcc/cm32_sdcc___fsgt_callee
math/float/math32/c/sdcc/cm32_sdcc_fshypot
math/float/math32/c/sdcc/cm32_sdcc_fshypot_callee
math/float/math32/c/sdcc/cm32_sdcc_fsinv
math/float/math32/c/sdcc/cm32_sdcc_fsinvsqrt
math/float/math32/c/sdcc/cm32_sdcc_fsload
math/float/math32/c/sdcc/cm32_sdcc_fsldexp
math/float/math32/c/sdcc/cm32_sdcc_fsldexp_callee
math/float/math32/c/sdcc/cm32_sdcc___fslt_callee
math/float/math32/c/sdcc/cm32_sdcc_fmin
math/float/math32/c/sdcc/cm32_sdcc_fmin_callee
math/float/math32/c/sdcc/cm32_sdcc_fmax
math/float/math32/c/sdcc/cm32_sdcc_fmax_callee
math/float/math32/c/sdcc/cm32_sdcc_fsmul
math/float/math32/c/sdcc/cm32_sdcc_fsmul_callee
math/float/math32/c/sdcc/cm32_sdcc_fsmul2
math/float/math32/c/sdcc/cm32_sdcc_fsmul10u
math/float/math32/c/sdcc/cm32_sdcc_fsneg
math/float/math32/c/sdcc/cm32_sdcc___fsneq_callee
math/float/math32/c/sdcc/cm32_sdcc_fspoly
math/float/math32/c/sdcc/cm32_sdcc_fspoly_callee
math/float/math32/c/sdcc/cm32_sdcc_fsread
math/float/math32/c/sdcc/cm32_sdcc_fsread_callee
math/float/math32/c/sdcc/cm32_sdcc_fssqr
math/float/math32/c/sdcc/cm32_sdcc_fssqrt
math/float/math32/c/sdcc/cm32_sdcc_fssub
math/float/math32/c/sdcc/cm32_sdcc_fssub_callee
math/float/math32/c/sdcc/cm32_sdcc_fszero
math/float/math32/c/sdcc/cm32_sdcc_log
math/float/math32/c/sdcc/cm32_sdcc_log10
math/float/math32/c/sdcc/cm32_sdcc_pow_callee
math/float/math32/c/sdcc/cm32_sdcc_round
math/float/math32/c/sdcc/cm32_sdcc___schar2fs
math/float/math32/c/sdcc/cm32_sdcc___schar2fs_callee
math/float/math32/c/sdcc/cm32_sdcc_sin
math/float/math32/c/sdcc/cm32_sdcc_sinh
math/float/math32/c/sdcc/cm32_sdcc___sint2fs
math/float/math32/c/sdcc/cm32_sdcc___sint2fs_callee
math/float/math32/c/sdcc/cm32_sdcc___slong2fs
math/float/math32/c/sdcc/cm32_sdcc___slong2fs_callee
math/float/math32/c/sdcc/cm32_sdcc_tan
math/float/math32/c/sdcc/cm32_sdcc_tanh
math/float/math32/c/sdcc/cm32_sdcc___uchar2fs
math/float/math32/c/sdcc/cm32_sdcc___uchar2fs_callee
math/float/math32/c/sdcc/cm32_sdcc___uint2fs
math/float/math32/c/sdcc/cm32_sdcc___uint2fs_callee
math/float/math32/c/sdcc/cm32_sdcc___ulong2fs
math/float/math32/c/sdcc/cm32_sdcc___ulong2fs_callee
