math/integer/fast/l_fast_divs_8_8x8
math/integer/fast/l_fast_divs_16_16x16
math/integer/fast/l_fast_divs_32_32x32
math/integer/fast/l_fast_divs_64_64x64
math/integer/fast/l_fast_divu_8_8x8
math/integer/fast/l_fast_divu_16_16x8
math/integer/fast/l_fast_divu_16_16x16
math/integer/fast/l_fast_divu_24_24x8
math/integer/fast/l_fast_divu_24_24x16
math/integer/fast/l_fast_divu_24_24x24
math/integer/fast/l_fast_divu_32_32x8
math/integer/fast/l_fast_divu_32_32x16
math/integer/fast/l_fast_divu_32_32x24
math/integer/fast/l_fast_divu_32_32x32
math/integer/fast/l_fast_divu_64_64x8
math/integer/fast/l_fast_divu_64_64x64
math/integer/fast/l_fast_muls_8_8x8
math/integer/fast/l_fast_muls_16_16x16
math/integer/fast/l_fast_muls_32_32x32
math/integer/fast/l_fast_mulu_de
math/integer/fast/l_fast_mulu_8_8x8
math/integer/fast/l_fast_mulu_16_8x8
math/integer/fast/l_fast_mulu_16_16x16
math/integer/fast/l_fast_mulu_24_16x8
math/integer/fast/l_fast_mulu_32_16x16
math/integer/fast/l_fast_mulu_32_24x8
math/integer/fast/l_fast_mulu_32_24x16
math/integer/fast/l_fast_mulu_32_32x32
math/integer/fast/l_fast_mulu_40_32x8
math/integer/fast/l_fast_mulu_64_32x32
math/integer/fast/l_fast_mulu_64_64x64
math/integer/fast/l_fast_mulu_72_64x8
math/integer/small/l_small_divs_16_16x16
math/integer/small/l_small_divs_32_32x32
math/integer/small/l_small_divs_64_64x64
math/integer/small/l_small_divu_16_16x16
math/integer/small/l_small_divu_32_32x32
math/integer/small/l_small_divu_64_64x8
math/integer/small/l_small_divu_64_64x64
math/integer/small/l_small_mulu_de
math/integer/small/l_small_mul_16_16x16
math/integer/small/l_small_mul_32_16x16
math/integer/small/l_small_mul_32_32x32
math/integer/small/l_small_mul_40_32x8
math/integer/small/l_small_mul_64_32x32
math/integer/small/l_small_mul_64_64x64
math/integer/small/l_small_mul_72_64x8
math/integer/l_divs_16_16x16
math/integer/l_divs_32_32x32
math/integer/l_divs_64_64x64
math/integer/l_divu_16_16x8
math/integer/l_divu_16_16x16
math/integer/l_divu_32_32x8
math/integer/l_divu_32_32x16
math/integer/l_divu_32_32x32
math/integer/l_divu_64_64x8
math/integer/l_divu_64_64x64
math/integer/l_mulu_de
math/integer/l_mulu_16_8x8
math/integer/l_mulu_16_16x8
math/integer/l_mulu_16_16x16
math/integer/l_mulu_24_16x8
math/integer/l_mulu_32_16x16
math/integer/l_mulu_32_32x32
math/integer/l_mulu_40_32x8
math/integer/l_mulu_64_32x32
math/integer/l_mulu_64_64x64
math/integer/l_mulu_72_64x8
