adt/w_array/c/sccz80/w_array_append
adt/w_array/c/sccz80/w_array_append_callee
adt/w_array/c/sccz80/w_array_append_n
adt/w_array/c/sccz80/w_array_append_n_callee
adt/w_array/c/sccz80/w_array_at
adt/w_array/c/sccz80/w_array_at_callee
adt/w_array/c/sccz80/w_array_back
adt/w_array/c/sccz80/w_array_capacity
adt/w_array/c/sccz80/w_array_clear
adt/w_array/c/sccz80/w_array_data
adt/w_array/c/sccz80/w_array_destroy
adt/w_array/c/sccz80/w_array_empty
adt/w_array/c/sccz80/w_array_erase
adt/w_array/c/sccz80/w_array_erase_callee
adt/w_array/c/sccz80/w_array_erase_range
adt/w_array/c/sccz80/w_array_erase_range_callee
adt/w_array/c/sccz80/w_array_front
adt/w_array/c/sccz80/w_array_init
adt/w_array/c/sccz80/w_array_init_callee
adt/w_array/c/sccz80/w_array_insert
adt/w_array/c/sccz80/w_array_insert_callee
adt/w_array/c/sccz80/w_array_insert_n
adt/w_array/c/sccz80/w_array_insert_n_callee
adt/w_array/c/sccz80/w_array_pop_back
adt/w_array/c/sccz80/w_array_push_back
adt/w_array/c/sccz80/w_array_push_back_callee
adt/w_array/c/sccz80/w_array_resize
adt/w_array/c/sccz80/w_array_resize_callee
adt/w_array/c/sccz80/w_array_size
@adt/w_array/w_array_asm.lst
