drivers/terminal/console_01/input/console_01_input_terminal
drivers/terminal/console_01/input/console_01_input_terminal_fdriver
drivers/terminal/console_01/input/console_01_input_terminal/console_01_input_proc_echo
drivers/terminal/console_01/input/console_01_input_terminal/console_01_input_proc_getc
drivers/terminal/console_01/input/console_01_input_terminal/console_01_input_proc_reset
drivers/terminal/console_01/input/console_01_input_terminal/console_01_input_stdio_msg_eatc
drivers/terminal/console_01/input/console_01_input_terminal/console_01_input_stdio_msg_flsh
drivers/terminal/console_01/input/console_01_input_terminal/console_01_input_stdio_msg_getc
drivers/terminal/console_01/input/console_01_input_terminal/console_01_input_stdio_msg_ictl
drivers/terminal/console_01/input/console_01_input_terminal/console_01_input_stdio_msg_read
drivers/terminal/console_01/input/console_01_input_terminal/console_01_input_stdio_msg_seek
drivers/terminal/console_01/output/console_01_output_terminal
drivers/terminal/console_01/output/console_01_output_terminal_char
drivers/terminal/console_01/output/console_01_output_terminal_fdriver
drivers/terminal/console_01/output/console_01_output_terminal_fzx
drivers/terminal/console_01/output/console_01_output_terminal/console_01_output_stdio_msg_putc
drivers/terminal/console_01/output/console_01_output_terminal/console_01_output_stdio_msg_writ
drivers/terminal/console_01/output/console_01_output_terminal_char/console_01_output_char_iterm_msg_bs
drivers/terminal/console_01/output/console_01_output_terminal_char/console_01_output_char_iterm_msg_putc
drivers/terminal/console_01/output/console_01_output_terminal_char/console_01_output_char_iterm_msg_readline_begin
drivers/terminal/console_01/output/console_01_output_terminal_char/console_01_output_char_iterm_msg_readline_end
drivers/terminal/console_01/output/console_01_output_terminal_char/console_01_output_char_oterm_msg_putc
drivers/terminal/console_01/output/console_01_output_terminal_char/console_01_output_char_proc_linefeed
drivers/terminal/console_01/output/console_01_output_terminal_char/console_01_output_char_proc_move_down
drivers/terminal/console_01/output/console_01_output_terminal_char/console_01_output_char_proc_move_left
drivers/terminal/console_01/output/console_01_output_terminal_char/console_01_output_char_proc_move_right
drivers/terminal/console_01/output/console_01_output_terminal_char/console_01_output_char_proc_move_up
drivers/terminal/console_01/output/console_01_output_terminal_char/console_01_output_char_proc_putchar_scroll
drivers/terminal/console_01/output/console_01_output_terminal_char/console_01_output_char_proc_putchar_scroll_adjust
drivers/terminal/console_01/output/console_01_output_terminal_char/console_01_output_char_proc_reset_scroll_limit
drivers/terminal/console_01/output/console_01_output_terminal_char/console_01_output_char_stdio_msg_ictl
drivers/terminal/console_01/output/console_01_output_terminal_fzx/console_01_output_fzx_iterm_msg_bs
drivers/terminal/console_01/output/console_01_output_terminal_fzx/console_01_output_fzx_iterm_msg_bs_pwd
drivers/terminal/console_01/output/console_01_output_terminal_fzx/console_01_output_fzx_iterm_msg_erase_cursor
drivers/terminal/console_01/output/console_01_output_terminal_fzx/console_01_output_fzx_iterm_msg_erase_cursor_pwd
drivers/terminal/console_01/output/console_01_output_terminal_fzx/console_01_output_fzx_iterm_msg_print_cursor
drivers/terminal/console_01/output/console_01_output_terminal_fzx/console_01_output_fzx_iterm_msg_putc
drivers/terminal/console_01/output/console_01_output_terminal_fzx/console_01_output_fzx_iterm_msg_readline_begin
drivers/terminal/console_01/output/console_01_output_terminal_fzx/console_01_output_fzx_iterm_msg_readline_end
drivers/terminal/console_01/output/console_01_output_terminal_fzx/console_01_output_fzx_oterm_msg_putc
drivers/terminal/console_01/output/console_01_output_terminal_fzx/console_01_output_fzx_proc_check_scroll
drivers/terminal/console_01/output/console_01_output_terminal_fzx/console_01_output_fzx_proc_line_spacing
drivers/terminal/console_01/output/console_01_output_terminal_fzx/console_01_output_fzx_proc_linefeed
drivers/terminal/console_01/output/console_01_output_terminal_fzx/console_01_output_fzx_proc_putchar_scroll
drivers/terminal/console_01/output/console_01_output_terminal_fzx/console_01_output_fzx_stdio_msg_ictl
