alloc/obstack/c/sccz80/obstack_1grow
alloc/obstack/c/sccz80/obstack_1grow_callee
alloc/obstack/c/sccz80/obstack_1grow_fast
alloc/obstack/c/sccz80/obstack_1grow_fast_callee
alloc/obstack/c/sccz80/obstack_align_distance
alloc/obstack/c/sccz80/obstack_align_distance_callee
alloc/obstack/c/sccz80/obstack_align_to
alloc/obstack/c/sccz80/obstack_align_to_callee
alloc/obstack/c/sccz80/obstack_alloc
alloc/obstack/c/sccz80/obstack_alloc_callee
alloc/obstack/c/sccz80/obstack_base
alloc/obstack/c/sccz80/obstack_blank
alloc/obstack/c/sccz80/obstack_blank_callee
alloc/obstack/c/sccz80/obstack_blank_fast
alloc/obstack/c/sccz80/obstack_blank_fast_callee
alloc/obstack/c/sccz80/obstack_copy
alloc/obstack/c/sccz80/obstack_copy0
alloc/obstack/c/sccz80/obstack_copy0_callee
alloc/obstack/c/sccz80/obstack_copy_callee
alloc/obstack/c/sccz80/obstack_finish
alloc/obstack/c/sccz80/obstack_free
alloc/obstack/c/sccz80/obstack_free_callee
alloc/obstack/c/sccz80/obstack_grow
alloc/obstack/c/sccz80/obstack_grow0
alloc/obstack/c/sccz80/obstack_grow0_callee
alloc/obstack/c/sccz80/obstack_grow_callee
alloc/obstack/c/sccz80/obstack_init
alloc/obstack/c/sccz80/obstack_init_callee
alloc/obstack/c/sccz80/obstack_int_grow
alloc/obstack/c/sccz80/obstack_int_grow_callee
alloc/obstack/c/sccz80/obstack_int_grow_fast
alloc/obstack/c/sccz80/obstack_int_grow_fast_callee
alloc/obstack/c/sccz80/obstack_next_free
alloc/obstack/c/sccz80/obstack_object_size
alloc/obstack/c/sccz80/obstack_room
@alloc/obstack/obstack_asm.lst
