
---------- Test: test_no_allocation ----------

---------- Test: test_no_leak ----------

---------- Test: test_alloc_failed ----------
[ERROR] (alloc.c:309 errno: Not enough space) memory realloc (1073741824 bytes) failed at t/test_alloc.c:50
[ERROR] (t/test_alloc.c:50) Out of memory

---------- Test: test_unmatched_block ----------
[ERROR] (alloc.c:192) memory block not found at t/test_alloc.c:61
[ERROR] (alloc.c:351) memory free at t/test_alloc.c:61 failed

---------- Test: test_buffer_underflow ----------
[ERROR] (alloc.c:211) buffer underflow, memory allocated at t/test_alloc.c:70
[ERROR] (alloc.c:358) memory free at t/test_alloc.c:72 failed

---------- Test: test_buffer_overflow ----------
[ERROR] (alloc.c:214) buffer overflow, memory allocated at t/test_alloc.c:81
[ERROR] (alloc.c:358) memory free at t/test_alloc.c:83 failed

---------- Test: test_malloc ----------
[WARN ] (alloc.c:122) memory leak (1 bytes) allocated at t/test_alloc.c:95
[WARN ] (alloc.c:122) memory leak (0 bytes) allocated at alloc.c:253

---------- Test: test_calloc ----------
[WARN ] (alloc.c:122) memory leak (5 bytes) allocated at t/test_alloc.c:113
[WARN ] (alloc.c:122) memory leak (5 bytes) allocated at alloc.c:263

---------- Test: test_strdup ----------
[WARN ] (alloc.c:122) memory leak (6 bytes) allocated at t/test_alloc.c:129
[WARN ] (alloc.c:122) memory leak (6 bytes) allocated at alloc.c:273

---------- Test: test_realloc ----------
[WARN ] (alloc.c:122) memory leak (4 bytes) allocated at t/test_alloc.c:193
[WARN ] (alloc.c:122) memory leak (3 bytes) allocated at t/test_alloc.c:151
[WARN ] (alloc.c:122) memory leak (2 bytes) allocated at t/test_alloc.c:196
[WARN ] (alloc.c:122) memory leak (1 bytes) allocated at alloc.c:333

---------- Test: test_new ----------
[WARN ] (alloc.c:122) memory leak (5 bytes) allocated at t/test_alloc.c:220
[WARN ] (alloc.c:122) memory leak (5 bytes) allocated at t/test_alloc.c:217
[WARN ] (alloc.c:122) memory leak (1 bytes) allocated at t/test_alloc.c:211
[WARN ] (alloc.c:122) memory leak (1 bytes) allocated at t/test_alloc.c:208

---------- Test: test_destructor ----------
[ERROR] (alloc.c:192) memory block not found at t/test_alloc.c:303
[ERROR] (alloc.c:409) m_destroy_atexit at t/test_alloc.c:303 failed
[INFO ] (t/test_alloc.c:313) allocated hello, big and world
[ERROR] (alloc.c:192) memory block not found at t/test_alloc.c:318
[ERROR] (alloc.c:383) m_set_destructor at t/test_alloc.c:318 failed
[ERROR] (alloc.c:192) memory block not found at t/test_alloc.c:325
[ERROR] (alloc.c:396) m_set_in_collection at t/test_alloc.c:325 failed
[ERROR] (alloc.c:192) memory block not found at t/test_alloc.c:328
[ERROR] (alloc.c:396) m_clear_in_collection at t/test_alloc.c:328 failed
[INFO ] (t/test_alloc.c:261) create John bottom-up to assure destruction order
[INFO ] (t/test_alloc.c:286) create Person(John, 15)
[INFO ] (t/test_alloc.c:269) create Fred top-down and use in_collection to assure destruction order
[INFO ] (t/test_alloc.c:286) create Person(Fred, 16)
[INFO ] (t/test_alloc.c:334) allocated John and Fred
[WARN ] (alloc.c:122) memory leak (8 bytes) allocated at t/test_alloc.c:271
[INFO ] (t/test_alloc.c:238) destroy Person(Fred, 16)
[INFO ] (t/test_alloc.c:247) destroy string(Fred)
[WARN ] (alloc.c:122) memory leak (8 bytes) allocated at t/test_alloc.c:264
[INFO ] (t/test_alloc.c:238) destroy Person(John, 15)
[INFO ] (t/test_alloc.c:247) destroy string(John)
[INFO ] (t/test_alloc.c:247) destroy string(world)
[INFO ] (t/test_alloc.c:247) destroy string(hello)
