
---------- Test: test_warn_die ----------
warning at t/test_dbg.c:20
died at t/test_dbg.c:21

---------- Test: test_log ----------
[ERROR] (t/test_dbg.c:31) error at t/test_dbg.c:31
[WARN ] (t/test_dbg.c:32) warning at t/test_dbg.c:32
[INFO ] (t/test_dbg.c:33) info at t/test_dbg.c:33
[DEBUG] (t/test_dbg.c:34) debug at t/test_dbg.c:34
[ERROR] (t/test_dbg.c:40 errno: No such file or directory) open file failed at t/test_dbg.c:40
[ERROR] (t/test_dbg.c:41) errno is now zero at t/test_dbg.c:41

---------- Test: test_check ----------
[ERROR] (t/test_dbg.c:49) check(false) at t/test_dbg.c:49
Error caught

---------- Test: test_check_int_die ----------
[ERROR] (t/test_dbg.c:66) val1 nok

---------- Test: test_check_ptr_die ----------
[ERROR] (t/test_dbg.c:80) ptr1 nok

---------- Test: test_check_mem ----------
[ERROR] (t/test_dbg.c:90) Out of memory
Error caught

---------- Test: test_check_mem_die ----------
[ERROR] (t/test_dbg.c:106) Out of memory

---------- Test: test_check_node ----------
[ERROR] (t/test_dbg.c:116) NULL is NULL
Error caught

---------- Test: test_check_node_die ----------
[ERROR] (t/test_dbg.c:129) NULL is NULL

---------- Test: test_check_debug ----------
[DEBUG] (t/test_dbg.c:137) check_debug(false) at t/test_dbg.c:137
Error caught

---------- Test: test_sentinel ----------
[ERROR] (t/test_dbg.c:147) sentinel() at t/test_dbg.c:147
Error caught

---------- Test: test_sentinel_die ----------
[ERROR] (t/test_dbg.c:157) sentinel() at t/test_dbg.c:157

---------- Test: test_stack ----------

---------- Test: test_stack_overflow ----------
[ERROR] (dbg.c:51) stack overflow

---------- Test: test_stack_underflow ----------
[ERROR] (dbg.c:53) stack underflow

---------- Test: test_xatexit ----------
start at t/test_dbg.c:227
end at t/test_dbg.c:238
Message at exit at t/test_dbg.c:220
Message at exit at t/test_dbg.c:220
Message at exit at t/test_dbg.c:220

---------- Test: test_xatexit_die ----------
start at t/test_dbg.c:246
[ERROR] (t/test_dbg.c:248) atexit failed

---------- Test: test_xfopen ----------
Read t/test_dbg.c
Line 1: /*
Line 2: Z88DK Z80 Macro Assembler
Line 3: 
Line 4: Unit test for dbg.h
Line 5: 
Line 6: Based on Learn C the Hard Way book, by Zed. A. Shaw (http://c.learncodethehardway.org/book/)
Line 7: 
t/test_dbg.c.not.found: No such file or directory

---------- Test: test_xfopen_die ----------
Read t/test_dbg.c.not.found

---------- Test: test_xfclose_die ----------
Open t/test_dbg.c and close twice
file 't/test_dbg.c' close failed

---------- Test: test_xfputs ----------

---------- Test: test_xfputs_die ----------
Read from wrong handle
[ERROR] (t/test_dbg.c:331 errno: Bad file descriptor) fputs failed

---------- Test: test_xremove ----------

---------- Test: test_xremove_die ----------
Remove non-existing file
[ERROR] (t/test_dbg.c:367 errno: No such file or directory) remove test_dbg.tmp failed

---------- Test: test_xsystem ----------

---------- Test: test_xsystem_die ----------
[ERROR] (t/test_dbg.c:380) command false failed
