
---------- Test: test_convert_str ----------

---------- Test: test_compress_escapes ----------

---------- Test: test_str ----------
--------  s1
Str (len=0 size=260) = ""

--------  s2
Str (len=0 size=10) = ""

--------  s3
Str (len=0 size=10) = ""

--------  s4 = Str_new(6)
Str (len=0 size=6 header_alloc data_alloc) = ""

--------  s5 = Str_new(6)
Str (len=0 size=6 header_alloc data_alloc) = ""

--------  Str_clear(s3)
Str (len=0 size=10) = ""

--------  Str_reserve(s3, 9)
Str (len=0 size=10) = ""

--------  Str_reserve(s3, 10)
Str (len=0 size=260 data_alloc) = ""

--------  Str_reserve(s3, 11)
Str (len=0 size=260 data_alloc) = ""

--------  Str_clear(s3)
Str (len=0 size=260 data_alloc) = ""

--------  Str_set(s4, "xxxx")
Str (len=4 size=6 header_alloc data_alloc) = "xxxx"

--------  Str_set_char(s4, 0)
Str (len=1 size=6 header_alloc data_alloc) = "{00}"

--------  Str_append_char(s4, 1)
Str (len=2 size=6 header_alloc data_alloc) = "{00}{01}"

--------  Str_append_char(s4, 2)
Str (len=3 size=6 header_alloc data_alloc) = "{00}{01}{02}"

--------  Str_append_char(s4, 3)
Str (len=4 size=6 header_alloc data_alloc) = "{00}{01}{02}{03}"

--------  Str_append_char(s4, 4)
Str (len=5 size=6 header_alloc data_alloc) = "{00}{01}{02}{03}{04}"

--------  Str_append_char(s4, 5)
Str (len=6 size=260 header_alloc data_alloc) = "{00}{01}{02}{03}{04}{05}"

--------  Str_append_char(s4, 6)
Str (len=7 size=260 header_alloc data_alloc) = "{00}{01}{02}{03}{04}{05}{06}"

--------  Str_append_char(s4, 7)
Str (len=8 size=260 header_alloc data_alloc) = "{00}{01}{02}{03}{04}{05}{06}{07}"

--------  Str_append_char(s4, 8)
Str (len=9 size=260 header_alloc data_alloc) = "{00}{01}{02}{03}{04}{05}{06}{07}{08}"

--------  Str_append_char(s4, 9)
Str (len=10 size=260 header_alloc data_alloc) = "{00}{01}{02}{03}{04}{05}{06}{07}{08}{09}"

--------  Str_append_char(s4, 10)
Str (len=11 size=260 header_alloc data_alloc) = "{00}{01}{02}{03}{04}{05}{06}{07}{08}{09}{\n}"

--------  Str_clear(s4)
Str (len=0 size=260 header_alloc data_alloc) = ""

--------  Str_set(s5, "1234")
Str (len=4 size=6 header_alloc data_alloc) = "1234"

--------  Str_append(s5, "56789")
Str (len=9 size=260 header_alloc data_alloc) = "123456789"

--------  Str_append(s5, "0")
Str (len=10 size=260 header_alloc data_alloc) = "1234567890"

--------  Str_clear(s5)
Str (len=0 size=260 header_alloc data_alloc) = ""

--------  Str_set_n(s5, "1234xx", 4)
Str (len=4 size=260 header_alloc data_alloc) = "1234"

--------  Str_append_n(s5, "56789xx", 5)
Str (len=9 size=260 header_alloc data_alloc) = "123456789"

--------  Str_append_n(s5, "01234567890xx", 11)
Str (len=20 size=260 header_alloc data_alloc) = "12345678901234567890"

--------  Str_clear(s5)
Str (len=0 size=260 header_alloc data_alloc) = ""

--------  Str_set_bytes(s5, "\0\1\2\3x", 3)
Str (len=3 size=260 header_alloc data_alloc) = "{00}{01}{02}"

--------  Str_append_bytes(s5, "\4\5\6x", 3)
Str (len=6 size=260 header_alloc data_alloc) = "{00}{01}{02}{04}{05}{06}"

--------  Str_clear(s5)
Str (len=0 size=260 header_alloc data_alloc) = ""

--------  Str_set(s6, "xxxx")
Str (len=4 size=10) = "xxxx"

--------  Str_sprintf(s6, "%s %d", "hello", 123)
Str (len=9 size=10) = "hello{20}123"

--------  Str_sprintf(s6, "%s %d", "hello", 1234)
Str (len=10 size=260 data_alloc) = "hello{20}1234"

--------  Str_append_sprintf(s6, "%s %d", "hello", 12345)
Str (len=21 size=260 data_alloc) = "hello{20}1234hello{20}12345"

--------  Str_clear(s6)
Str (len=0 size=260 data_alloc) = ""

--------  Str_set(s7, "xxxx")
Str (len=4 size=10) = "xxxx"

--------  call_vsprintf(s7, "%s %d", "hello", 123)
Str (len=9 size=10) = "hello{20}123"

--------  call_vsprintf(s7, "%s %d", "hello", 1234)
Str (len=10 size=260 data_alloc) = "hello{20}1234"

--------  call_append_vsprintf(s7, "%s %d", "hello", 12345)
Str (len=21 size=260 data_alloc) = "hello{20}1234hello{20}12345"

--------  Str_clear(s7)
Str (len=0 size=260 data_alloc) = ""

[WARN ] (alloc.c:122) memory leak (16 bytes) allocated at str.c:191

---------- Test: test_getline ----------
--------  s1
Str (len=0 size=10) = ""

--------  s2
Str (len=0 size=10) = ""

--------  input
Str (len=0 size=10) = ""

read lines
end of file, read 0 lines
--------  last line
Str (len=0 size=10) = ""

--------  input
Str (len=11 size=260 data_alloc) = "A{\n}B{\r}C{\r}{\n}D{\n}{\r}E"

read lines
line 1
--------  read line
Str (len=2 size=10) = "A{\n}"

line 2
--------  read line
Str (len=2 size=10) = "B{\n}"

line 3
--------  read line
Str (len=2 size=10) = "C{\n}"

line 4
--------  read line
Str (len=2 size=10) = "D{\n}"

line 5
--------  read line
Str (len=2 size=10) = "E{\n}"

end of file, read 5 lines
--------  last line
Str (len=0 size=10) = ""

--------  input
Str (len=12 size=260 data_alloc) = "A{\n}B{\r}C{\r}{\n}D{\n}{\r}E{\n}"

read lines
line 1
--------  read line
Str (len=2 size=10) = "A{\n}"

line 2
--------  read line
Str (len=2 size=10) = "B{\n}"

line 3
--------  read line
Str (len=2 size=10) = "C{\n}"

line 4
--------  read line
Str (len=2 size=10) = "D{\n}"

line 5
--------  read line
Str (len=2 size=10) = "E{\n}"

end of file, read 5 lines
--------  last line
Str (len=0 size=10) = ""

--------  input
Str (len=12 size=260 data_alloc) = "A{\n}B{\r}C{\r}{\n}D{\n}{\r}E{\r}"

read lines
line 1
--------  read line
Str (len=2 size=10) = "A{\n}"

line 2
--------  read line
Str (len=2 size=10) = "B{\n}"

line 3
--------  read line
Str (len=2 size=10) = "C{\n}"

line 4
--------  read line
Str (len=2 size=10) = "D{\n}"

line 5
--------  read line
Str (len=2 size=10) = "E{\n}"

end of file, read 5 lines
--------  last line
Str (len=0 size=10) = ""

--------  input
Str (len=13 size=260 data_alloc) = "A{\n}B{\r}C{\r}{\n}D{\n}{\r}E{\n}{\r}"

read lines
line 1
--------  read line
Str (len=2 size=10) = "A{\n}"

line 2
--------  read line
Str (len=2 size=10) = "B{\n}"

line 3
--------  read line
Str (len=2 size=10) = "C{\n}"

line 4
--------  read line
Str (len=2 size=10) = "D{\n}"

line 5
--------  read line
Str (len=2 size=10) = "E{\n}"

end of file, read 5 lines
--------  last line
Str (len=0 size=10) = ""

--------  input
Str (len=13 size=260 data_alloc) = "A{\n}B{\r}C{\r}{\n}D{\n}{\r}E{\r}{\n}"

read lines
line 1
--------  read line
Str (len=2 size=10) = "A{\n}"

line 2
--------  read line
Str (len=2 size=10) = "B{\n}"

line 3
--------  read line
Str (len=2 size=10) = "C{\n}"

line 4
--------  read line
Str (len=2 size=10) = "D{\n}"

line 5
--------  read line
Str (len=2 size=10) = "E{\n}"

end of file, read 5 lines
--------  last line
Str (len=0 size=10) = ""

--------  input
Str (len=40 size=260 data_alloc) = "1234567890123456789012345678901234567890"

read lines
line 1
--------  read line
Str (len=41 size=260 data_alloc) = "1234567890123456789012345678901234567890{\n}"

end of file, read 1 lines
--------  last line
Str (len=0 size=260 data_alloc) = ""

