adt/p_list/c/sdcc_iy/p_list_back
adt/p_list/c/sdcc_iy/p_list_back_fastcall
adt/p_list/c/sdcc_iy/p_list_clear
adt/p_list/c/sdcc_iy/p_list_clear_fastcall
adt/p_list/c/sdcc_iy/p_list_empty
adt/p_list/c/sdcc_iy/p_list_empty_fastcall
adt/p_list/c/sdcc_iy/p_list_front
adt/p_list/c/sdcc_iy/p_list_front_fastcall
adt/p_list/c/sdcc_iy/p_list_init
adt/p_list/c/sdcc_iy/p_list_init_fastcall
adt/p_list/c/sdcc_iy/p_list_insert
adt/p_list/c/sdcc_iy/p_list_insert_callee
adt/p_list/c/sdcc_iy/p_list_insert_after
adt/p_list/c/sdcc_iy/p_list_insert_after_callee
adt/p_list/c/sdcc_iy/p_list_next
adt/p_list/c/sdcc_iy/p_list_next_fastcall
adt/p_list/c/sdcc_iy/p_list_pop_back
adt/p_list/c/sdcc_iy/p_list_pop_back_fastcall
adt/p_list/c/sdcc_iy/p_list_pop_front
adt/p_list/c/sdcc_iy/p_list_pop_front_fastcall
adt/p_list/c/sdcc_iy/p_list_prev
adt/p_list/c/sdcc_iy/p_list_prev_fastcall
adt/p_list/c/sdcc_iy/p_list_push_back
adt/p_list/c/sdcc_iy/p_list_push_back_callee
adt/p_list/c/sdcc_iy/p_list_push_front
adt/p_list/c/sdcc_iy/p_list_push_front_callee
adt/p_list/c/sdcc_iy/p_list_remove
adt/p_list/c/sdcc_iy/p_list_remove_callee
adt/p_list/c/sdcc_iy/p_list_remove_after
adt/p_list/c/sdcc_iy/p_list_remove_after_callee
adt/p_list/c/sdcc_iy/p_list_size
adt/p_list/c/sdcc_iy/p_list_size_fastcall
@adt/p_list/p_list_asm.lst
