temp/sp1/zx/c/sdcc_iy/sp1_AddColSpr
temp/sp1/zx/c/sdcc_iy/sp1_AddColSpr_callee
temp/sp1/zx/c/sdcc_iy/sp1_ChangeSprType
temp/sp1/zx/c/sdcc_iy/sp1_ChangeSprType_callee
temp/sp1/zx/c/sdcc_iy/sp1_ClearRect
temp/sp1/zx/c/sdcc_iy/sp1_ClearRectInv
temp/sp1/zx/c/sdcc_iy/sp1_ClearRectInv_callee
temp/sp1/zx/c/sdcc_iy/sp1_ClearRect_callee
temp/sp1/zx/c/sdcc_iy/sp1_CreateSpr
temp/sp1/zx/c/sdcc_iy/sp1_CreateSpr_callee
temp/sp1/zx/c/sdcc_iy/sp1_DeleteSpr
temp/sp1/zx/c/sdcc_iy/sp1_DeleteSpr_fastcall
temp/sp1/zx/c/sdcc_iy/sp1_DrawUpdateStructAlways
temp/sp1/zx/c/sdcc_iy/sp1_DrawUpdateStructAlways_fastcall
temp/sp1/zx/c/sdcc_iy/sp1_DrawUpdateStructIfInv
temp/sp1/zx/c/sdcc_iy/sp1_DrawUpdateStructIfInv_fastcall
temp/sp1/zx/c/sdcc_iy/sp1_DrawUpdateStructIfNotRem
temp/sp1/zx/c/sdcc_iy/sp1_DrawUpdateStructIfNotRem_fastcall
temp/sp1/zx/c/sdcc_iy/sp1_DrawUpdateStructIfVal
temp/sp1/zx/c/sdcc_iy/sp1_DrawUpdateStructIfVal_fastcall
temp/sp1/zx/c/sdcc_iy/sp1_GetSprClr
temp/sp1/zx/c/sdcc_iy/sp1_GetSprClrAddr
temp/sp1/zx/c/sdcc_iy/sp1_GetSprClrAddr_callee
temp/sp1/zx/c/sdcc_iy/sp1_GetSprClr_callee
temp/sp1/zx/c/sdcc_iy/sp1_GetTiles
temp/sp1/zx/c/sdcc_iy/sp1_GetTiles_callee
temp/sp1/zx/c/sdcc_iy/sp1_GetUpdateStruct
temp/sp1/zx/c/sdcc_iy/sp1_GetUpdateStruct_callee
temp/sp1/zx/c/sdcc_iy/sp1_InitCharStruct
temp/sp1/zx/c/sdcc_iy/sp1_InitCharStruct_callee
temp/sp1/zx/c/sdcc_iy/sp1_Initialize
temp/sp1/zx/c/sdcc_iy/sp1_Initialize_callee
temp/sp1/zx/c/sdcc_iy/sp1_InsertCharStruct
temp/sp1/zx/c/sdcc_iy/sp1_InsertCharStruct_callee
temp/sp1/zx/c/sdcc_iy/sp1_Invalidate
temp/sp1/zx/c/sdcc_iy/sp1_Invalidate_fastcall
temp/sp1/zx/c/sdcc_iy/sp1_InvUpdateStruct
temp/sp1/zx/c/sdcc_iy/sp1_InvUpdateStruct_fastcall
temp/sp1/zx/c/sdcc_iy/sp1_IterateSprChar
temp/sp1/zx/c/sdcc_iy/sp1_IterateSprChar_callee
temp/sp1/zx/c/sdcc_iy/sp1_IterateUpdateArr
temp/sp1/zx/c/sdcc_iy/sp1_IterateUpdateArr_callee
temp/sp1/zx/c/sdcc_iy/sp1_IterateUpdateRect
temp/sp1/zx/c/sdcc_iy/sp1_IterateUpdateRect_callee
temp/sp1/zx/c/sdcc_iy/sp1_IterateUpdateSpr
temp/sp1/zx/c/sdcc_iy/sp1_IterateUpdateSpr_callee
temp/sp1/zx/c/sdcc_iy/sp1_MoveSprAbs
temp/sp1/zx/c/sdcc_iy/sp1_MoveSprAbs_callee
temp/sp1/zx/c/sdcc_iy/sp1_MoveSprPix
temp/sp1/zx/c/sdcc_iy/sp1_MoveSprPix_callee
temp/sp1/zx/c/sdcc_iy/sp1_MoveSprRel
temp/sp1/zx/c/sdcc_iy/sp1_MoveSprRel_callee
temp/sp1/zx/c/sdcc_iy/sp1_PreShiftSpr
temp/sp1/zx/c/sdcc_iy/sp1_PreShiftSpr_callee
temp/sp1/zx/c/sdcc_iy/sp1_PrintAt
temp/sp1/zx/c/sdcc_iy/sp1_PrintAtInv
temp/sp1/zx/c/sdcc_iy/sp1_PrintAtInv_callee
temp/sp1/zx/c/sdcc_iy/sp1_PrintAt_callee
temp/sp1/zx/c/sdcc_iy/sp1_PrintString
temp/sp1/zx/c/sdcc_iy/sp1_PrintString_callee
temp/sp1/zx/c/sdcc_iy/sp1_PutSprClr
temp/sp1/zx/c/sdcc_iy/sp1_PutSprClr_callee
temp/sp1/zx/c/sdcc_iy/sp1_PutTiles
temp/sp1/zx/c/sdcc_iy/sp1_PutTilesInv
temp/sp1/zx/c/sdcc_iy/sp1_PutTilesInv_callee
temp/sp1/zx/c/sdcc_iy/sp1_PutTiles_callee
temp/sp1/zx/c/sdcc_iy/sp1_RemoveCharStruct
temp/sp1/zx/c/sdcc_iy/sp1_RemoveCharStruct_fastcall
temp/sp1/zx/c/sdcc_iy/sp1_RemoveUpdateStruct
temp/sp1/zx/c/sdcc_iy/sp1_RemoveUpdateStruct_fastcall
temp/sp1/zx/c/sdcc_iy/sp1_RestoreUpdateStruct
temp/sp1/zx/c/sdcc_iy/sp1_RestoreUpdateStruct_fastcall
temp/sp1/zx/c/sdcc_iy/sp1_ScreenAttr
temp/sp1/zx/c/sdcc_iy/sp1_ScreenAttr_callee
temp/sp1/zx/c/sdcc_iy/sp1_ScreenStr
temp/sp1/zx/c/sdcc_iy/sp1_ScreenStr_callee
temp/sp1/zx/c/sdcc_iy/sp1_SetPrintPos
temp/sp1/zx/c/sdcc_iy/sp1_SetPrintPos_callee
temp/sp1/zx/c/sdcc_iy/sp1_TileEntry
temp/sp1/zx/c/sdcc_iy/sp1_TileEntry_callee
temp/sp1/zx/c/sdcc_iy/sp1_UpdateNow
temp/sp1/zx/c/sdcc_iy/sp1_Validate
temp/sp1/zx/c/sdcc_iy/sp1_Validate_fastcall
temp/sp1/zx/c/sdcc_iy/sp1_ValUpdateStruct
temp/sp1/zx/c/sdcc_iy/sp1_ValUpdateStruct_fastcall
@temp/sp1/zx/sp1_zx_asm.lst
