drivers/character/character_00/input/character_00_input
drivers/character/character_00/input/character_00_input/character_00_input_stdio_msg_eatc
drivers/character/character_00/input/character_00_input/character_00_input_stdio_msg_getc
drivers/character/character_00/input/character_00_input/character_00_input_stdio_msg_ictl
drivers/character/character_00/input/character_00_input/character_00_input_stdio_msg_read
drivers/character/character_00/input/character_00_input/character_00_input_stdio_msg_seek
drivers/character/character_00/input/character_00_input_bin
drivers/character/character_00/input/character_00_input_bin/character_00_input_bin_stdio_msg_getc
drivers/character/character_00/input/character_00_input_bin/character_00_input_bin_stdio_msg_ictl
drivers/character/character_00/input/character_00_input_bin/character_00_input_bin_stdio_msg_read
drivers/character/character_00/output/character_00_output
drivers/character/character_00/output/character_00_output/character_00_output_ochar_putc_bin
drivers/character/character_00/output/character_00_output/character_00_output_stdio_msg_ictl
drivers/character/character_00/output/character_00_output/character_00_output_stdio_msg_putc
drivers/character/character_00/output/character_00_output/character_00_output_stdio_msg_writ
