@arch/zx/bifrost2/bifrost2_asm.lst
arch/zx/bifrost2/c/sdcc/BIFROST2_drawTileH
arch/zx/bifrost2/c/sdcc/BIFROST2_drawTileH_callee
arch/zx/bifrost2/c/sdcc/BIFROST2_fillTileAttrH
arch/zx/bifrost2/c/sdcc/BIFROST2_fillTileAttrH_callee
arch/zx/bifrost2/c/sdcc/BIFROST2_findAttrH
arch/zx/bifrost2/c/sdcc/BIFROST2_findAttrH_callee
arch/zx/bifrost2/c/sdcc/BIFROST2_getAnimGroup
arch/zx/bifrost2/c/sdcc/BIFROST2_getAnimGroup_fastcall
arch/zx/bifrost2/c/sdcc/BIFROST2_getTile
arch/zx/bifrost2/c/sdcc/BIFROST2_getTile_callee
arch/zx/bifrost2/c/sdcc/BIFROST2_install
arch/zx/bifrost2/c/sdcc/BIFROST2_resetAnim2Frames
arch/zx/bifrost2/c/sdcc/BIFROST2_resetAnim4Frames
arch/zx/bifrost2/c/sdcc/BIFROST2_setTile
arch/zx/bifrost2/c/sdcc/BIFROST2_setTile_callee
arch/zx/bifrost2/c/sdcc/BIFROST2_showNext2Tiles
arch/zx/bifrost2/c/sdcc/BIFROST2_showNextTile
arch/zx/bifrost2/c/sdcc/BIFROST2_showTilePosH
arch/zx/bifrost2/c/sdcc/BIFROST2_showTilePosH_callee
arch/zx/bifrost2/c/sdcc/BIFROST2_start
arch/zx/bifrost2/c/sdcc/BIFROST2_stop
