@arch/zxn/memory/memory_asm.lst
arch/zxn/memory/c/sdcc/zxn_addr_from_mmu
arch/zxn/memory/c/sdcc/zxn_addr_from_mmu_fastcall
arch/zxn/memory/c/sdcc/zxn_addr_from_page
arch/zxn/memory/c/sdcc/zxn_addr_from_page_fastcall
arch/zxn/memory/c/sdcc/zxn_addr_in_mmu
arch/zxn/memory/c/sdcc/zxn_addr_in_mmu_callee
arch/zxn/memory/c/sdcc/zxn_mangle_bank_state
arch/zxn/memory/c/sdcc/zxn_mangle_bank_state_fastcall
arch/zxn/memory/c/sdcc/zxn_mmu_from_addr
arch/zxn/memory/c/sdcc/zxn_mmu_from_addr_fastcall
arch/zxn/memory/c/sdcc/zxn_page_from_addr
arch/zxn/memory/c/sdcc/zxn_page_from_addr_fastcall
arch/zxn/memory/c/sdcc/zxn_read_mmu_state
arch/zxn/memory/c/sdcc/zxn_read_mmu_state_fastcall
arch/zxn/memory/c/sdcc/zxn_read_sysvar_bank_state
arch/zxn/memory/c/sdcc/zxn_write_bank_state
arch/zxn/memory/c/sdcc/zxn_write_bank_state_fastcall
arch/zxn/memory/c/sdcc/zxn_write_mmu_state
arch/zxn/memory/c/sdcc/zxn_write_mmu_state_fastcall
arch/zxn/memory/c/sdcc/zxn_write_sysvar_bank_state
arch/zxn/memory/c/sdcc/zxn_write_sysvar_bank_state_fastcall
