adt/heap/obj/${TYPE}/adt_HeapAdd
adt/heap/obj/${TYPE}/adt_HeapAdd_callee
adt/heap/obj/${TYPE}/adt_HeapExtract
adt/heap/obj/${TYPE}/adt_HeapExtract_callee
adt/heap/obj/${TYPE}/adt_Heapify
adt/heap/obj/${TYPE}/adt_Heapify_callee
adt/heap/obj/${TYPE}/ADThcompare
adt/heap/obj/${TYPE}/ADTHeapAdd
adt/heap/obj/${TYPE}/ADTHeapExtract
adt/heap/obj/${TYPE}/ADTHeapify
adt/heap/obj/${TYPE}/ADTHeapSiftDown
adt/heap/obj/${TYPE}/ADTHeapSiftUp
adt/linkedlist/obj/${TYPE}/adt_ListAdd
adt/linkedlist/obj/${TYPE}/adt_ListAdd_callee
adt/linkedlist/obj/${TYPE}/adt_ListAppend
adt/linkedlist/obj/${TYPE}/adt_ListAppend_callee
adt/linkedlist/obj/${TYPE}/adt_ListConcat
adt/linkedlist/obj/${TYPE}/adt_ListConcat_callee
adt/linkedlist/obj/${TYPE}/adt_ListCount
adt/linkedlist/obj/${TYPE}/adt_ListCreate
adt/linkedlist/obj/${TYPE}/adt_ListCreateS
adt/linkedlist/obj/${TYPE}/adt_ListCurr
adt/linkedlist/obj/${TYPE}/adt_ListDelete
adt/linkedlist/obj/${TYPE}/adt_ListDelete_callee
adt/linkedlist/obj/${TYPE}/adt_ListDeleteS
adt/linkedlist/obj/${TYPE}/adt_ListDeleteS_callee
adt/linkedlist/obj/${TYPE}/adt_ListFirst
adt/linkedlist/obj/${TYPE}/adt_ListInsert
adt/linkedlist/obj/${TYPE}/adt_ListInsert_callee
adt/linkedlist/obj/${TYPE}/adt_ListLast
adt/linkedlist/obj/${TYPE}/adt_ListNext
adt/linkedlist/obj/${TYPE}/adt_ListPopFront
adt/linkedlist/obj/${TYPE}/adt_ListPrepend
adt/linkedlist/obj/${TYPE}/adt_ListPrepend_callee
adt/linkedlist/obj/${TYPE}/adt_ListPrev
adt/linkedlist/obj/${TYPE}/adt_ListRemove
adt/linkedlist/obj/${TYPE}/adt_ListSearch
adt/linkedlist/obj/${TYPE}/adt_ListSearch_callee
adt/linkedlist/obj/${TYPE}/adt_ListSetCurr
adt/linkedlist/obj/${TYPE}/adt_ListSetCurr_callee
adt/linkedlist/obj/${TYPE}/adt_ListSetCurrAfter
adt/linkedlist/obj/${TYPE}/adt_ListSetCurrBefore
adt/linkedlist/obj/${TYPE}/adt_ListTrim
adt/linkedlist/obj/${TYPE}/ADTemptylistadd
adt/linkedlist/obj/${TYPE}/ADTListSearch
adt/queue/obj/${TYPE}/adt_QueueBack
adt/queue/obj/${TYPE}/adt_QueueCount
adt/queue/obj/${TYPE}/adt_QueueCreate
adt/queue/obj/${TYPE}/adt_QueueCreateS
adt/queue/obj/${TYPE}/adt_QueueDelete
adt/queue/obj/${TYPE}/adt_QueueDelete_callee
adt/queue/obj/${TYPE}/adt_QueueDeleteS
adt/queue/obj/${TYPE}/adt_QueueDeleteS_callee
adt/queue/obj/${TYPE}/adt_QueueFront
adt/queue/obj/${TYPE}/adt_QueuePopBack
adt/queue/obj/${TYPE}/adt_QueuePopFront
adt/queue/obj/${TYPE}/adt_QueuePushBack
adt/queue/obj/${TYPE}/adt_QueuePushBack_callee
adt/queue/obj/${TYPE}/adt_QueuePushFront
adt/queue/obj/${TYPE}/adt_QueuePushFront_callee
adt/stack/obj/${TYPE}/adt_StackCount
adt/stack/obj/${TYPE}/adt_StackCreate
adt/stack/obj/${TYPE}/adt_StackCreateS
adt/stack/obj/${TYPE}/adt_StackDelete
adt/stack/obj/${TYPE}/adt_StackDelete_callee
adt/stack/obj/${TYPE}/adt_StackDeleteS
adt/stack/obj/${TYPE}/adt_StackDeleteS_callee
adt/stack/obj/${TYPE}/adt_StackPeek
adt/stack/obj/${TYPE}/adt_StackPop
adt/stack/obj/${TYPE}/adt_StackPush
adt/stack/obj/${TYPE}/adt_StackPush_callee
