stdlib/c/sdcc_ix/abort
stdlib/c/sdcc_ix/abs
stdlib/c/sdcc_ix/abs_fastcall
stdlib/c/sdcc_ix/atexit
stdlib/c/sdcc_ix/atexit_fastcall
stdlib/c/sdcc_ix/atof
stdlib/c/sdcc_ix/atof_fastcall
stdlib/c/sdcc_ix/atoi
stdlib/c/sdcc_ix/atoi_fastcall
stdlib/c/sdcc_ix/atol
stdlib/c/sdcc_ix/atol_fastcall
stdlib/c/sdcc_ix/atoll
stdlib/c/sdcc_ix/atoll_callee
stdlib/c/sdcc_ix/at_quick_exit
stdlib/c/sdcc_ix/at_quick_exit_fastcall
stdlib/c/sdcc_ix/bsearch
stdlib/c/sdcc_ix/bsearch_callee
stdlib/c/sdcc_ix/dtoa
stdlib/c/sdcc_ix/dtoa_callee
stdlib/c/sdcc_ix/dtoe
stdlib/c/sdcc_ix/dtoe_callee
stdlib/c/sdcc_ix/dtog
stdlib/c/sdcc_ix/dtog_callee
stdlib/c/sdcc_ix/dtoh
stdlib/c/sdcc_ix/dtoh_callee
stdlib/c/sdcc_ix/exit
stdlib/c/sdcc_ix/exit_fastcall
stdlib/c/sdcc_ix/ftoa
stdlib/c/sdcc_ix/ftoa_callee
stdlib/c/sdcc_ix/ftoe
stdlib/c/sdcc_ix/ftoe_callee
stdlib/c/sdcc_ix/ftog
stdlib/c/sdcc_ix/ftog_callee
stdlib/c/sdcc_ix/ftoh
stdlib/c/sdcc_ix/ftoh_callee
stdlib/c/sdcc_ix/itoa
stdlib/c/sdcc_ix/itoa_callee
stdlib/c/sdcc_ix/labs
stdlib/c/sdcc_ix/labs_fastcall
stdlib/c/sdcc_ix/llabs
stdlib/c/sdcc_ix/llabs_callee
stdlib/c/sdcc_ix/lltoa
stdlib/c/sdcc_ix/lltoa_callee
stdlib/c/sdcc_ix/ltoa
stdlib/c/sdcc_ix/ltoa_callee
stdlib/c/sdcc_ix/qsort
stdlib/c/sdcc_ix/qsort_callee
stdlib/c/sdcc_ix/quick_exit
stdlib/c/sdcc_ix/quick_exit_fastcall
stdlib/c/sdcc_ix/rand
stdlib/c/sdcc_ix/srand
stdlib/c/sdcc_ix/srand_fastcall
stdlib/c/sdcc_ix/strtod
stdlib/c/sdcc_ix/strtod_callee
stdlib/c/sdcc_ix/strtof
stdlib/c/sdcc_ix/strtof_callee
stdlib/c/sdcc_ix/strtol
stdlib/c/sdcc_ix/strtol_callee
stdlib/c/sdcc_ix/strtoll
stdlib/c/sdcc_ix/strtoll_callee
stdlib/c/sdcc_ix/strtoul
stdlib/c/sdcc_ix/strtoul_callee
stdlib/c/sdcc_ix/strtoull
stdlib/c/sdcc_ix/strtoull_callee
stdlib/c/sdcc_ix/system
stdlib/c/sdcc_ix/system_fastcall
stdlib/c/sdcc_ix/ulltoa
stdlib/c/sdcc_ix/ulltoa_callee
stdlib/c/sdcc_ix/ultoa
stdlib/c/sdcc_ix/ultoa_callee
stdlib/c/sdcc_ix/utoa
stdlib/c/sdcc_ix/utoa_callee
stdlib/c/sdcc_ix/_div_
stdlib/c/sdcc_ix/_div__callee
stdlib/c/sdcc_ix/_divu_
stdlib/c/sdcc_ix/_divu__callee
stdlib/c/sdcc_ix/_insertion_sort_
stdlib/c/sdcc_ix/_insertion_sort__callee
stdlib/c/sdcc_ix/_ldiv_
stdlib/c/sdcc_ix/_ldiv__callee
stdlib/c/sdcc_ix/_ldivu_
stdlib/c/sdcc_ix/_ldivu__callee
stdlib/c/sdcc_ix/_lldiv_
stdlib/c/sdcc_ix/_lldiv__callee
stdlib/c/sdcc_ix/_lldivu_
stdlib/c/sdcc_ix/_lldivu__callee
stdlib/c/sdcc_ix/_quicksort_
stdlib/c/sdcc_ix/_quicksort__callee
stdlib/c/sdcc_ix/_random_uniform_cmwc_8_
stdlib/c/sdcc_ix/_random_uniform_cmwc_8__fastcall
stdlib/c/sdcc_ix/_random_uniform_xor_8_
stdlib/c/sdcc_ix/_random_uniform_xor_8__fastcall
stdlib/c/sdcc_ix/_random_uniform_xor_32_
stdlib/c/sdcc_ix/_random_uniform_xor_32__fastcall
stdlib/c/sdcc_ix/_shellsort_
stdlib/c/sdcc_ix/_shellsort__callee
stdlib/c/sdcc_ix/_strtoi_
stdlib/c/sdcc_ix/_strtoi__callee
stdlib/c/sdcc_ix/_strtou_
stdlib/c/sdcc_ix/_strtou__callee
@stdlib/stdlib_asm.lst
