stdlib/c/sdcc_iy/abort
stdlib/c/sdcc_iy/abs
stdlib/c/sdcc_iy/abs_fastcall
stdlib/c/sdcc_iy/atexit
stdlib/c/sdcc_iy/atexit_fastcall
stdlib/c/sdcc_iy/atof
stdlib/c/sdcc_iy/atof_fastcall
stdlib/c/sdcc_iy/atoi
stdlib/c/sdcc_iy/atoi_fastcall
stdlib/c/sdcc_iy/atol
stdlib/c/sdcc_iy/atol_fastcall
stdlib/c/sdcc_iy/atoll
stdlib/c/sdcc_iy/atoll_callee
stdlib/c/sdcc_iy/at_quick_exit
stdlib/c/sdcc_iy/at_quick_exit_fastcall
stdlib/c/sdcc_iy/bsearch
stdlib/c/sdcc_iy/bsearch_callee
stdlib/c/sdcc_iy/dtoa
stdlib/c/sdcc_iy/dtoa_callee
stdlib/c/sdcc_iy/dtoe
stdlib/c/sdcc_iy/dtoe_callee
stdlib/c/sdcc_iy/dtog
stdlib/c/sdcc_iy/dtog_callee
stdlib/c/sdcc_iy/dtoh
stdlib/c/sdcc_iy/dtoh_callee
stdlib/c/sdcc_iy/exit
stdlib/c/sdcc_iy/exit_fastcall
stdlib/c/sdcc_iy/ftoa
stdlib/c/sdcc_iy/ftoa_callee
stdlib/c/sdcc_iy/ftoe
stdlib/c/sdcc_iy/ftoe_callee
stdlib/c/sdcc_iy/ftog
stdlib/c/sdcc_iy/ftog_callee
stdlib/c/sdcc_iy/ftoh
stdlib/c/sdcc_iy/ftoh_callee
stdlib/c/sdcc_iy/itoa
stdlib/c/sdcc_iy/itoa_callee
stdlib/c/sdcc_iy/labs
stdlib/c/sdcc_iy/labs_fastcall
stdlib/c/sdcc_iy/llabs
stdlib/c/sdcc_iy/llabs_callee
stdlib/c/sdcc_iy/lltoa
stdlib/c/sdcc_iy/lltoa_callee
stdlib/c/sdcc_iy/ltoa
stdlib/c/sdcc_iy/ltoa_callee
stdlib/c/sdcc_iy/qsort
stdlib/c/sdcc_iy/qsort_callee
stdlib/c/sdcc_iy/quick_exit
stdlib/c/sdcc_iy/quick_exit_fastcall
stdlib/c/sdcc_iy/rand
stdlib/c/sdcc_iy/srand
stdlib/c/sdcc_iy/srand_fastcall
stdlib/c/sdcc_iy/strtod
stdlib/c/sdcc_iy/strtod_callee
stdlib/c/sdcc_iy/strtof
stdlib/c/sdcc_iy/strtof_callee
stdlib/c/sdcc_iy/strtol
stdlib/c/sdcc_iy/strtol_callee
stdlib/c/sdcc_iy/strtoll
stdlib/c/sdcc_iy/strtoll_callee
stdlib/c/sdcc_iy/strtoul
stdlib/c/sdcc_iy/strtoul_callee
stdlib/c/sdcc_iy/strtoull
stdlib/c/sdcc_iy/strtoull_callee
stdlib/c/sdcc_iy/system
stdlib/c/sdcc_iy/system_fastcall
stdlib/c/sdcc_iy/ulltoa
stdlib/c/sdcc_iy/ulltoa_callee
stdlib/c/sdcc_iy/ultoa
stdlib/c/sdcc_iy/ultoa_callee
stdlib/c/sdcc_iy/utoa
stdlib/c/sdcc_iy/utoa_callee
stdlib/c/sdcc_iy/_div_
stdlib/c/sdcc_iy/_div__callee
stdlib/c/sdcc_iy/_divu_
stdlib/c/sdcc_iy/_divu__callee
stdlib/c/sdcc_iy/_insertion_sort_
stdlib/c/sdcc_iy/_insertion_sort__callee
stdlib/c/sdcc_iy/_ldiv_
stdlib/c/sdcc_iy/_ldiv__callee
stdlib/c/sdcc_iy/_ldivu_
stdlib/c/sdcc_iy/_ldivu__callee
stdlib/c/sdcc_iy/_lldiv_
stdlib/c/sdcc_iy/_lldiv__callee
stdlib/c/sdcc_iy/_lldivu_
stdlib/c/sdcc_iy/_lldivu__callee
stdlib/c/sdcc_iy/_quicksort_
stdlib/c/sdcc_iy/_quicksort__callee
stdlib/c/sdcc_iy/_random_uniform_cmwc_8_
stdlib/c/sdcc_iy/_random_uniform_cmwc_8__fastcall
stdlib/c/sdcc_iy/_random_uniform_xor_8_
stdlib/c/sdcc_iy/_random_uniform_xor_8__fastcall
stdlib/c/sdcc_iy/_random_uniform_xor_32_
stdlib/c/sdcc_iy/_random_uniform_xor_32__fastcall
stdlib/c/sdcc_iy/_shellsort_
stdlib/c/sdcc_iy/_shellsort__callee
stdlib/c/sdcc_iy/_strtoi_
stdlib/c/sdcc_iy/_strtoi__callee
stdlib/c/sdcc_iy/_strtou_
stdlib/c/sdcc_iy/_strtou__callee
@stdlib/stdlib_asm.lst
