string/c/sccz80/bcmp
string/c/sccz80/bcmp_callee
string/c/sccz80/bcopy
string/c/sccz80/bcopy_callee
string/c/sccz80/bzero
string/c/sccz80/bzero_callee
string/c/sccz80/ffs
string/c/sccz80/ffsl
string/c/sccz80/index
string/c/sccz80/index_callee
string/c/sccz80/memccpy
string/c/sccz80/memccpy_callee
string/c/sccz80/memchr
string/c/sccz80/memchr_callee
string/c/sccz80/memcmp
string/c/sccz80/memcmp_callee
string/c/sccz80/memcpy
string/c/sccz80/memcpy_callee
string/c/sccz80/memmem
string/c/sccz80/memmem_callee
string/c/sccz80/memmove
string/c/sccz80/memmove_callee
string/c/sccz80/memrchr
string/c/sccz80/memrchr_callee
string/c/sccz80/memset
string/c/sccz80/memset_callee
string/c/sccz80/memswap
string/c/sccz80/memswap_callee
string/c/sccz80/rawmemchr
string/c/sccz80/rawmemchr_callee
string/c/sccz80/rindex
string/c/sccz80/rindex_callee
string/c/sccz80/stpcpy
string/c/sccz80/stpcpy_callee
string/c/sccz80/stpncpy
string/c/sccz80/stpncpy_callee
string/c/sccz80/strcasecmp
string/c/sccz80/strcasecmp_callee
string/c/sccz80/strcat
string/c/sccz80/strcat_callee
string/c/sccz80/strchr
string/c/sccz80/strchrnul
string/c/sccz80/strchrnul_callee
string/c/sccz80/strchr_callee
string/c/sccz80/strcmp
string/c/sccz80/strcmp_callee
string/c/sccz80/strcoll
string/c/sccz80/strcoll_callee
string/c/sccz80/strcpy
string/c/sccz80/strcpy_callee
string/c/sccz80/strcspn
string/c/sccz80/strcspn_callee
string/c/sccz80/strdup
string/c/sccz80/strerror
string/c/sccz80/stricmp
string/c/sccz80/stricmp_callee
string/c/sccz80/strlcat
string/c/sccz80/strlcat_callee
string/c/sccz80/strlcpy
string/c/sccz80/strlcpy_callee
string/c/sccz80/strlen
string/c/sccz80/strlwr
string/c/sccz80/strncasecmp
string/c/sccz80/strncasecmp_callee
string/c/sccz80/strncat
string/c/sccz80/strncat_callee
string/c/sccz80/strnchr
string/c/sccz80/strnchr_callee
string/c/sccz80/strncmp
string/c/sccz80/strncmp_callee
string/c/sccz80/strncpy
string/c/sccz80/strncpy_callee
string/c/sccz80/strndup
string/c/sccz80/strndup_callee
string/c/sccz80/strnicmp
string/c/sccz80/strnicmp_callee
string/c/sccz80/strnlen
string/c/sccz80/strnlen_callee
string/c/sccz80/strnset
string/c/sccz80/strnset_callee
string/c/sccz80/strpbrk
string/c/sccz80/strpbrk_callee
string/c/sccz80/strrchr
string/c/sccz80/strrchr_callee
string/c/sccz80/strrcspn
string/c/sccz80/strrcspn_callee
string/c/sccz80/strrev
string/c/sccz80/strrspn
string/c/sccz80/strrspn_callee
string/c/sccz80/strrstr
string/c/sccz80/strrstr_callee
string/c/sccz80/strrstrip
string/c/sccz80/strsep
string/c/sccz80/strsep_callee
string/c/sccz80/strset
string/c/sccz80/strset_callee
string/c/sccz80/strspn
string/c/sccz80/strspn_callee
string/c/sccz80/strstr
string/c/sccz80/strstrip
string/c/sccz80/strstr_callee
string/c/sccz80/strtok
string/c/sccz80/strtok_callee
string/c/sccz80/strtok_r
string/c/sccz80/strtok_r_callee
string/c/sccz80/strupr
string/c/sccz80/strxfrm
string/c/sccz80/strxfrm_callee
string/c/sccz80/_memlwr_
string/c/sccz80/_memlwr__callee
string/c/sccz80/_memstrcpy_
string/c/sccz80/_memstrcpy__callee
string/c/sccz80/_memupr_
string/c/sccz80/_memupr__callee
string/c/sccz80/_strrstrip_
@string/string_asm.lst
