string/c/sdcc_ix/bcmp
string/c/sdcc_ix/bcmp_callee
string/c/sdcc_ix/bcopy
string/c/sdcc_ix/bcopy_callee
string/c/sdcc_ix/bzero
string/c/sdcc_ix/bzero_callee
string/c/sdcc_ix/ffs
string/c/sdcc_ix/ffs_fastcall
string/c/sdcc_ix/ffsl
string/c/sdcc_ix/ffsl_fastcall
string/c/sdcc_ix/ffsll
string/c/sdcc_ix/ffsll_callee
string/c/sdcc_ix/index
string/c/sdcc_ix/index_callee
string/c/sdcc_ix/memccpy
string/c/sdcc_ix/memccpy_callee
string/c/sdcc_ix/memchr
string/c/sdcc_ix/memchr_callee
string/c/sdcc_ix/memcmp
string/c/sdcc_ix/memcmp_callee
string/c/sdcc_ix/memcpy
string/c/sdcc_ix/memcpy_callee
string/c/sdcc_ix/memmem
string/c/sdcc_ix/memmem_callee
string/c/sdcc_ix/memmove
string/c/sdcc_ix/memmove_callee
string/c/sdcc_ix/memrchr
string/c/sdcc_ix/memrchr_callee
string/c/sdcc_ix/memset
string/c/sdcc_ix/memset_callee
string/c/sdcc_ix/memswap
string/c/sdcc_ix/memswap_callee
string/c/sdcc_ix/rawmemchr
string/c/sdcc_ix/rawmemchr_callee
string/c/sdcc_ix/rindex
string/c/sdcc_ix/rindex_callee
string/c/sdcc_ix/stpcpy
string/c/sdcc_ix/stpcpy_callee
string/c/sdcc_ix/stpncpy
string/c/sdcc_ix/stpncpy_callee
string/c/sdcc_ix/strcasecmp
string/c/sdcc_ix/strcasecmp_callee
string/c/sdcc_ix/strcat
string/c/sdcc_ix/strcat_callee
string/c/sdcc_ix/strchr
string/c/sdcc_ix/strchr_callee
string/c/sdcc_ix/strchrnul
string/c/sdcc_ix/strchrnul_callee
string/c/sdcc_ix/strcmp
string/c/sdcc_ix/strcmp_callee
string/c/sdcc_ix/strcoll
string/c/sdcc_ix/strcoll_callee
string/c/sdcc_ix/strcpy
string/c/sdcc_ix/strcpy_callee
string/c/sdcc_ix/strcspn
string/c/sdcc_ix/strcspn_callee
string/c/sdcc_ix/strdup
string/c/sdcc_ix/strdup_fastcall
string/c/sdcc_ix/strerror
string/c/sdcc_ix/strerror_fastcall
string/c/sdcc_ix/stricmp
string/c/sdcc_ix/stricmp_callee
string/c/sdcc_ix/strlcat
string/c/sdcc_ix/strlcat_callee
string/c/sdcc_ix/strlcpy
string/c/sdcc_ix/strlcpy_callee
string/c/sdcc_ix/strlen
string/c/sdcc_ix/strlen_fastcall
string/c/sdcc_ix/strlwr
string/c/sdcc_ix/strlwr_fastcall
string/c/sdcc_ix/strncasecmp
string/c/sdcc_ix/strncasecmp_callee
string/c/sdcc_ix/strncat
string/c/sdcc_ix/strncat_callee
string/c/sdcc_ix/strnchr
string/c/sdcc_ix/strnchr_callee
string/c/sdcc_ix/strncmp
string/c/sdcc_ix/strncmp_callee
string/c/sdcc_ix/strncpy
string/c/sdcc_ix/strncpy_callee
string/c/sdcc_ix/strndup
string/c/sdcc_ix/strndup_callee
string/c/sdcc_ix/strnicmp
string/c/sdcc_ix/strnicmp_callee
string/c/sdcc_ix/strnlen
string/c/sdcc_ix/strnlen_callee
string/c/sdcc_ix/strnset
string/c/sdcc_ix/strnset_callee
string/c/sdcc_ix/strpbrk
string/c/sdcc_ix/strpbrk_callee
string/c/sdcc_ix/strrchr
string/c/sdcc_ix/strrchr_callee
string/c/sdcc_ix/strrcspn
string/c/sdcc_ix/strrcspn_callee
string/c/sdcc_ix/strrev
string/c/sdcc_ix/strrev_fastcall
string/c/sdcc_ix/strrspn
string/c/sdcc_ix/strrspn_callee
string/c/sdcc_ix/strrstr
string/c/sdcc_ix/strrstr_callee
string/c/sdcc_ix/strrstrip
string/c/sdcc_ix/strrstrip_fastcall
string/c/sdcc_ix/strsep
string/c/sdcc_ix/strsep_callee
string/c/sdcc_ix/strset
string/c/sdcc_ix/strset_callee
string/c/sdcc_ix/strspn
string/c/sdcc_ix/strspn_callee
string/c/sdcc_ix/strstr
string/c/sdcc_ix/strstr_callee
string/c/sdcc_ix/strstrip
string/c/sdcc_ix/strstrip_fastcall
string/c/sdcc_ix/strtok
string/c/sdcc_ix/strtok_callee
string/c/sdcc_ix/strtok_r
string/c/sdcc_ix/strtok_r_callee
string/c/sdcc_ix/strupr
string/c/sdcc_ix/strupr_fastcall
string/c/sdcc_ix/strxfrm
string/c/sdcc_ix/strxfrm_callee
string/c/sdcc_ix/_memlwr_
string/c/sdcc_ix/_memlwr__callee
string/c/sdcc_ix/_memstrcpy_
string/c/sdcc_ix/_memstrcpy__callee
string/c/sdcc_ix/_memupr_
string/c/sdcc_ix/_memupr__callee
string/c/sdcc_ix/_strrstrip_
string/c/sdcc_ix/_strrstrip__fastcall
@string/string_asm.lst
