adt/w_vector/c/sdcc_iy/w_vector_append
adt/w_vector/c/sdcc_iy/w_vector_append_callee
adt/w_vector/c/sdcc_iy/w_vector_append_n
adt/w_vector/c/sdcc_iy/w_vector_append_n_callee
adt/w_vector/c/sdcc_iy/w_vector_at
adt/w_vector/c/sdcc_iy/w_vector_at_callee
adt/w_vector/c/sdcc_iy/w_vector_back
adt/w_vector/c/sdcc_iy/w_vector_back_fastcall
adt/w_vector/c/sdcc_iy/w_vector_capacity
adt/w_vector/c/sdcc_iy/w_vector_capacity_fastcall
adt/w_vector/c/sdcc_iy/w_vector_clear
adt/w_vector/c/sdcc_iy/w_vector_clear_fastcall
adt/w_vector/c/sdcc_iy/w_vector_data
adt/w_vector/c/sdcc_iy/w_vector_data_fastcall
adt/w_vector/c/sdcc_iy/w_vector_destroy
adt/w_vector/c/sdcc_iy/w_vector_destroy_fastcall
adt/w_vector/c/sdcc_iy/w_vector_empty
adt/w_vector/c/sdcc_iy/w_vector_empty_fastcall
adt/w_vector/c/sdcc_iy/w_vector_erase
adt/w_vector/c/sdcc_iy/w_vector_erase_callee
adt/w_vector/c/sdcc_iy/w_vector_erase_range
adt/w_vector/c/sdcc_iy/w_vector_erase_range_callee
adt/w_vector/c/sdcc_iy/w_vector_front
adt/w_vector/c/sdcc_iy/w_vector_front_fastcall
adt/w_vector/c/sdcc_iy/w_vector_init
adt/w_vector/c/sdcc_iy/w_vector_init_callee
adt/w_vector/c/sdcc_iy/w_vector_insert
adt/w_vector/c/sdcc_iy/w_vector_insert_callee
adt/w_vector/c/sdcc_iy/w_vector_insert_n
adt/w_vector/c/sdcc_iy/w_vector_insert_n_callee
adt/w_vector/c/sdcc_iy/w_vector_max_size
adt/w_vector/c/sdcc_iy/w_vector_max_size_fastcall
adt/w_vector/c/sdcc_iy/w_vector_pop_back
adt/w_vector/c/sdcc_iy/w_vector_pop_back_fastcall
adt/w_vector/c/sdcc_iy/w_vector_push_back
adt/w_vector/c/sdcc_iy/w_vector_push_back_callee
adt/w_vector/c/sdcc_iy/w_vector_reserve
adt/w_vector/c/sdcc_iy/w_vector_reserve_callee
adt/w_vector/c/sdcc_iy/w_vector_resize
adt/w_vector/c/sdcc_iy/w_vector_resize_callee
adt/w_vector/c/sdcc_iy/w_vector_shrink_to_fit
adt/w_vector/c/sdcc_iy/w_vector_shrink_to_fit_fastcall
adt/w_vector/c/sdcc_iy/w_vector_size
adt/w_vector/c/sdcc_iy/w_vector_size_fastcall
@adt/w_vector/w_vector_asm.lst
