input/zx/c/sdcc_ix/in_inkey
input/zx/c/sdcc_ix/in_key_pressed
input/zx/c/sdcc_ix/in_key_pressed_fastcall
input/zx/c/sdcc_ix/in_key_scancode
input/zx/c/sdcc_ix/in_key_scancode_fastcall
input/zx/c/sdcc_ix/in_mouse_amx
input/zx/c/sdcc_ix/in_mouse_amx_callee
input/zx/c/sdcc_ix/in_mouse_amx_init
input/zx/c/sdcc_ix/in_mouse_amx_init_callee
input/zx/c/sdcc_ix/in_mouse_amx_reset
input/zx/c/sdcc_ix/in_mouse_amx_setpos
input/zx/c/sdcc_ix/in_mouse_amx_setpos_callee
input/zx/c/sdcc_ix/in_mouse_amx_wheel
input/zx/c/sdcc_ix/in_mouse_amx_wheel_delta
input/zx/c/sdcc_ix/in_mouse_kempston
input/zx/c/sdcc_ix/in_mouse_kempston_callee
input/zx/c/sdcc_ix/in_mouse_kempston_init
input/zx/c/sdcc_ix/in_mouse_kempston_reset
input/zx/c/sdcc_ix/in_mouse_kempston_setpos
input/zx/c/sdcc_ix/in_mouse_kempston_setpos_callee
input/zx/c/sdcc_ix/in_mouse_kempston_wheel
input/zx/c/sdcc_ix/in_mouse_kempston_wheel_delta
input/zx/c/sdcc_ix/in_pause
input/zx/c/sdcc_ix/in_pause_fastcall
input/zx/c/sdcc_ix/in_stick_cursor
input/zx/c/sdcc_ix/in_stick_fuller
input/zx/c/sdcc_ix/in_stick_kempston
input/zx/c/sdcc_ix/in_stick_keyboard
input/zx/c/sdcc_ix/in_stick_keyboard_fastcall
input/zx/c/sdcc_ix/in_stick_sinclair1
input/zx/c/sdcc_ix/in_stick_sinclair2
input/zx/c/sdcc_ix/in_test_key
input/zx/c/sdcc_ix/in_wait_key
input/zx/c/sdcc_ix/in_wait_nokey
@input/zx/input_asm.lst
