target/enterprise/stdio/fgetc_cons
target/enterprise/stdio/getk
target/enterprise/stdio/fputc_cons
@stdio/stdio.lst
target/enterprise/time/clock
target/enterprise/games/joystick
target/enterprise/games/bit_open
target/enterprise/games/bit_open_di
target/enterprise/games/bit_close
target/enterprise/games/bit_close_ei
@games/games.lst
target/enterprise/enterprise/exos_capture_channel
target/enterprise/enterprise/exos_capture_channel_callee
target/enterprise/enterprise/exos_channel_read_status
target/enterprise/enterprise/exos_close_channel
target/enterprise/enterprise/exos_create_channel
target/enterprise/enterprise/exos_create_channel_callee
target/enterprise/enterprise/exos_destroy_channel
target/enterprise/enterprise/exos_display_page
target/enterprise/enterprise/exos_open_channel
target/enterprise/enterprise/exos_open_channel_callee
target/enterprise/enterprise/exos_read_block
target/enterprise/enterprise/exos_read_character
target/enterprise/enterprise/exos_redirect_channel
target/enterprise/enterprise/exos_redirect_channel_callee
target/enterprise/enterprise/exos_system_reset
target/enterprise/enterprise/exos_system_status
target/enterprise/enterprise/exos_write_block
target/enterprise/enterprise/exos_write_character
target/enterprise/enterprise/exos_write_character_callee
target/enterprise/enterprise/get_exos_variable
target/enterprise/enterprise/set_exos_variable
target/enterprise/enterprise/set_exos_variable_callee
target/enterprise/enterprise/toggle_exos_variable
target/enterprise/enterprise/exos_set_vmode
target/enterprise/enterprise/exos_reset_font
target/enterprise/enterprise/lpt_ready
@z80.lst
