target/gal/stdio/fgetc_cons
target/gal/stdio/fputc_cons
target/gal/stdio/getk
target/gal/stdio/generic_console
target/gal/stdio/generic_console_ioctl
target/gal/stdio/generic_console_vpeek
target/gal/stdio/CRT_FONT
target/gal/stdio/conio_vars
target/gal/stdio/printc_MODE1
target/gal/stdio/vpeek_MODE1
target/gal/stdio/scrollup_MODE1
@stdio/stdio.lst
target/gal/scrolluptxt
target/gal/scrolldowntxt
target/gal/invtxt
target/gal/filltxt
@font/font_8x8/font_8x8.lst
@stdio/ansicore.lst
target/gal/stdio/ansi/f_ansi_attr
target/gal/stdio/ansi/f_ansi_char
target/gal/stdio/ansi/f_ansi_cls
target/gal/stdio/ansi/f_ansi_bel
target/gal/stdio/ansi/f_ansi_dline
target/gal/stdio/ansi/f_ansi_scrollup
target/gal/time/clock
target/gal/graphics/cleargraphics
target/gal/graphics/getmaxx
target/gal/graphics/getmaxy
target/gal/graphics/plotpixl
target/gal/graphics/respixl
target/gal/graphics/xorpixl
target/gal/graphics/pointxy
target/gal/graphics/pixladdr
target/gal/graphics/pixladdr_MODE1
target/gal/graphics/plot_MODE0
target/gal/graphics/res_MODE0
target/gal/graphics/xor_MODE0
target/gal/graphics/pointxy_MODE0
target/gal/graphics/plot_MODE1
target/gal/graphics/res_MODE1
target/gal/graphics/xor_MODE1
target/gal/graphics/pointxy_MODE1
target/gal/graphics/swapgfxbk
target/gal/graphics/textpixl6
@gfx/narrow/gfx_narrow.lst
target/gal/games/bit_open
target/gal/games/bit_open_di
target/gal/games/bit_close
target/gal/games/bit_close_ei
target/gal/games/joystick
@games/games_mwr.lst
target/gal/psg/set_psg
target/gal/psg/set_psg_callee
target/gal/psg/get_psg
target/gal/psg/psg_init
@psg/psg.lst
@z80.lst
