graphics/__graphics_end
graphics/__gfx_coords
graphics/retrofit/putsprite_callee
graphics/getsprite2
graphics/bksave2
graphics/bkrestore3
graphics/circle
graphics/circle_callee
graphics/uncircle
graphics/uncircle_callee
graphics/xorcircle
graphics/xorcircle_callee
graphics/clg
graphics/clsgraph
graphics/clga
graphics/clga_callee
graphics/clrarea
graphics/xorclga
graphics/xorclga_callee
graphics/xorclrarea
graphics/fillb
graphics/fillb_callee
graphics/fillarea
graphics/draw
graphics/draw_callee
graphics/undraw
graphics/undraw_callee
graphics/xordraw
graphics/xordraw_callee
graphics/drawr
graphics/drawr_callee
graphics/undrawr
graphics/undrawr_callee
graphics/xordrawr
graphics/xordrawr_callee
graphics/drawto
graphics/drawto_callee
graphics/undrawto
graphics/undrawto_callee
graphics/xordrawto
graphics/xordrawto_callee
graphics/drawb
graphics/drawb_callee
graphics/undrawb
graphics/undrawb_callee
graphics/xordrawb
graphics/xordrawb_callee
graphics/xorborder
graphics/xorborder_callee
graphics/drawbox
graphics/getmaxx
graphics/getmaxy
graphics/lbitmask
graphics/line
graphics/liner
graphics/lftscrol
graphics/lscroll
graphics/plot
graphics/plot_callee
graphics/unplot
graphics/unplot_callee
graphics/xorplot
graphics/xorplot_callee
graphics/point
graphics/point_callee
graphics/multipoint
graphics/multipoint_callee
graphics/draw_profile
graphics/stencil_add_circle
graphics/stencil_add_liner
graphics/stencil_add_lineto
graphics/stencil_add_side
graphics/stencil_add_point
graphics/stencil_add_pixel
graphics/stencil_init
graphics/dither_pattern
graphics/rbitmask
graphics/rscroll
graphics/setxy
graphics/setpos
graphics/setpos_callee
graphics/getx
graphics/gety
graphics/move
graphics/pen_up
graphics/pen_down
graphics/putc4x6
graphics/lores/c_plotpixel
graphics/lores/c_respixel
graphics/lores/c_xorpixel
graphics/lores/c_plot
graphics/lores/c_unplot
graphics/lores/c_xorplot
graphics/lores/c_pointxy
graphics/lores/c_point
