graphics/__gfx_coords4
graphics/__graphics_end
graphics/retrofit/putsprite_callee
graphics/w_getsprite
graphics/w_bksave
graphics/w_bkrestore
graphics/w_circle
graphics/w_circle_callee
graphics/w_uncircle
graphics/w_uncircle_callee
graphics/w_xorcircle
graphics/w_xorcircle_callee
graphics/w_dcircle
graphics/w_fill
graphics/w_clga
graphics/w_clga_callee
graphics/w_xorclga
graphics/w_xorclga_callee
graphics/w_fillb
graphics/w_fillb_callee
graphics/w_area
graphics/w_drawbox
graphics/w_drawb
graphics/w_drawb_callee
graphics/w_undrawb
graphics/w_undrawb_callee
graphics/w_xordrawb
graphics/w_xordrawb_callee
graphics/w_xorborder
graphics/w_xorborder_callee
graphics/w_undraw
graphics/w_undraw_callee
graphics/w_draw
graphics/w_draw_callee
graphics/w_xordraw
graphics/w_xordraw_callee
graphics/w_drawto
graphics/w_drawto_callee
graphics/w_undrawto
graphics/w_undrawto_callee
graphics/w_xordrawto
graphics/w_xordrawto_callee
graphics/w_drawr
graphics/w_drawr_callee
graphics/w_undrawr
graphics/w_undrawr_callee
graphics/w_xordrawr
graphics/w_xordrawr_callee
graphics/getmaxx
graphics/getmaxy
graphics/lbitmask
graphics/w_line
graphics/w_liner
graphics/lscroll
graphics/lftscrol
graphics/w_plot
graphics/w_plot_callee
graphics/w_unplot
graphics/w_unplot_callee
graphics/w_xorplot
graphics/w_xorplot_callee
graphics/w_point
graphics/w_point_callee
graphics/w_multipoint
graphics/w_multipoint_callee
graphics/w_stencil_add_circle
graphics/w_stencil_add_liner
graphics/w_stencil_add_lineto
graphics/w_stencil_add_side
graphics/w_stencil_add_point
graphics/w_stencil_add_pixel
graphics/w_stencil_init
graphics/w_stencil_render2
graphics/dither_pattern
graphics/draw_profile
graphics/rbitmask
graphics/rscroll
graphics/w_setxy
graphics/w_setpos
graphics/w_setpos_callee
graphics/w_getx
graphics/w_gety
graphics/w_move
graphics/pen_up
graphics/pen_down
graphics/w_putc4x6
graphics/lores/w_c_plotpixel
graphics/lores/w_c_respixel
graphics/lores/w_c_xorpixel
graphics/lores/c_plot
graphics/lores/c_unplot
graphics/lores/c_xorplot
graphics/lores/w_c_pointxy
graphics/lores/c_point
