target/mc1000/stdio/fgetc_cons
target/mc1000/stdio/getk
target/mc1000/stdio/fputc_cons
target/mc1000/stdio/generic_console
target/mc1000/stdio/generic_console_cls
target/mc1000/stdio/generic_console_ioctl
target/mc1000/stdio/generic_console_vpeek
target/mc1000/stdio/printc_MODE1
target/mc1000/stdio/printc_MODE2
target/mc1000/stdio/vpeek_MODE1
target/mc1000/stdio/vpeek_MODE2
target/mc1000/stdio/conio_vars
target/mc1000/stdio/CRT_FONT
target/mc1000/stdio/ansi/f_ansi_attr
target/mc1000/stdio/ansi/f_ansi_scrollup
target/mc1000/stdio/ansi/f_ansi_bel
target/mc1000/stdio/ansi/f_ansi_char
@font/font_8x8/font_8x8.lst
@stdio/ansicore.lst
@stdio/stdio.lst
target/mc1000/graphics/clg
target/mc1000/graphics/pixladdr
target/mc1000/graphics/plotpixl
target/mc1000/graphics/respixl
target/mc1000/graphics/xorpixl
target/mc1000/graphics/pointxy
target/mc1000/graphics/dfill
target/mc1000/graphics/putsprite
target/mc1000/graphics/bksave
target/mc1000/graphics/bkrestore
target/mc1000/graphics/swapgfxbk
target/mc1000/graphics/stencil_render
@gfx/narrow/gfx_narrow.lst
target/mc1000/time/clock
target/mc1000/games/joystick
target/mc1000/games/bit_open
target/mc1000/games/bit_open_di
target/mc1000/games/bit_close
target/mc1000/games/bit_close_ei
@games/games.lst
target/mc1000/psg/set_psg
target/mc1000/psg/set_psg_callee
target/mc1000/psg/get_psg
target/mc1000/psg/psg_init
@video/mc6847/mc6847.lst
@psg/psg.lst
@z80.lst
