target/osca/stdio/fputc_cons
target/osca/stdio/fgetc_cons
target/osca/stdio/getk
@stdio/ansicore.lst
target/osca/stdio/ansi/f_ansi_attr
target/osca/stdio/ansi/f_ansi_bel
target/osca/stdio/ansi/f_ansi_char
target/osca/stdio/ansi//f_ansi_cls
stdio/ansi/generic/f_ansi_dline
target/osca/stdio/ansi/f_ansi_scrollup
@stdio/stdio.lst
gfx/wide/obj/osca/w_dcircle_square.asm
target/osca/graphics/drawb
target/osca/graphics/undrawb
target/osca/graphics//xorborder
target/osca/graphics/clg
target/osca/graphics/w_clga
target/osca/graphics/w_pixladdr
target/osca/graphics/fill
target/osca/graphics/swapgfxbk
target/osca/graphics/w_putsprite
target/osca/graphics/w_stencil_render
target/osca/graphics/cclg
target/osca/graphics/cplot
target/osca/graphics/cplot_callee
target/osca/graphics/cplotpixel
@gfx/wide/gfx_wide.lst
target/osca/games/joystick
@games/games.lst
target/osca/time/clock
target/osca/osca/flos_paper
target/osca/osca/get_pen
target/osca/osca/set_pen
target/osca/osca/flos_get_input_string
target/osca/osca/osca_version
target/osca/osca/flos_version
target/osca/osca/flos_err
target/osca/osca/page_in_video
target/osca/osca/page_out_video
target/osca/osca/osca_set_palette
target/osca/osca/wait_vrt
target/osca/osca/change_volume
target/osca/osca/check_volume_format
target/osca/osca/find_file
target/osca/osca/find_file_callee
target/osca/osca/file_sector_list
target/osca/osca/write_bytes_to_file
target/osca/osca/create_file
target/osca/osca/erase_file
target/osca/osca/rename_file
target/osca/osca/rename_file_callee
target/osca/osca/set_load_length
target/osca/osca/set_file_pointer
target/osca/osca/set_load_length
target/osca/osca/force_load
target/osca/osca/force_load_callee
target/osca/osca/get_current_volume
target/osca/osca/get_device_list
target/osca/osca/get_device_count
target/osca/osca/get_device_info
target/osca/osca/get_driver_list
target/osca/osca/get_file_size
target/osca/osca/get_first_file_cluster
target/osca/osca/get_total_sectors
target/osca/osca/get_volume_count
target/osca/osca/get_volume_list
target/osca/osca/delete_dir
target/osca/osca/make_dir
target/osca/osca/parent_dir
target/osca/osca/root_dir
target/osca/osca/dir_move_first
target/osca/osca/dir_move_next
target/osca/osca/dir_get_entry_name
target/osca/osca/dir_get_entry_size
target/osca/osca/dir_get_entry_type
target/osca/osca/get_dir_name
target/osca/osca/store_dir_position
target/osca/osca/restore_dir_position
target/osca/osca/change_dir
target/osca/osca/get_bank
target/osca/osca/set_bank
target/osca/osca/inc_bank
target/osca/sdcard/sd_read_sector_main
target/osca/sdcard/pause_4ms
target/osca/sdcard/sd_select_card
target/osca/sdcard/sd_deselect_card
target/osca/sdcard/sd_get_byte
target/osca/sdcard/sd_power_off
target/osca/sdcard/sd_power_on
target/osca/sdcard/sd_select_card
target/osca/sdcard/sd_send_byte
target/osca/sdcard/sd_spi_port_fast
@sdcard/sdcard.lst
@z80.lst
