target/pc6001/stdio/fgetc_cons
target/pc6001/stdio/getk
target/pc6001/stdio/fputc_cons
target/pc6001/stdio/generic_console
target/pc6001/stdio/generic_console_ioctl
target/pc6001/stdio/generic_console_vpeek
target/pc6001/stdio/conio_vars
target/pc6001/stdio/CRT_FONT
target/pc6001/stdio/vpeek_MODE1
target/pc6001/stdio/vpeek_MODE2
target/pc6001/stdio/printc_MODE1
target/pc6001/stdio/printc_MODE2
@stdio/ansicore.lst
target/pc6001/stdio/ansi/f_ansi_attr
target/pc6001/stdio/ansi/f_ansi_bel
target/pc6001/stdio/ansi/f_ansi_char
target/pc6001/stdio/ansi/f_ansi_cls
target/pc6001/stdio/ansi/f_ansi_dline
target/pc6001/stdio/ansi/f_ansi_scrollup
@stdio/stdio.lst
@font/font_8x8/font_8x8.lst
target/pc6001/games/joystick
games/obj/pc6001/joystick_type
target/pc6001/graphics/clsgraph
target/pc6001/graphics/getmaxx
target/pc6001/graphics/getmaxy
target/pc6001/graphics/plotpixl
target/pc6001/graphics/respixl
target/pc6001/graphics/xorpixl
target/pc6001/graphics/pointxy
target/pc6001/graphics/pixladdr
target/pc6001/graphics/pixladdr_MODE1
target/pc6001/graphics/pixladdr_MODE2
target/pc6001/graphics/plot_MODE0
target/pc6001/graphics/res_MODE0
target/pc6001/graphics/xor_MODE0
target/pc6001/graphics/pointxy_MODE0
target/pc6001/graphics/plot_MODE1
target/pc6001/graphics/res_MODE1
target/pc6001/graphics/xor_MODE1
target/pc6001/graphics/pointxy_MODE1
target/pc6001/graphics/plot_MODE2
target/pc6001/graphics/res_MODE2
target/pc6001/graphics/xor_MODE2
target/pc6001/graphics/pointxy_MODE2
target/pc6001/graphics/swapgfxbk
target/pc6001/graphics/textpixl6
@gfx/narrow/gfx_narrow.lst
target/pc6001/psg/set_psg
target/pc6001/psg/set_psg_callee
target/pc6001/psg/get_psg
target/pc6001/psg/psg_init
@psg/psg.lst
@video/mc6847/mc6847.lst
@z80.lst
