target/rcmx000/stdio/fgetc_cons
target/rcmx000/stdio/cnvtab
target/rcmx000/stdio/getk
target/rcmx000/stdio/fputc_cons
@stdio/stdio_r2k.lst
@adt/adt.lst
@adt-newlib/adt.lst
@algorithm/alg.lst
@alloc/alloc.lst
@ctype/ctype.lst
@debug/debug.lst
@stdlib/stdlib.lst
@strings/string.lst
@setjmp/setjmp.lst
@assert/assert.lst
target/rcmx000/time/clock
@rect/rect.lst
@regex/regex.lst
@compress/zx7/zx7.lst
_DEVELOPMENT/stdlib/z80/asm_lltoa
_DEVELOPMENT/stdlib/z80/asm_ulltoa
_DEVELOPMENT/stdlib/z80/asm_strtoll
_DEVELOPMENT/stdlib/z80/asm_strtoull
_DEVELOPMENT/stdlib/c/sdcc_ix/strtoull
_DEVELOPMENT/stdlib/c/sdcc_ix/strtoull_callee
_DEVELOPMENT/stdlib/c/sdcc_ix/strtoll
_DEVELOPMENT/stdlib/c/sdcc_ix/strtoll_callee
_DEVELOPMENT/stdlib/c/sdcc_ix/ulltoa
_DEVELOPMENT/stdlib/c/sdcc_ix/ulltoa_callee
_DEVELOPMENT/stdlib/c/sdcc_ix/lltoa
_DEVELOPMENT/stdlib/c/sdcc_ix/lltoa_callee
_DEVELOPMENT/stdlib/c/sdcc_ix/atoll
_DEVELOPMENT/stdlib/c/sdcc_ix/atoll_callee
_DEVELOPMENT/l/z80/ascii/l_valid_base
_DEVELOPMENT/l/z80/ascii/l_num2char
