@stdio/stdio.lst
@ctype/ctype.lst
@stdlib/stdlib.lst
@strings/string.lst
@setjmp/setjmp.lst
target/rex/DsPrintf
target/rex/DsPrintfe
target/rex/input8
target/rex/output8
target/rex/syscall0
target/rex/syscall1
target/rex/syscall1p
target/rex/syscall2
target/rex/syscall3
target/rex/syscall4
target/rex/syscall4d
target/rex/syscall5
target/rex/syscall5p
target/rex/syscall6
target/rex/syscall6p
target/rex/syscallex
target/rex/syscallexl
target/rex/DbFindRecord
target/rex/DbGetRecordCount
target/rex/DbReadField
target/rex/DbUpdateField
target/rex/DbInsertRecord
target/rex/DbReadRecord
target/rex/DbUpdateRecord
target/rex/DbReadText
target/rex/DbInsertText
target/rex/DbDeleteText
target/rex/DsTrace
target/rex/farcall/farcall
target/rex/farcall/farcalld
target/rex/farcall/findlib
target/rex/graphics/pixaddr
target/rex/graphics/setpix
target/rex/graphics/setpixsave
target/rex/graphics/set4pix
target/rex/graphics/ellset4pix
target/rex/graphics/DsClearScreen
target/rex/graphics/DsFillScreen
target/rex/graphics/DsGetPixelAddr
target/rex/graphics/DsSetPixel
target/rex/graphics/DsDisplayCircle
target/rex/graphics/DsDisplayEllipse

