target/sv8000/stdio/generic_console
target/sv8000/stdio/generic_console_ioctl
target/sv8000/stdio/generic_console_vpeek
target/sv8000/stdio/printc_MODE1
target/sv8000/stdio/vpeek_MODE1
target/sv8000/stdio/conio_vars
target/sv8000/stdio/CRT_FONT
@stdio/stdio.lst
@font/font_8x8/font_8x8.lst
target/sv8000/graphics/clsgraph
target/sv8000/graphics/getmaxx
target/sv8000/graphics/getmaxy
target/sv8000/graphics/plotpixl
target/sv8000/graphics/respixl
target/sv8000/graphics/xorpixl
target/sv8000/graphics/pointxy
target/sv8000/graphics/pixladdr
target/sv8000/graphics/pixladdr_MODE1
target/sv8000/graphics/plot_MODE0
target/sv8000/graphics/res_MODE0
target/sv8000/graphics/xor_MODE0
target/sv8000/graphics/pointxy_MODE0
target/sv8000/graphics/plot_MODE1
target/sv8000/graphics/res_MODE1
target/sv8000/graphics/xor_MODE1
target/sv8000/graphics/pointxy_MODE1
@gfx/narrow/gfx_narrow.lst
target/sv8000/psg/set_psg
target/sv8000/psg/set_psg_callee
target/sv8000/psg/get_psg
target/sv8000/psg/psg_init
@psg/psg.lst
target/sv8000/games/joystick
games/obj/sv8000/joystick_type
@games/games.lst
@z80.lst
