@assert/assert.lst
@ctype/ctype.lst
@setjmp/setjmp.lst
@stdlib/stdlib.lst
@strings/string.lst
@regex/regex.lst
stdio/ansi/ansifont_f3
stdio/ansi/ansifont_f4
stdio/ansi/ansifont_f4pack
stdio/ansi/ansifont_f5
stdio/ansi/ansifont_f6
stdio/ansi/ansifont_f8
@compress/zx7/zx7.lst
_DEVELOPMENT/stdlib/z80/asm_lltoa
_DEVELOPMENT/stdlib/z80/asm_ulltoa
_DEVELOPMENT/stdlib/z80/asm_strtoll
_DEVELOPMENT/stdlib/z80/asm_strtoull
_DEVELOPMENT/stdlib/c/sdcc_ix/strtoull
_DEVELOPMENT/stdlib/c/sdcc_ix/strtoull_callee
_DEVELOPMENT/stdlib/c/sdcc_ix/strtoll
_DEVELOPMENT/stdlib/c/sdcc_ix/strtoll_callee
_DEVELOPMENT/stdlib/c/sdcc_ix/ulltoa
_DEVELOPMENT/stdlib/c/sdcc_ix/ulltoa_callee
_DEVELOPMENT/stdlib/c/sdcc_ix/lltoa
_DEVELOPMENT/stdlib/c/sdcc_ix/lltoa_callee
_DEVELOPMENT/stdlib/c/sdcc_ix/atoll
_DEVELOPMENT/stdlib/c/sdcc_ix/atoll_callee
_DEVELOPMENT/l/z80/ascii/l_valid_base
_DEVELOPMENT/l/z80/ascii/l_num2char
@adt/adt.lst
@adt-newlib/adt.lst
@alloc/alloc.lst
@debug/debug.lst
@rect/rect.lst
@algorithm/alg.lst
arch/z80/AsmCall
@interrupts/interrupts.lst
