target/z88/stdio/fgets_cons
@stdio/ansicore.lst
target/z88/stdio/ansi/f_ansi_attr
target/z88/stdio/ansi/f_ansi_bel
target/z88/stdio/ansi/f_ansi_char
target/z88/stdio/ansi/f_ansi_cls
target/z88/stdio/ansi/f_ansi_dline
target/z88/stdio/ansi/f_ansi_scrollup
target/z88/stdio/fgetc_cons
target/z88/stdio/fputc_cons
target/z88/stdio/getcmd
target/z88/stdio/getk
@stdio/stdio.lst
@stdio/stdio_net.lst
target/z88/fcntl/fdgetpos
target/z88/fcntl/fdtell
target/z88/fcntl/rename
target/z88/fcntl/remove
target/z88/fcntl/open
target/z88/fcntl/close
target/z88/fcntl/lseek
target/z88/fcntl/read
target/z88/fcntl/creat
target/z88/fcntl/write
target/z88/fcntl/readbyte
target/z88/fcntl/writebyte
target/z88/fcntl/stat
target/z88/fcntl/opendor
target/z88/fcntl/closedor
target/z88/fcntl/readdor
target/z88/fcntl/writedor
target/z88/fcntl/deletedor
target/z88/fcntl/sondor
target/z88/fcntl/brotherdor
target/z88/stdlib/atol
target/z88/stdlib/csleep
target/z88/stdlib/getcwd
target/z88/stdlib/mkdir
target/z88/stdlib/sleep
@time/time.lst
target/z88/time/clock
target/z88/time/time
games/joystick
target/z88/games/bit_open
target/z88/games/bit_open_di
target/z88/games/bit_close
target/z88/games/bit_close_ei
target/z88/games/beeper
@games/games.lst
target/z88/rs232/rs232_close
target/z88/rs232/rs232_get
target/z88/rs232/rs232_init
target/z88/rs232/rs232_params
target/z88/rs232/rs232_put
target/z88/z88/di
target/z88/z88/ei
target/z88/z88/freescr
target/z88/z88/readmail
target/z88/z88/restscr
target/z88/z88/savescr
target/z88/z88/sendmail
target/z88/z88/pagewait
target/z88/z88/RegisterInt
target/z88/z88/DeRegisterInt
target/z88/z88/QueryPackage
target/z88/z88/getpid
target/z88/z88/nameapp
target/z88/z88/wcopen
target/z88/z88/wcnext
target/z88/z88/wcclose
target/z88/z88/exec_cli
target/z88/z88/openwindow
target/z88/z88/openpopup
target/z88/z88/opentitled
target/z88/z88/stripdev
target/z88/z88/strippath
target/z88/z88/opwin
target/z88/z88/fnexpand
target/z88/graphics/closegfx
target/z88/graphics/clrarea
target/z88/graphics/pixladdr
target/z88/graphics/swapgfxbk
target/z88/graphics/window
@gfx/narrow/gfx_narrow.lst
@z80.lst

