spectrum/sprites/_sp1_struct_cs_prototype
spectrum/sprites/_sp1_struct_ss_prototype
spectrum/sprites/sp1_AddColSpr
spectrum/sprites/sp1_AddColSpr_callee
spectrum/sprites/sp1_ChangeSprType
spectrum/sprites/sp1_ChangeSprType_callee
spectrum/sprites/sp1_CreateSpr
spectrum/sprites/sp1_CreateSpr_callee
spectrum/sprites/sp1_DeleteSpr
spectrum/sprites/sp1_GetSprClr
spectrum/sprites/sp1_GetSprClr_callee
spectrum/sprites/sp1_GetSprClrAddr
spectrum/sprites/sp1_GetSprClrAddr_callee
spectrum/sprites/sp1_InitCharStruct
spectrum/sprites/sp1_InitCharStruct_callee
spectrum/sprites/sp1_InsertCharStruct
spectrum/sprites/sp1_InsertCharStruct_callee
spectrum/sprites/sp1_IterateSprChar
spectrum/sprites/sp1_IterateSprChar_callee
spectrum/sprites/sp1_IterateUpdateSpr
spectrum/sprites/sp1_IterateUpdateSpr_callee
spectrum/sprites/sp1_MoveSprAbs
spectrum/sprites/sp1_MoveSprAbs_callee
spectrum/sprites/sp1_MoveSprPix
spectrum/sprites/sp1_MoveSprPix_callee
spectrum/sprites/sp1_MoveSprRel
spectrum/sprites/sp1_MoveSprRel_callee
spectrum/sprites/sp1_PreShiftSpr
spectrum/sprites/sp1_PreShiftSpr_callee
spectrum/sprites/sp1_PutSprClr
spectrum/sprites/sp1_PutSprClr_callee
spectrum/sprites/sp1_RemoveCharStruct
spectrum/sprites/SP1AddSprChar
spectrum/sprites/SP1RemoveSprChar
spectrum/sprites/draw/SP1_DRAW_ATTR
spectrum/sprites/draw/SP1_DRAW_LOAD1
spectrum/sprites/draw/SP1_DRAW_LOAD1LB
spectrum/sprites/draw/SP1_DRAW_LOAD1LBIM
spectrum/sprites/draw/SP1_DRAW_LOAD1NR
spectrum/sprites/draw/SP1_DRAW_LOAD1RB
spectrum/sprites/draw/SP1_DRAW_LOAD1RBIM
spectrum/sprites/draw/SP1_DRAW_LOAD2
spectrum/sprites/draw/SP1_DRAW_LOAD2LB
spectrum/sprites/draw/SP1_DRAW_LOAD2LBIM
spectrum/sprites/draw/SP1_DRAW_LOAD2NR
spectrum/sprites/draw/SP1_DRAW_LOAD2RB
spectrum/sprites/draw/SP1_DRAW_LOAD2RBIM
spectrum/sprites/draw/SP1_DRAW_MASK2
spectrum/sprites/draw/SP1_DRAW_MASK2LB
spectrum/sprites/draw/SP1_DRAW_MASK2NR
spectrum/sprites/draw/SP1_DRAW_MASK2RB
spectrum/sprites/draw/SP1_DRAW_OR1
spectrum/sprites/draw/SP1_DRAW_OR1LB
spectrum/sprites/draw/SP1_DRAW_OR1NR
spectrum/sprites/draw/SP1_DRAW_OR1RB
spectrum/sprites/draw/SP1_DRAW_OR2
spectrum/sprites/draw/SP1_DRAW_OR2LB
spectrum/sprites/draw/SP1_DRAW_OR2NR
spectrum/sprites/draw/SP1_DRAW_OR2RB
spectrum/sprites/draw/SP1_DRAW_XOR1
spectrum/sprites/draw/SP1_DRAW_XOR1LB
spectrum/sprites/draw/SP1_DRAW_XOR1NR
spectrum/sprites/draw/SP1_DRAW_XOR1RB
spectrum/sprites/draw/SP1_DRAW_XOR2
spectrum/sprites/draw/SP1_DRAW_XOR2LB
spectrum/sprites/draw/SP1_DRAW_XOR2NR
spectrum/sprites/draw/SP1_DRAW_XOR2RB
spectrum/tiles/sp1_ClearRect
spectrum/tiles/sp1_ClearRect_callee
spectrum/tiles/sp1_ClearRectInv
spectrum/tiles/sp1_ClearRectInv_callee
spectrum/tiles/sp1_GetTiles
spectrum/tiles/sp1_GetTiles_callee
spectrum/tiles/sp1_PrintAt
spectrum/tiles/sp1_PrintAt_callee
spectrum/tiles/sp1_PrintAtInv
spectrum/tiles/sp1_PrintAtInv_callee
spectrum/tiles/sp1_PrintString
spectrum/tiles/sp1_PrintString_callee
spectrum/tiles/sp1_PutTiles
spectrum/tiles/sp1_PutTiles_callee
spectrum/tiles/sp1_PutTilesInv
spectrum/tiles/sp1_PutTilesInv_callee
spectrum/tiles/sp1_ScreenAttr
spectrum/tiles/sp1_ScreenAttr_callee
spectrum/tiles/sp1_ScreenStr
spectrum/tiles/sp1_ScreenStr_callee
spectrum/tiles/sp1_SetPrintPos
spectrum/tiles/sp1_SetPrintPos_callee
spectrum/tiles/sp1_TileEntry
spectrum/tiles/sp1_TileEntry_callee
spectrum/tiles/SP1PrintString
spectrum/tiles/SP1PSPOP
spectrum/tiles/SP1PSPUSH
spectrum/updater/sp1_DrawUpdateStructAlways
spectrum/updater/sp1_DrawUpdateStructIfInv
spectrum/updater/sp1_DrawUpdateStructIfNotRem
spectrum/updater/sp1_DrawUpdateStructIfVal
spectrum/updater/sp1_GetUpdateStruct
spectrum/updater/sp1_GetUpdateStruct_callee
spectrum/updater/sp1_Initialize
spectrum/updater/sp1_Initialize_callee
spectrum/updater/sp1_Invalidate
spectrum/updater/sp1_InvUpdateStruct
spectrum/updater/sp1_IterateUpdateArr
spectrum/updater/sp1_IterateUpdateArr_callee
spectrum/updater/sp1_IterateUpdateRect
spectrum/updater/sp1_IterateUpdateRect_callee
spectrum/updater/sp1_RemoveUpdateStruct
spectrum/updater/sp1_RestoreUpdateStruct
spectrum/updater/sp1_UpdateNow
spectrum/updater/sp1_Validate
spectrum/updater/sp1_ValUpdateStruct
spectrum/updater/SP1DrawUpdateStruct
