ts2068hr/sprites/_sp1_struct_cs_prototype
spectrum/sprites/_sp1_struct_ss_prototype
spectrum/sprites/sp1_AddColSpr
zx81hr/sprites/sp1_AddColSpr_callee
spectrum/sprites/sp1_ChangeSprType
ts2068hr/sprites/sp1_ChangeSprType_callee
spectrum/sprites/sp1_CreateSpr
zx81hr/sprites/sp1_CreateSpr_callee
spectrum/sprites/sp1_DeleteSpr
zx81hr/sprites/sp1_InitCharStruct
zx81hr/sprites/sp1_InitCharStruct_callee
spectrum/sprites/sp1_InsertCharStruct
ts2068hr/sprites/sp1_InsertCharStruct_callee
spectrum/sprites/sp1_IterateSprChar
spectrum/sprites/sp1_IterateSprChar_callee
spectrum/sprites/sp1_IterateUpdateSpr
spectrum/sprites/sp1_IterateUpdateSpr_callee
zx81hr/sprites/sp1_MoveSprAbs
zx81hr/sprites/sp1_MoveSprAbs_callee
zx81hr/sprites/sp1_MoveSprPix
zx81hr/sprites/sp1_MoveSprPix_callee
zx81hr/sprites/sp1_MoveSprRel
zx81hr/sprites/sp1_MoveSprRel_callee
zx81hr/sprites/sp1_PreShiftSpr
zx81hr/sprites/sp1_PreShiftSpr_callee
ts2068hr/sprites/sp1_RemoveCharStruct
ts2068hr/sprites/SP1AddSprChar
ts2068hr/sprites/SP1RemoveSprChar
spectrum/sprites/draw/SP1_DRAW_LOAD1
spectrum/sprites/draw/SP1_DRAW_LOAD1LB
spectrum/sprites/draw/SP1_DRAW_LOAD1LBIM
spectrum/sprites/draw/SP1_DRAW_LOAD1NR
spectrum/sprites/draw/SP1_DRAW_LOAD1RB
spectrum/sprites/draw/SP1_DRAW_LOAD1RBIM
spectrum/sprites/draw/SP1_DRAW_LOAD2
spectrum/sprites/draw/SP1_DRAW_LOAD2LB
spectrum/sprites/draw/SP1_DRAW_LOAD2LBIM
spectrum/sprites/draw/SP1_DRAW_LOAD2NR
spectrum/sprites/draw/SP1_DRAW_LOAD2RB
spectrum/sprites/draw/SP1_DRAW_LOAD2RBIM
spectrum/sprites/draw/SP1_DRAW_MASK2
spectrum/sprites/draw/SP1_DRAW_MASK2LB
spectrum/sprites/draw/SP1_DRAW_MASK2NR
spectrum/sprites/draw/SP1_DRAW_MASK2RB
spectrum/sprites/draw/SP1_DRAW_OR1
spectrum/sprites/draw/SP1_DRAW_OR1LB
spectrum/sprites/draw/SP1_DRAW_OR1NR
spectrum/sprites/draw/SP1_DRAW_OR1RB
spectrum/sprites/draw/SP1_DRAW_OR2
spectrum/sprites/draw/SP1_DRAW_OR2LB
spectrum/sprites/draw/SP1_DRAW_OR2NR
spectrum/sprites/draw/SP1_DRAW_OR2RB
spectrum/sprites/draw/SP1_DRAW_XOR1
spectrum/sprites/draw/SP1_DRAW_XOR1LB
spectrum/sprites/draw/SP1_DRAW_XOR1NR
spectrum/sprites/draw/SP1_DRAW_XOR1RB
spectrum/sprites/draw/SP1_DRAW_XOR2
spectrum/sprites/draw/SP1_DRAW_XOR2LB
spectrum/sprites/draw/SP1_DRAW_XOR2NR
spectrum/sprites/draw/SP1_DRAW_XOR2RB
ts2068hr/tiles/sp1_ClearRect
ts2068hr/tiles/sp1_ClearRect_callee
ts2068hr/tiles/sp1_ClearRectInv
zx81hr/tiles/sp1_ClearRectInv_callee
spectrum/tiles/sp1_GetTiles
ts2068hr/tiles/sp1_GetTiles_callee
ts2068hr/tiles/sp1_PrintAt
ts2068hr/tiles/sp1_PrintAt_callee
ts2068hr/tiles/sp1_PrintAtInv
ts2068hr/tiles/sp1_PrintAtInv_callee
spectrum/tiles/sp1_PrintString
spectrum/tiles/sp1_PrintString_callee
spectrum/tiles/sp1_PutTiles
ts2068hr/tiles/sp1_PutTiles_callee
spectrum/tiles/sp1_PutTilesInv
zx81hr/tiles/sp1_PutTilesInv_callee
spectrum/tiles/sp1_ScreenStr
ts2068hr/tiles/sp1_ScreenStr_callee
spectrum/tiles/sp1_SetPrintPos
ts2068hr/tiles/sp1_SetPrintPos_callee
spectrum/tiles/sp1_TileEntry
spectrum/tiles/sp1_TileEntry_callee
zx81hr/tiles/SP1PrintString
zx81hr/tiles/SP1PSPOP
zx81hr/tiles/SP1PSPUSH
spectrum/updater/sp1_DrawUpdateStructAlways
spectrum/updater/sp1_DrawUpdateStructIfInv
spectrum/updater/sp1_DrawUpdateStructIfNotRem
spectrum/updater/sp1_DrawUpdateStructIfVal
spectrum/updater/sp1_GetUpdateStruct
zx81hr/updater/sp1_GetUpdateStruct_callee
ts2068hr/updater/sp1_Initialize
zx81hr/updater/sp1_Initialize_callee
ts2068hr/updater/sp1_Invalidate
ts2068hr/updater/sp1_InvUpdateStruct
spectrum/updater/sp1_IterateUpdateArr
spectrum/updater/sp1_IterateUpdateArr_callee
spectrum/updater/sp1_IterateUpdateRect
ts2068hr/updater/sp1_IterateUpdateRect_callee
ts2068hr/updater/sp1_RemoveUpdateStruct
spectrum/updater/sp1_RestoreUpdateStruct
ts2068hr/updater/sp1_UpdateNow
ts2068hr/updater/sp1_Validate
spectrum/updater/sp1_ValUpdateStruct
zx81hr/updater/SP1DrawUpdateStruct
