@arch/sms/SMSlib/SMSlib_asm.lst
arch/sms/SMSlib/c/sccz80/SMS_addSprite
arch/sms/SMSlib/c/sccz80/SMS_addSprite_callee
arch/sms/SMSlib/c/sccz80/SMS_addSpriteClipping
arch/sms/SMSlib/c/sccz80/SMS_addSpriteClipping_callee
arch/sms/SMSlib/c/sccz80/SMS_addTwoAdjoiningSprites
arch/sms/SMSlib/c/sccz80/SMS_addTwoAdjoiningSprites_callee
arch/sms/SMSlib/c/sccz80/SMS_copySpritestoSAT
arch/sms/SMSlib/c/sccz80/SMS_finalizeSprites
arch/sms/SMSlib/c/sccz80/SMS_getHCount
arch/sms/SMSlib/c/sccz80/SMS_getKeysHeld
arch/sms/SMSlib/c/sccz80/SMS_getKeysPressed
arch/sms/SMSlib/c/sccz80/SMS_getKeysReleased
arch/sms/SMSlib/c/sccz80/SMS_getKeysStatus
arch/sms/SMSlib/c/sccz80/SMS_getMDKeysHeld
arch/sms/SMSlib/c/sccz80/SMS_getMDKeysPressed
arch/sms/SMSlib/c/sccz80/SMS_getMDKeysReleased
arch/sms/SMSlib/c/sccz80/SMS_getMDKeysStatus
arch/sms/SMSlib/c/sccz80/SMS_getVCount
arch/sms/SMSlib/c/sccz80/SMS_hideSprite
arch/sms/SMSlib/c/sccz80/SMS_init
arch/sms/SMSlib/c/sccz80/SMS_initSprites
arch/sms/SMSlib/c/sccz80/SMS_isr
arch/sms/SMSlib/c/sccz80/SMS_loadBGPalette
arch/sms/SMSlib/c/sccz80/SMS_loadBGPaletteHalfBrightness
arch/sms/SMSlib/c/sccz80/SMS_loadPSGaidencompressedTiles
arch/sms/SMSlib/c/sccz80/SMS_loadPSGaidencompressedTiles_callee
arch/sms/SMSlib/c/sccz80/SMS_loadSpritePalette
arch/sms/SMSlib/c/sccz80/SMS_loadSpritePaletteHalfBrightness
arch/sms/SMSlib/c/sccz80/SMS_loadSTMcompressedTileMapArea
arch/sms/SMSlib/c/sccz80/SMS_loadTileMap
arch/sms/SMSlib/c/sccz80/SMS_loadTileMap_callee
arch/sms/SMSlib/c/sccz80/SMS_loadTileMapArea
arch/sms/SMSlib/c/sccz80/SMS_loadTileMapArea_callee
arch/sms/SMSlib/c/sccz80/SMS_loadTiles
arch/sms/SMSlib/c/sccz80/SMS_loadTiles_callee
arch/sms/SMSlib/c/sccz80/SMS_nmi_isr
arch/sms/SMSlib/c/sccz80/SMS_queryPauseRequested
arch/sms/SMSlib/c/sccz80/SMS_reserveSprite
arch/sms/SMSlib/c/sccz80/SMS_resetPauseRequest
arch/sms/SMSlib/c/sccz80/SMS_setBackdropColor
arch/sms/SMSlib/c/sccz80/SMS_setBGPaletteColor
arch/sms/SMSlib/c/sccz80/SMS_setBGPaletteColor_callee
arch/sms/SMSlib/c/sccz80/SMS_setBGScrollX
arch/sms/SMSlib/c/sccz80/SMS_setBGScrollY
arch/sms/SMSlib/c/sccz80/SMS_setClippingWindow
arch/sms/SMSlib/c/sccz80/SMS_setClippingWindow_callee
arch/sms/SMSlib/c/sccz80/SMS_setColor
arch/sms/SMSlib/c/sccz80/SMS_setLineCounter
arch/sms/SMSlib/c/sccz80/SMS_setLineInterruptHandler
arch/sms/SMSlib/c/sccz80/SMS_setSpriteMode
arch/sms/SMSlib/c/sccz80/SMS_setSpritePaletteColor
arch/sms/SMSlib/c/sccz80/SMS_setSpritePaletteColor_callee
arch/sms/SMSlib/c/sccz80/SMS_updateSpriteImage
arch/sms/SMSlib/c/sccz80/SMS_updateSpriteImage_callee
arch/sms/SMSlib/c/sccz80/SMS_updateSpritePosition
arch/sms/SMSlib/c/sccz80/SMS_updateSpritePosition_callee
arch/sms/SMSlib/c/sccz80/SMS_useFirstHalfTilesforSprites
arch/sms/SMSlib/c/sccz80/SMS_VDPturnOffFeature
arch/sms/SMSlib/c/sccz80/SMS_VDPturnOnFeature
arch/sms/SMSlib/c/sccz80/SMS_VDPType
arch/sms/SMSlib/c/sccz80/SMS_VRAMmemcpy
arch/sms/SMSlib/c/sccz80/SMS_VRAMmemcpy_brief
arch/sms/SMSlib/c/sccz80/SMS_VRAMmemcpy_brief_callee
arch/sms/SMSlib/c/sccz80/SMS_VRAMmemcpy_callee
arch/sms/SMSlib/c/sccz80/SMS_VRAMmemset
arch/sms/SMSlib/c/sccz80/SMS_VRAMmemset_callee
arch/sms/SMSlib/c/sccz80/SMS_VRAMmemsetW
arch/sms/SMSlib/c/sccz80/SMS_VRAMmemsetW_callee
arch/sms/SMSlib/c/sccz80/SMS_waitForVBlank
arch/sms/SMSlib/c/sccz80/SMS_zeroBGPalette
arch/sms/SMSlib/c/sccz80/SMS_zeroSpritePalette
arch/sms/SMSlib/c/sccz80/UNSAFE_SMS_copySpritestoSAT
arch/sms/SMSlib/c/sccz80/UNSAFE_SMS_VRAMmemcpy32
arch/sms/SMSlib/c/sccz80/UNSAFE_SMS_VRAMmemcpy32_callee
arch/sms/SMSlib/c/sccz80/UNSAFE_SMS_VRAMmemcpy64
arch/sms/SMSlib/c/sccz80/UNSAFE_SMS_VRAMmemcpy64_callee
arch/sms/SMSlib/c/sccz80/UNSAFE_SMS_VRAMmemcpy128
arch/sms/SMSlib/c/sccz80/UNSAFE_SMS_VRAMmemcpy128_callee
