../../_DEVELOPMENT/math/float/math48//c/sccz80/cm48_sccz80_acos.asm
../../_DEVELOPMENT/math/float/math48//c/sccz80/cm48_sccz80_acosh.asm
../../_DEVELOPMENT/math/float/math48//c/sccz80/cm48_sccz80_asin.asm
../../_DEVELOPMENT/math/float/math48//c/sccz80/cm48_sccz80_asinh.asm
../../_DEVELOPMENT/math/float/math48//c/sccz80/cm48_sccz80_atan.asm
../../_DEVELOPMENT/math/float/math48//c/sccz80/cm48_sccz80_atan2.asm
../../_DEVELOPMENT/math/float/math48//c/sccz80/cm48_sccz80_atan2_callee.asm
../../_DEVELOPMENT/math/float/math48//c/sccz80/cm48_sccz80_atanh.asm
../../_DEVELOPMENT/math/float/math48//c/sccz80/cm48_sccz80_cbrt.asm
../../_DEVELOPMENT/math/float/math48//c/sccz80/cm48_sccz80_ceil.asm
../../_DEVELOPMENT/math/float/math48//c/sccz80/cm48_sccz80_copysign.asm
../../_DEVELOPMENT/math/float/math48//c/sccz80/cm48_sccz80_copysign_callee.asm
../../_DEVELOPMENT/math/float/math48//c/sccz80/cm48_sccz80_cos.asm
../../_DEVELOPMENT/math/float/math48//c/sccz80/cm48_sccz80_cosh.asm
../../_DEVELOPMENT/math/float/math48//c/sccz80/cm48_sccz80_erf.asm
../../_DEVELOPMENT/math/float/math48//c/sccz80/cm48_sccz80_erfc.asm
../../_DEVELOPMENT/math/float/math48//c/sccz80/cm48_sccz80_exp.asm
../../_DEVELOPMENT/math/float/math48//c/sccz80/cm48_sccz80_exp2.asm
../../_DEVELOPMENT/math/float/math48//c/sccz80/cm48_sccz80_expm1.asm
../../_DEVELOPMENT/math/float/math48//c/sccz80/cm48_sccz80_fabs.asm
../../_DEVELOPMENT/math/float/math48//c/sccz80/cm48_sccz80_fdim.asm
../../_DEVELOPMENT/math/float/math48//c/sccz80/cm48_sccz80_fdim_callee.asm
../../_DEVELOPMENT/math/float/math48//c/sccz80/cm48_sccz80_floor.asm
../../_DEVELOPMENT/math/float/math48//c/sccz80/cm48_sccz80_fma.asm
../../_DEVELOPMENT/math/float/math48//c/sccz80/cm48_sccz80_fma_callee.asm
../../_DEVELOPMENT/math/float/math48//c/sccz80/cm48_sccz80_fmax.asm
../../_DEVELOPMENT/math/float/math48//c/sccz80/cm48_sccz80_fmax_callee.asm
../../_DEVELOPMENT/math/float/math48//c/sccz80/cm48_sccz80_fmin.asm
../../_DEVELOPMENT/math/float/math48//c/sccz80/cm48_sccz80_fmin_callee.asm
../../_DEVELOPMENT/math/float/math48//c/sccz80/cm48_sccz80_fmod.asm
../../_DEVELOPMENT/math/float/math48//c/sccz80/cm48_sccz80_fmod_callee.asm
../../_DEVELOPMENT/math/float/math48//c/sccz80/cm48_sccz80_frexp.asm
../../_DEVELOPMENT/math/float/math48//c/sccz80/cm48_sccz80_frexp_callee.asm
../../_DEVELOPMENT/math/float/math48//c/sccz80/cm48_sccz80_hypot.asm
../../_DEVELOPMENT/math/float/math48//c/sccz80/cm48_sccz80_hypot_callee.asm
../../_DEVELOPMENT/math/float/math48//c/sccz80/cm48_sccz80_ilogb.asm
../../_DEVELOPMENT/math/float/math48//c/sccz80/cm48_sccz80_isgreater.asm
../../_DEVELOPMENT/math/float/math48//c/sccz80/cm48_sccz80_isgreater_callee.asm
../../_DEVELOPMENT/math/float/math48//c/sccz80/cm48_sccz80_isgreaterequal.asm
../../_DEVELOPMENT/math/float/math48//c/sccz80/cm48_sccz80_isgreaterequal_callee.asm
../../_DEVELOPMENT/math/float/math48//c/sccz80/cm48_sccz80_isless.asm
../../_DEVELOPMENT/math/float/math48//c/sccz80/cm48_sccz80_isless_callee.asm
../../_DEVELOPMENT/math/float/math48//c/sccz80/cm48_sccz80_islessequal.asm
../../_DEVELOPMENT/math/float/math48//c/sccz80/cm48_sccz80_islessequal_callee.asm
../../_DEVELOPMENT/math/float/math48//c/sccz80/cm48_sccz80_islessgreater.asm
../../_DEVELOPMENT/math/float/math48//c/sccz80/cm48_sccz80_islessgreater_callee.asm
../../_DEVELOPMENT/math/float/math48//c/sccz80/cm48_sccz80_isunordered.asm
../../_DEVELOPMENT/math/float/math48//c/sccz80/cm48_sccz80_isunordered_callee.asm
../../_DEVELOPMENT/math/float/math48//c/sccz80/cm48_sccz80_ldexp.asm
../../_DEVELOPMENT/math/float/math48//c/sccz80/cm48_sccz80_ldexp_callee.asm
../../_DEVELOPMENT/math/float/math48//c/sccz80/cm48_sccz80_lgamma.asm
../../_DEVELOPMENT/math/float/math48//c/sccz80/cm48_sccz80_llrint.asm
../../_DEVELOPMENT/math/float/math48//c/sccz80/cm48_sccz80_llround.asm
../../_DEVELOPMENT/math/float/math48//c/sccz80/cm48_sccz80_log.asm
../../_DEVELOPMENT/math/float/math48//c/sccz80/cm48_sccz80_log10.asm
../../_DEVELOPMENT/math/float/math48//c/sccz80/cm48_sccz80_log1p.asm
../../_DEVELOPMENT/math/float/math48//c/sccz80/cm48_sccz80_log2.asm
../../_DEVELOPMENT/math/float/math48//c/sccz80/cm48_sccz80_logb.asm
../../_DEVELOPMENT/math/float/math48//c/sccz80/cm48_sccz80_lrint.asm
../../_DEVELOPMENT/math/float/math48//c/sccz80/cm48_sccz80_lround.asm
../../_DEVELOPMENT/math/float/math48//c/sccz80/cm48_sccz80_modf.asm
../../_DEVELOPMENT/math/float/math48//c/sccz80/cm48_sccz80_modf_callee.asm
../../_DEVELOPMENT/math/float/math48//c/sccz80/cm48_sccz80_nan.asm
../../_DEVELOPMENT/math/float/math48//c/sccz80/cm48_sccz80_nearbyint.asm
../../_DEVELOPMENT/math/float/math48//c/sccz80/cm48_sccz80_nextafter.asm
../../_DEVELOPMENT/math/float/math48//c/sccz80/cm48_sccz80_nexttoward.asm
../../_DEVELOPMENT/math/float/math48//c/sccz80/cm48_sccz80_pow.asm
../../_DEVELOPMENT/math/float/math48//c/sccz80/cm48_sccz80_pow_callee.asm
../../_DEVELOPMENT/math/float/math48//c/sccz80/cm48_sccz80_remainder.asm
../../_DEVELOPMENT/math/float/math48//c/sccz80/cm48_sccz80_remquo.asm
../../_DEVELOPMENT/math/float/math48//c/sccz80/cm48_sccz80_rint.asm
../../_DEVELOPMENT/math/float/math48//c/sccz80/cm48_sccz80_round.asm
../../_DEVELOPMENT/math/float/math48//c/sccz80/cm48_sccz80_scalbln.asm
../../_DEVELOPMENT/math/float/math48//c/sccz80/cm48_sccz80_scalbn.asm
../../_DEVELOPMENT/math/float/math48//c/sccz80/cm48_sccz80_scalbn_callee.asm
../../_DEVELOPMENT/math/float/math48//c/sccz80/cm48_sccz80_sin.asm
../../_DEVELOPMENT/math/float/math48//c/sccz80/cm48_sccz80_sinh.asm
../../_DEVELOPMENT/math/float/math48//c/sccz80/cm48_sccz80_sqrt.asm
../../_DEVELOPMENT/math/float/math48//c/sccz80/cm48_sccz80_tan.asm
../../_DEVELOPMENT/math/float/math48//c/sccz80/cm48_sccz80_tanh.asm
../../_DEVELOPMENT/math/float/math48//c/sccz80/cm48_sccz80_tgamma.asm
../../_DEVELOPMENT/math/float/math48//c/sccz80/cm48_sccz80_trunc.asm
../../_DEVELOPMENT/math/float/math48//c/sccz80/cm48_sccz80p_dadd.asm
../../_DEVELOPMENT/math/float/math48//c/sccz80/cm48_sccz80p_dcallee1.asm
../../_DEVELOPMENT/math/float/math48//c/sccz80/cm48_sccz80p_dcallee2.asm
../../_DEVELOPMENT/math/float/math48//c/sccz80/cm48_sccz80p_ddiv.asm
../../_DEVELOPMENT/math/float/math48//c/sccz80/cm48_sccz80p_deq.asm
../../_DEVELOPMENT/math/float/math48//c/sccz80/cm48_sccz80p_dge.asm
../../_DEVELOPMENT/math/float/math48//c/sccz80/cm48_sccz80p_dgt.asm
../../_DEVELOPMENT/math/float/math48//c/sccz80/cm48_sccz80p_dldpsh.asm
../../_DEVELOPMENT/math/float/math48//c/sccz80/cm48_sccz80p_dleq.asm
../../_DEVELOPMENT/math/float/math48//c/sccz80/cm48_sccz80p_dload.asm
../../_DEVELOPMENT/math/float/math48//c/sccz80/cm48_sccz80p_dloadb.asm
../../_DEVELOPMENT/math/float/math48//c/sccz80/cm48_sccz80p_dlt.asm
../../_DEVELOPMENT/math/float/math48//c/sccz80/cm48_sccz80p_dmul.asm
../../_DEVELOPMENT/math/float/math48//c/sccz80/cm48_sccz80p_dne.asm
../../_DEVELOPMENT/math/float/math48//c/sccz80/cm48_sccz80p_dpush.asm
../../_DEVELOPMENT/math/float/math48//c/sccz80/cm48_sccz80p_dpush2.asm
../../_DEVELOPMENT/math/float/math48//c/sccz80/cm48_sccz80p_dread.asm
../../_DEVELOPMENT/math/float/math48//c/sccz80/cm48_sccz80p_dstore.asm
../../_DEVELOPMENT/math/float/math48//c/sccz80/cm48_sccz80p_dsub.asm
../../_DEVELOPMENT/math/float/math48//c/sccz80/cm48_sccz80p_dswap.asm
../../_DEVELOPMENT/math/float/math48//c/sccz80/cm48_sccz80p_float.asm
../../_DEVELOPMENT/math/float/math48//c/sccz80/cm48_sccz80p_ifix.asm
../../_DEVELOPMENT/math/float/math48//c/sccz80/cm48_sccz80p_lp_gdoub.asm
../../_DEVELOPMENT/math/float/math48//c/sccz80/cm48_sccz80p_lp_pdoub.asm
../../_DEVELOPMENT/math/float/math48//c/sccz80/cm48_sccz80p_minusfa.asm
../../_DEVELOPMENT/math/float/math48//c/sccz80/cm48_sccz80p_ufloat.asm
../../_DEVELOPMENT/math/float/math48//c/sdcc_ix/cm48_sdccix_acos.asm
../../_DEVELOPMENT/math/float/math48//c/sdcc_ix/cm48_sdccix_acos_fastcall.asm
../../_DEVELOPMENT/math/float/math48//c/sdcc_ix/cm48_sdccix_acosh.asm
../../_DEVELOPMENT/math/float/math48//c/sdcc_ix/cm48_sdccix_acosh_fastcall.asm
../../_DEVELOPMENT/math/float/math48//c/sdcc_ix/cm48_sdccix_asin.asm
../../_DEVELOPMENT/math/float/math48//c/sdcc_ix/cm48_sdccix_asin_fastcall.asm
../../_DEVELOPMENT/math/float/math48//c/sdcc_ix/cm48_sdccix_asinh.asm
../../_DEVELOPMENT/math/float/math48//c/sdcc_ix/cm48_sdccix_asinh_fastcall.asm
../../_DEVELOPMENT/math/float/math48//c/sdcc_ix/cm48_sdccix_atan.asm
../../_DEVELOPMENT/math/float/math48//c/sdcc_ix/cm48_sdccix_atan2.asm
../../_DEVELOPMENT/math/float/math48//c/sdcc_ix/cm48_sdccix_atan2_callee.asm
../../_DEVELOPMENT/math/float/math48//c/sdcc_ix/cm48_sdccix_atan_fastcall.asm
../../_DEVELOPMENT/math/float/math48//c/sdcc_ix/cm48_sdccix_atanh.asm
../../_DEVELOPMENT/math/float/math48//c/sdcc_ix/cm48_sdccix_atanh_fastcall.asm
../../_DEVELOPMENT/math/float/math48//c/sdcc_ix/cm48_sdccix_cbrt.asm
../../_DEVELOPMENT/math/float/math48//c/sdcc_ix/cm48_sdccix_cbrt_fastcall.asm
../../_DEVELOPMENT/math/float/math48//c/sdcc_ix/cm48_sdccix_ceil.asm
../../_DEVELOPMENT/math/float/math48//c/sdcc_ix/cm48_sdccix_ceil_fastcall.asm
../../_DEVELOPMENT/math/float/math48//c/sdcc_ix/cm48_sdccix_copysign.asm
../../_DEVELOPMENT/math/float/math48//c/sdcc_ix/cm48_sdccix_copysign_callee.asm
../../_DEVELOPMENT/math/float/math48//c/sdcc_ix/cm48_sdccix_cos.asm
../../_DEVELOPMENT/math/float/math48//c/sdcc_ix/cm48_sdccix_cos_fastcall.asm
../../_DEVELOPMENT/math/float/math48//c/sdcc_ix/cm48_sdccix_cosh.asm
../../_DEVELOPMENT/math/float/math48//c/sdcc_ix/cm48_sdccix_cosh_fastcall.asm
../../_DEVELOPMENT/math/float/math48//c/sdcc_ix/cm48_sdccix_erf.asm
../../_DEVELOPMENT/math/float/math48//c/sdcc_ix/cm48_sdccix_erf_fastcall.asm
../../_DEVELOPMENT/math/float/math48//c/sdcc_ix/cm48_sdccix_erfc.asm
../../_DEVELOPMENT/math/float/math48//c/sdcc_ix/cm48_sdccix_erfc_fastcall.asm
../../_DEVELOPMENT/math/float/math48//c/sdcc_ix/cm48_sdccix_exp.asm
../../_DEVELOPMENT/math/float/math48//c/sdcc_ix/cm48_sdccix_exp2.asm
../../_DEVELOPMENT/math/float/math48//c/sdcc_ix/cm48_sdccix_exp2_fastcall.asm
../../_DEVELOPMENT/math/float/math48//c/sdcc_ix/cm48_sdccix_exp_fastcall.asm
../../_DEVELOPMENT/math/float/math48//c/sdcc_ix/cm48_sdccix_expm1.asm
../../_DEVELOPMENT/math/float/math48//c/sdcc_ix/cm48_sdccix_expm1_fastcall.asm
../../_DEVELOPMENT/math/float/math48//c/sdcc_ix/cm48_sdccix_fabs.asm
../../_DEVELOPMENT/math/float/math48//c/sdcc_ix/cm48_sdccix_fabs_fastcall.asm
../../_DEVELOPMENT/math/float/math48//c/sdcc_ix/cm48_sdccix_fdim.asm
../../_DEVELOPMENT/math/float/math48//c/sdcc_ix/cm48_sdccix_fdim_callee.asm
../../_DEVELOPMENT/math/float/math48//c/sdcc_ix/cm48_sdccix_floor.asm
../../_DEVELOPMENT/math/float/math48//c/sdcc_ix/cm48_sdccix_floor_fastcall.asm
../../_DEVELOPMENT/math/float/math48//c/sdcc_ix/cm48_sdccix_fma.asm
../../_DEVELOPMENT/math/float/math48//c/sdcc_ix/cm48_sdccix_fma_callee.asm
../../_DEVELOPMENT/math/float/math48//c/sdcc_ix/cm48_sdccix_fmax.asm
../../_DEVELOPMENT/math/float/math48//c/sdcc_ix/cm48_sdccix_fmax_callee.asm
../../_DEVELOPMENT/math/float/math48//c/sdcc_ix/cm48_sdccix_fmin.asm
../../_DEVELOPMENT/math/float/math48//c/sdcc_ix/cm48_sdccix_fmin_callee.asm
../../_DEVELOPMENT/math/float/math48//c/sdcc_ix/cm48_sdccix_fmod.asm
../../_DEVELOPMENT/math/float/math48//c/sdcc_ix/cm48_sdccix_fmod_callee.asm
../../_DEVELOPMENT/math/float/math48//c/sdcc_ix/cm48_sdccix_frexp.asm
../../_DEVELOPMENT/math/float/math48//c/sdcc_ix/cm48_sdccix_frexp_callee.asm
../../_DEVELOPMENT/math/float/math48//c/sdcc_ix/cm48_sdccix_hypot.asm
../../_DEVELOPMENT/math/float/math48//c/sdcc_ix/cm48_sdccix_hypot_callee.asm
../../_DEVELOPMENT/math/float/math48//c/sdcc_ix/cm48_sdccix_ilogb.asm
../../_DEVELOPMENT/math/float/math48//c/sdcc_ix/cm48_sdccix_ilogb_fastcall.asm
../../_DEVELOPMENT/math/float/math48//c/sdcc_ix/cm48_sdccix_isgreater.asm
../../_DEVELOPMENT/math/float/math48//c/sdcc_ix/cm48_sdccix_isgreater_callee.asm
../../_DEVELOPMENT/math/float/math48//c/sdcc_ix/cm48_sdccix_isgreaterequal.asm
../../_DEVELOPMENT/math/float/math48//c/sdcc_ix/cm48_sdccix_isgreaterequal_callee.asm
../../_DEVELOPMENT/math/float/math48//c/sdcc_ix/cm48_sdccix_isless.asm
../../_DEVELOPMENT/math/float/math48//c/sdcc_ix/cm48_sdccix_isless_callee.asm
../../_DEVELOPMENT/math/float/math48//c/sdcc_ix/cm48_sdccix_islessequal.asm
../../_DEVELOPMENT/math/float/math48//c/sdcc_ix/cm48_sdccix_islessequal_callee.asm
../../_DEVELOPMENT/math/float/math48//c/sdcc_ix/cm48_sdccix_islessgreater.asm
../../_DEVELOPMENT/math/float/math48//c/sdcc_ix/cm48_sdccix_islessgreater_callee.asm
../../_DEVELOPMENT/math/float/math48//c/sdcc_ix/cm48_sdccix_isunordered.asm
../../_DEVELOPMENT/math/float/math48//c/sdcc_ix/cm48_sdccix_isunordered_callee.asm
../../_DEVELOPMENT/math/float/math48//c/sdcc_ix/cm48_sdccix_ldexp.asm
../../_DEVELOPMENT/math/float/math48//c/sdcc_ix/cm48_sdccix_ldexp_callee.asm
../../_DEVELOPMENT/math/float/math48//c/sdcc_ix/cm48_sdccix_lgamma.asm
../../_DEVELOPMENT/math/float/math48//c/sdcc_ix/cm48_sdccix_lgamma_fastcall.asm
../../_DEVELOPMENT/math/float/math48//c/sdcc_ix/cm48_sdccix_llrint.asm
../../_DEVELOPMENT/math/float/math48//c/sdcc_ix/cm48_sdccix_llround.asm
../../_DEVELOPMENT/math/float/math48//c/sdcc_ix/cm48_sdccix_log.asm
../../_DEVELOPMENT/math/float/math48//c/sdcc_ix/cm48_sdccix_log10.asm
../../_DEVELOPMENT/math/float/math48//c/sdcc_ix/cm48_sdccix_log10_fastcall.asm
../../_DEVELOPMENT/math/float/math48//c/sdcc_ix/cm48_sdccix_log1p.asm
../../_DEVELOPMENT/math/float/math48//c/sdcc_ix/cm48_sdccix_log1p_fastcall.asm
../../_DEVELOPMENT/math/float/math48//c/sdcc_ix/cm48_sdccix_log2.asm
../../_DEVELOPMENT/math/float/math48//c/sdcc_ix/cm48_sdccix_log2_fastcall.asm
../../_DEVELOPMENT/math/float/math48//c/sdcc_ix/cm48_sdccix_log_fastcall.asm
../../_DEVELOPMENT/math/float/math48//c/sdcc_ix/cm48_sdccix_logb.asm
../../_DEVELOPMENT/math/float/math48//c/sdcc_ix/cm48_sdccix_logb_fastcall.asm
../../_DEVELOPMENT/math/float/math48//c/sdcc_ix/cm48_sdccix_lrint.asm
../../_DEVELOPMENT/math/float/math48//c/sdcc_ix/cm48_sdccix_lrint_fastcall.asm
../../_DEVELOPMENT/math/float/math48//c/sdcc_ix/cm48_sdccix_lround.asm
../../_DEVELOPMENT/math/float/math48//c/sdcc_ix/cm48_sdccix_lround_fastcall.asm
../../_DEVELOPMENT/math/float/math48//c/sdcc_ix/cm48_sdccix_modf.asm
../../_DEVELOPMENT/math/float/math48//c/sdcc_ix/cm48_sdccix_modf_callee.asm
../../_DEVELOPMENT/math/float/math48//c/sdcc_ix/cm48_sdccix_nan.asm
../../_DEVELOPMENT/math/float/math48//c/sdcc_ix/cm48_sdccix_nan_fastcall.asm
../../_DEVELOPMENT/math/float/math48//c/sdcc_ix/cm48_sdccix_nearbyint.asm
../../_DEVELOPMENT/math/float/math48//c/sdcc_ix/cm48_sdccix_nearbyint_fastcall.asm
../../_DEVELOPMENT/math/float/math48//c/sdcc_ix/cm48_sdccix_nextafter.asm
../../_DEVELOPMENT/math/float/math48//c/sdcc_ix/cm48_sdccix_nexttoward.asm
../../_DEVELOPMENT/math/float/math48//c/sdcc_ix/cm48_sdccix_pow.asm
../../_DEVELOPMENT/math/float/math48//c/sdcc_ix/cm48_sdccix_pow_callee.asm
../../_DEVELOPMENT/math/float/math48//c/sdcc_ix/cm48_sdccix_remainder.asm
../../_DEVELOPMENT/math/float/math48//c/sdcc_ix/cm48_sdccix_remquo.asm
../../_DEVELOPMENT/math/float/math48//c/sdcc_ix/cm48_sdccix_rint.asm
../../_DEVELOPMENT/math/float/math48//c/sdcc_ix/cm48_sdccix_rint_fastcall.asm
../../_DEVELOPMENT/math/float/math48//c/sdcc_ix/cm48_sdccix_round.asm
../../_DEVELOPMENT/math/float/math48//c/sdcc_ix/cm48_sdccix_round_fastcall.asm
../../_DEVELOPMENT/math/float/math48//c/sdcc_ix/cm48_sdccix_scalbln.asm
../../_DEVELOPMENT/math/float/math48//c/sdcc_ix/cm48_sdccix_scalbn.asm
../../_DEVELOPMENT/math/float/math48//c/sdcc_ix/cm48_sdccix_scalbn_callee.asm
../../_DEVELOPMENT/math/float/math48//c/sdcc_ix/cm48_sdccix_sin.asm
../../_DEVELOPMENT/math/float/math48//c/sdcc_ix/cm48_sdccix_sin_fastcall.asm
../../_DEVELOPMENT/math/float/math48//c/sdcc_ix/cm48_sdccix_sinh.asm
../../_DEVELOPMENT/math/float/math48//c/sdcc_ix/cm48_sdccix_sinh_fastcall.asm
../../_DEVELOPMENT/math/float/math48//c/sdcc_ix/cm48_sdccix_sqrt.asm
../../_DEVELOPMENT/math/float/math48//c/sdcc_ix/cm48_sdccix_sqrt_fastcall.asm
../../_DEVELOPMENT/math/float/math48//c/sdcc_ix/cm48_sdccix_tan.asm
../../_DEVELOPMENT/math/float/math48//c/sdcc_ix/cm48_sdccix_tan_fastcall.asm
../../_DEVELOPMENT/math/float/math48//c/sdcc_ix/cm48_sdccix_tanh.asm
../../_DEVELOPMENT/math/float/math48//c/sdcc_ix/cm48_sdccix_tanh_fastcall.asm
../../_DEVELOPMENT/math/float/math48//c/sdcc_ix/cm48_sdccix_tgamma.asm
../../_DEVELOPMENT/math/float/math48//c/sdcc_ix/cm48_sdccix_tgamma_fastcall.asm
../../_DEVELOPMENT/math/float/math48//c/sdcc_ix/cm48_sdccix_trunc.asm
../../_DEVELOPMENT/math/float/math48//c/sdcc_ix/cm48_sdccix_trunc_fastcall.asm
../../_DEVELOPMENT/math/float/math48//c/sdcc_ix/cm48_sdccixp_d2m48.asm
../../_DEVELOPMENT/math/float/math48//c/sdcc_ix/cm48_sdccixp_dcallee1.asm
../../_DEVELOPMENT/math/float/math48//c/sdcc_ix/cm48_sdccixp_dcallee2.asm
../../_DEVELOPMENT/math/float/math48//c/sdcc_ix/cm48_sdccixp_dcallee3.asm
../../_DEVELOPMENT/math/float/math48//c/sdcc_ix/cm48_sdccixp_dload.asm
../../_DEVELOPMENT/math/float/math48//c/sdcc_ix/cm48_sdccixp_dread.asm
../../_DEVELOPMENT/math/float/math48//c/sdcc_ix/cm48_sdccixp_dread3.asm
../../_DEVELOPMENT/math/float/math48//c/sdcc_ix/cm48_sdccixp_ds2schar.asm
../../_DEVELOPMENT/math/float/math48//c/sdcc_ix/cm48_sdccixp_ds2schar_callee.asm
../../_DEVELOPMENT/math/float/math48//c/sdcc_ix/cm48_sdccixp_ds2sint.asm
../../_DEVELOPMENT/math/float/math48//c/sdcc_ix/cm48_sdccixp_ds2sint_callee.asm
../../_DEVELOPMENT/math/float/math48//c/sdcc_ix/cm48_sdccixp_ds2slong.asm
../../_DEVELOPMENT/math/float/math48//c/sdcc_ix/cm48_sdccixp_ds2slong_callee.asm
../../_DEVELOPMENT/math/float/math48//c/sdcc_ix/cm48_sdccixp_ds2slonglong.asm
../../_DEVELOPMENT/math/float/math48//c/sdcc_ix/cm48_sdccixp_ds2slonglong_callee.asm
../../_DEVELOPMENT/math/float/math48//c/sdcc_ix/cm48_sdccixp_ds2uchar.asm
../../_DEVELOPMENT/math/float/math48//c/sdcc_ix/cm48_sdccixp_ds2uchar_callee.asm
../../_DEVELOPMENT/math/float/math48//c/sdcc_ix/cm48_sdccixp_ds2uint.asm
../../_DEVELOPMENT/math/float/math48//c/sdcc_ix/cm48_sdccixp_ds2uint_callee.asm
../../_DEVELOPMENT/math/float/math48//c/sdcc_ix/cm48_sdccixp_ds2ulong.asm
../../_DEVELOPMENT/math/float/math48//c/sdcc_ix/cm48_sdccixp_ds2ulong_callee.asm
../../_DEVELOPMENT/math/float/math48//c/sdcc_ix/cm48_sdccixp_ds2ulonglong.asm
../../_DEVELOPMENT/math/float/math48//c/sdcc_ix/cm48_sdccixp_ds2ulonglong_callee.asm
../../_DEVELOPMENT/math/float/math48//c/sdcc_ix/cm48_sdccixp_dsadd.asm
../../_DEVELOPMENT/math/float/math48//c/sdcc_ix/cm48_sdccixp_dsadd_callee.asm
../../_DEVELOPMENT/math/float/math48//c/sdcc_ix/cm48_sdccixp_dsdiv.asm
../../_DEVELOPMENT/math/float/math48//c/sdcc_ix/cm48_sdccixp_dsdiv_callee.asm
../../_DEVELOPMENT/math/float/math48//c/sdcc_ix/cm48_sdccixp_dseq.asm
../../_DEVELOPMENT/math/float/math48//c/sdcc_ix/cm48_sdccixp_dseq_callee.asm
../../_DEVELOPMENT/math/float/math48//c/sdcc_ix/cm48_sdccixp_dsgt.asm
../../_DEVELOPMENT/math/float/math48//c/sdcc_ix/cm48_sdccixp_dsgt_callee.asm
../../_DEVELOPMENT/math/float/math48//c/sdcc_ix/cm48_sdccixp_dslt.asm
../../_DEVELOPMENT/math/float/math48//c/sdcc_ix/cm48_sdccixp_dslt_callee.asm
../../_DEVELOPMENT/math/float/math48//c/sdcc_ix/cm48_sdccixp_dsmul.asm
../../_DEVELOPMENT/math/float/math48//c/sdcc_ix/cm48_sdccixp_dsmul_callee.asm
../../_DEVELOPMENT/math/float/math48//c/sdcc_ix/cm48_sdccixp_dsneq.asm
../../_DEVELOPMENT/math/float/math48//c/sdcc_ix/cm48_sdccixp_dsneq_callee.asm
../../_DEVELOPMENT/math/float/math48//c/sdcc_ix/cm48_sdccixp_dssub.asm
../../_DEVELOPMENT/math/float/math48//c/sdcc_ix/cm48_sdccixp_dssub_callee.asm
../../_DEVELOPMENT/math/float/math48//c/sdcc_ix/cm48_sdccixp_dstore.asm
../../_DEVELOPMENT/math/float/math48//c/sdcc_ix/cm48_sdccixp_m482d.asm
../../_DEVELOPMENT/math/float/math48//c/sdcc_ix/cm48_sdccixp_schar2ds.asm
../../_DEVELOPMENT/math/float/math48//c/sdcc_ix/cm48_sdccixp_schar2ds_callee.asm
../../_DEVELOPMENT/math/float/math48//c/sdcc_ix/cm48_sdccixp_sint2ds.asm
../../_DEVELOPMENT/math/float/math48//c/sdcc_ix/cm48_sdccixp_sint2ds_callee.asm
../../_DEVELOPMENT/math/float/math48//c/sdcc_ix/cm48_sdccixp_slong2ds.asm
../../_DEVELOPMENT/math/float/math48//c/sdcc_ix/cm48_sdccixp_slong2ds_callee.asm
../../_DEVELOPMENT/math/float/math48//c/sdcc_ix/cm48_sdccixp_slonglong2ds.asm
../../_DEVELOPMENT/math/float/math48//c/sdcc_ix/cm48_sdccixp_slonglong2ds_callee.asm
../../_DEVELOPMENT/math/float/math48//c/sdcc_ix/cm48_sdccixp_uchar2ds.asm
../../_DEVELOPMENT/math/float/math48//c/sdcc_ix/cm48_sdccixp_uchar2ds_callee.asm
../../_DEVELOPMENT/math/float/math48//c/sdcc_ix/cm48_sdccixp_uint2ds.asm
../../_DEVELOPMENT/math/float/math48//c/sdcc_ix/cm48_sdccixp_uint2ds_callee.asm
../../_DEVELOPMENT/math/float/math48//c/sdcc_ix/cm48_sdccixp_ulong2ds.asm
../../_DEVELOPMENT/math/float/math48//c/sdcc_ix/cm48_sdccixp_ulong2ds_callee.asm
../../_DEVELOPMENT/math/float/math48//c/sdcc_ix/cm48_sdccixp_ulonglong2ds.asm
../../_DEVELOPMENT/math/float/math48//c/sdcc_ix/cm48_sdccixp_ulonglong2ds_callee.asm
../../_DEVELOPMENT/math/float/math48//lm/c/sccz80/acos.asm
../../_DEVELOPMENT/math/float/math48//lm/c/sccz80/acosh.asm
../../_DEVELOPMENT/math/float/math48//lm/c/sccz80/asin.asm
../../_DEVELOPMENT/math/float/math48//lm/c/sccz80/asinh.asm
../../_DEVELOPMENT/math/float/math48//lm/c/sccz80/atan.asm
../../_DEVELOPMENT/math/float/math48//lm/c/sccz80/atan2.asm
../../_DEVELOPMENT/math/float/math48//lm/c/sccz80/atan2_callee.asm
../../_DEVELOPMENT/math/float/math48//lm/c/sccz80/atanh.asm
../../_DEVELOPMENT/math/float/math48//lm/c/sccz80/cbrt.asm
../../_DEVELOPMENT/math/float/math48//lm/c/sccz80/ceil.asm
../../_DEVELOPMENT/math/float/math48//lm/c/sccz80/copysign.asm
../../_DEVELOPMENT/math/float/math48//lm/c/sccz80/copysign_callee.asm
../../_DEVELOPMENT/math/float/math48//lm/c/sccz80/cos.asm
../../_DEVELOPMENT/math/float/math48//lm/c/sccz80/cosh.asm
../../_DEVELOPMENT/math/float/math48//lm/c/sccz80/dadd.asm
../../_DEVELOPMENT/math/float/math48//lm/c/sccz80/dcallee1.asm
../../_DEVELOPMENT/math/float/math48//lm/c/sccz80/dcallee2.asm
../../_DEVELOPMENT/math/float/math48//lm/c/sccz80/ddiv.asm
../../_DEVELOPMENT/math/float/math48//lm/c/sccz80/deq.asm
../../_DEVELOPMENT/math/float/math48//lm/c/sccz80/dge.asm
../../_DEVELOPMENT/math/float/math48//lm/c/sccz80/dgt.asm
../../_DEVELOPMENT/math/float/math48//lm/c/sccz80/dldpsh.asm
../../_DEVELOPMENT/math/float/math48//lm/c/sccz80/dleq.asm
../../_DEVELOPMENT/math/float/math48//lm/c/sccz80/dload.asm
../../_DEVELOPMENT/math/float/math48//lm/c/sccz80/dloadb.asm
../../_DEVELOPMENT/math/float/math48//lm/c/sccz80/dlt.asm
../../_DEVELOPMENT/math/float/math48//lm/c/sccz80/dmul.asm
../../_DEVELOPMENT/math/float/math48//lm/c/sccz80/dne.asm
../../_DEVELOPMENT/math/float/math48//lm/c/sccz80/dpush.asm
../../_DEVELOPMENT/math/float/math48//lm/c/sccz80/dpush2.asm
../../_DEVELOPMENT/math/float/math48//lm/c/sccz80/dread.asm
../../_DEVELOPMENT/math/float/math48//lm/c/sccz80/dstore.asm
../../_DEVELOPMENT/math/float/math48//lm/c/sccz80/dsub.asm
../../_DEVELOPMENT/math/float/math48//lm/c/sccz80/dswap.asm
../../_DEVELOPMENT/math/float/math48//lm/c/sccz80/erf.asm
../../_DEVELOPMENT/math/float/math48//lm/c/sccz80/erfc.asm
../../_DEVELOPMENT/math/float/math48//lm/c/sccz80/exp.asm
../../_DEVELOPMENT/math/float/math48//lm/c/sccz80/exp2.asm
../../_DEVELOPMENT/math/float/math48//lm/c/sccz80/expm1.asm
../../_DEVELOPMENT/math/float/math48//lm/c/sccz80/fabs.asm
../../_DEVELOPMENT/math/float/math48//lm/c/sccz80/fdim.asm
../../_DEVELOPMENT/math/float/math48//lm/c/sccz80/fdim_callee.asm
../../_DEVELOPMENT/math/float/math48//lm/c/sccz80/float.asm
../../_DEVELOPMENT/math/float/math48//lm/c/sccz80/floor.asm
../../_DEVELOPMENT/math/float/math48//lm/c/sccz80/fma.asm
../../_DEVELOPMENT/math/float/math48//lm/c/sccz80/fma_callee.asm
../../_DEVELOPMENT/math/float/math48//lm/c/sccz80/fmax.asm
../../_DEVELOPMENT/math/float/math48//lm/c/sccz80/fmax_callee.asm
../../_DEVELOPMENT/math/float/math48//lm/c/sccz80/fmin.asm
../../_DEVELOPMENT/math/float/math48//lm/c/sccz80/fmin_callee.asm
../../_DEVELOPMENT/math/float/math48//lm/c/sccz80/fmod.asm
../../_DEVELOPMENT/math/float/math48//lm/c/sccz80/fmod_callee.asm
../../_DEVELOPMENT/math/float/math48//lm/c/sccz80/frexp.asm
../../_DEVELOPMENT/math/float/math48//lm/c/sccz80/frexp_callee.asm
../../_DEVELOPMENT/math/float/math48//lm/c/sccz80/hypot.asm
../../_DEVELOPMENT/math/float/math48//lm/c/sccz80/hypot_callee.asm
../../_DEVELOPMENT/math/float/math48//lm/c/sccz80/ifix.asm
../../_DEVELOPMENT/math/float/math48//lm/c/sccz80/ilogb.asm
../../_DEVELOPMENT/math/float/math48//lm/c/sccz80/isgreater.asm
../../_DEVELOPMENT/math/float/math48//lm/c/sccz80/isgreater_callee.asm
../../_DEVELOPMENT/math/float/math48//lm/c/sccz80/isgreaterequal.asm
../../_DEVELOPMENT/math/float/math48//lm/c/sccz80/isgreaterequal_callee.asm
../../_DEVELOPMENT/math/float/math48//lm/c/sccz80/isless.asm
../../_DEVELOPMENT/math/float/math48//lm/c/sccz80/isless_callee.asm
../../_DEVELOPMENT/math/float/math48//lm/c/sccz80/islessequal.asm
../../_DEVELOPMENT/math/float/math48//lm/c/sccz80/islessequal_callee.asm
../../_DEVELOPMENT/math/float/math48//lm/c/sccz80/islessgreater.asm
../../_DEVELOPMENT/math/float/math48//lm/c/sccz80/islessgreater_callee.asm
../../_DEVELOPMENT/math/float/math48//lm/c/sccz80/isunordered.asm
../../_DEVELOPMENT/math/float/math48//lm/c/sccz80/isunordered_callee.asm
../../_DEVELOPMENT/math/float/math48//lm/c/sccz80/ldexp.asm
../../_DEVELOPMENT/math/float/math48//lm/c/sccz80/ldexp_callee.asm
../../_DEVELOPMENT/math/float/math48//lm/c/sccz80/lgamma.asm
../../_DEVELOPMENT/math/float/math48//lm/c/sccz80/llrint.asm
../../_DEVELOPMENT/math/float/math48//lm/c/sccz80/llround.asm
../../_DEVELOPMENT/math/float/math48//lm/c/sccz80/log.asm
../../_DEVELOPMENT/math/float/math48//lm/c/sccz80/log10.asm
../../_DEVELOPMENT/math/float/math48//lm/c/sccz80/log1p.asm
../../_DEVELOPMENT/math/float/math48//lm/c/sccz80/log2.asm
../../_DEVELOPMENT/math/float/math48//lm/c/sccz80/logb.asm
../../_DEVELOPMENT/math/float/math48//lm/c/sccz80/lp_gdoub.asm
../../_DEVELOPMENT/math/float/math48//lm/c/sccz80/lp_pdoub.asm
../../_DEVELOPMENT/math/float/math48//lm/c/sccz80/l_f48_ldexp.asm
../../_DEVELOPMENT/math/float/math48//lm/c/sccz80/lrint.asm
../../_DEVELOPMENT/math/float/math48//lm/c/sccz80/lround.asm
../../_DEVELOPMENT/math/float/math48//lm/c/sccz80/minusfa.asm
../../_DEVELOPMENT/math/float/math48//lm/c/sccz80/modf.asm
../../_DEVELOPMENT/math/float/math48//lm/c/sccz80/modf_callee.asm
../../_DEVELOPMENT/math/float/math48//lm/c/sccz80/nan.asm
../../_DEVELOPMENT/math/float/math48//lm/c/sccz80/nearbyint.asm
../../_DEVELOPMENT/math/float/math48//lm/c/sccz80/nextafter.asm
../../_DEVELOPMENT/math/float/math48//lm/c/sccz80/nexttoward.asm
../../_DEVELOPMENT/math/float/math48//lm/c/sccz80/pow.asm
../../_DEVELOPMENT/math/float/math48//lm/c/sccz80/pow_callee.asm
../../_DEVELOPMENT/math/float/math48//lm/c/sccz80/remainder.asm
../../_DEVELOPMENT/math/float/math48//lm/c/sccz80/remquo.asm
../../_DEVELOPMENT/math/float/math48//lm/c/sccz80/rint.asm
../../_DEVELOPMENT/math/float/math48//lm/c/sccz80/round.asm
../../_DEVELOPMENT/math/float/math48//lm/c/sccz80/scalbln.asm
../../_DEVELOPMENT/math/float/math48//lm/c/sccz80/scalbn.asm
../../_DEVELOPMENT/math/float/math48//lm/c/sccz80/scalbn_callee.asm
../../_DEVELOPMENT/math/float/math48//lm/c/sccz80/sin.asm
../../_DEVELOPMENT/math/float/math48//lm/c/sccz80/sinh.asm
../../_DEVELOPMENT/math/float/math48//lm/c/sccz80/sqrt.asm
../../_DEVELOPMENT/math/float/math48//lm/c/sccz80/tan.asm
../../_DEVELOPMENT/math/float/math48//lm/c/sccz80/tanh.asm
../../_DEVELOPMENT/math/float/math48//lm/c/sccz80/tgamma.asm
../../_DEVELOPMENT/math/float/math48//lm/c/sccz80/trunc.asm
../../_DEVELOPMENT/math/float/math48//lm/c/sccz80/ufloat.asm
../../_DEVELOPMENT/math/float/math48//lm/c/sdcc_ix/___fs2schar.asm
../../_DEVELOPMENT/math/float/math48//lm/c/sdcc_ix/___fs2schar_callee.asm
../../_DEVELOPMENT/math/float/math48//lm/c/sdcc_ix/___fs2sint.asm
../../_DEVELOPMENT/math/float/math48//lm/c/sdcc_ix/___fs2sint_callee.asm
../../_DEVELOPMENT/math/float/math48//lm/c/sdcc_ix/___fs2slong.asm
../../_DEVELOPMENT/math/float/math48//lm/c/sdcc_ix/___fs2slong_callee.asm
../../_DEVELOPMENT/math/float/math48//lm/c/sdcc_ix/___fs2slonglong.asm
../../_DEVELOPMENT/math/float/math48//lm/c/sdcc_ix/___fs2slonglong_callee.asm
../../_DEVELOPMENT/math/float/math48//lm/c/sdcc_ix/___fs2uchar.asm
../../_DEVELOPMENT/math/float/math48//lm/c/sdcc_ix/___fs2uchar_callee.asm
../../_DEVELOPMENT/math/float/math48//lm/c/sdcc_ix/___fs2uint.asm
../../_DEVELOPMENT/math/float/math48//lm/c/sdcc_ix/___fs2uint_callee.asm
../../_DEVELOPMENT/math/float/math48//lm/c/sdcc_ix/___fs2ulong.asm
../../_DEVELOPMENT/math/float/math48//lm/c/sdcc_ix/___fs2ulong_callee.asm
../../_DEVELOPMENT/math/float/math48//lm/c/sdcc_ix/___fs2ulonglong.asm
../../_DEVELOPMENT/math/float/math48//lm/c/sdcc_ix/___fs2ulonglong_callee.asm
../../_DEVELOPMENT/math/float/math48//lm/c/sdcc_ix/___fsadd.asm
../../_DEVELOPMENT/math/float/math48//lm/c/sdcc_ix/___fsadd_callee.asm
../../_DEVELOPMENT/math/float/math48//lm/c/sdcc_ix/___fsdiv.asm
../../_DEVELOPMENT/math/float/math48//lm/c/sdcc_ix/___fsdiv_callee.asm
../../_DEVELOPMENT/math/float/math48//lm/c/sdcc_ix/___fseq.asm
../../_DEVELOPMENT/math/float/math48//lm/c/sdcc_ix/___fseq_callee.asm
../../_DEVELOPMENT/math/float/math48//lm/c/sdcc_ix/___fsgt.asm
../../_DEVELOPMENT/math/float/math48//lm/c/sdcc_ix/___fsgt_callee.asm
../../_DEVELOPMENT/math/float/math48//lm/c/sdcc_ix/___fslt.asm
../../_DEVELOPMENT/math/float/math48//lm/c/sdcc_ix/___fslt_callee.asm
../../_DEVELOPMENT/math/float/math48//lm/c/sdcc_ix/___fsmul.asm
../../_DEVELOPMENT/math/float/math48//lm/c/sdcc_ix/___fsmul_callee.asm
../../_DEVELOPMENT/math/float/math48//lm/c/sdcc_ix/___fsneq.asm
../../_DEVELOPMENT/math/float/math48//lm/c/sdcc_ix/___fsneq_callee.asm
../../_DEVELOPMENT/math/float/math48//lm/c/sdcc_ix/___fssub.asm
../../_DEVELOPMENT/math/float/math48//lm/c/sdcc_ix/___fssub_callee.asm
../../_DEVELOPMENT/math/float/math48//lm/c/sdcc_ix/___schar2fs.asm
../../_DEVELOPMENT/math/float/math48//lm/c/sdcc_ix/___schar2fs_callee.asm
../../_DEVELOPMENT/math/float/math48//lm/c/sdcc_ix/___sint2fs.asm
../../_DEVELOPMENT/math/float/math48//lm/c/sdcc_ix/___sint2fs_callee.asm
../../_DEVELOPMENT/math/float/math48//lm/c/sdcc_ix/___slong2fs.asm
../../_DEVELOPMENT/math/float/math48//lm/c/sdcc_ix/___slong2fs_callee.asm
../../_DEVELOPMENT/math/float/math48//lm/c/sdcc_ix/___slonglong2fs.asm
../../_DEVELOPMENT/math/float/math48//lm/c/sdcc_ix/___slonglong2fs_callee.asm
../../_DEVELOPMENT/math/float/math48//lm/c/sdcc_ix/___uchar2fs.asm
../../_DEVELOPMENT/math/float/math48//lm/c/sdcc_ix/___uchar2fs_callee.asm
../../_DEVELOPMENT/math/float/math48//lm/c/sdcc_ix/___uint2fs.asm
../../_DEVELOPMENT/math/float/math48//lm/c/sdcc_ix/___uint2fs_callee.asm
../../_DEVELOPMENT/math/float/math48//lm/c/sdcc_ix/___ulong2fs.asm
../../_DEVELOPMENT/math/float/math48//lm/c/sdcc_ix/___ulong2fs_callee.asm
../../_DEVELOPMENT/math/float/math48//lm/c/sdcc_ix/___ulonglong2fs.asm
../../_DEVELOPMENT/math/float/math48//lm/c/sdcc_ix/___ulonglong2fs_callee.asm
../../_DEVELOPMENT/math/float/math48//lm/c/sdcc_ix/acos.asm
../../_DEVELOPMENT/math/float/math48//lm/c/sdcc_ix/acos_fastcall.asm
../../_DEVELOPMENT/math/float/math48//lm/c/sdcc_ix/acosh.asm
../../_DEVELOPMENT/math/float/math48//lm/c/sdcc_ix/acosh_fastcall.asm
../../_DEVELOPMENT/math/float/math48//lm/c/sdcc_ix/asin.asm
../../_DEVELOPMENT/math/float/math48//lm/c/sdcc_ix/asin_fastcall.asm
../../_DEVELOPMENT/math/float/math48//lm/c/sdcc_ix/asinh.asm
../../_DEVELOPMENT/math/float/math48//lm/c/sdcc_ix/asinh_fastcall.asm
../../_DEVELOPMENT/math/float/math48//lm/c/sdcc_ix/atan.asm
../../_DEVELOPMENT/math/float/math48//lm/c/sdcc_ix/atan2.asm
../../_DEVELOPMENT/math/float/math48//lm/c/sdcc_ix/atan2_callee.asm
../../_DEVELOPMENT/math/float/math48//lm/c/sdcc_ix/atan_fastcall.asm
../../_DEVELOPMENT/math/float/math48//lm/c/sdcc_ix/atanh.asm
../../_DEVELOPMENT/math/float/math48//lm/c/sdcc_ix/atanh_fastcall.asm
../../_DEVELOPMENT/math/float/math48//lm/c/sdcc_ix/cbrt.asm
../../_DEVELOPMENT/math/float/math48//lm/c/sdcc_ix/cbrt_fastcall.asm
../../_DEVELOPMENT/math/float/math48//lm/c/sdcc_ix/ceil.asm
../../_DEVELOPMENT/math/float/math48//lm/c/sdcc_ix/ceil_fastcall.asm
../../_DEVELOPMENT/math/float/math48//lm/c/sdcc_ix/copysign.asm
../../_DEVELOPMENT/math/float/math48//lm/c/sdcc_ix/copysign_callee.asm
../../_DEVELOPMENT/math/float/math48//lm/c/sdcc_ix/cos.asm
../../_DEVELOPMENT/math/float/math48//lm/c/sdcc_ix/cos_fastcall.asm
../../_DEVELOPMENT/math/float/math48//lm/c/sdcc_ix/cosh.asm
../../_DEVELOPMENT/math/float/math48//lm/c/sdcc_ix/cosh_fastcall.asm
../../_DEVELOPMENT/math/float/math48//lm/c/sdcc_ix/d2mlib.asm
../../_DEVELOPMENT/math/float/math48//lm/c/sdcc_ix/dcallee1.asm
../../_DEVELOPMENT/math/float/math48//lm/c/sdcc_ix/dcallee2.asm
../../_DEVELOPMENT/math/float/math48//lm/c/sdcc_ix/dload.asm
../../_DEVELOPMENT/math/float/math48//lm/c/sdcc_ix/dread.asm
../../_DEVELOPMENT/math/float/math48//lm/c/sdcc_ix/dstore.asm
../../_DEVELOPMENT/math/float/math48//lm/c/sdcc_ix/erf.asm
../../_DEVELOPMENT/math/float/math48//lm/c/sdcc_ix/erf_fastcall.asm
../../_DEVELOPMENT/math/float/math48//lm/c/sdcc_ix/erfc.asm
../../_DEVELOPMENT/math/float/math48//lm/c/sdcc_ix/erfc_fastcall.asm
../../_DEVELOPMENT/math/float/math48//lm/c/sdcc_ix/exp.asm
../../_DEVELOPMENT/math/float/math48//lm/c/sdcc_ix/exp2.asm
../../_DEVELOPMENT/math/float/math48//lm/c/sdcc_ix/exp2_fastcall.asm
../../_DEVELOPMENT/math/float/math48//lm/c/sdcc_ix/exp_fastcall.asm
../../_DEVELOPMENT/math/float/math48//lm/c/sdcc_ix/expm1.asm
../../_DEVELOPMENT/math/float/math48//lm/c/sdcc_ix/expm1_fastcall.asm
../../_DEVELOPMENT/math/float/math48//lm/c/sdcc_ix/fabs.asm
../../_DEVELOPMENT/math/float/math48//lm/c/sdcc_ix/fabs_fastcall.asm
../../_DEVELOPMENT/math/float/math48//lm/c/sdcc_ix/fdim.asm
../../_DEVELOPMENT/math/float/math48//lm/c/sdcc_ix/fdim_callee.asm
../../_DEVELOPMENT/math/float/math48//lm/c/sdcc_ix/floor.asm
../../_DEVELOPMENT/math/float/math48//lm/c/sdcc_ix/floor_fastcall.asm
../../_DEVELOPMENT/math/float/math48//lm/c/sdcc_ix/fma.asm
../../_DEVELOPMENT/math/float/math48//lm/c/sdcc_ix/fma_callee.asm
../../_DEVELOPMENT/math/float/math48//lm/c/sdcc_ix/fmax.asm
../../_DEVELOPMENT/math/float/math48//lm/c/sdcc_ix/fmax_callee.asm
../../_DEVELOPMENT/math/float/math48//lm/c/sdcc_ix/fmin.asm
../../_DEVELOPMENT/math/float/math48//lm/c/sdcc_ix/fmin_callee.asm
../../_DEVELOPMENT/math/float/math48//lm/c/sdcc_ix/fmod.asm
../../_DEVELOPMENT/math/float/math48//lm/c/sdcc_ix/fmod_callee.asm
../../_DEVELOPMENT/math/float/math48//lm/c/sdcc_ix/frexp.asm
../../_DEVELOPMENT/math/float/math48//lm/c/sdcc_ix/frexp_callee.asm
../../_DEVELOPMENT/math/float/math48//lm/c/sdcc_ix/hypot.asm
../../_DEVELOPMENT/math/float/math48//lm/c/sdcc_ix/hypot_callee.asm
../../_DEVELOPMENT/math/float/math48//lm/c/sdcc_ix/ilogb.asm
../../_DEVELOPMENT/math/float/math48//lm/c/sdcc_ix/ilogb_fastcall.asm
../../_DEVELOPMENT/math/float/math48//lm/c/sdcc_ix/isgreater.asm
../../_DEVELOPMENT/math/float/math48//lm/c/sdcc_ix/isgreater_callee.asm
../../_DEVELOPMENT/math/float/math48//lm/c/sdcc_ix/isgreaterequal.asm
../../_DEVELOPMENT/math/float/math48//lm/c/sdcc_ix/isgreaterequal_callee.asm
../../_DEVELOPMENT/math/float/math48//lm/c/sdcc_ix/isless.asm
../../_DEVELOPMENT/math/float/math48//lm/c/sdcc_ix/isless_callee.asm
../../_DEVELOPMENT/math/float/math48//lm/c/sdcc_ix/islessequal.asm
../../_DEVELOPMENT/math/float/math48//lm/c/sdcc_ix/islessequal_callee.asm
../../_DEVELOPMENT/math/float/math48//lm/c/sdcc_ix/islessgreater.asm
../../_DEVELOPMENT/math/float/math48//lm/c/sdcc_ix/islessgreater_callee.asm
../../_DEVELOPMENT/math/float/math48//lm/c/sdcc_ix/isunordered.asm
../../_DEVELOPMENT/math/float/math48//lm/c/sdcc_ix/isunordered_callee.asm
../../_DEVELOPMENT/math/float/math48//lm/c/sdcc_ix/ldexp.asm
../../_DEVELOPMENT/math/float/math48//lm/c/sdcc_ix/ldexp_callee.asm
../../_DEVELOPMENT/math/float/math48//lm/c/sdcc_ix/lgamma.asm
../../_DEVELOPMENT/math/float/math48//lm/c/sdcc_ix/lgamma_fastcall.asm
../../_DEVELOPMENT/math/float/math48//lm/c/sdcc_ix/llrint.asm
../../_DEVELOPMENT/math/float/math48//lm/c/sdcc_ix/llround.asm
../../_DEVELOPMENT/math/float/math48//lm/c/sdcc_ix/log.asm
../../_DEVELOPMENT/math/float/math48//lm/c/sdcc_ix/log10.asm
../../_DEVELOPMENT/math/float/math48//lm/c/sdcc_ix/log10_fastcall.asm
../../_DEVELOPMENT/math/float/math48//lm/c/sdcc_ix/log1p.asm
../../_DEVELOPMENT/math/float/math48//lm/c/sdcc_ix/log1p_fastcall.asm
../../_DEVELOPMENT/math/float/math48//lm/c/sdcc_ix/log2.asm
../../_DEVELOPMENT/math/float/math48//lm/c/sdcc_ix/log2_fastcall.asm
../../_DEVELOPMENT/math/float/math48//lm/c/sdcc_ix/log_fastcall.asm
../../_DEVELOPMENT/math/float/math48//lm/c/sdcc_ix/logb.asm
../../_DEVELOPMENT/math/float/math48//lm/c/sdcc_ix/logb_fastcall.asm
../../_DEVELOPMENT/math/float/math48//lm/c/sdcc_ix/lrint.asm
../../_DEVELOPMENT/math/float/math48//lm/c/sdcc_ix/lrint_fastcall.asm
../../_DEVELOPMENT/math/float/math48//lm/c/sdcc_ix/lround.asm
../../_DEVELOPMENT/math/float/math48//lm/c/sdcc_ix/lround_fastcall.asm
../../_DEVELOPMENT/math/float/math48//lm/c/sdcc_ix/mlib2d.asm
../../_DEVELOPMENT/math/float/math48//lm/c/sdcc_ix/modf.asm
../../_DEVELOPMENT/math/float/math48//lm/c/sdcc_ix/modf_callee.asm
../../_DEVELOPMENT/math/float/math48//lm/c/sdcc_ix/nan.asm
../../_DEVELOPMENT/math/float/math48//lm/c/sdcc_ix/nan_fastcall.asm
../../_DEVELOPMENT/math/float/math48//lm/c/sdcc_ix/nearbyint.asm
../../_DEVELOPMENT/math/float/math48//lm/c/sdcc_ix/nearbyint_fastcall.asm
../../_DEVELOPMENT/math/float/math48//lm/c/sdcc_ix/nextafter.asm
../../_DEVELOPMENT/math/float/math48//lm/c/sdcc_ix/nexttoward.asm
../../_DEVELOPMENT/math/float/math48//lm/c/sdcc_ix/pow.asm
../../_DEVELOPMENT/math/float/math48//lm/c/sdcc_ix/pow_callee.asm
../../_DEVELOPMENT/math/float/math48//lm/c/sdcc_ix/remainder.asm
../../_DEVELOPMENT/math/float/math48//lm/c/sdcc_ix/remquo.asm
../../_DEVELOPMENT/math/float/math48//lm/c/sdcc_ix/rint.asm
../../_DEVELOPMENT/math/float/math48//lm/c/sdcc_ix/rint_fastcall.asm
../../_DEVELOPMENT/math/float/math48//lm/c/sdcc_ix/round.asm
../../_DEVELOPMENT/math/float/math48//lm/c/sdcc_ix/round_fastcall.asm
../../_DEVELOPMENT/math/float/math48//lm/c/sdcc_ix/scalbln.asm
../../_DEVELOPMENT/math/float/math48//lm/c/sdcc_ix/scalbn.asm
../../_DEVELOPMENT/math/float/math48//lm/c/sdcc_ix/scalbn_callee.asm
../../_DEVELOPMENT/math/float/math48//lm/c/sdcc_ix/sin.asm
../../_DEVELOPMENT/math/float/math48//lm/c/sdcc_ix/sin_fastcall.asm
../../_DEVELOPMENT/math/float/math48//lm/c/sdcc_ix/sinh.asm
../../_DEVELOPMENT/math/float/math48//lm/c/sdcc_ix/sinh_fastcall.asm
../../_DEVELOPMENT/math/float/math48//lm/c/sdcc_ix/sqrt.asm
../../_DEVELOPMENT/math/float/math48//lm/c/sdcc_ix/sqrt_fastcall.asm
../../_DEVELOPMENT/math/float/math48//lm/c/sdcc_ix/tan.asm
../../_DEVELOPMENT/math/float/math48//lm/c/sdcc_ix/tan_fastcall.asm
../../_DEVELOPMENT/math/float/math48//lm/c/sdcc_ix/tanh.asm
../../_DEVELOPMENT/math/float/math48//lm/c/sdcc_ix/tanh_fastcall.asm
../../_DEVELOPMENT/math/float/math48//lm/c/sdcc_ix/tgamma.asm
../../_DEVELOPMENT/math/float/math48//lm/c/sdcc_ix/tgamma_fastcall.asm
../../_DEVELOPMENT/math/float/math48//lm/c/sdcc_ix/trunc.asm
../../_DEVELOPMENT/math/float/math48//lm/c/sdcc_ix/trunc_fastcall.asm
../../_DEVELOPMENT/math/float/math48//lm/z80/__dtoa_base10.asm
../../_DEVELOPMENT/math/float/math48//lm/z80/__dtoa_base16.asm
../../_DEVELOPMENT/math/float/math48//lm/z80/__dtoa_digits.asm
../../_DEVELOPMENT/math/float/math48//lm/z80/__dtoa_sgnabs.asm
../../_DEVELOPMENT/math/float/math48//lm/z80/asm_acos.asm
../../_DEVELOPMENT/math/float/math48//lm/z80/asm_acosh.asm
../../_DEVELOPMENT/math/float/math48//lm/z80/asm_asin.asm
../../_DEVELOPMENT/math/float/math48//lm/z80/asm_asinh.asm
../../_DEVELOPMENT/math/float/math48//lm/z80/asm_atan.asm
../../_DEVELOPMENT/math/float/math48//lm/z80/asm_atan2.asm
../../_DEVELOPMENT/math/float/math48//lm/z80/asm_atanh.asm
../../_DEVELOPMENT/math/float/math48//lm/z80/asm_cbrt.asm
../../_DEVELOPMENT/math/float/math48//lm/z80/asm_ceil.asm
../../_DEVELOPMENT/math/float/math48//lm/z80/asm_copysign.asm
../../_DEVELOPMENT/math/float/math48//lm/z80/asm_cos.asm
../../_DEVELOPMENT/math/float/math48//lm/z80/asm_cosh.asm
../../_DEVELOPMENT/math/float/math48//lm/z80/asm_dadd.asm
../../_DEVELOPMENT/math/float/math48//lm/z80/asm_dadd_s.asm
../../_DEVELOPMENT/math/float/math48//lm/z80/asm_dcmp.asm
../../_DEVELOPMENT/math/float/math48//lm/z80/asm_dcmp_s.asm
../../_DEVELOPMENT/math/float/math48//lm/z80/asm_dcmpa.asm
../../_DEVELOPMENT/math/float/math48//lm/z80/asm_dconst_0.asm
../../_DEVELOPMENT/math/float/math48//lm/z80/asm_dconst_1.asm
../../_DEVELOPMENT/math/float/math48//lm/z80/asm_dconst_1_3.asm
../../_DEVELOPMENT/math/float/math48//lm/z80/asm_dconst_e.asm
../../_DEVELOPMENT/math/float/math48//lm/z80/asm_dconst_inf.asm
../../_DEVELOPMENT/math/float/math48//lm/z80/asm_dconst_ln2.asm
../../_DEVELOPMENT/math/float/math48//lm/z80/asm_dconst_pi.asm
../../_DEVELOPMENT/math/float/math48//lm/z80/asm_dconst_sqr2_2.asm
../../_DEVELOPMENT/math/float/math48//lm/z80/asm_ddiv.asm
../../_DEVELOPMENT/math/float/math48//lm/z80/asm_ddiv_s.asm
../../_DEVELOPMENT/math/float/math48//lm/z80/asm_ddup.asm
../../_DEVELOPMENT/math/float/math48//lm/z80/asm_deq.asm
../../_DEVELOPMENT/math/float/math48//lm/z80/asm_deq_s.asm
../../_DEVELOPMENT/math/float/math48//lm/z80/asm_dequate.asm
../../_DEVELOPMENT/math/float/math48//lm/z80/asm_dfix16.asm
../../_DEVELOPMENT/math/float/math48//lm/z80/asm_dfix16u.asm
../../_DEVELOPMENT/math/float/math48//lm/z80/asm_dfix32.asm
../../_DEVELOPMENT/math/float/math48//lm/z80/asm_dfix32u.asm
../../_DEVELOPMENT/math/float/math48//lm/z80/asm_dfix64.asm
../../_DEVELOPMENT/math/float/math48//lm/z80/asm_dfix64u.asm
../../_DEVELOPMENT/math/float/math48//lm/z80/asm_dfix8.asm
../../_DEVELOPMENT/math/float/math48//lm/z80/asm_dfix8u.asm
../../_DEVELOPMENT/math/float/math48//lm/z80/asm_dfp.asm
../../_DEVELOPMENT/math/float/math48//lm/z80/asm_dge.asm
../../_DEVELOPMENT/math/float/math48//lm/z80/asm_dge_s.asm
../../_DEVELOPMENT/math/float/math48//lm/z80/asm_dgt.asm
../../_DEVELOPMENT/math/float/math48//lm/z80/asm_dgt_s.asm
../../_DEVELOPMENT/math/float/math48//lm/z80/asm_dhexpop.asm
../../_DEVELOPMENT/math/float/math48//lm/z80/asm_dinv.asm
../../_DEVELOPMENT/math/float/math48//lm/z80/asm_dip.asm
../../_DEVELOPMENT/math/float/math48//lm/z80/asm_dldpush.asm
../../_DEVELOPMENT/math/float/math48//lm/z80/asm_dle.asm
../../_DEVELOPMENT/math/float/math48//lm/z80/asm_dle_s.asm
../../_DEVELOPMENT/math/float/math48//lm/z80/asm_dload.asm
../../_DEVELOPMENT/math/float/math48//lm/z80/asm_dlt.asm
../../_DEVELOPMENT/math/float/math48//lm/z80/asm_dlt_s.asm
../../_DEVELOPMENT/math/float/math48//lm/z80/asm_dmul.asm
../../_DEVELOPMENT/math/float/math48//lm/z80/asm_dmul10a.asm
../../_DEVELOPMENT/math/float/math48//lm/z80/asm_dmul_s.asm
../../_DEVELOPMENT/math/float/math48//lm/z80/asm_dmulpow10.asm
../../_DEVELOPMENT/math/float/math48//lm/z80/asm_dmulpow2.asm
../../_DEVELOPMENT/math/float/math48//lm/z80/asm_dne.asm
../../_DEVELOPMENT/math/float/math48//lm/z80/asm_dne_s.asm
../../_DEVELOPMENT/math/float/math48//lm/z80/asm_dneg.asm
../../_DEVELOPMENT/math/float/math48//lm/z80/asm_double16.asm
../../_DEVELOPMENT/math/float/math48//lm/z80/asm_double16u.asm
../../_DEVELOPMENT/math/float/math48//lm/z80/asm_double32.asm
../../_DEVELOPMENT/math/float/math48//lm/z80/asm_double32u.asm
../../_DEVELOPMENT/math/float/math48//lm/z80/asm_double64.asm
../../_DEVELOPMENT/math/float/math48//lm/z80/asm_double64u.asm
../../_DEVELOPMENT/math/float/math48//lm/z80/asm_double8.asm
../../_DEVELOPMENT/math/float/math48//lm/z80/asm_double8u.asm
../../_DEVELOPMENT/math/float/math48//lm/z80/asm_dpop.asm
../../_DEVELOPMENT/math/float/math48//lm/z80/asm_dpopret.asm
../../_DEVELOPMENT/math/float/math48//lm/z80/asm_dpush.asm
../../_DEVELOPMENT/math/float/math48//lm/z80/asm_dpushw.asm
../../_DEVELOPMENT/math/float/math48//lm/z80/asm_dsigdig.asm
../../_DEVELOPMENT/math/float/math48//lm/z80/asm_dsize.asm
../../_DEVELOPMENT/math/float/math48//lm/z80/asm_dstore.asm
../../_DEVELOPMENT/math/float/math48//lm/z80/asm_dsub.asm
../../_DEVELOPMENT/math/float/math48//lm/z80/asm_dsub_s.asm
../../_DEVELOPMENT/math/float/math48//lm/z80/asm_dswap.asm
../../_DEVELOPMENT/math/float/math48//lm/z80/asm_erf.asm
../../_DEVELOPMENT/math/float/math48//lm/z80/asm_erfc.asm
../../_DEVELOPMENT/math/float/math48//lm/z80/asm_exp.asm
../../_DEVELOPMENT/math/float/math48//lm/z80/asm_exp2.asm
../../_DEVELOPMENT/math/float/math48//lm/z80/asm_expm1.asm
../../_DEVELOPMENT/math/float/math48//lm/z80/asm_fabs.asm
../../_DEVELOPMENT/math/float/math48//lm/z80/asm_fdim.asm
../../_DEVELOPMENT/math/float/math48//lm/z80/asm_floor.asm
../../_DEVELOPMENT/math/float/math48//lm/z80/asm_fma.asm
../../_DEVELOPMENT/math/float/math48//lm/z80/asm_fmax.asm
../../_DEVELOPMENT/math/float/math48//lm/z80/asm_fmin.asm
../../_DEVELOPMENT/math/float/math48//lm/z80/asm_fmod.asm
../../_DEVELOPMENT/math/float/math48//lm/z80/asm_fpclassify.asm
../../_DEVELOPMENT/math/float/math48//lm/z80/asm_frexp.asm
../../_DEVELOPMENT/math/float/math48//lm/z80/asm_hypot.asm
../../_DEVELOPMENT/math/float/math48//lm/z80/asm_ilogb.asm
../../_DEVELOPMENT/math/float/math48//lm/z80/asm_isgreater.asm
../../_DEVELOPMENT/math/float/math48//lm/z80/asm_isgreaterequal.asm
../../_DEVELOPMENT/math/float/math48//lm/z80/asm_isless.asm
../../_DEVELOPMENT/math/float/math48//lm/z80/asm_islessequal.asm
../../_DEVELOPMENT/math/float/math48//lm/z80/asm_islessgreater.asm
../../_DEVELOPMENT/math/float/math48//lm/z80/asm_isunordered.asm
../../_DEVELOPMENT/math/float/math48//lm/z80/asm_ldexp.asm
../../_DEVELOPMENT/math/float/math48//lm/z80/asm_lgamma.asm
../../_DEVELOPMENT/math/float/math48//lm/z80/asm_llrint.asm
../../_DEVELOPMENT/math/float/math48//lm/z80/asm_llround.asm
../../_DEVELOPMENT/math/float/math48//lm/z80/asm_log.asm
../../_DEVELOPMENT/math/float/math48//lm/z80/asm_log10.asm
../../_DEVELOPMENT/math/float/math48//lm/z80/asm_log1p.asm
../../_DEVELOPMENT/math/float/math48//lm/z80/asm_log2.asm
../../_DEVELOPMENT/math/float/math48//lm/z80/asm_logb.asm
../../_DEVELOPMENT/math/float/math48//lm/z80/asm_lrint.asm
../../_DEVELOPMENT/math/float/math48//lm/z80/asm_lround.asm
../../_DEVELOPMENT/math/float/math48//lm/z80/asm_modf.asm
../../_DEVELOPMENT/math/float/math48//lm/z80/asm_nan.asm
../../_DEVELOPMENT/math/float/math48//lm/z80/asm_nan_b.asm
../../_DEVELOPMENT/math/float/math48//lm/z80/asm_nearbyint.asm
../../_DEVELOPMENT/math/float/math48//lm/z80/asm_nextafter.asm
../../_DEVELOPMENT/math/float/math48//lm/z80/asm_nexttoward.asm
../../_DEVELOPMENT/math/float/math48//lm/z80/asm_pow.asm
../../_DEVELOPMENT/math/float/math48//lm/z80/asm_remainder.asm
../../_DEVELOPMENT/math/float/math48//lm/z80/asm_remquo.asm
../../_DEVELOPMENT/math/float/math48//lm/z80/asm_rint.asm
../../_DEVELOPMENT/math/float/math48//lm/z80/asm_round.asm
../../_DEVELOPMENT/math/float/math48//lm/z80/asm_scalbln.asm
../../_DEVELOPMENT/math/float/math48//lm/z80/asm_scalbn.asm
../../_DEVELOPMENT/math/float/math48//lm/z80/asm_sin.asm
../../_DEVELOPMENT/math/float/math48//lm/z80/asm_sinh.asm
../../_DEVELOPMENT/math/float/math48//lm/z80/asm_sqrt.asm
../../_DEVELOPMENT/math/float/math48//lm/z80/asm_tan.asm
../../_DEVELOPMENT/math/float/math48//lm/z80/asm_tanh.asm
../../_DEVELOPMENT/math/float/math48//lm/z80/asm_tgamma.asm
../../_DEVELOPMENT/math/float/math48//lm/z80/asm_trunc.asm
../../_DEVELOPMENT/math/float/math48//lm/z80/derror_edom_infc.asm
../../_DEVELOPMENT/math/float/math48//lm/z80/derror_edom_zc.asm
../../_DEVELOPMENT/math/float/math48//lm/z80/derror_einval_zc.asm
../../_DEVELOPMENT/math/float/math48//lm/z80/derror_erange_infc.asm
../../_DEVELOPMENT/math/float/math48//lm/z80/derror_erange_intc.asm
../../_DEVELOPMENT/math/float/math48//lm/z80/derror_erange_longc.asm
../../_DEVELOPMENT/math/float/math48//lm/z80/derror_erange_longlongc.asm
../../_DEVELOPMENT/math/float/math48//lm/z80/derror_nanc.asm
../../_DEVELOPMENT/math/float/math48//lm/z80/derror_nannc.asm
../../_DEVELOPMENT/math/float/math48//lm/z80/derror_onc.asm
../../_DEVELOPMENT/math/float/math48//lm/z80/derror_pinfnc.asm
../../_DEVELOPMENT/math/float/math48//lm/z80/derror_zc.asm
../../_DEVELOPMENT/math/float/math48//lm/z80/derror_znc.asm
../../_DEVELOPMENT/math/float/math48//z80/am48__dtoa_base10.asm
../../_DEVELOPMENT/math/float/math48//z80/am48__dtoa_base16.asm
../../_DEVELOPMENT/math/float/math48//z80/am48__dtoa_digits.asm
../../_DEVELOPMENT/math/float/math48//z80/am48__dtoa_sgnabs.asm
../../_DEVELOPMENT/math/float/math48//z80/am48_acos.asm
../../_DEVELOPMENT/math/float/math48//z80/am48_acosh.asm
../../_DEVELOPMENT/math/float/math48//z80/am48_asin.asm
../../_DEVELOPMENT/math/float/math48//z80/am48_asinh.asm
../../_DEVELOPMENT/math/float/math48//z80/am48_atan.asm
../../_DEVELOPMENT/math/float/math48//z80/am48_atan2.asm
../../_DEVELOPMENT/math/float/math48//z80/am48_atanh.asm
../../_DEVELOPMENT/math/float/math48//z80/am48_cbrt.asm
../../_DEVELOPMENT/math/float/math48//z80/am48_ceil.asm
../../_DEVELOPMENT/math/float/math48//z80/am48_copysign.asm
../../_DEVELOPMENT/math/float/math48//z80/am48_cos.asm
../../_DEVELOPMENT/math/float/math48//z80/am48_cosh.asm
../../_DEVELOPMENT/math/float/math48//z80/am48_dadd.asm
../../_DEVELOPMENT/math/float/math48//z80/am48_dadd_s.asm
../../_DEVELOPMENT/math/float/math48//z80/am48_dcmp.asm
../../_DEVELOPMENT/math/float/math48//z80/am48_dcmp_s.asm
../../_DEVELOPMENT/math/float/math48//z80/am48_dcmpa.asm
../../_DEVELOPMENT/math/float/math48//z80/am48_dconst_0.asm
../../_DEVELOPMENT/math/float/math48//z80/am48_dconst_1.asm
../../_DEVELOPMENT/math/float/math48//z80/am48_dconst_1_3.asm
../../_DEVELOPMENT/math/float/math48//z80/am48_dconst_e.asm
../../_DEVELOPMENT/math/float/math48//z80/am48_dconst_inf.asm
../../_DEVELOPMENT/math/float/math48//z80/am48_dconst_ln2.asm
../../_DEVELOPMENT/math/float/math48//z80/am48_dconst_pi.asm
../../_DEVELOPMENT/math/float/math48//z80/am48_dconst_sqr2_2.asm
../../_DEVELOPMENT/math/float/math48//z80/am48_ddiv.asm
../../_DEVELOPMENT/math/float/math48//z80/am48_ddiv_s.asm
../../_DEVELOPMENT/math/float/math48//z80/am48_ddup.asm
../../_DEVELOPMENT/math/float/math48//z80/am48_deq.asm
../../_DEVELOPMENT/math/float/math48//z80/am48_deq_s.asm
../../_DEVELOPMENT/math/float/math48//z80/am48_dequate.asm
../../_DEVELOPMENT/math/float/math48//z80/am48_derror_edom_infc.asm
../../_DEVELOPMENT/math/float/math48//z80/am48_derror_edom_zc.asm
../../_DEVELOPMENT/math/float/math48//z80/am48_derror_einval_zc.asm
../../_DEVELOPMENT/math/float/math48//z80/am48_derror_erange_infc.asm
../../_DEVELOPMENT/math/float/math48//z80/am48_derror_erange_intc.asm
../../_DEVELOPMENT/math/float/math48//z80/am48_derror_erange_longc.asm
../../_DEVELOPMENT/math/float/math48//z80/am48_derror_erange_longlongc.asm
../../_DEVELOPMENT/math/float/math48//z80/am48_derror_nanc.asm
../../_DEVELOPMENT/math/float/math48//z80/am48_derror_nannc.asm
../../_DEVELOPMENT/math/float/math48//z80/am48_derror_onc.asm
../../_DEVELOPMENT/math/float/math48//z80/am48_derror_pinfnc.asm
../../_DEVELOPMENT/math/float/math48//z80/am48_derror_zc.asm
../../_DEVELOPMENT/math/float/math48//z80/am48_derror_znc.asm
../../_DEVELOPMENT/math/float/math48//z80/am48_dfix16.asm
../../_DEVELOPMENT/math/float/math48//z80/am48_dfix16u.asm
../../_DEVELOPMENT/math/float/math48//z80/am48_dfix32.asm
../../_DEVELOPMENT/math/float/math48//z80/am48_dfix32u.asm
../../_DEVELOPMENT/math/float/math48//z80/am48_dfix64.asm
../../_DEVELOPMENT/math/float/math48//z80/am48_dfix64u.asm
../../_DEVELOPMENT/math/float/math48//z80/am48_dfix8.asm
../../_DEVELOPMENT/math/float/math48//z80/am48_dfix8u.asm
../../_DEVELOPMENT/math/float/math48//z80/am48_dfp.asm
../../_DEVELOPMENT/math/float/math48//z80/am48_dge.asm
../../_DEVELOPMENT/math/float/math48//z80/am48_dge_s.asm
../../_DEVELOPMENT/math/float/math48//z80/am48_dgt.asm
../../_DEVELOPMENT/math/float/math48//z80/am48_dgt_s.asm
../../_DEVELOPMENT/math/float/math48//z80/am48_dhexpop.asm
../../_DEVELOPMENT/math/float/math48//z80/am48_dinv.asm
../../_DEVELOPMENT/math/float/math48//z80/am48_dip.asm
../../_DEVELOPMENT/math/float/math48//z80/am48_dldpush.asm
../../_DEVELOPMENT/math/float/math48//z80/am48_dle.asm
../../_DEVELOPMENT/math/float/math48//z80/am48_dle_s.asm
../../_DEVELOPMENT/math/float/math48//z80/am48_dload.asm
../../_DEVELOPMENT/math/float/math48//z80/am48_dlt.asm
../../_DEVELOPMENT/math/float/math48//z80/am48_dlt_s.asm
../../_DEVELOPMENT/math/float/math48//z80/am48_dmul.asm
../../_DEVELOPMENT/math/float/math48//z80/am48_dmul10a.asm
../../_DEVELOPMENT/math/float/math48//z80/am48_dmul_s.asm
../../_DEVELOPMENT/math/float/math48//z80/am48_dmulpow10.asm
../../_DEVELOPMENT/math/float/math48//z80/am48_dmulpow2.asm
../../_DEVELOPMENT/math/float/math48//z80/am48_dne.asm
../../_DEVELOPMENT/math/float/math48//z80/am48_dne_s.asm
../../_DEVELOPMENT/math/float/math48//z80/am48_dneg.asm
../../_DEVELOPMENT/math/float/math48//z80/am48_double16.asm
../../_DEVELOPMENT/math/float/math48//z80/am48_double16u.asm
../../_DEVELOPMENT/math/float/math48//z80/am48_double32.asm
../../_DEVELOPMENT/math/float/math48//z80/am48_double32u.asm
../../_DEVELOPMENT/math/float/math48//z80/am48_double64.asm
../../_DEVELOPMENT/math/float/math48//z80/am48_double64u.asm
../../_DEVELOPMENT/math/float/math48//z80/am48_double8.asm
../../_DEVELOPMENT/math/float/math48//z80/am48_double8u.asm
../../_DEVELOPMENT/math/float/math48//z80/am48_dpop.asm
../../_DEVELOPMENT/math/float/math48//z80/am48_dpopret.asm
../../_DEVELOPMENT/math/float/math48//z80/am48_dpush.asm
../../_DEVELOPMENT/math/float/math48//z80/am48_dpushw.asm
../../_DEVELOPMENT/math/float/math48//z80/am48_dsigdig.asm
../../_DEVELOPMENT/math/float/math48//z80/am48_dsize.asm
../../_DEVELOPMENT/math/float/math48//z80/am48_dstore.asm
../../_DEVELOPMENT/math/float/math48//z80/am48_dsub.asm
../../_DEVELOPMENT/math/float/math48//z80/am48_dsub_s.asm
../../_DEVELOPMENT/math/float/math48//z80/am48_dswap.asm
../../_DEVELOPMENT/math/float/math48//z80/am48_erf.asm
../../_DEVELOPMENT/math/float/math48//z80/am48_erfc.asm
../../_DEVELOPMENT/math/float/math48//z80/am48_exp.asm
../../_DEVELOPMENT/math/float/math48//z80/am48_exp2.asm
../../_DEVELOPMENT/math/float/math48//z80/am48_expm1.asm
../../_DEVELOPMENT/math/float/math48//z80/am48_fabs.asm
../../_DEVELOPMENT/math/float/math48//z80/am48_fdim.asm
../../_DEVELOPMENT/math/float/math48//z80/am48_floor.asm
../../_DEVELOPMENT/math/float/math48//z80/am48_fma.asm
../../_DEVELOPMENT/math/float/math48//z80/am48_fmax.asm
../../_DEVELOPMENT/math/float/math48//z80/am48_fmin.asm
../../_DEVELOPMENT/math/float/math48//z80/am48_fmod.asm
../../_DEVELOPMENT/math/float/math48//z80/am48_fpclassify.asm
../../_DEVELOPMENT/math/float/math48//z80/am48_frexp.asm
../../_DEVELOPMENT/math/float/math48//z80/am48_hypot.asm
../../_DEVELOPMENT/math/float/math48//z80/am48_ilogb.asm
../../_DEVELOPMENT/math/float/math48//z80/am48_isgreater.asm
../../_DEVELOPMENT/math/float/math48//z80/am48_isgreaterequal.asm
../../_DEVELOPMENT/math/float/math48//z80/am48_isless.asm
../../_DEVELOPMENT/math/float/math48//z80/am48_islessequal.asm
../../_DEVELOPMENT/math/float/math48//z80/am48_islessgreater.asm
../../_DEVELOPMENT/math/float/math48//z80/am48_isunordered.asm
../../_DEVELOPMENT/math/float/math48//z80/am48_ldexp.asm
../../_DEVELOPMENT/math/float/math48//z80/am48_lgamma.asm
../../_DEVELOPMENT/math/float/math48//z80/am48_llrint.asm
../../_DEVELOPMENT/math/float/math48//z80/am48_llround.asm
../../_DEVELOPMENT/math/float/math48//z80/am48_log.asm
../../_DEVELOPMENT/math/float/math48//z80/am48_log10.asm
../../_DEVELOPMENT/math/float/math48//z80/am48_log1p.asm
../../_DEVELOPMENT/math/float/math48//z80/am48_log2.asm
../../_DEVELOPMENT/math/float/math48//z80/am48_logb.asm
../../_DEVELOPMENT/math/float/math48//z80/am48_lrint.asm
../../_DEVELOPMENT/math/float/math48//z80/am48_lround.asm
../../_DEVELOPMENT/math/float/math48//z80/am48_modf.asm
../../_DEVELOPMENT/math/float/math48//z80/am48_nan.asm
../../_DEVELOPMENT/math/float/math48//z80/am48_nan_b.asm
../../_DEVELOPMENT/math/float/math48//z80/am48_nearbyint.asm
../../_DEVELOPMENT/math/float/math48//z80/am48_nextafter.asm
../../_DEVELOPMENT/math/float/math48//z80/am48_nexttoward.asm
../../_DEVELOPMENT/math/float/math48//z80/am48_pow.asm
../../_DEVELOPMENT/math/float/math48//z80/am48_remainder.asm
../../_DEVELOPMENT/math/float/math48//z80/am48_remquo.asm
../../_DEVELOPMENT/math/float/math48//z80/am48_rint.asm
../../_DEVELOPMENT/math/float/math48//z80/am48_round.asm
../../_DEVELOPMENT/math/float/math48//z80/am48_scalbln.asm
../../_DEVELOPMENT/math/float/math48//z80/am48_scalbn.asm
../../_DEVELOPMENT/math/float/math48//z80/am48_sin.asm
../../_DEVELOPMENT/math/float/math48//z80/am48_sinh.asm
../../_DEVELOPMENT/math/float/math48//z80/am48_sqrt.asm
../../_DEVELOPMENT/math/float/math48//z80/am48_tan.asm
../../_DEVELOPMENT/math/float/math48//z80/am48_tanh.asm
../../_DEVELOPMENT/math/float/math48//z80/am48_tgamma.asm
../../_DEVELOPMENT/math/float/math48//z80/am48_trunc.asm
../../_DEVELOPMENT/math/float/math48//z80/core/mm48__ac1.asm
../../_DEVELOPMENT/math/float/math48//z80/core/mm48__ac1_3.asm
../../_DEVELOPMENT/math/float/math48//z80/core/mm48__acln2.asm
../../_DEVELOPMENT/math/float/math48//z80/core/mm48__acpi.asm
../../_DEVELOPMENT/math/float/math48//z80/core/mm48__acsqr2_2.asm
../../_DEVELOPMENT/math/float/math48//z80/core/mm48__addac.asm
../../_DEVELOPMENT/math/float/math48//z80/core/mm48__calcs.asm
../../_DEVELOPMENT/math/float/math48//z80/core/mm48__cmpac.asm
../../_DEVELOPMENT/math/float/math48//z80/core/mm48__comser.asm
../../_DEVELOPMENT/math/float/math48//z80/core/mm48__expsgn.asm
../../_DEVELOPMENT/math/float/math48//z80/core/mm48__getncix.asm
../../_DEVELOPMENT/math/float/math48//z80/core/mm48__sleft.asm
../../_DEVELOPMENT/math/float/math48//z80/core/mm48__sright.asm
../../_DEVELOPMENT/math/float/math48//z80/core/mm48__subac.asm
../../_DEVELOPMENT/math/float/math48//z80/core/mm48__zero.asm
../../_DEVELOPMENT/math/float/math48//z80/core/mm48_atn.asm
../../_DEVELOPMENT/math/float/math48//z80/core/mm48_cmp.asm
../../_DEVELOPMENT/math/float/math48//z80/core/mm48_cos.asm
../../_DEVELOPMENT/math/float/math48//z80/core/mm48_equal.asm
../../_DEVELOPMENT/math/float/math48//z80/core/mm48_exp.asm
../../_DEVELOPMENT/math/float/math48//z80/core/mm48_fpadd.asm
../../_DEVELOPMENT/math/float/math48//z80/core/mm48_fpdiv.asm
../../_DEVELOPMENT/math/float/math48//z80/core/mm48_fpmul.asm
../../_DEVELOPMENT/math/float/math48//z80/core/mm48_fpsub.asm
../../_DEVELOPMENT/math/float/math48//z80/core/mm48_frac.asm
../../_DEVELOPMENT/math/float/math48//z80/core/mm48_int.asm
../../_DEVELOPMENT/math/float/math48//z80/core/mm48_ln.asm
../../_DEVELOPMENT/math/float/math48//z80/core/mm48_log.asm
../../_DEVELOPMENT/math/float/math48//z80/core/mm48_mod.asm
../../_DEVELOPMENT/math/float/math48//z80/core/mm48_mul10.asm
../../_DEVELOPMENT/math/float/math48//z80/core/mm48_negate.asm
../../_DEVELOPMENT/math/float/math48//z80/core/mm48_pwr.asm
../../_DEVELOPMENT/math/float/math48//z80/core/mm48_sin.asm
../../_DEVELOPMENT/math/float/math48//z80/core/mm48_sqr.asm
../../_DEVELOPMENT/math/float/math48//z80/core/mm48_tan.asm
../../_DEVELOPMENT/math/float/math48//z80/core/mm48_tenf.asm
