@arch/zxn/esxdos/esxdos_asm.lst
@arch/zx/esxdos/esxdos_sdcc_ix.lst
arch/zxn/esxdos/c/sdcc_ix/esx_disk_filemap
arch/zxn/esxdos/c/sdcc_ix/esx_disk_filemap_callee
arch/zxn/esxdos/c/sdcc_ix/esx_disk_stream_bytes
arch/zxn/esxdos/c/sdcc_ix/esx_disk_stream_bytes_callee
arch/zxn/esxdos/c/sdcc_ix/esx_disk_stream_end
arch/zxn/esxdos/c/sdcc_ix/esx_disk_stream_sectors
arch/zxn/esxdos/c/sdcc_ix/esx_disk_stream_sectors_callee
arch/zxn/esxdos/c/sdcc_ix/esx_disk_stream_start
arch/zxn/esxdos/c/sdcc_ix/esx_disk_stream_start_fastcall
arch/zxn/esxdos/c/sdcc_ix/esx_dos_catalog
arch/zxn/esxdos/c/sdcc_ix/esx_dos_catalog_fastcall
arch/zxn/esxdos/c/sdcc_ix/esx_dos_catalog_next
arch/zxn/esxdos/c/sdcc_ix/esx_dos_catalog_next_fastcall
arch/zxn/esxdos/c/sdcc_ix/esx_dos_get_drive
arch/zxn/esxdos/c/sdcc_ix/esx_dos_set_drive
arch/zxn/esxdos/c/sdcc_ix/esx_dos_set_drive_fastcall
arch/zxn/esxdos/c/sdcc_ix/esx_f_chdir
arch/zxn/esxdos/c/sdcc_ix/esx_f_chdir_fastcall
arch/zxn/esxdos/c/sdcc_ix/esx_f_chmod
arch/zxn/esxdos/c/sdcc_ix/esx_f_chmod_callee
arch/zxn/esxdos/c/sdcc_ix/esx_f_close
arch/zxn/esxdos/c/sdcc_ix/esx_f_closedir
arch/zxn/esxdos/c/sdcc_ix/esx_f_closedir_fastcall
arch/zxn/esxdos/c/sdcc_ix/esx_f_close_fastcall
arch/zxn/esxdos/c/sdcc_ix/esx_f_fstat
arch/zxn/esxdos/c/sdcc_ix/esx_f_fstat_callee
arch/zxn/esxdos/c/sdcc_ix/esx_f_ftrunc
arch/zxn/esxdos/c/sdcc_ix/esx_f_ftrunc_callee
arch/zxn/esxdos/c/sdcc_ix/esx_f_get_canonical_path
arch/zxn/esxdos/c/sdcc_ix/esx_f_get_canonical_path_callee
arch/zxn/esxdos/c/sdcc_ix/esx_f_getcwd
arch/zxn/esxdos/c/sdcc_ix/esx_f_getcwd_fastcall
arch/zxn/esxdos/c/sdcc_ix/esx_f_getcwd_drive
arch/zxn/esxdos/c/sdcc_ix/esx_f_getcwd_drive_callee
arch/zxn/esxdos/c/sdcc_ix/esx_f_getfree
arch/zxn/esxdos/c/sdcc_ix/esx_f_getpos
arch/zxn/esxdos/c/sdcc_ix/esx_f_getpos_fastcall
arch/zxn/esxdos/c/sdcc_ix/esx_f_mkdir
arch/zxn/esxdos/c/sdcc_ix/esx_f_mkdir_fastcall
arch/zxn/esxdos/c/sdcc_ix/esx_f_open
arch/zxn/esxdos/c/sdcc_ix/esx_f_opendir
arch/zxn/esxdos/c/sdcc_ix/esx_f_opendir_ex
arch/zxn/esxdos/c/sdcc_ix/esx_f_opendir_ex_callee
arch/zxn/esxdos/c/sdcc_ix/esx_f_opendir_fastcall
arch/zxn/esxdos/c/sdcc_ix/esx_f_open_callee
arch/zxn/esxdos/c/sdcc_ix/esx_f_open_p3
arch/zxn/esxdos/c/sdcc_ix/esx_f_open_p3_callee
arch/zxn/esxdos/c/sdcc_ix/esx_f_read
arch/zxn/esxdos/c/sdcc_ix/esx_f_readdir
arch/zxn/esxdos/c/sdcc_ix/esx_f_readdir_callee
arch/zxn/esxdos/c/sdcc_ix/esx_f_read_callee
arch/zxn/esxdos/c/sdcc_ix/esx_f_rename
arch/zxn/esxdos/c/sdcc_ix/esx_f_rename_callee
arch/zxn/esxdos/c/sdcc_ix/esx_f_rewinddir
arch/zxn/esxdos/c/sdcc_ix/esx_f_rewinddir_fastcall
arch/zxn/esxdos/c/sdcc_ix/esx_f_rmdir
arch/zxn/esxdos/c/sdcc_ix/esx_f_rmdir_fastcall
arch/zxn/esxdos/c/sdcc_ix/esx_f_seek
arch/zxn/esxdos/c/sdcc_ix/esx_f_seekdir
arch/zxn/esxdos/c/sdcc_ix/esx_f_seekdir_callee
arch/zxn/esxdos/c/sdcc_ix/esx_f_seek_callee
arch/zxn/esxdos/c/sdcc_ix/esx_f_stat
arch/zxn/esxdos/c/sdcc_ix/esx_f_stat_callee
arch/zxn/esxdos/c/sdcc_ix/esx_f_sync
arch/zxn/esxdos/c/sdcc_ix/esx_f_sync_fastcall
arch/zxn/esxdos/c/sdcc_ix/esx_f_telldir
arch/zxn/esxdos/c/sdcc_ix/esx_f_telldir_fastcall
arch/zxn/esxdos/c/sdcc_ix/esx_f_trunc
arch/zxn/esxdos/c/sdcc_ix/esx_f_trunc_callee
arch/zxn/esxdos/c/sdcc_ix/esx_f_unlink
arch/zxn/esxdos/c/sdcc_ix/esx_f_unlink_fastcall
arch/zxn/esxdos/c/sdcc_ix/esx_f_write
arch/zxn/esxdos/c/sdcc_ix/esx_f_write_callee
arch/zxn/esxdos/c/sdcc_ix/esx_ide_bank_alloc
arch/zxn/esxdos/c/sdcc_ix/esx_ide_bank_alloc_fastcall
arch/zxn/esxdos/c/sdcc_ix/esx_ide_bank_avail
arch/zxn/esxdos/c/sdcc_ix/esx_ide_bank_avail_fastcall
arch/zxn/esxdos/c/sdcc_ix/esx_ide_bank_free
arch/zxn/esxdos/c/sdcc_ix/esx_ide_bank_free_callee
arch/zxn/esxdos/c/sdcc_ix/esx_ide_bank_reserve
arch/zxn/esxdos/c/sdcc_ix/esx_ide_bank_reserve_callee
arch/zxn/esxdos/c/sdcc_ix/esx_ide_bank_total
arch/zxn/esxdos/c/sdcc_ix/esx_ide_bank_total_fastcall
arch/zxn/esxdos/c/sdcc_ix/esx_ide_browser
arch/zxn/esxdos/c/sdcc_ix/esx_ide_browser_callee
arch/zxn/esxdos/c/sdcc_ix/esx_ide_get_lfn
arch/zxn/esxdos/c/sdcc_ix/esx_ide_get_lfn_callee
arch/zxn/esxdos/c/sdcc_ix/esx_ide_mode_get
arch/zxn/esxdos/c/sdcc_ix/esx_ide_mode_get_fastcall
arch/zxn/esxdos/c/sdcc_ix/esx_ide_mode_set
arch/zxn/esxdos/c/sdcc_ix/esx_ide_mode_set_fastcall
arch/zxn/esxdos/c/sdcc_ix/esx_m_dosversion
arch/zxn/esxdos/c/sdcc_ix/esx_m_drvapi
arch/zxn/esxdos/c/sdcc_ix/esx_m_drvapi_fastcall
arch/zxn/esxdos/c/sdcc_ix/esx_m_errh
arch/zxn/esxdos/c/sdcc_ix/esx_m_errh_fastcall
arch/zxn/esxdos/c/sdcc_ix/esx_m_execcmd
arch/zxn/esxdos/c/sdcc_ix/esx_m_execcmd_fastcall
arch/zxn/esxdos/c/sdcc_ix/esx_m_getdate
arch/zxn/esxdos/c/sdcc_ix/esx_m_getdate_fastcall
arch/zxn/esxdos/c/sdcc_ix/esx_m_getdrv
arch/zxn/esxdos/c/sdcc_ix/esx_m_geterr
arch/zxn/esxdos/c/sdcc_ix/esx_m_geterr_callee
arch/zxn/esxdos/c/sdcc_ix/esx_m_gethandle
arch/zxn/esxdos/c/sdcc_ix/esx_m_setcaps
arch/zxn/esxdos/c/sdcc_ix/esx_m_setcaps_fastcall
arch/zxn/esxdos/c/sdcc_ix/esx_m_setdrv
arch/zxn/esxdos/c/sdcc_ix/esx_m_setdrv_fastcall
arch/zxn/esxdos/c/sdcc_ix/esx_m_tapein_close
arch/zxn/esxdos/c/sdcc_ix/esx_m_tapein_flags
arch/zxn/esxdos/c/sdcc_ix/esx_m_tapein_flags_fastcall
arch/zxn/esxdos/c/sdcc_ix/esx_m_tapein_getpos
arch/zxn/esxdos/c/sdcc_ix/esx_m_tapein_info
arch/zxn/esxdos/c/sdcc_ix/esx_m_tapein_info_callee
arch/zxn/esxdos/c/sdcc_ix/esx_m_tapein_open
arch/zxn/esxdos/c/sdcc_ix/esx_m_tapein_open_fastcall
arch/zxn/esxdos/c/sdcc_ix/esx_m_tapein_setpos
arch/zxn/esxdos/c/sdcc_ix/esx_m_tapein_setpos_fastcall
arch/zxn/esxdos/c/sdcc_ix/esx_m_tapein_toggle_pause
arch/zxn/esxdos/c/sdcc_ix/esx_m_tapeout_close
arch/zxn/esxdos/c/sdcc_ix/esx_m_tapeout_info
arch/zxn/esxdos/c/sdcc_ix/esx_m_tapeout_info_callee
arch/zxn/esxdos/c/sdcc_ix/esx_m_tapeout_open
arch/zxn/esxdos/c/sdcc_ix/esx_m_tapeout_open_fastcall
arch/zxn/esxdos/c/sdcc_ix/esx_m_tapeout_trunc
arch/zxn/esxdos/c/sdcc_ix/esx_m_tapeout_trunc_fastcall
arch/zxn/esxdos/c/sdcc_ix/esx_slice_dirent
arch/zxn/esxdos/c/sdcc_ix/esx_slice_dirent_fastcall
arch/zxn/esxdos/c/sdcc_ix/extended_sna_load
arch/zxn/esxdos/c/sdcc_ix/extended_sna_load_fastcall
arch/zxn/esxdos/c/sdcc_ix/p3dos_copy_cstr_to_pstr
arch/zxn/esxdos/c/sdcc_ix/p3dos_copy_cstr_to_pstr_callee
arch/zxn/esxdos/c/sdcc_ix/p3dos_copy_pstr_to_cstr
arch/zxn/esxdos/c/sdcc_ix/p3dos_copy_pstr_to_cstr_callee
arch/zxn/esxdos/c/sdcc_ix/p3dos_cstr_to_pstr
arch/zxn/esxdos/c/sdcc_ix/p3dos_cstr_to_pstr_fastcall
arch/zxn/esxdos/c/sdcc_ix/p3dos_dosname_from_catname
arch/zxn/esxdos/c/sdcc_ix/p3dos_dosname_from_catname_callee
arch/zxn/esxdos/c/sdcc_ix/p3dos_edrv_from_pdrv
arch/zxn/esxdos/c/sdcc_ix/p3dos_edrv_from_pdrv_fastcall
arch/zxn/esxdos/c/sdcc_ix/p3dos_pdrv_from_edrv
arch/zxn/esxdos/c/sdcc_ix/p3dos_pdrv_from_edrv_fastcall
arch/zxn/esxdos/c/sdcc_ix/p3dos_pstr_to_cstr
arch/zxn/esxdos/c/sdcc_ix/p3dos_pstr_to_cstr_fastcall
