adt/wv_stack/c/sdcc_iy/wv_stack_capacity
adt/wv_stack/c/sdcc_iy/wv_stack_capacity_fastcall
adt/wv_stack/c/sdcc_iy/wv_stack_clear
adt/wv_stack/c/sdcc_iy/wv_stack_clear_fastcall
adt/wv_stack/c/sdcc_iy/wv_stack_destroy
adt/wv_stack/c/sdcc_iy/wv_stack_destroy_fastcall
adt/wv_stack/c/sdcc_iy/wv_stack_empty
adt/wv_stack/c/sdcc_iy/wv_stack_empty_fastcall
adt/wv_stack/c/sdcc_iy/wv_stack_init
adt/wv_stack/c/sdcc_iy/wv_stack_init_callee
adt/wv_stack/c/sdcc_iy/wv_stack_max_size
adt/wv_stack/c/sdcc_iy/wv_stack_max_size_fastcall
adt/wv_stack/c/sdcc_iy/wv_stack_pop
adt/wv_stack/c/sdcc_iy/wv_stack_pop_fastcall
adt/wv_stack/c/sdcc_iy/wv_stack_push
adt/wv_stack/c/sdcc_iy/wv_stack_push_callee
adt/wv_stack/c/sdcc_iy/wv_stack_reserve
adt/wv_stack/c/sdcc_iy/wv_stack_reserve_callee
adt/wv_stack/c/sdcc_iy/wv_stack_shrink_to_fit
adt/wv_stack/c/sdcc_iy/wv_stack_shrink_to_fit_fastcall
adt/wv_stack/c/sdcc_iy/wv_stack_size
adt/wv_stack/c/sdcc_iy/wv_stack_size_fastcall
adt/wv_stack/c/sdcc_iy/wv_stack_top
adt/wv_stack/c/sdcc_iy/wv_stack_top_fastcall
@adt/wv_stack/wv_stack_asm.lst
