error/z80/_errno
error/z80/errno_mc
error/z80/errno_zc
error/z80/errno_znc
error/z80/error_bc_zc
error/z80/error_divide_by_zero_mc
error/z80/error_divide_by_zero_zc
error/z80/error_eacces_mc
error/z80/error_ebadf_mc
error/z80/error_ebadf_zc
error/z80/error_ebdfd_mc
error/z80/error_ebdfd_zc
error/z80/error_edom_mc
error/z80/error_edom_zc
error/z80/error_efbig_mc
error/z80/error_efbig_zc
error/z80/error_einval_mc
error/z80/error_einval_zc
error/z80/error_einval_znc
error/z80/error_eio_mc
error/z80/error_emfile_zc
error/z80/error_enfile_mc
error/z80/error_enolck_mc
error/z80/error_enolck_zc
error/z80/error_enomem_mc
error/z80/error_enomem_zc
error/z80/error_enotsup_mc
error/z80/error_enotsup_zc
error/z80/error_eoverflow_mc
error/z80/error_eoverflow_zc
error/z80/error_erange_llmc
error/z80/error_erange_lmc
error/z80/error_erange_mc
error/z80/error_erange_zc
error/z80/error_estat_zc
error/z80/error_ewouldblock_zc
error/z80/error_llmc
error/z80/error_llmnc
error/z80/error_llzc
error/z80/error_llznc
error/z80/error_lmc
error/z80/error_lmnc
error/z80/error_lzc
error/z80/error_lznc
error/z80/error_mc
error/z80/error_mnc
error/z80/error_mulu_overflow_mc
error/z80/error_oc
error/z80/error_onc
error/z80/error_zc
error/z80/error_znc
