adt/b_array/z80/asm_b_array_append
adt/b_array/z80/asm_b_array_append_block
adt/b_array/z80/asm_b_array_append_n
adt/b_array/z80/asm_b_array_at
adt/b_array/z80/asm_b_array_back
adt/b_array/z80/asm_b_array_capacity
adt/b_array/z80/asm_b_array_clear
adt/b_array/z80/asm_b_array_data
adt/b_array/z80/asm_b_array_destroy
adt/b_array/z80/asm_b_array_empty
adt/b_array/z80/asm_b_array_erase
adt/b_array/z80/asm_b_array_erase_block
adt/b_array/z80/asm_b_array_erase_range
adt/b_array/z80/asm_b_array_front
adt/b_array/z80/asm_b_array_init
adt/b_array/z80/asm_b_array_insert
adt/b_array/z80/asm_b_array_insert_block
adt/b_array/z80/asm_b_array_insert_n
adt/b_array/z80/asm_b_array_pop_back
adt/b_array/z80/asm_b_array_push_back
adt/b_array/z80/asm_b_array_read_block
adt/b_array/z80/asm_b_array_resize
adt/b_array/z80/asm_b_array_size
adt/b_array/z80/asm_b_array_write_block
adt/b_array/z80/__array_at
adt/b_array/z80/__array_expand
adt/b_array/z80/__array_info
adt/b_array/z80/__array_make_room
adt/b_array/z80/__array_make_room_best_effort
