adt/b_vector/c/sccz80/b_vector_append
adt/b_vector/c/sccz80/b_vector_append_block
adt/b_vector/c/sccz80/b_vector_append_block_callee
adt/b_vector/c/sccz80/b_vector_append_callee
adt/b_vector/c/sccz80/b_vector_append_n
adt/b_vector/c/sccz80/b_vector_append_n_callee
adt/b_vector/c/sccz80/b_vector_at
adt/b_vector/c/sccz80/b_vector_at_callee
adt/b_vector/c/sccz80/b_vector_back
adt/b_vector/c/sccz80/b_vector_capacity
adt/b_vector/c/sccz80/b_vector_clear
adt/b_vector/c/sccz80/b_vector_data
adt/b_vector/c/sccz80/b_vector_destroy
adt/b_vector/c/sccz80/b_vector_empty
adt/b_vector/c/sccz80/b_vector_erase
adt/b_vector/c/sccz80/b_vector_erase_block
adt/b_vector/c/sccz80/b_vector_erase_block_callee
adt/b_vector/c/sccz80/b_vector_erase_callee
adt/b_vector/c/sccz80/b_vector_erase_range
adt/b_vector/c/sccz80/b_vector_erase_range_callee
adt/b_vector/c/sccz80/b_vector_front
adt/b_vector/c/sccz80/b_vector_init
adt/b_vector/c/sccz80/b_vector_init_callee
adt/b_vector/c/sccz80/b_vector_insert
adt/b_vector/c/sccz80/b_vector_insert_block
adt/b_vector/c/sccz80/b_vector_insert_block_callee
adt/b_vector/c/sccz80/b_vector_insert_callee
adt/b_vector/c/sccz80/b_vector_insert_n
adt/b_vector/c/sccz80/b_vector_insert_n_callee
adt/b_vector/c/sccz80/b_vector_max_size
adt/b_vector/c/sccz80/b_vector_pop_back
adt/b_vector/c/sccz80/b_vector_push_back
adt/b_vector/c/sccz80/b_vector_push_back_callee
adt/b_vector/c/sccz80/b_vector_read_block
adt/b_vector/c/sccz80/b_vector_read_block_callee
adt/b_vector/c/sccz80/b_vector_reserve
adt/b_vector/c/sccz80/b_vector_reserve_callee
adt/b_vector/c/sccz80/b_vector_resize
adt/b_vector/c/sccz80/b_vector_resize_callee
adt/b_vector/c/sccz80/b_vector_shrink_to_fit
adt/b_vector/c/sccz80/b_vector_size
adt/b_vector/c/sccz80/b_vector_write_block
adt/b_vector/c/sccz80/b_vector_write_block_callee
@adt/b_vector/b_vector_asm.lst
