temp/sp1/zx/sprites/asm_sp1_AddColSpr
temp/sp1/zx/sprites/asm_sp1_ChangeSprType
temp/sp1/zx/sprites/asm_sp1_CreateSpr
temp/sp1/zx/sprites/asm_sp1_DeleteSpr
temp/sp1/zx/sprites/asm_sp1_GetSprClr
temp/sp1/zx/sprites/asm_sp1_GetSprClrAddr
temp/sp1/zx/sprites/asm_sp1_InitCharStruct
temp/sp1/zx/sprites/asm_sp1_InsertCharStruct
temp/sp1/zx/sprites/asm_sp1_IterateSprChar
temp/sp1/zx/sprites/asm_sp1_IterateUpdateSpr
temp/sp1/zx/sprites/asm_sp1_MoveSprAbs
temp/sp1/zx/sprites/asm_sp1_MoveSprPix
temp/sp1/zx/sprites/asm_sp1_MoveSprRel
temp/sp1/zx/sprites/asm_sp1_PreShiftSpr
temp/sp1/zx/sprites/asm_sp1_PutSprClr
temp/sp1/zx/sprites/asm_sp1_RemoveCharStruct
temp/sp1/zx/sprites/_sp1_struct_cs_prototype
temp/sp1/zx/sprites/_sp1_struct_ss_prototype
temp/sp1/zx/sprites/__sp1_add_spr_char
temp/sp1/zx/sprites/__sp1_remove_spr_char
temp/sp1/zx/sprites/draw/SP1_DRAW_ATTR
temp/sp1/zx/sprites/draw/SP1_DRAW_LOAD1
temp/sp1/zx/sprites/draw/SP1_DRAW_LOAD1LB
temp/sp1/zx/sprites/draw/SP1_DRAW_LOAD1LBIM
temp/sp1/zx/sprites/draw/SP1_DRAW_LOAD1NR
temp/sp1/zx/sprites/draw/SP1_DRAW_LOAD1RB
temp/sp1/zx/sprites/draw/SP1_DRAW_LOAD1RBIM
temp/sp1/zx/sprites/draw/SP1_DRAW_LOAD2
temp/sp1/zx/sprites/draw/SP1_DRAW_LOAD2LB
temp/sp1/zx/sprites/draw/SP1_DRAW_LOAD2LBIM
temp/sp1/zx/sprites/draw/SP1_DRAW_LOAD2NR
temp/sp1/zx/sprites/draw/SP1_DRAW_LOAD2RB
temp/sp1/zx/sprites/draw/SP1_DRAW_LOAD2RBIM
temp/sp1/zx/sprites/draw/SP1_DRAW_MASK2
temp/sp1/zx/sprites/draw/SP1_DRAW_MASK2LB
temp/sp1/zx/sprites/draw/SP1_DRAW_MASK2NR
temp/sp1/zx/sprites/draw/SP1_DRAW_MASK2RB
temp/sp1/zx/sprites/draw/SP1_DRAW_OR1
temp/sp1/zx/sprites/draw/SP1_DRAW_OR1LB
temp/sp1/zx/sprites/draw/SP1_DRAW_OR1NR
temp/sp1/zx/sprites/draw/SP1_DRAW_OR1RB
temp/sp1/zx/sprites/draw/SP1_DRAW_OR2
temp/sp1/zx/sprites/draw/SP1_DRAW_OR2LB
temp/sp1/zx/sprites/draw/SP1_DRAW_OR2NR
temp/sp1/zx/sprites/draw/SP1_DRAW_OR2RB
temp/sp1/zx/sprites/draw/SP1_DRAW_XOR1
temp/sp1/zx/sprites/draw/SP1_DRAW_XOR1LB
temp/sp1/zx/sprites/draw/SP1_DRAW_XOR1NR
temp/sp1/zx/sprites/draw/SP1_DRAW_XOR1RB
temp/sp1/zx/sprites/draw/SP1_DRAW_XOR2
temp/sp1/zx/sprites/draw/SP1_DRAW_XOR2LB
temp/sp1/zx/sprites/draw/SP1_DRAW_XOR2NR
temp/sp1/zx/sprites/draw/SP1_DRAW_XOR2RB
temp/sp1/zx/tiles/asm_sp1_ClearRect
temp/sp1/zx/tiles/asm_sp1_ClearRectInv
temp/sp1/zx/tiles/asm_sp1_GetTiles
temp/sp1/zx/tiles/asm_sp1_PrintAt
temp/sp1/zx/tiles/asm_sp1_PrintAtInv
temp/sp1/zx/tiles/asm_sp1_PrintString
temp/sp1/zx/tiles/asm_sp1_PutTiles
temp/sp1/zx/tiles/asm_sp1_PutTilesInv
temp/sp1/zx/tiles/asm_sp1_ScreenAttr
temp/sp1/zx/tiles/asm_sp1_ScreenStr
temp/sp1/zx/tiles/asm_sp1_SetPrintPos
temp/sp1/zx/tiles/asm_sp1_TileEntry
temp/sp1/zx/tiles/SP1PrintString
temp/sp1/zx/tiles/SP1PSPOP
temp/sp1/zx/tiles/SP1PSPUSH
temp/sp1/zx/updater/asm_sp1_DrawUpdateStructAlways
temp/sp1/zx/updater/asm_sp1_DrawUpdateStructIfInv
temp/sp1/zx/updater/asm_sp1_DrawUpdateStructIfNotRem
temp/sp1/zx/updater/asm_sp1_DrawUpdateStructIfVal
temp/sp1/zx/updater/asm_sp1_GetUpdateStruct
temp/sp1/zx/updater/asm_sp1_Initialize
temp/sp1/zx/updater/asm_sp1_Invalidate
temp/sp1/zx/updater/asm_sp1_InvUpdateStruct
temp/sp1/zx/updater/asm_sp1_IterateUpdateArr
temp/sp1/zx/updater/asm_sp1_IterateUpdateRect
temp/sp1/zx/updater/asm_sp1_RemoveUpdateStruct
temp/sp1/zx/updater/asm_sp1_RestoreUpdateStruct
temp/sp1/zx/updater/asm_sp1_UpdateNow
temp/sp1/zx/updater/asm_sp1_Validate
temp/sp1/zx/updater/asm_sp1_ValUpdateStruct
temp/sp1/zx/updater/SP1DrawUpdateStruct
