adt/wv_priority_queue/c/sdcc_ix/wv_priority_queue_capacity
adt/wv_priority_queue/c/sdcc_ix/wv_priority_queue_capacity_fastcall
adt/wv_priority_queue/c/sdcc_ix/wv_priority_queue_clear
adt/wv_priority_queue/c/sdcc_ix/wv_priority_queue_clear_fastcall
adt/wv_priority_queue/c/sdcc_ix/wv_priority_queue_data
adt/wv_priority_queue/c/sdcc_ix/wv_priority_queue_data_fastcall
adt/wv_priority_queue/c/sdcc_ix/wv_priority_queue_destroy
adt/wv_priority_queue/c/sdcc_ix/wv_priority_queue_destroy_fastcall
adt/wv_priority_queue/c/sdcc_ix/wv_priority_queue_empty
adt/wv_priority_queue/c/sdcc_ix/wv_priority_queue_empty_fastcall
adt/wv_priority_queue/c/sdcc_ix/wv_priority_queue_init
adt/wv_priority_queue/c/sdcc_ix/wv_priority_queue_init_callee
adt/wv_priority_queue/c/sdcc_ix/wv_priority_queue_max_size
adt/wv_priority_queue/c/sdcc_ix/wv_priority_queue_max_size_fastcall
adt/wv_priority_queue/c/sdcc_ix/wv_priority_queue_pop
adt/wv_priority_queue/c/sdcc_ix/wv_priority_queue_pop_fastcall
adt/wv_priority_queue/c/sdcc_ix/wv_priority_queue_push
adt/wv_priority_queue/c/sdcc_ix/wv_priority_queue_push_callee
adt/wv_priority_queue/c/sdcc_ix/wv_priority_queue_reserve
adt/wv_priority_queue/c/sdcc_ix/wv_priority_queue_reserve_callee
adt/wv_priority_queue/c/sdcc_ix/wv_priority_queue_resize
adt/wv_priority_queue/c/sdcc_ix/wv_priority_queue_resize_callee
adt/wv_priority_queue/c/sdcc_ix/wv_priority_queue_shrink_to_fit
adt/wv_priority_queue/c/sdcc_ix/wv_priority_queue_shrink_to_fit_fastcall
adt/wv_priority_queue/c/sdcc_ix/wv_priority_queue_size
adt/wv_priority_queue/c/sdcc_ix/wv_priority_queue_size_fastcall
adt/wv_priority_queue/c/sdcc_ix/wv_priority_queue_top
adt/wv_priority_queue/c/sdcc_ix/wv_priority_queue_top_fastcall
@adt/wv_priority_queue/wv_priority_queue_asm.lst
