stdio/z80/asm_asprintf
stdio/z80/asm_clearerr
stdio/z80/asm_clearerr_unlocked
stdio/z80/asm_fclose
stdio/z80/asm_fclose_unlocked
stdio/z80/asm_fdopen
stdio/z80/asm_feof
stdio/z80/asm_feof_unlocked
stdio/z80/asm_ferror
stdio/z80/asm_ferror_unlocked
stdio/z80/asm_fflush
stdio/z80/asm_fflush_unlocked
stdio/z80/asm_fileno
stdio/z80/asm_fileno_unlocked
stdio/z80/asm_fgetc
stdio/z80/asm_fgetc_unlocked
stdio/z80/asm_fgetpos
stdio/z80/asm_fgetpos_unlocked
stdio/z80/asm_fgets
stdio/z80/asm_fgets_unlocked
stdio/z80/asm_fileno
stdio/z80/asm_fileno_unlocked
stdio/z80/asm_flockfile
stdio/z80/asm_fmemopen
stdio/z80/asm_fopen
stdio/z80/asm_fprintf
stdio/z80/asm_fprintf_unlocked
stdio/z80/asm_fputc
stdio/z80/asm_fputc_unlocked
stdio/z80/asm_fputs
stdio/z80/asm_fputs_unlocked
stdio/z80/asm_fread
stdio/z80/asm_fread_unlocked
stdio/z80/asm_freopen
stdio/z80/asm_freopen_unlocked
stdio/z80/asm_fscanf
stdio/z80/asm_fscanf_unlocked
stdio/z80/asm_fseek
stdio/z80/asm_fseek_unlocked
stdio/z80/asm_fsetpos
stdio/z80/asm_fsetpos_unlocked
stdio/z80/asm_ftell
stdio/z80/asm_ftell_unlocked
stdio/z80/asm_ftrylockfile
stdio/z80/asm_funlockfile
stdio/z80/asm_fwrite
stdio/z80/asm_fwrite_unlocked
stdio/z80/asm_getc
stdio/z80/asm_getchar
stdio/z80/asm_getchar_unlocked
stdio/z80/asm_getc_unlocked
stdio/z80/asm_getdelim
stdio/z80/asm_getdelim_unlocked
stdio/z80/asm_getline
stdio/z80/asm_getline_unlocked
stdio/z80/asm_gets
stdio/z80/asm_gets_unlocked
stdio/z80/asm_obstack_printf
stdio/z80/asm_obstack_vprintf
stdio/z80/asm_open_memstream
stdio/z80/asm_perror
stdio/z80/asm_printf
stdio/z80/asm_printf_unlocked
stdio/z80/asm_putc
stdio/z80/asm_putchar
stdio/z80/asm_putchar_unlocked
stdio/z80/asm_putc_unlocked
stdio/z80/asm_puts
stdio/z80/asm_puts_unlocked
stdio/z80/asm_rewind
stdio/z80/asm_rewind_unlocked
stdio/z80/asm_scanf
stdio/z80/asm_scanf_unlocked
stdio/z80/asm_snprintf
stdio/z80/asm_sprintf
stdio/z80/asm_sscanf
stdio/z80/asm_ungetc
stdio/z80/asm_ungetc_unlocked
stdio/z80/asm_vasprintf
stdio/z80/asm_vfprintf
stdio/z80/asm_vfprintf_unlocked
stdio/z80/asm_vfscanf
stdio/z80/asm_vfscanf_unlocked
stdio/z80/asm_vprintf
stdio/z80/asm_vprintf_unlocked
stdio/z80/asm_vscanf
stdio/z80/asm_vscanf_unlocked
stdio/z80/asm_vsnprintf
stdio/z80/asm_vsprintf
stdio/z80/asm_vsscanf
stdio/z80/asm__fflushall
stdio/z80/asm__fflushall_unlocked
stdio/z80/asm__fmemopen
stdio/z80/__stdio_file_add_list
stdio/z80/__stdio_file_allocate
stdio/z80/__stdio_file_constructor
stdio/z80/__stdio_file_deallocate
stdio/z80/__stdio_file_destructor
stdio/z80/__stdio_file_init
stdio/z80/__stdio_file_list_lock
stdio/z80/__stdio_length_modifier
stdio/z80/__stdio_lock_acquire
stdio/z80/__stdio_lock_file_list
stdio/z80/__stdio_lock_release
stdio/z80/__stdio_lock_tryacquire
stdio/z80/__stdio_nextarg_bc
stdio/z80/__stdio_nextarg_de
stdio/z80/__stdio_nextarg_hl
stdio/z80/__stdio_parse_mode
stdio/z80/__stdio_unlock_file_list
stdio/z80/__stdio_varg
stdio/z80/__stdio_verify_input
stdio/z80/__stdio_verify_output
stdio/z80/__stdio_verify_valid
stdio/z80/__stdio_verify_valid_lock
stdio/z80/input_helpers/__stdio_input_sm_fgets
stdio/z80/input_helpers/__stdio_input_sm_getdelim
stdio/z80/input_helpers/__stdio_input_sm_gets
stdio/z80/input_helpers/__stdio_recv_input_eatc
stdio/z80/input_helpers/__stdio_recv_input_eat_ws
stdio/z80/input_helpers/__stdio_recv_input_raw_eatc
stdio/z80/input_helpers/__stdio_recv_input_raw_eat_ws
stdio/z80/input_helpers/__stdio_recv_input_raw_getc
stdio/z80/input_helpers/__stdio_recv_input_raw_read
stdio/z80/input_helpers/__stdio_recv_input_read
stdio/z80/input_helpers/__stdio_scanf_bb
stdio/z80/input_helpers/__stdio_scanf_bkt
stdio/z80/input_helpers/__stdio_scanf_c
stdio/z80/input_helpers/__stdio_scanf_d
stdio/z80/input_helpers/__stdio_scanf_i
stdio/z80/input_helpers/__stdio_scanf_ii
stdio/z80/input_helpers/__stdio_scanf_lbb
stdio/z80/input_helpers/__stdio_scanf_ld
stdio/z80/input_helpers/__stdio_scanf_li
stdio/z80/input_helpers/__stdio_scanf_lld
stdio/z80/input_helpers/__stdio_scanf_lli
stdio/z80/input_helpers/__stdio_scanf_llo
stdio/z80/input_helpers/__stdio_scanf_llu
stdio/z80/input_helpers/__stdio_scanf_llx
stdio/z80/input_helpers/__stdio_scanf_ln
stdio/z80/input_helpers/__stdio_scanf_lo
stdio/z80/input_helpers/__stdio_scanf_lp
stdio/z80/input_helpers/__stdio_scanf_lu
stdio/z80/input_helpers/__stdio_scanf_lx
stdio/z80/input_helpers/__stdio_scanf_n
stdio/z80/input_helpers/__stdio_scanf_number_head
stdio/z80/input_helpers/__stdio_scanf_number_tail_int
stdio/z80/input_helpers/__stdio_scanf_number_tail_long
stdio/z80/input_helpers/__stdio_scanf_number_tail_longlong
stdio/z80/input_helpers/__stdio_scanf_o
stdio/z80/input_helpers/__stdio_scanf_p
stdio/z80/input_helpers/__stdio_scanf_s
stdio/z80/input_helpers/__stdio_scanf_sm_binary
stdio/z80/input_helpers/__stdio_scanf_sm_bkt
stdio/z80/input_helpers/__stdio_scanf_sm_decimal
stdio/z80/input_helpers/__stdio_scanf_sm_format
stdio/z80/input_helpers/__stdio_scanf_sm_hex
stdio/z80/input_helpers/__stdio_scanf_sm_i
stdio/z80/input_helpers/__stdio_scanf_sm_ii
stdio/z80/input_helpers/__stdio_scanf_sm_octal
stdio/z80/input_helpers/__stdio_scanf_sm_string
stdio/z80/input_helpers/__stdio_scanf_sm_write
stdio/z80/input_helpers/__stdio_scanf_u
stdio/z80/input_helpers/__stdio_scanf_x
stdio/z80/output_helpers/__stdio_printf_a
stdio/z80/output_helpers/__stdio_printf_bb
stdio/z80/output_helpers/__stdio_printf_c
stdio/z80/output_helpers/__stdio_printf_d
stdio/z80/output_helpers/__stdio_printf_e
stdio/z80/output_helpers/__stdio_printf_f
stdio/z80/output_helpers/__stdio_printf_float_tail
stdio/z80/output_helpers/__stdio_printf_g
stdio/z80/output_helpers/__stdio_printf_i
stdio/z80/output_helpers/__stdio_printf_ii
stdio/z80/output_helpers/__stdio_printf_lbb
stdio/z80/output_helpers/__stdio_printf_ld
stdio/z80/output_helpers/__stdio_printf_li
stdio/z80/output_helpers/__stdio_printf_lld
stdio/z80/output_helpers/__stdio_printf_lli
stdio/z80/output_helpers/__stdio_printf_llo
stdio/z80/output_helpers/__stdio_printf_llu
stdio/z80/output_helpers/__stdio_printf_llx
stdio/z80/output_helpers/__stdio_printf_ln
stdio/z80/output_helpers/__stdio_printf_lo
stdio/z80/output_helpers/__stdio_printf_lp
stdio/z80/output_helpers/__stdio_printf_lu
stdio/z80/output_helpers/__stdio_printf_lx
stdio/z80/output_helpers/__stdio_printf_n
stdio/z80/output_helpers/__stdio_printf_number_tail
stdio/z80/output_helpers/__stdio_printf_number_tail_int
stdio/z80/output_helpers/__stdio_printf_number_tail_long
stdio/z80/output_helpers/__stdio_printf_number_tail_longlong
stdio/z80/output_helpers/__stdio_printf_o
stdio/z80/output_helpers/__stdio_printf_p
stdio/z80/output_helpers/__stdio_printf_s
stdio/z80/output_helpers/__stdio_printf_sign
stdio/z80/output_helpers/__stdio_printf_u
stdio/z80/output_helpers/__stdio_printf_x
stdio/z80/output_helpers/__stdio_send_output
stdio/z80/output_helpers/__stdio_send_output_raw
