stdio/c/sccz80/asprintf
stdio/c/sccz80/clearerr
stdio/c/sccz80/clearerr_unlocked
stdio/c/sccz80/fclose
stdio/c/sccz80/fclose_unlocked
stdio/c/sccz80/fdopen
stdio/c/sccz80/fdopen_callee
stdio/c/sccz80/feof
stdio/c/sccz80/feof_unlocked
stdio/c/sccz80/ferror
stdio/c/sccz80/ferror_unlocked
stdio/c/sccz80/fflush
stdio/c/sccz80/fflush_unlocked
stdio/c/sccz80/fgetc
stdio/c/sccz80/fgetc_unlocked
stdio/c/sccz80/fgetpos
stdio/c/sccz80/fgetpos_callee
stdio/c/sccz80/fgetpos_unlocked
stdio/c/sccz80/fgetpos_unlocked_callee
stdio/c/sccz80/fgets
stdio/c/sccz80/fgets_callee
stdio/c/sccz80/fgets_unlocked
stdio/c/sccz80/fgets_unlocked_callee
stdio/c/sccz80/fileno
stdio/c/sccz80/fileno_unlocked
stdio/c/sccz80/flockfile
stdio/c/sccz80/fmemopen
stdio/c/sccz80/fmemopen_callee
stdio/c/sccz80/fopen
stdio/c/sccz80/fopen_callee
stdio/c/sccz80/fprintf
stdio/c/sccz80/fprintf_unlocked
stdio/c/sccz80/fputc
stdio/c/sccz80/fputc_callee
stdio/c/sccz80/fputc_unlocked
stdio/c/sccz80/fputc_unlocked_callee
stdio/c/sccz80/fputs
stdio/c/sccz80/fputs_callee
stdio/c/sccz80/fputs_unlocked
stdio/c/sccz80/fputs_unlocked_callee
stdio/c/sccz80/fread
stdio/c/sccz80/fread_callee
stdio/c/sccz80/fread_unlocked
stdio/c/sccz80/fread_unlocked_callee
stdio/c/sccz80/freopen
stdio/c/sccz80/freopen_callee
stdio/c/sccz80/freopen_unlocked
stdio/c/sccz80/freopen_unlocked_callee
stdio/c/sccz80/fscanf
stdio/c/sccz80/fscanf_unlocked
stdio/c/sccz80/fseek
stdio/c/sccz80/fseek_callee
stdio/c/sccz80/fseek_unlocked
stdio/c/sccz80/fseek_unlocked_callee
stdio/c/sccz80/fsetpos
stdio/c/sccz80/fsetpos_callee
stdio/c/sccz80/fsetpos_unlocked
stdio/c/sccz80/fsetpos_unlocked_callee
stdio/c/sccz80/ftell
stdio/c/sccz80/ftell_unlocked
stdio/c/sccz80/ftrylockfile
stdio/c/sccz80/funlockfile
stdio/c/sccz80/fwrite
stdio/c/sccz80/fwrite_callee
stdio/c/sccz80/fwrite_unlocked
stdio/c/sccz80/fwrite_unlocked_callee
stdio/c/sccz80/getc
stdio/c/sccz80/getchar
stdio/c/sccz80/getchar_unlocked
stdio/c/sccz80/getc_unlocked
stdio/c/sccz80/getdelim
stdio/c/sccz80/getdelim_callee
stdio/c/sccz80/getdelim_unlocked
stdio/c/sccz80/getdelim_unlocked_callee
stdio/c/sccz80/getline
stdio/c/sccz80/getline_callee
stdio/c/sccz80/getline_unlocked
stdio/c/sccz80/getline_unlocked_callee
stdio/c/sccz80/gets
stdio/c/sccz80/gets_unlocked
stdio/c/sccz80/obstack_printf
stdio/c/sccz80/obstack_vprintf
stdio/c/sccz80/obstack_vprintf_callee
stdio/c/sccz80/open_memstream
stdio/c/sccz80/open_memstream_callee
stdio/c/sccz80/perror
stdio/c/sccz80/printf
stdio/c/sccz80/printf_unlocked
stdio/c/sccz80/putc
stdio/c/sccz80/putchar
stdio/c/sccz80/putchar_unlocked
stdio/c/sccz80/putc_callee
stdio/c/sccz80/putc_unlocked
stdio/c/sccz80/putc_unlocked_callee
stdio/c/sccz80/puts
stdio/c/sccz80/puts_unlocked
stdio/c/sccz80/rewind
stdio/c/sccz80/rewind_unlocked
stdio/c/sccz80/scanf
stdio/c/sccz80/scanf_unlocked
stdio/c/sccz80/snprintf
stdio/c/sccz80/sprintf
stdio/c/sccz80/sscanf
stdio/c/sccz80/ungetc
stdio/c/sccz80/ungetc_callee
stdio/c/sccz80/ungetc_unlocked
stdio/c/sccz80/ungetc_unlocked_callee
stdio/c/sccz80/vasprintf
stdio/c/sccz80/vasprintf_callee
stdio/c/sccz80/vfprintf
stdio/c/sccz80/vfprintf_callee
stdio/c/sccz80/vfprintf_unlocked
stdio/c/sccz80/vfprintf_unlocked_callee
stdio/c/sccz80/vfscanf
stdio/c/sccz80/vfscanf_callee
stdio/c/sccz80/vfscanf_unlocked
stdio/c/sccz80/vfscanf_unlocked_callee
stdio/c/sccz80/vprintf
stdio/c/sccz80/vprintf_callee
stdio/c/sccz80/vprintf_unlocked
stdio/c/sccz80/vprintf_unlocked_callee
stdio/c/sccz80/vscanf
stdio/c/sccz80/vscanf_callee
stdio/c/sccz80/vscanf_unlocked
stdio/c/sccz80/vscanf_unlocked_callee
stdio/c/sccz80/vsnprintf
stdio/c/sccz80/vsnprintf_callee
stdio/c/sccz80/vsprintf
stdio/c/sccz80/vsprintf_callee
stdio/c/sccz80/vsscanf
stdio/c/sccz80/vsscanf_callee
stdio/c/sccz80/_fmemopen_
stdio/c/sccz80/_fmemopen__callee
@stdio/stdio_asm.lst
