stdio/c/sdcc_iy/asprintf
stdio/c/sdcc_iy/clearerr
stdio/c/sdcc_iy/clearerr_fastcall
stdio/c/sdcc_iy/clearerr_unlocked
stdio/c/sdcc_iy/clearerr_unlocked_fastcall
stdio/c/sdcc_iy/fclose
stdio/c/sdcc_iy/fclose_fastcall
stdio/c/sdcc_iy/fclose_unlocked
stdio/c/sdcc_iy/fclose_unlocked_fastcall
stdio/c/sdcc_iy/fdopen
stdio/c/sdcc_iy/fdopen_callee
stdio/c/sdcc_iy/feof
stdio/c/sdcc_iy/feof_fastcall
stdio/c/sdcc_iy/feof_unlocked
stdio/c/sdcc_iy/feof_unlocked_fastcall
stdio/c/sdcc_iy/ferror
stdio/c/sdcc_iy/ferror_fastcall
stdio/c/sdcc_iy/ferror_unlocked
stdio/c/sdcc_iy/ferror_unlocked_fastcall
stdio/c/sdcc_iy/fflush
stdio/c/sdcc_iy/fflush_fastcall
stdio/c/sdcc_iy/fflush_unlocked
stdio/c/sdcc_iy/fflush_unlocked_fastcall
stdio/c/sdcc_iy/fgetc
stdio/c/sdcc_iy/fgetc_fastcall
stdio/c/sdcc_iy/fgetc_unlocked
stdio/c/sdcc_iy/fgetc_unlocked_fastcall
stdio/c/sdcc_iy/fgetpos
stdio/c/sdcc_iy/fgetpos_callee
stdio/c/sdcc_iy/fgetpos_unlocked
stdio/c/sdcc_iy/fgetpos_unlocked_callee
stdio/c/sdcc_iy/fgets
stdio/c/sdcc_iy/fgets_callee
stdio/c/sdcc_iy/fgets_unlocked
stdio/c/sdcc_iy/fgets_unlocked_callee
stdio/c/sdcc_iy/fileno
stdio/c/sdcc_iy/fileno_fastcall
stdio/c/sdcc_iy/fileno_unlocked
stdio/c/sdcc_iy/fileno_unlocked_fastcall
stdio/c/sdcc_iy/flockfile
stdio/c/sdcc_iy/flockfile_fastcall
stdio/c/sdcc_iy/fmemopen
stdio/c/sdcc_iy/fmemopen_callee
stdio/c/sdcc_iy/fopen
stdio/c/sdcc_iy/fopen_callee
stdio/c/sdcc_iy/fprintf
stdio/c/sdcc_iy/fprintf_unlocked
stdio/c/sdcc_iy/fputc
stdio/c/sdcc_iy/fputc_callee
stdio/c/sdcc_iy/fputc_unlocked
stdio/c/sdcc_iy/fputc_unlocked_callee
stdio/c/sdcc_iy/fputs
stdio/c/sdcc_iy/fputs_callee
stdio/c/sdcc_iy/fputs_unlocked
stdio/c/sdcc_iy/fputs_unlocked_callee
stdio/c/sdcc_iy/fread
stdio/c/sdcc_iy/fread_callee
stdio/c/sdcc_iy/fread_unlocked
stdio/c/sdcc_iy/fread_unlocked_callee
stdio/c/sdcc_iy/freopen
stdio/c/sdcc_iy/freopen_callee
stdio/c/sdcc_iy/freopen_unlocked
stdio/c/sdcc_iy/freopen_unlocked_callee
stdio/c/sdcc_iy/fscanf
stdio/c/sdcc_iy/fscanf_unlocked
stdio/c/sdcc_iy/fseek
stdio/c/sdcc_iy/fseek_callee
stdio/c/sdcc_iy/fseek_unlocked
stdio/c/sdcc_iy/fseek_unlocked_callee
stdio/c/sdcc_iy/fsetpos
stdio/c/sdcc_iy/fsetpos_callee
stdio/c/sdcc_iy/fsetpos_unlocked
stdio/c/sdcc_iy/fsetpos_unlocked_callee
stdio/c/sdcc_iy/ftell
stdio/c/sdcc_iy/ftell_fastcall
stdio/c/sdcc_iy/ftell_unlocked
stdio/c/sdcc_iy/ftell_unlocked_fastcall
stdio/c/sdcc_iy/ftrylockfile
stdio/c/sdcc_iy/ftrylockfile_fastcall
stdio/c/sdcc_iy/funlockfile
stdio/c/sdcc_iy/funlockfile_fastcall
stdio/c/sdcc_iy/fwrite
stdio/c/sdcc_iy/fwrite_callee
stdio/c/sdcc_iy/fwrite_unlocked
stdio/c/sdcc_iy/fwrite_unlocked_callee
stdio/c/sdcc_iy/getc
stdio/c/sdcc_iy/getc_fastcall
stdio/c/sdcc_iy/getchar
stdio/c/sdcc_iy/getchar_unlocked
stdio/c/sdcc_iy/getc_unlocked
stdio/c/sdcc_iy/getc_unlocked_fastcall
stdio/c/sdcc_iy/getdelim
stdio/c/sdcc_iy/getdelim_callee
stdio/c/sdcc_iy/getdelim_unlocked
stdio/c/sdcc_iy/getdelim_unlocked_callee
stdio/c/sdcc_iy/getline
stdio/c/sdcc_iy/getline_callee
stdio/c/sdcc_iy/getline_unlocked
stdio/c/sdcc_iy/getline_unlocked_callee
stdio/c/sdcc_iy/gets
stdio/c/sdcc_iy/gets_fastcall
stdio/c/sdcc_iy/gets_unlocked
stdio/c/sdcc_iy/gets_unlocked_fastcall
stdio/c/sdcc_iy/obstack_printf
stdio/c/sdcc_iy/obstack_vprintf
stdio/c/sdcc_iy/obstack_vprintf_callee
stdio/c/sdcc_iy/open_memstream
stdio/c/sdcc_iy/open_memstream_callee
stdio/c/sdcc_iy/perror
stdio/c/sdcc_iy/perror_fastcall
stdio/c/sdcc_iy/printf
stdio/c/sdcc_iy/printf_unlocked
stdio/c/sdcc_iy/putc
stdio/c/sdcc_iy/putc_callee
stdio/c/sdcc_iy/putchar
stdio/c/sdcc_iy/putchar_fastcall
stdio/c/sdcc_iy/putchar_unlocked
stdio/c/sdcc_iy/putchar_unlocked_fastcall
stdio/c/sdcc_iy/putc_unlocked
stdio/c/sdcc_iy/putc_unlocked_callee
stdio/c/sdcc_iy/puts
stdio/c/sdcc_iy/puts_fastcall
stdio/c/sdcc_iy/puts_unlocked
stdio/c/sdcc_iy/puts_unlocked_fastcall
stdio/c/sdcc_iy/rewind
stdio/c/sdcc_iy/rewind_fastcall
stdio/c/sdcc_iy/rewind_unlocked
stdio/c/sdcc_iy/rewind_unlocked_fastcall
stdio/c/sdcc_iy/scanf
stdio/c/sdcc_iy/scanf_unlocked
stdio/c/sdcc_iy/snprintf
stdio/c/sdcc_iy/sprintf
stdio/c/sdcc_iy/sscanf
stdio/c/sdcc_iy/ungetc
stdio/c/sdcc_iy/ungetc_callee
stdio/c/sdcc_iy/ungetc_unlocked
stdio/c/sdcc_iy/ungetc_unlocked_callee
stdio/c/sdcc_iy/vasprintf
stdio/c/sdcc_iy/vasprintf_callee
stdio/c/sdcc_iy/vfprintf
stdio/c/sdcc_iy/vfprintf_callee
stdio/c/sdcc_iy/vfprintf_unlocked
stdio/c/sdcc_iy/vfprintf_unlocked_callee
stdio/c/sdcc_iy/vfscanf
stdio/c/sdcc_iy/vfscanf_callee
stdio/c/sdcc_iy/vfscanf_unlocked
stdio/c/sdcc_iy/vfscanf_unlocked_callee
stdio/c/sdcc_iy/vprintf
stdio/c/sdcc_iy/vprintf_callee
stdio/c/sdcc_iy/vprintf_unlocked
stdio/c/sdcc_iy/vprintf_unlocked_callee
stdio/c/sdcc_iy/vscanf
stdio/c/sdcc_iy/vscanf_callee
stdio/c/sdcc_iy/vscanf_unlocked
stdio/c/sdcc_iy/vscanf_unlocked_callee
stdio/c/sdcc_iy/vsnprintf
stdio/c/sdcc_iy/vsnprintf_callee
stdio/c/sdcc_iy/vsprintf
stdio/c/sdcc_iy/vsprintf_callee
stdio/c/sdcc_iy/vsscanf
stdio/c/sdcc_iy/vsscanf_callee
stdio/c/sdcc_iy/_fmemopen_
stdio/c/sdcc_iy/_fmemopen__callee
@stdio/stdio_asm.lst
