l/z80/l_bitset_locate
l/z80/l_call_hl
l/z80/l_call_ix
l/z80/l_call_ix_00
l/z80/l_call_ix_dd
l/z80/l_call_iy
l/z80/l_command_line_parse
l/z80/l_command_line_parse_in_place
l/z80/l_compare_de_hl
l/z80/l_dec_bc
l/z80/l_dec_de
l/z80/l_ei_reti
l/z80/l_ex_bc_de
l/z80/l_ex_bc_hl
l/z80/l_inc_hl
l/z80/l_inc_sp
l/z80/l_ini
l/z80/l_ini_loop
l/z80/l_jphl
l/z80/l_jpix
l/z80/l_jpix_00
l/z80/l_jpix_dd
l/z80/l_jpiy
l/z80/l_ldd
l/z80/l_ldd_loop
l/z80/l_ldi
l/z80/l_ldi_loop
l/z80/l_mirror
l/z80/l_offset_ix_bc
l/z80/l_offset_ix_de
l/z80/l_outi
l/z80/l_outi_loop
l/z80/l_readword_2_hl
l/z80/l_readword_hl
l/z80/l_ret
l/z80/l_retn
l/z80/l_setmem_de
l/z80/l_setmem_hl
l/z80/l_swap_ixiy
l/z80/l_testword_hl
l/z80/l_zeroword_hl
l/z80/ascii/l_char2num
l/z80/ascii/l_eat_base_prefix
l/z80/ascii/l_eat_ddigits
l/z80/ascii/l_eat_digits
l/z80/ascii/l_eat_hdigits
l/z80/ascii/l_eat_sign
l/z80/ascii/l_eat_ws
l/z80/ascii/l_hex_nibble
l/z80/ascii/l_num2char
l/z80/ascii/l_valid_base
l/z80/ascii/num_to_txt/l_ultoa
l/z80/ascii/num_to_txt/l_ultob
l/z80/ascii/num_to_txt/l_ultoh
l/z80/ascii/num_to_txt/l_ultoo
l/z80/ascii/num_to_txt/l_utoa
l/z80/ascii/num_to_txt/l_utob
l/z80/ascii/num_to_txt/l_utoh
l/z80/ascii/num_to_txt/l_utoo
l/z80/ascii/num_to_txt/fast/l_fast_ultoa
l/z80/ascii/num_to_txt/fast/l_fast_ultob
l/z80/ascii/num_to_txt/fast/l_fast_ultoh
l/z80/ascii/num_to_txt/fast/l_fast_ultoo
l/z80/ascii/num_to_txt/fast/l_fast_utoa
l/z80/ascii/num_to_txt/fast/l_fast_utob
l/z80/ascii/num_to_txt/fast/l_fast_utoh
l/z80/ascii/num_to_txt/fast/l_fast_utoo
l/z80/ascii/num_to_txt/small/l_small_ultoa
l/z80/ascii/num_to_txt/small/l_small_ultob
l/z80/ascii/num_to_txt/small/l_small_ultoh
l/z80/ascii/num_to_txt/small/l_small_ultoo
l/z80/ascii/num_to_txt/small/l_small_utoa
l/z80/ascii/num_to_txt/small/l_small_utob
l/z80/ascii/num_to_txt/small/l_small_utoh
l/z80/ascii/num_to_txt/small/l_small_utoo
l/z80/ascii/txt_to_num/l_atou
l/z80/ascii/txt_to_num/l_atoul
l/z80/ascii/txt_to_num/l_btou
l/z80/ascii/txt_to_num/l_btoul
l/z80/ascii/txt_to_num/l_htou
l/z80/ascii/txt_to_num/l_htoul
l/z80/ascii/txt_to_num/l_otou
l/z80/ascii/txt_to_num/l_otoul
l/z80/ascii/txt_to_num/fast/l_fast_atou
l/z80/ascii/txt_to_num/fast/l_fast_atoul
l/z80/ascii/txt_to_num/fast/l_fast_btou
l/z80/ascii/txt_to_num/fast/l_fast_btoul
l/z80/ascii/txt_to_num/fast/l_fast_htou
l/z80/ascii/txt_to_num/fast/l_fast_htoul
l/z80/ascii/txt_to_num/fast/l_fast_otou
l/z80/ascii/txt_to_num/fast/l_fast_otoul
l/z80/ascii/txt_to_num/small/l_small_atou
l/z80/ascii/txt_to_num/small/l_small_atoul
l/z80/ascii/txt_to_num/small/l_small_btou
l/z80/ascii/txt_to_num/small/l_small_btoul
l/z80/ascii/txt_to_num/small/l_small_htou
l/z80/ascii/txt_to_num/small/l_small_htoul
l/z80/ascii/txt_to_num/small/l_small_otou
l/z80/ascii/txt_to_num/small/l_small_otoul
l/z80/integer/l_addu_hl_bc
l/z80/integer/l_addu_hl_de
l/z80/integer/l_asr_hl
l/z80/integer/l_divu_hl
l/z80/integer/l_incu_bc
l/z80/integer/l_incu_de
l/z80/integer/l_incu_hl
l/z80/integer/l_lsl_hl
l/z80/integer/l_lsr_hl
l/z80/integer/l_ltu_bc_de
l/z80/integer/l_ltu_bc_hl
l/z80/integer/l_ltu_de_hl
l/z80/integer/l_ltu_hl_bc
l/z80/integer/l_ltu_hl_de
l/z80/integer/l_maxu_bc_hl
l/z80/integer/l_minu_bc_hl
l/z80/integer/l_minu_de_hl
l/z80/integer/l_neg_bc
l/z80/integer/l_neg_de
l/z80/integer/l_neg_hl
l/z80/integer/l_power_2_bc
l/z80/integer/l_power_2_c
l/z80/integer/l_utod_de
l/z80/integer/l_utod_hl
l/z80/integer/fast/l_fast_asr_hl
l/z80/integer/fast/l_fast_lsl_hl
l/z80/integer/fast/l_fast_lsr_hl
l/z80/integer/small/l_small_asr_hl
l/z80/integer/small/l_small_lsl_hl
l/z80/integer/small/l_small_lsr_hl
l/z80/logical/l_andc_hl_bc
l/z80/logical/l_andc_hl_de
l/z80/logical/l_cpl_dehl
l/z80/logical/l_cpl_hl
l/z80/long/l_asr_dehl
l/z80/long/l_dec_dehl
l/z80/long/l_decs_dehl
l/z80/long/l_decu_dehl
l/z80/long/l_inc_dehl
l/z80/long/l_long_add_exx
l/z80/long/l_long_add_mhl_bc
l/z80/long/l_long_add_stack
l/z80/long/l_long_addu_exx
l/z80/long/l_long_addu_stack
l/z80/long/l_long_addus_exx
l/z80/long/l_long_cmpu_mde_mhl
l/z80/long/l_long_inc_mhl
l/z80/long/l_long_load_mhl
l/z80/long/l_long_sbc_mde_mhl
l/z80/long/l_long_sbc_stack
l/z80/long/l_long_sbcu_exx
l/z80/long/l_long_store_mhl
l/z80/long/l_lsl_dehl
l/z80/long/l_lsr_dehl
l/z80/long/l_minu_bc_dehl
l/z80/long/l_neg_dehl
l/z80/long/fast/l_fast_asr_dehl
l/z80/long/fast/l_fast_lsl_dehl
l/z80/long/fast/l_fast_lsr_dehl
l/z80/long/small/l_small_asr_dehl
l/z80/long/small/l_small_lsl_dehl
l/z80/long/small/l_small_lsr_dehl
l/z80/longlong/l_add_64_dehldehl_a
l/z80/longlong/l_add_64_mde_mbc_mhl
l/z80/longlong/l_add_64_mde_mhl
l/z80/longlong/l_asr_dehldehl
l/z80/longlong/l_cpl_64_dehldehl
l/z80/longlong/l_cpl_64_mhl
l/z80/longlong/l_inc_64_dehldehl
l/z80/longlong/l_load_64_dehldehl_mbc
l/z80/longlong/l_lsl_dehldehl
l/z80/longlong/l_lsr_dehldehl
l/z80/longlong/l_neg_64_dehldehl
l/z80/longlong/l_neg_64_mhl
l/z80/longlong/l_store_64_dehldehl_mbc
l/z80/longlong/l_sub_64_mde_mbc_mhl
l/z80/longlong/l_sub_64_mde_mhl
l/z80/longlong/l_testzero_64_mhl
l/z80/longlong/l_testzero_64_dehldehl
l/z80/longlong/fast/l_fast_asr_dehldehl
l/z80/longlong/fast/l_fast_lsl_dehldehl
l/z80/longlong/fast/l_fast_lsr_dehldehl
l/z80/longlong/small/l_small_asr_dehldehl
l/z80/longlong/small/l_small_lsl_dehldehl
l/z80/longlong/small/l_small_lsr_dehldehl
