l/sccz80/crt0/getarg
l/sccz80/crt0/l_and
l/sccz80/crt0/l_asl
l/sccz80/crt0/l_asr
l/sccz80/crt0/l_asr_u
l/sccz80/crt0/l_bcneg
l/sccz80/crt0/l_bool
l/sccz80/crt0/l_case
l/sccz80/crt0/l_cm_bc
l/sccz80/crt0/l_cm_de
l/sccz80/crt0/l_cmp
l/sccz80/crt0/l_com
l/sccz80/crt0/l_compare_result
l/sccz80/crt0/l_deneg
l/sccz80/crt0/l_div
l/sccz80/crt0/l_div_u
l/sccz80/crt0/l_eq
l/sccz80/crt0/l_g2charspsp
l/sccz80/crt0/l_g2intspsp
l/sccz80/crt0/l_gchar
l/sccz80/crt0/l_gcharsp
l/sccz80/crt0/l_gcharspsp
l/sccz80/crt0/l_ge
l/sccz80/crt0/l_getptr
l/sccz80/crt0/l_ghtonsint
l/sccz80/crt0/l_gint
l/sccz80/crt0/l_gint_eq
l/sccz80/crt0/l_gint7de
l/sccz80/crt0/l_gintsp2de
l/sccz80/crt0/l_gintsp
l/sccz80/crt0/l_gintspchar
l/sccz80/crt0/l_gintspsp
l/sccz80/crt0/l_glong
l/sccz80/crt0/l_glong2sp
l/sccz80/crt0/l_glonghlp
l/sccz80/crt0/l_glongsp
l/sccz80/crt0/l_gt
l/sccz80/crt0/l_le
l/sccz80/crt0/l_lneg
l/sccz80/crt0/l_lt
l/sccz80/crt0/l_mul
l/sccz80/crt0/l_ne
l/sccz80/crt0/l_neg
l/sccz80/crt0/l_or
l/sccz80/crt0/l_pint
l/sccz80/crt0/l_pint_eq
l/sccz80/crt0/l_pint_ex
l/sccz80/crt0/l_pint_pop
l/sccz80/crt0/l_plong
l/sccz80/crt0/l_pop_ei
l/sccz80/crt0/l_push_di
l/sccz80/crt0/l_putptr
l/sccz80/crt0/l_sub
l/sccz80/crt0/l_sxt
l/sccz80/crt0/l_ucmp
l/sccz80/crt0/l_uge
l/sccz80/crt0/l_ugt
l/sccz80/crt0/l_ule
l/sccz80/crt0/l_ult
l/sccz80/crt0/l_xor
l/sccz80/crt0_long/int2long_s
l/sccz80/crt0_long/int2long_s_float
l/sccz80/crt0_long/int2long_u_float
l/sccz80/crt0_long/l_declong
l/sccz80/crt0_long/l_inclong
l/sccz80/crt0_long/l_long_add
l/sccz80/crt0_long/l_long_and
l/sccz80/crt0_long/l_long_asl
l/sccz80/crt0_long/l_long_aslo
l/sccz80/crt0_long/l_long_asr
l/sccz80/crt0_long/l_long_asr_u
l/sccz80/crt0_long/l_long_asr_uo
l/sccz80/crt0_long/l_long_asro
l/sccz80/crt0_long/l_long_bool
l/sccz80/crt0_long/l_long_case
l/sccz80/crt0_long/l_long_cmp
l/sccz80/crt0_long/l_long_com
l/sccz80/crt0_long/l_long_dec
l/sccz80/crt0_long/l_long_div
l/sccz80/crt0_long/l_long_div_u
l/sccz80/crt0_long/l_long_eq
l/sccz80/crt0_long/l_long_ge
l/sccz80/crt0_long/l_long_gt
l/sccz80/crt0_long/l_long_inc
l/sccz80/crt0_long/l_long_le
l/sccz80/crt0_long/l_long_lneg
l/sccz80/crt0_long/l_long_lt
l/sccz80/crt0_long/l_long_mult
l/sccz80/crt0_long/l_long_ne
l/sccz80/crt0_long/l_long_neg
l/sccz80/crt0_long/l_long_or
l/sccz80/crt0_long/l_long_sub
l/sccz80/crt0_long/l_long_ucmp
l/sccz80/crt0_long/l_long_uge
l/sccz80/crt0_long/l_long_ugt
l/sccz80/crt0_long/l_long_ule
l/sccz80/crt0_long/l_long_ult
l/sccz80/crt0_long/l_long_xor
l/sccz80/crt0_long/lpush2
