l/sdcc/____sdcc_2_copy_src_mhl_dst_bcix
l/sdcc/____sdcc_2_copy_src_mhl_dst_deix
l/sdcc/____sdcc_4_copy_src_mhl_dst_bcix
l/sdcc/____sdcc_4_copy_src_mhl_dst_deix
l/sdcc/____sdcc_4_copy_src_mhl_dst_mbc
l/sdcc/____sdcc_4_ldi_nosave_bc
l/sdcc/____sdcc_4_ldi_save_bc
l/sdcc/____sdcc_4_push_hlix
l/sdcc/____sdcc_4_push_mhl
l/sdcc/____sdcc_cpu_pop_ei
l/sdcc/____sdcc_cpu_pop_ei_jp
l/sdcc/____sdcc_cpu_push_di
l/sdcc/____sdcc_ini
l/sdcc/____sdcc_ini_128
l/sdcc/____sdcc_ini_256
l/sdcc/____sdcc_ini_512
l/sdcc/____sdcc_ldi
l/sdcc/____sdcc_ldi_128
l/sdcc/____sdcc_ldi_256
l/sdcc/____sdcc_lib_setmem_hl
l/sdcc/____sdcc_ll_add_de_bc_hl
l/sdcc/____sdcc_ll_add_de_bc_hlix
l/sdcc/____sdcc_ll_add_de_hlix_bc
l/sdcc/____sdcc_ll_add_de_hlix_bcix
l/sdcc/____sdcc_ll_add_deix_bc_hl
l/sdcc/____sdcc_ll_add_deix_hlix
l/sdcc/____sdcc_ll_add_hlix_bc_deix
l/sdcc/____sdcc_ll_add_hlix_deix_bc
l/sdcc/____sdcc_ll_add_hlix_deix_bcix
l/sdcc/____sdcc_ll_asr_hlix_a
l/sdcc/____sdcc_ll_asr_mbc_a
l/sdcc/____sdcc_ll_copy_src_de_dst_hlix
l/sdcc/____sdcc_ll_copy_src_de_dst_hlsp
l/sdcc/____sdcc_ll_copy_src_deix_dst_hl
l/sdcc/____sdcc_ll_copy_src_deix_dst_hlix
l/sdcc/____sdcc_ll_copy_src_deixm_dst_hlsp
l/sdcc/____sdcc_ll_copy_src_desp_dst_hlsp
l/sdcc/____sdcc_ll_copy_src_hl_dst_de
l/sdcc/____sdcc_ll_copy_src_hlsp_dst_de
l/sdcc/____sdcc_ll_copy_src_hlsp_dst_deixm
l/sdcc/____sdcc_ll_lsl_hlix_a
l/sdcc/____sdcc_ll_lsl_mbc_a
l/sdcc/____sdcc_ll_lsr_hlix_a
l/sdcc/____sdcc_ll_lsr_mbc_a
l/sdcc/____sdcc_ll_push_hlix
l/sdcc/____sdcc_ll_push_mhl
l/sdcc/____sdcc_ll_sub_de_bc_hl
l/sdcc/____sdcc_ll_sub_de_bc_hlix
l/sdcc/____sdcc_ll_sub_de_hlix_bc
l/sdcc/____sdcc_ll_sub_de_hlix_bcix
l/sdcc/____sdcc_ll_sub_deix_bc_hl
l/sdcc/____sdcc_ll_sub_deix_hlix
l/sdcc/____sdcc_ll_sub_hlix_bc_deix
l/sdcc/____sdcc_ll_sub_hlix_deix_bc
l/sdcc/____sdcc_ll_sub_hlix_deix_bcix
l/sdcc/____sdcc_load_debc_deix
l/sdcc/____sdcc_load_dehl_deix
l/sdcc/____sdcc_load_debc_mhl
l/sdcc/____sdcc_load_hlde_mhl
l/sdcc/____sdcc_outi
l/sdcc/____sdcc_outi_128
l/sdcc/____sdcc_outi_256
l/sdcc/____sdcc_store_debc_hlix
l/sdcc/____sdcc_store_debc_mhl
l/sdcc/____sdcc_store_dehl_bcix
l/sdcc/____sdcc_cpu_pop_ei
l/sdcc/____sdcc_cpu_pop_ei_jp
l/sdcc/____sdcc_cpu_push_di
l/sdcc/___sdcc_call_hl
l/sdcc/___sdcc_call_iy
l/sdcc/___sdcc_enter_ix
l/sdcc/__divschar
l/sdcc/__divschar_callee
l/sdcc/__divsint
l/sdcc/__divsint_callee
l/sdcc/__divslong
l/sdcc/__divslong_callee
l/sdcc/__divslonglong
l/sdcc/__divslonglong_callee
l/sdcc/__divsuchar
l/sdcc/__divsuchar_callee
l/sdcc/__divuchar
l/sdcc/__divuchar_callee
l/sdcc/__divuint
l/sdcc/__divuint_callee
l/sdcc/__divulong
l/sdcc/__divulong_callee
l/sdcc/__divulonglong
l/sdcc/__divulonglong_callee
l/sdcc/__divuschar
l/sdcc/__divuschar_callee
l/sdcc/__modschar
l/sdcc/__modschar_callee
l/sdcc/__modsint
l/sdcc/__modsint_callee
l/sdcc/__modslong
l/sdcc/__modslong_callee
l/sdcc/__modslonglong
l/sdcc/__modslonglong_callee
l/sdcc/__modsuchar
l/sdcc/__modsuchar_callee
l/sdcc/__moduchar
l/sdcc/__moduchar_callee
l/sdcc/__moduint
l/sdcc/__moduint_callee
l/sdcc/__modulong
l/sdcc/__modulong_callee
l/sdcc/__modulonglong
l/sdcc/__modulonglong_callee
l/sdcc/__moduschar
l/sdcc/__moduschar_callee
l/sdcc/__mulint
l/sdcc/__mulint_callee
l/sdcc/__mullong
l/sdcc/__mullong_callee
l/sdcc/__mullonglong
l/sdcc/__mullonglong_callee
l/sdcc/__mulschar
l/sdcc/__mulschar_callee
l/sdcc/__mulsuchar
l/sdcc/__mulsuchar_callee
l/sdcc/__muluschar
l/sdcc/__muluschar_callee
l/sdcc/__rlslonglong
l/sdcc/__rlslonglong_callee
l/sdcc/__rlulonglong
l/sdcc/__rlulonglong_callee
l/sdcc/__rrslonglong
l/sdcc/__rrslonglong_callee
l/sdcc/__rrulonglong
l/sdcc/__rrulonglong_callee
l/sdcc/__sdcc_exit_div_64
l/sdcc/__sdcc_exit_div_64_callee
l/sdcc/__sdcc_exit_mod_64
l/sdcc/__sdcc_exit_mod_64_callee
l/sdcc/____sdcc_4_copy_srcd_hlix_dst_deix
l/sdcc/____sdcc_4_and_src_mbc_mhl_dst_deix
l/sdcc/____sdcc_4_or_src_mbc_mhl_dst_deix
l/sdcc/____sdcc_4_xor_src_mbc_mhl_dst_deix
l/sdcc/____sdcc_4_or_src_dehl_dst_bcix
l/sdcc/____sdcc_4_xor_src_dehl_dst_bcix
l/sdcc/____sdcc_4_and_src_dehl_dst_bcix
l/sdcc/____sdcc_4_xor_src_mbc_mhl_dst_debc
l/sdcc/____sdcc_4_or_src_mbc_mhl_dst_debc
l/sdcc/____sdcc_4_and_src_mbc_mhl_dst_debc
l/sdcc/____sdcc_4_cpl_src_mhl_dst_debc
l/sdcc/____sdcc_4_xor_src_debc_mhl_dst_debc
l/sdcc/____sdcc_4_or_src_debc_mhl_dst_debc
l/sdcc/____sdcc_4_and_src_debc_mhl_dst_debc
l/sdcc/____sdcc_4_and_src_debc_hlix_dst_debc
l/sdcc/____sdcc_4_or_src_debc_hlix_dst_debc
l/sdcc/____sdcc_4_xor_src_debc_hlix_dst_debc
