interrupts/im2/im2_CreateGenericISRLight
interrupts/im2/im2_CreateGenericISR_callee
interrupts/im2/im2_Init
interrupts/im2/im2_RegHookLast_callee
interrupts/im2/im2_RemoveHook_callee
interrupts/im2/IM2RemoveHook
interrupts/im2/im2_RegHookFirst_callee
interrupts/im2/im2_InstallISR_callee
interrupts/im2/im2_InstallISR
interrupts/im2/IM2CreateCommon
interrupts/im2/im2_CreateGenericISR
interrupts/im2/im2_RegHookFirst
interrupts/im2/im2_RegHookLast
interrupts/im2/im2_RemoveHook
interrupts/im2/im2_CreateGenericISRLight_callee
interrupts/im2/im2_EmptyISR
interrupts/common/asm_interrupt_add_handler
interrupts/common/tick_count_isr
interrupts/common/asm_interrupt_handler
interrupts/common/asm_interrupt_remove_handler
interrupts/im1/im1_vectors
interrupts/im1/im1_install_isr
interrupts/im1/im1_uninstall_isr
interrupts/im1/im1_init
interrupts/im1/im1_handler
interrupts/nmi/nmi_vectors
interrupts/nmi/nmi_install_isr
interrupts/nmi/nmi_uninstall_isr
interrupts/nmi/nmi_init
interrupts/nmi/nmi_handler
