@arch/sms/vram/vram_asm.lst
arch/sms/vram/c/sccz80/sms_copy_mem_to_vram
arch/sms/vram/c/sccz80/sms_copy_mem_to_vram_callee
arch/sms/vram/c/sccz80/sms_copy_mem_to_vram_unsafe
arch/sms/vram/c/sccz80/sms_copy_mem_to_vram_unsafe_callee
arch/sms/vram/c/sccz80/sms_copy_vram_to_mem
arch/sms/vram/c/sccz80/sms_copy_vram_to_mem_callee
arch/sms/vram/c/sccz80/sms_copy_vram_to_mem_unsafe
arch/sms/vram/c/sccz80/sms_copy_vram_to_mem_unsafe_callee
arch/sms/vram/c/sccz80/sms_memcpy_mem_to_cram
arch/sms/vram/c/sccz80/sms_memcpy_mem_to_cram_callee
arch/sms/vram/c/sccz80/sms_memcpy_mem_to_cram_unsafe
arch/sms/vram/c/sccz80/sms_memcpy_mem_to_cram_unsafe_callee
arch/sms/vram/c/sccz80/sms_memcpy_mem_to_vram
arch/sms/vram/c/sccz80/sms_memcpy_mem_to_vram_callee
arch/sms/vram/c/sccz80/sms_memcpy_mem_to_vram_unsafe
arch/sms/vram/c/sccz80/sms_memcpy_mem_to_vram_unsafe_callee
arch/sms/vram/c/sccz80/sms_memcpy_vram_to_mem
arch/sms/vram/c/sccz80/sms_memcpy_vram_to_mem_callee
arch/sms/vram/c/sccz80/sms_memcpy_vram_to_mem_unsafe
arch/sms/vram/c/sccz80/sms_memcpy_vram_to_mem_unsafe_callee
arch/sms/vram/c/sccz80/sms_memcpy_vram_to_vram
arch/sms/vram/c/sccz80/sms_memcpy_vram_to_vram_callee
arch/sms/vram/c/sccz80/sms_memcpy_vram_to_vram_unsafe
arch/sms/vram/c/sccz80/sms_memcpy_vram_to_vram_unsafe_callee
arch/sms/vram/c/sccz80/sms_memset_vram
arch/sms/vram/c/sccz80/sms_memset_vram_callee
arch/sms/vram/c/sccz80/sms_memset_vram_unsafe
arch/sms/vram/c/sccz80/sms_memset_vram_unsafe_callee
arch/sms/vram/c/sccz80/sms_memsetw_vram
arch/sms/vram/c/sccz80/sms_memsetw_vram_callee
arch/sms/vram/c/sccz80/sms_memsetw_vram_unsafe
arch/sms/vram/c/sccz80/sms_memsetw_vram_unsafe_callee
arch/sms/vram/c/sccz80/sms_set_vram
arch/sms/vram/c/sccz80/sms_set_vram_callee
arch/sms/vram/c/sccz80/sms_set_vram_unsafe
arch/sms/vram/c/sccz80/sms_set_vram_unsafe_callee
arch/sms/vram/c/sccz80/sms_setw_vram
arch/sms/vram/c/sccz80/sms_setw_vram_callee
arch/sms/vram/c/sccz80/sms_setw_vram_unsafe
arch/sms/vram/c/sccz80/sms_setw_vram_unsafe_callee
