font/fzx/fonts/dkud1/Beerland2/_ff_dkud1_Beerland2
font/fzx/fonts/dkud1/Cinema/_ff_dkud1_Cinema
font/fzx/fonts/dkud1/Cobretti/_ff_dkud1_Cobretti
font/fzx/fonts/dkud1/Consul/_ff_dkud1_Consul1
font/fzx/fonts/dkud1/Consul/_ff_dkud1_Consul2
font/fzx/fonts/dkud1/Crusade/_ff_dkud1_Crusade
font/fzx/fonts/dkud1/DoubleBold/_ff_dkud1_DoubleBold
font/fzx/fonts/dkud1/Edice13/_ff_dkud1_Edice13
font/fzx/fonts/dkud1/JmenoRuze/_ff_dkud1_JmenoRuze
font/fzx/fonts/dkud1/Kurziva/_ff_dkud1_Kurziva
font/fzx/fonts/dkud1/Little/_ff_dkud1_Little
font/fzx/fonts/dkud1/MahJongg/_ff_dkud1_MahJongg
font/fzx/fonts/dkud1/Overline/_ff_dkud1_Overline
font/fzx/fonts/dkud1/Phones2/_ff_dkud1_Phones2
font/fzx/fonts/dkud1/RightBold/_ff_dkud1_RightBold
font/fzx/fonts/dkud1/SciFi/_ff_dkud1_SciFi
font/fzx/fonts/dkud1/Sinclair/_ff_dkud1_Sinclair
font/fzx/fonts/dkud1/Subtitles/_ff_dkud1_Subtitles
font/fzx/fonts/dkud1/Transcript/_ff_dkud1_Transcript
font/fzx/fonts/dkud1/UpnUp/_ff_dkud1_UpnUp1
font/fzx/fonts/dkud1/UpnUp/_ff_dkud1_UpnUp2
