math/float/math48/lm/c/sdcc_iy/acos
math/float/math48/lm/c/sdcc_iy/acosh
math/float/math48/lm/c/sdcc_iy/acosh_fastcall
math/float/math48/lm/c/sdcc_iy/acos_fastcall
math/float/math48/lm/c/sdcc_iy/asin
math/float/math48/lm/c/sdcc_iy/asinh
math/float/math48/lm/c/sdcc_iy/asinh_fastcall
math/float/math48/lm/c/sdcc_iy/asin_fastcall
math/float/math48/lm/c/sdcc_iy/atan
math/float/math48/lm/c/sdcc_iy/atan2
math/float/math48/lm/c/sdcc_iy/atan2_callee
math/float/math48/lm/c/sdcc_iy/atanh
math/float/math48/lm/c/sdcc_iy/atanh_fastcall
math/float/math48/lm/c/sdcc_iy/atan_fastcall
math/float/math48/lm/c/sdcc_iy/cbrt
math/float/math48/lm/c/sdcc_iy/cbrt_fastcall
math/float/math48/lm/c/sdcc_iy/ceil
math/float/math48/lm/c/sdcc_iy/ceil_fastcall
math/float/math48/lm/c/sdcc_iy/copysign
math/float/math48/lm/c/sdcc_iy/copysign_callee
math/float/math48/lm/c/sdcc_iy/cos
math/float/math48/lm/c/sdcc_iy/cosh
math/float/math48/lm/c/sdcc_iy/cosh_fastcall
math/float/math48/lm/c/sdcc_iy/cos_fastcall
math/float/math48/lm/c/sdcc_iy/d2mlib
math/float/math48/lm/c/sdcc_iy/dcallee1
math/float/math48/lm/c/sdcc_iy/dcallee2
math/float/math48/lm/c/sdcc_iy/dload
math/float/math48/lm/c/sdcc_iy/dread
math/float/math48/lm/c/sdcc_iy/dstore
math/float/math48/lm/c/sdcc_iy/erf
math/float/math48/lm/c/sdcc_iy/erfc
math/float/math48/lm/c/sdcc_iy/erfc_fastcall
math/float/math48/lm/c/sdcc_iy/erf_fastcall
math/float/math48/lm/c/sdcc_iy/exp
math/float/math48/lm/c/sdcc_iy/exp2
math/float/math48/lm/c/sdcc_iy/exp2_fastcall
math/float/math48/lm/c/sdcc_iy/expm1
math/float/math48/lm/c/sdcc_iy/expm1_fastcall
math/float/math48/lm/c/sdcc_iy/exp_fastcall
math/float/math48/lm/c/sdcc_iy/fabs
math/float/math48/lm/c/sdcc_iy/fabs_fastcall
math/float/math48/lm/c/sdcc_iy/fdim
math/float/math48/lm/c/sdcc_iy/fdim_callee
math/float/math48/lm/c/sdcc_iy/floor
math/float/math48/lm/c/sdcc_iy/floor_fastcall
math/float/math48/lm/c/sdcc_iy/fma
math/float/math48/lm/c/sdcc_iy/fmax
math/float/math48/lm/c/sdcc_iy/fmax_callee
math/float/math48/lm/c/sdcc_iy/fma_callee
math/float/math48/lm/c/sdcc_iy/fmin
math/float/math48/lm/c/sdcc_iy/fmin_callee
math/float/math48/lm/c/sdcc_iy/fmod
math/float/math48/lm/c/sdcc_iy/fmod_callee
math/float/math48/lm/c/sdcc_iy/frexp
math/float/math48/lm/c/sdcc_iy/frexp_callee
math/float/math48/lm/c/sdcc_iy/hypot
math/float/math48/lm/c/sdcc_iy/hypot_callee
math/float/math48/lm/c/sdcc_iy/ilogb
math/float/math48/lm/c/sdcc_iy/ilogb_fastcall
math/float/math48/lm/c/sdcc_iy/isgreater
math/float/math48/lm/c/sdcc_iy/isgreaterequal
math/float/math48/lm/c/sdcc_iy/isgreaterequal_callee
math/float/math48/lm/c/sdcc_iy/isgreater_callee
math/float/math48/lm/c/sdcc_iy/isless
math/float/math48/lm/c/sdcc_iy/islessequal
math/float/math48/lm/c/sdcc_iy/islessequal_callee
math/float/math48/lm/c/sdcc_iy/islessgreater
math/float/math48/lm/c/sdcc_iy/islessgreater_callee
math/float/math48/lm/c/sdcc_iy/isless_callee
math/float/math48/lm/c/sdcc_iy/isunordered
math/float/math48/lm/c/sdcc_iy/isunordered_callee
math/float/math48/lm/c/sdcc_iy/ldexp
math/float/math48/lm/c/sdcc_iy/ldexp_callee
math/float/math48/lm/c/sdcc_iy/lgamma
math/float/math48/lm/c/sdcc_iy/lgamma_fastcall
math/float/math48/lm/c/sdcc_iy/llrint
math/float/math48/lm/c/sdcc_iy/llround
math/float/math48/lm/c/sdcc_iy/log
math/float/math48/lm/c/sdcc_iy/log10
math/float/math48/lm/c/sdcc_iy/log10_fastcall
math/float/math48/lm/c/sdcc_iy/log1p
math/float/math48/lm/c/sdcc_iy/log1p_fastcall
math/float/math48/lm/c/sdcc_iy/log2
math/float/math48/lm/c/sdcc_iy/log2_fastcall
math/float/math48/lm/c/sdcc_iy/logb
math/float/math48/lm/c/sdcc_iy/logb_fastcall
math/float/math48/lm/c/sdcc_iy/log_fastcall
math/float/math48/lm/c/sdcc_iy/lrint
math/float/math48/lm/c/sdcc_iy/lrint_fastcall
math/float/math48/lm/c/sdcc_iy/lround
math/float/math48/lm/c/sdcc_iy/lround_fastcall
math/float/math48/lm/c/sdcc_iy/mlib2d
math/float/math48/lm/c/sdcc_iy/modf
math/float/math48/lm/c/sdcc_iy/modf_callee
math/float/math48/lm/c/sdcc_iy/nan
math/float/math48/lm/c/sdcc_iy/nan_fastcall
math/float/math48/lm/c/sdcc_iy/nearbyint
math/float/math48/lm/c/sdcc_iy/nearbyint_fastcall
math/float/math48/lm/c/sdcc_iy/nextafter
math/float/math48/lm/c/sdcc_iy/nexttoward
math/float/math48/lm/c/sdcc_iy/pow
math/float/math48/lm/c/sdcc_iy/pow_callee
math/float/math48/lm/c/sdcc_iy/remainder
math/float/math48/lm/c/sdcc_iy/remquo
math/float/math48/lm/c/sdcc_iy/rint
math/float/math48/lm/c/sdcc_iy/rint_fastcall
math/float/math48/lm/c/sdcc_iy/round
math/float/math48/lm/c/sdcc_iy/round_fastcall
math/float/math48/lm/c/sdcc_iy/scalbln
math/float/math48/lm/c/sdcc_iy/scalbn
math/float/math48/lm/c/sdcc_iy/scalbn_callee
math/float/math48/lm/c/sdcc_iy/sin
math/float/math48/lm/c/sdcc_iy/sinh
math/float/math48/lm/c/sdcc_iy/sinh_fastcall
math/float/math48/lm/c/sdcc_iy/sin_fastcall
math/float/math48/lm/c/sdcc_iy/sqrt
math/float/math48/lm/c/sdcc_iy/sqrt_fastcall
math/float/math48/lm/c/sdcc_iy/tan
math/float/math48/lm/c/sdcc_iy/tanh
math/float/math48/lm/c/sdcc_iy/tanh_fastcall
math/float/math48/lm/c/sdcc_iy/tan_fastcall
math/float/math48/lm/c/sdcc_iy/tgamma
math/float/math48/lm/c/sdcc_iy/tgamma_fastcall
math/float/math48/lm/c/sdcc_iy/trunc
math/float/math48/lm/c/sdcc_iy/trunc_fastcall
math/float/math48/lm/c/sdcc_iy/___fs2schar
math/float/math48/lm/c/sdcc_iy/___fs2schar_callee
math/float/math48/lm/c/sdcc_iy/___fs2sint
math/float/math48/lm/c/sdcc_iy/___fs2sint_callee
math/float/math48/lm/c/sdcc_iy/___fs2slong
math/float/math48/lm/c/sdcc_iy/___fs2slong_callee
math/float/math48/lm/c/sdcc_iy/___fs2slonglong
math/float/math48/lm/c/sdcc_iy/___fs2slonglong_callee
math/float/math48/lm/c/sdcc_iy/___fs2uchar
math/float/math48/lm/c/sdcc_iy/___fs2uchar_callee
math/float/math48/lm/c/sdcc_iy/___fs2uint
math/float/math48/lm/c/sdcc_iy/___fs2uint_callee
math/float/math48/lm/c/sdcc_iy/___fs2ulong
math/float/math48/lm/c/sdcc_iy/___fs2ulong_callee
math/float/math48/lm/c/sdcc_iy/___fs2ulonglong
math/float/math48/lm/c/sdcc_iy/___fs2ulonglong_callee
math/float/math48/lm/c/sdcc_iy/___fsadd
math/float/math48/lm/c/sdcc_iy/___fsadd_callee
math/float/math48/lm/c/sdcc_iy/___fsdiv
math/float/math48/lm/c/sdcc_iy/___fsdiv_callee
math/float/math48/lm/c/sdcc_iy/___fseq
math/float/math48/lm/c/sdcc_iy/___fseq_callee
math/float/math48/lm/c/sdcc_iy/___fsgt
math/float/math48/lm/c/sdcc_iy/___fsgt_callee
math/float/math48/lm/c/sdcc_iy/___fslt
math/float/math48/lm/c/sdcc_iy/___fslt_callee
math/float/math48/lm/c/sdcc_iy/___fsmul
math/float/math48/lm/c/sdcc_iy/___fsmul_callee
math/float/math48/lm/c/sdcc_iy/___fsneq
math/float/math48/lm/c/sdcc_iy/___fsneq_callee
math/float/math48/lm/c/sdcc_iy/___fssub
math/float/math48/lm/c/sdcc_iy/___fssub_callee
math/float/math48/lm/c/sdcc_iy/___schar2fs
math/float/math48/lm/c/sdcc_iy/___schar2fs_callee
math/float/math48/lm/c/sdcc_iy/___sint2fs
math/float/math48/lm/c/sdcc_iy/___sint2fs_callee
math/float/math48/lm/c/sdcc_iy/___slong2fs
math/float/math48/lm/c/sdcc_iy/___slong2fs_callee
math/float/math48/lm/c/sdcc_iy/___slonglong2fs
math/float/math48/lm/c/sdcc_iy/___slonglong2fs_callee
math/float/math48/lm/c/sdcc_iy/___uchar2fs
math/float/math48/lm/c/sdcc_iy/___uchar2fs_callee
math/float/math48/lm/c/sdcc_iy/___uint2fs
math/float/math48/lm/c/sdcc_iy/___uint2fs_callee
math/float/math48/lm/c/sdcc_iy/___ulong2fs
math/float/math48/lm/c/sdcc_iy/___ulong2fs_callee
math/float/math48/lm/c/sdcc_iy/___ulonglong2fs
math/float/math48/lm/c/sdcc_iy/___ulonglong2fs_callee
@math/float/math48/m_asm.lst
