math/float/math48/c/sccz80/cm48_sccz80p_dadd
math/float/math48/c/sccz80/cm48_sccz80p_dcallee1
math/float/math48/c/sccz80/cm48_sccz80p_dcallee2
math/float/math48/c/sccz80/cm48_sccz80p_ddiv
math/float/math48/c/sccz80/cm48_sccz80p_deq
math/float/math48/c/sccz80/cm48_sccz80p_dge
math/float/math48/c/sccz80/cm48_sccz80p_dgt
math/float/math48/c/sccz80/cm48_sccz80p_dldpsh
math/float/math48/c/sccz80/cm48_sccz80p_dleq
math/float/math48/c/sccz80/cm48_sccz80p_dload
math/float/math48/c/sccz80/cm48_sccz80p_dloadb
math/float/math48/c/sccz80/cm48_sccz80p_dlt
math/float/math48/c/sccz80/cm48_sccz80p_dmul
math/float/math48/c/sccz80/cm48_sccz80p_dne
math/float/math48/c/sccz80/cm48_sccz80p_dpush
math/float/math48/c/sccz80/cm48_sccz80p_dpush2
math/float/math48/c/sccz80/cm48_sccz80p_dpush3
math/float/math48/c/sccz80/cm48_sccz80p_dread
math/float/math48/c/sccz80/cm48_sccz80p_dstore
math/float/math48/c/sccz80/cm48_sccz80p_dsub
math/float/math48/c/sccz80/cm48_sccz80p_dswap
math/float/math48/c/sccz80/cm48_sccz80p_float
math/float/math48/c/sccz80/cm48_sccz80p_ifix
math/float/math48/c/sccz80/cm48_sccz80p_lp_gdoub
math/float/math48/c/sccz80/cm48_sccz80p_lp_pdoub
math/float/math48/c/sccz80/cm48_sccz80p_minusfa
math/float/math48/c/sccz80/cm48_sccz80p_ufloat
math/float/math48/c/sccz80/cm48_sccz80_acos
math/float/math48/c/sccz80/cm48_sccz80_acosh
math/float/math48/c/sccz80/cm48_sccz80_asin
math/float/math48/c/sccz80/cm48_sccz80_asinh
math/float/math48/c/sccz80/cm48_sccz80_atan
math/float/math48/c/sccz80/cm48_sccz80_atan2
math/float/math48/c/sccz80/cm48_sccz80_atan2_callee
math/float/math48/c/sccz80/cm48_sccz80_atanh
math/float/math48/c/sccz80/cm48_sccz80_cbrt
math/float/math48/c/sccz80/cm48_sccz80_ceil
math/float/math48/c/sccz80/cm48_sccz80_copysign
math/float/math48/c/sccz80/cm48_sccz80_copysign_callee
math/float/math48/c/sccz80/cm48_sccz80_cos
math/float/math48/c/sccz80/cm48_sccz80_cosh
math/float/math48/c/sccz80/cm48_sccz80_erf
math/float/math48/c/sccz80/cm48_sccz80_erfc
math/float/math48/c/sccz80/cm48_sccz80_exp
math/float/math48/c/sccz80/cm48_sccz80_exp2
math/float/math48/c/sccz80/cm48_sccz80_expm1
math/float/math48/c/sccz80/cm48_sccz80_fabs
math/float/math48/c/sccz80/cm48_sccz80_fdim
math/float/math48/c/sccz80/cm48_sccz80_fdim_callee
math/float/math48/c/sccz80/cm48_sccz80_floor
math/float/math48/c/sccz80/cm48_sccz80_fma
math/float/math48/c/sccz80/cm48_sccz80_fma_callee
math/float/math48/c/sccz80/cm48_sccz80_fmax
math/float/math48/c/sccz80/cm48_sccz80_fmax_callee
math/float/math48/c/sccz80/cm48_sccz80_fmin
math/float/math48/c/sccz80/cm48_sccz80_fmin_callee
math/float/math48/c/sccz80/cm48_sccz80_fmod
math/float/math48/c/sccz80/cm48_sccz80_fmod_callee
math/float/math48/c/sccz80/cm48_sccz80_frexp
math/float/math48/c/sccz80/cm48_sccz80_frexp_callee
math/float/math48/c/sccz80/cm48_sccz80_hypot
math/float/math48/c/sccz80/cm48_sccz80_hypot_callee
math/float/math48/c/sccz80/cm48_sccz80_ilogb
math/float/math48/c/sccz80/cm48_sccz80_isgreater
math/float/math48/c/sccz80/cm48_sccz80_isgreater_callee
math/float/math48/c/sccz80/cm48_sccz80_isgreaterequal
math/float/math48/c/sccz80/cm48_sccz80_isgreaterequal_callee
math/float/math48/c/sccz80/cm48_sccz80_isless
math/float/math48/c/sccz80/cm48_sccz80_isless_callee
math/float/math48/c/sccz80/cm48_sccz80_islessequal
math/float/math48/c/sccz80/cm48_sccz80_islessequal_callee
math/float/math48/c/sccz80/cm48_sccz80_islessgreater
math/float/math48/c/sccz80/cm48_sccz80_islessgreater_callee
math/float/math48/c/sccz80/cm48_sccz80_isunordered
math/float/math48/c/sccz80/cm48_sccz80_isunordered_callee
math/float/math48/c/sccz80/cm48_sccz80_ldexp
math/float/math48/c/sccz80/cm48_sccz80_ldexp_callee
math/float/math48/c/sccz80/cm48_sccz80_lgamma
math/float/math48/c/sccz80/cm48_sccz80_llrint
math/float/math48/c/sccz80/cm48_sccz80_llround
math/float/math48/c/sccz80/cm48_sccz80_log
math/float/math48/c/sccz80/cm48_sccz80_log10
math/float/math48/c/sccz80/cm48_sccz80_log1p
math/float/math48/c/sccz80/cm48_sccz80_log2
math/float/math48/c/sccz80/cm48_sccz80_logb
math/float/math48/c/sccz80/cm48_sccz80_lrint
math/float/math48/c/sccz80/cm48_sccz80_lround
math/float/math48/c/sccz80/cm48_sccz80_modf
math/float/math48/c/sccz80/cm48_sccz80_modf_callee
math/float/math48/c/sccz80/cm48_sccz80_nan
math/float/math48/c/sccz80/cm48_sccz80_nearbyint
math/float/math48/c/sccz80/cm48_sccz80_nextafter
math/float/math48/c/sccz80/cm48_sccz80_nexttoward
math/float/math48/c/sccz80/cm48_sccz80_pow
math/float/math48/c/sccz80/cm48_sccz80_pow_callee
math/float/math48/c/sccz80/cm48_sccz80_remainder
math/float/math48/c/sccz80/cm48_sccz80_remquo
math/float/math48/c/sccz80/cm48_sccz80_rint
math/float/math48/c/sccz80/cm48_sccz80_round
math/float/math48/c/sccz80/cm48_sccz80_scalbln
math/float/math48/c/sccz80/cm48_sccz80_scalbn
math/float/math48/c/sccz80/cm48_sccz80_scalbn_callee
math/float/math48/c/sccz80/cm48_sccz80_sin
math/float/math48/c/sccz80/cm48_sccz80_sinh
math/float/math48/c/sccz80/cm48_sccz80_sqrt
math/float/math48/c/sccz80/cm48_sccz80_tan
math/float/math48/c/sccz80/cm48_sccz80_tanh
math/float/math48/c/sccz80/cm48_sccz80_tgamma
math/float/math48/c/sccz80/cm48_sccz80_trunc
@math/float/math48/math48_asm.lst
