math/float/math48/z80/am48_acos
math/float/math48/z80/am48_acosh
math/float/math48/z80/am48_asin
math/float/math48/z80/am48_asinh
math/float/math48/z80/am48_atan
math/float/math48/z80/am48_atan2
math/float/math48/z80/am48_atanh
math/float/math48/z80/am48_cbrt
math/float/math48/z80/am48_ceil
math/float/math48/z80/am48_copysign
math/float/math48/z80/am48_cos
math/float/math48/z80/am48_cosh
math/float/math48/z80/am48_dadd
math/float/math48/z80/am48_dadd_s
math/float/math48/z80/am48_dcmp
math/float/math48/z80/am48_dcmpa
math/float/math48/z80/am48_dcmp_s
math/float/math48/z80/am48_dconst_0
math/float/math48/z80/am48_dconst_1
math/float/math48/z80/am48_dconst_1_3
math/float/math48/z80/am48_dconst_e
math/float/math48/z80/am48_dconst_inf
math/float/math48/z80/am48_dconst_ln2
math/float/math48/z80/am48_dconst_pi
math/float/math48/z80/am48_dconst_sqr2_2
math/float/math48/z80/am48_ddiv
math/float/math48/z80/am48_ddiv_s
math/float/math48/z80/am48_ddup
math/float/math48/z80/am48_deq
math/float/math48/z80/am48_dequate
math/float/math48/z80/am48_deq_s
math/float/math48/z80/am48_derror_edom_infc
math/float/math48/z80/am48_derror_edom_zc
math/float/math48/z80/am48_derror_einval_zc
math/float/math48/z80/am48_derror_erange_infc
math/float/math48/z80/am48_derror_erange_intc
math/float/math48/z80/am48_derror_erange_longc
math/float/math48/z80/am48_derror_erange_longlongc
math/float/math48/z80/am48_derror_nanc
math/float/math48/z80/am48_derror_nannc
math/float/math48/z80/am48_derror_onc
math/float/math48/z80/am48_derror_pinfnc
math/float/math48/z80/am48_derror_zc
math/float/math48/z80/am48_derror_znc
math/float/math48/z80/am48_dfix8
math/float/math48/z80/am48_dfix8u
math/float/math48/z80/am48_dfix16
math/float/math48/z80/am48_dfix16u
math/float/math48/z80/am48_dfix32
math/float/math48/z80/am48_dfix32u
math/float/math48/z80/am48_dfix64
math/float/math48/z80/am48_dfix64u
math/float/math48/z80/am48_dfp
math/float/math48/z80/am48_dge
math/float/math48/z80/am48_dge_s
math/float/math48/z80/am48_dgt
math/float/math48/z80/am48_dgt_s
math/float/math48/z80/am48_dhexpop
math/float/math48/z80/am48_dinv
math/float/math48/z80/am48_dip
math/float/math48/z80/am48_dldpush
math/float/math48/z80/am48_dle
math/float/math48/z80/am48_dle_s
math/float/math48/z80/am48_dload
math/float/math48/z80/am48_dlt
math/float/math48/z80/am48_dlt_s
math/float/math48/z80/am48_dmul
math/float/math48/z80/am48_dmul10a
math/float/math48/z80/am48_dmulpow10
math/float/math48/z80/am48_dmulpow2
math/float/math48/z80/am48_dmul_s
math/float/math48/z80/am48_dne
math/float/math48/z80/am48_dneg
math/float/math48/z80/am48_dne_s
math/float/math48/z80/am48_double8
math/float/math48/z80/am48_double8u
math/float/math48/z80/am48_double16
math/float/math48/z80/am48_double16u
math/float/math48/z80/am48_double32
math/float/math48/z80/am48_double32u
math/float/math48/z80/am48_double64
math/float/math48/z80/am48_double64u
math/float/math48/z80/am48_dpop
math/float/math48/z80/am48_dpopret
math/float/math48/z80/am48_dpush
math/float/math48/z80/am48_dpushw
math/float/math48/z80/am48_dsigdig
math/float/math48/z80/am48_dsize
math/float/math48/z80/am48_dstore
math/float/math48/z80/am48_dsub
math/float/math48/z80/am48_dsub_s
math/float/math48/z80/am48_dswap
math/float/math48/z80/am48_exp
math/float/math48/z80/am48_exp2
math/float/math48/z80/am48_expm1
math/float/math48/z80/am48_fabs
math/float/math48/z80/am48_fdim
math/float/math48/z80/am48_floor
math/float/math48/z80/am48_fma
math/float/math48/z80/am48_fmax
math/float/math48/z80/am48_fmin
math/float/math48/z80/am48_fmod
math/float/math48/z80/am48_fpclassify
math/float/math48/z80/am48_frexp
math/float/math48/z80/am48_hypot
math/float/math48/z80/am48_ilogb
math/float/math48/z80/am48_isgreater
math/float/math48/z80/am48_isgreaterequal
math/float/math48/z80/am48_isless
math/float/math48/z80/am48_islessequal
math/float/math48/z80/am48_islessgreater
math/float/math48/z80/am48_isunordered
math/float/math48/z80/am48_ldexp
math/float/math48/z80/am48_log
math/float/math48/z80/am48_log10
math/float/math48/z80/am48_log1p
math/float/math48/z80/am48_log2
math/float/math48/z80/am48_logb
math/float/math48/z80/am48_modf
math/float/math48/z80/am48_nan
math/float/math48/z80/am48_nan_b
math/float/math48/z80/am48_pow
math/float/math48/z80/am48_scalbn
math/float/math48/z80/am48_sin
math/float/math48/z80/am48_sinh
math/float/math48/z80/am48_sqrt
math/float/math48/z80/am48_tan
math/float/math48/z80/am48_tanh
math/float/math48/z80/am48_trunc
math/float/math48/z80/am48__dtoa_base10
math/float/math48/z80/am48__dtoa_base16
math/float/math48/z80/am48__dtoa_digits
math/float/math48/z80/am48__dtoa_sgnabs
math/float/math48/z80/core/mm48_atn
math/float/math48/z80/core/mm48_cmp
math/float/math48/z80/core/mm48_cos
math/float/math48/z80/core/mm48_equal
math/float/math48/z80/core/mm48_exp
math/float/math48/z80/core/mm48_fpadd
math/float/math48/z80/core/mm48_fpdiv
math/float/math48/z80/core/mm48_fpmul
math/float/math48/z80/core/mm48_fpsub
math/float/math48/z80/core/mm48_frac
math/float/math48/z80/core/mm48_int
math/float/math48/z80/core/mm48_ln
math/float/math48/z80/core/mm48_log
math/float/math48/z80/core/mm48_mod
math/float/math48/z80/core/mm48_mul10
math/float/math48/z80/core/mm48_negate
math/float/math48/z80/core/mm48_pwr
math/float/math48/z80/core/mm48_sin
math/float/math48/z80/core/mm48_sqr
math/float/math48/z80/core/mm48_tan
math/float/math48/z80/core/mm48_tenf
math/float/math48/z80/core/mm48__ac1
math/float/math48/z80/core/mm48__ac1_3
math/float/math48/z80/core/mm48__acln2
math/float/math48/z80/core/mm48__acpi
math/float/math48/z80/core/mm48__acsqr2_2
math/float/math48/z80/core/mm48__addac
math/float/math48/z80/core/mm48__calcs
math/float/math48/z80/core/mm48__cmpac
math/float/math48/z80/core/mm48__comser
math/float/math48/z80/core/mm48__expsgn
math/float/math48/z80/core/mm48__getncix
math/float/math48/z80/core/mm48__sleft
math/float/math48/z80/core/mm48__sright
math/float/math48/z80/core/mm48__subac
math/float/math48/z80/core/mm48__zero
