math/float/math48/c/sdcc_ix/cm48_sdccixp_d2m48
math/float/math48/c/sdcc_ix/cm48_sdccixp_dcallee1
math/float/math48/c/sdcc_ix/cm48_sdccixp_dcallee2
math/float/math48/c/sdcc_ix/cm48_sdccixp_dcallee3
math/float/math48/c/sdcc_ix/cm48_sdccixp_dload
math/float/math48/c/sdcc_ix/cm48_sdccixp_dread
math/float/math48/c/sdcc_ix/cm48_sdccixp_dread3
math/float/math48/c/sdcc_ix/cm48_sdccixp_ds2schar
math/float/math48/c/sdcc_ix/cm48_sdccixp_ds2schar_callee
math/float/math48/c/sdcc_ix/cm48_sdccixp_ds2sint
math/float/math48/c/sdcc_ix/cm48_sdccixp_ds2sint_callee
math/float/math48/c/sdcc_ix/cm48_sdccixp_ds2slong
math/float/math48/c/sdcc_ix/cm48_sdccixp_ds2slong_callee
math/float/math48/c/sdcc_ix/cm48_sdccixp_ds2slonglong
math/float/math48/c/sdcc_ix/cm48_sdccixp_ds2slonglong_callee
math/float/math48/c/sdcc_ix/cm48_sdccixp_ds2uchar
math/float/math48/c/sdcc_ix/cm48_sdccixp_ds2uchar_callee
math/float/math48/c/sdcc_ix/cm48_sdccixp_ds2uint
math/float/math48/c/sdcc_ix/cm48_sdccixp_ds2uint_callee
math/float/math48/c/sdcc_ix/cm48_sdccixp_ds2ulong
math/float/math48/c/sdcc_ix/cm48_sdccixp_ds2ulong_callee
math/float/math48/c/sdcc_ix/cm48_sdccixp_ds2ulonglong
math/float/math48/c/sdcc_ix/cm48_sdccixp_ds2ulonglong_callee
math/float/math48/c/sdcc_ix/cm48_sdccixp_dsadd
math/float/math48/c/sdcc_ix/cm48_sdccixp_dsadd_callee
math/float/math48/c/sdcc_ix/cm48_sdccixp_dsdiv
math/float/math48/c/sdcc_ix/cm48_sdccixp_dsdiv_callee
math/float/math48/c/sdcc_ix/cm48_sdccixp_dseq
math/float/math48/c/sdcc_ix/cm48_sdccixp_dseq_callee
math/float/math48/c/sdcc_ix/cm48_sdccixp_dsgt
math/float/math48/c/sdcc_ix/cm48_sdccixp_dsgt_callee
math/float/math48/c/sdcc_ix/cm48_sdccixp_dslt
math/float/math48/c/sdcc_ix/cm48_sdccixp_dslt_callee
math/float/math48/c/sdcc_ix/cm48_sdccixp_dsmul
math/float/math48/c/sdcc_ix/cm48_sdccixp_dsmul_callee
math/float/math48/c/sdcc_ix/cm48_sdccixp_dsneq
math/float/math48/c/sdcc_ix/cm48_sdccixp_dsneq_callee
math/float/math48/c/sdcc_ix/cm48_sdccixp_dssub
math/float/math48/c/sdcc_ix/cm48_sdccixp_dssub_callee
math/float/math48/c/sdcc_ix/cm48_sdccixp_dstore
math/float/math48/c/sdcc_ix/cm48_sdccixp_m482d
math/float/math48/c/sdcc_ix/cm48_sdccixp_schar2ds
math/float/math48/c/sdcc_ix/cm48_sdccixp_schar2ds_callee
math/float/math48/c/sdcc_ix/cm48_sdccixp_sint2ds
math/float/math48/c/sdcc_ix/cm48_sdccixp_sint2ds_callee
math/float/math48/c/sdcc_ix/cm48_sdccixp_slong2ds
math/float/math48/c/sdcc_ix/cm48_sdccixp_slong2ds_callee
math/float/math48/c/sdcc_ix/cm48_sdccixp_slonglong2ds
math/float/math48/c/sdcc_ix/cm48_sdccixp_slonglong2ds_callee
math/float/math48/c/sdcc_ix/cm48_sdccixp_uchar2ds
math/float/math48/c/sdcc_ix/cm48_sdccixp_uchar2ds_callee
math/float/math48/c/sdcc_ix/cm48_sdccixp_uint2ds
math/float/math48/c/sdcc_ix/cm48_sdccixp_uint2ds_callee
math/float/math48/c/sdcc_ix/cm48_sdccixp_ulong2ds
math/float/math48/c/sdcc_ix/cm48_sdccixp_ulong2ds_callee
math/float/math48/c/sdcc_ix/cm48_sdccixp_ulonglong2ds
math/float/math48/c/sdcc_ix/cm48_sdccixp_ulonglong2ds_callee
math/float/math48/c/sdcc_ix/cm48_sdccix_acos
math/float/math48/c/sdcc_ix/cm48_sdccix_acosh
math/float/math48/c/sdcc_ix/cm48_sdccix_acosh_fastcall
math/float/math48/c/sdcc_ix/cm48_sdccix_acos_fastcall
math/float/math48/c/sdcc_ix/cm48_sdccix_asin
math/float/math48/c/sdcc_ix/cm48_sdccix_asinh
math/float/math48/c/sdcc_ix/cm48_sdccix_asinh_fastcall
math/float/math48/c/sdcc_ix/cm48_sdccix_asin_fastcall
math/float/math48/c/sdcc_ix/cm48_sdccix_atan
math/float/math48/c/sdcc_ix/cm48_sdccix_atan2
math/float/math48/c/sdcc_ix/cm48_sdccix_atan2_callee
math/float/math48/c/sdcc_ix/cm48_sdccix_atanh
math/float/math48/c/sdcc_ix/cm48_sdccix_atanh_fastcall
math/float/math48/c/sdcc_ix/cm48_sdccix_atan_fastcall
math/float/math48/c/sdcc_ix/cm48_sdccix_cbrt
math/float/math48/c/sdcc_ix/cm48_sdccix_cbrt_fastcall
math/float/math48/c/sdcc_ix/cm48_sdccix_ceil
math/float/math48/c/sdcc_ix/cm48_sdccix_ceil_fastcall
math/float/math48/c/sdcc_ix/cm48_sdccix_copysign
math/float/math48/c/sdcc_ix/cm48_sdccix_copysign_callee
math/float/math48/c/sdcc_ix/cm48_sdccix_cos
math/float/math48/c/sdcc_ix/cm48_sdccix_cosh
math/float/math48/c/sdcc_ix/cm48_sdccix_cosh_fastcall
math/float/math48/c/sdcc_ix/cm48_sdccix_cos_fastcall
math/float/math48/c/sdcc_ix/cm48_sdccix_erf
math/float/math48/c/sdcc_ix/cm48_sdccix_erfc
math/float/math48/c/sdcc_ix/cm48_sdccix_erfc_fastcall
math/float/math48/c/sdcc_ix/cm48_sdccix_erf_fastcall
math/float/math48/c/sdcc_ix/cm48_sdccix_exp
math/float/math48/c/sdcc_ix/cm48_sdccix_exp2
math/float/math48/c/sdcc_ix/cm48_sdccix_exp2_fastcall
math/float/math48/c/sdcc_ix/cm48_sdccix_expm1
math/float/math48/c/sdcc_ix/cm48_sdccix_expm1_fastcall
math/float/math48/c/sdcc_ix/cm48_sdccix_exp_fastcall
math/float/math48/c/sdcc_ix/cm48_sdccix_fabs
math/float/math48/c/sdcc_ix/cm48_sdccix_fabs_fastcall
math/float/math48/c/sdcc_ix/cm48_sdccix_fdim
math/float/math48/c/sdcc_ix/cm48_sdccix_fdim_callee
math/float/math48/c/sdcc_ix/cm48_sdccix_floor
math/float/math48/c/sdcc_ix/cm48_sdccix_floor_fastcall
math/float/math48/c/sdcc_ix/cm48_sdccix_fma
math/float/math48/c/sdcc_ix/cm48_sdccix_fmax
math/float/math48/c/sdcc_ix/cm48_sdccix_fmax_callee
math/float/math48/c/sdcc_ix/cm48_sdccix_fma_callee
math/float/math48/c/sdcc_ix/cm48_sdccix_fmin
math/float/math48/c/sdcc_ix/cm48_sdccix_fmin_callee
math/float/math48/c/sdcc_ix/cm48_sdccix_fmod
math/float/math48/c/sdcc_ix/cm48_sdccix_fmod_callee
math/float/math48/c/sdcc_ix/cm48_sdccix_frexp
math/float/math48/c/sdcc_ix/cm48_sdccix_frexp_callee
math/float/math48/c/sdcc_ix/cm48_sdccix_hypot
math/float/math48/c/sdcc_ix/cm48_sdccix_hypot_callee
math/float/math48/c/sdcc_ix/cm48_sdccix_ilogb
math/float/math48/c/sdcc_ix/cm48_sdccix_ilogb_fastcall
math/float/math48/c/sdcc_ix/cm48_sdccix_isgreater
math/float/math48/c/sdcc_ix/cm48_sdccix_isgreaterequal
math/float/math48/c/sdcc_ix/cm48_sdccix_isgreaterequal_callee
math/float/math48/c/sdcc_ix/cm48_sdccix_isgreater_callee
math/float/math48/c/sdcc_ix/cm48_sdccix_isless
math/float/math48/c/sdcc_ix/cm48_sdccix_islessequal
math/float/math48/c/sdcc_ix/cm48_sdccix_islessequal_callee
math/float/math48/c/sdcc_ix/cm48_sdccix_islessgreater
math/float/math48/c/sdcc_ix/cm48_sdccix_islessgreater_callee
math/float/math48/c/sdcc_ix/cm48_sdccix_isless_callee
math/float/math48/c/sdcc_ix/cm48_sdccix_isunordered
math/float/math48/c/sdcc_ix/cm48_sdccix_isunordered_callee
math/float/math48/c/sdcc_ix/cm48_sdccix_ldexp
math/float/math48/c/sdcc_ix/cm48_sdccix_ldexp_callee
math/float/math48/c/sdcc_ix/cm48_sdccix_lgamma
math/float/math48/c/sdcc_ix/cm48_sdccix_lgamma_fastcall
math/float/math48/c/sdcc_ix/cm48_sdccix_log
math/float/math48/c/sdcc_ix/cm48_sdccix_log10
math/float/math48/c/sdcc_ix/cm48_sdccix_log10_fastcall
math/float/math48/c/sdcc_ix/cm48_sdccix_log1p
math/float/math48/c/sdcc_ix/cm48_sdccix_log1p_fastcall
math/float/math48/c/sdcc_ix/cm48_sdccix_log2
math/float/math48/c/sdcc_ix/cm48_sdccix_log2_fastcall
math/float/math48/c/sdcc_ix/cm48_sdccix_logb
math/float/math48/c/sdcc_ix/cm48_sdccix_logb_fastcall
math/float/math48/c/sdcc_ix/cm48_sdccix_log_fastcall
math/float/math48/c/sdcc_ix/cm48_sdccix_lrint
math/float/math48/c/sdcc_ix/cm48_sdccix_lrint_fastcall
math/float/math48/c/sdcc_ix/cm48_sdccix_lround
math/float/math48/c/sdcc_ix/cm48_sdccix_lround_fastcall
math/float/math48/c/sdcc_ix/cm48_sdccix_modf
math/float/math48/c/sdcc_ix/cm48_sdccix_modf_callee
math/float/math48/c/sdcc_ix/cm48_sdccix_nan
math/float/math48/c/sdcc_ix/cm48_sdccix_nan_fastcall
math/float/math48/c/sdcc_ix/cm48_sdccix_nearbyint
math/float/math48/c/sdcc_ix/cm48_sdccix_nearbyint_fastcall
math/float/math48/c/sdcc_ix/cm48_sdccix_pow
math/float/math48/c/sdcc_ix/cm48_sdccix_pow_callee
math/float/math48/c/sdcc_ix/cm48_sdccix_rint
math/float/math48/c/sdcc_ix/cm48_sdccix_rint_fastcall
math/float/math48/c/sdcc_ix/cm48_sdccix_round
math/float/math48/c/sdcc_ix/cm48_sdccix_round_fastcall
math/float/math48/c/sdcc_ix/cm48_sdccix_scalbn
math/float/math48/c/sdcc_ix/cm48_sdccix_scalbn_callee
math/float/math48/c/sdcc_ix/cm48_sdccix_sin
math/float/math48/c/sdcc_ix/cm48_sdccix_sinh
math/float/math48/c/sdcc_ix/cm48_sdccix_sinh_fastcall
math/float/math48/c/sdcc_ix/cm48_sdccix_sin_fastcall
math/float/math48/c/sdcc_ix/cm48_sdccix_sqrt
math/float/math48/c/sdcc_ix/cm48_sdccix_sqrt_fastcall
math/float/math48/c/sdcc_ix/cm48_sdccix_tan
math/float/math48/c/sdcc_ix/cm48_sdccix_tanh
math/float/math48/c/sdcc_ix/cm48_sdccix_tanh_fastcall
math/float/math48/c/sdcc_ix/cm48_sdccix_tan_fastcall
math/float/math48/c/sdcc_ix/cm48_sdccix_tgamma
math/float/math48/c/sdcc_ix/cm48_sdccix_tgamma_fastcall
math/float/math48/c/sdcc_ix/cm48_sdccix_trunc
math/float/math48/c/sdcc_ix/cm48_sdccix_trunc_fastcall
@math/float/math48/math48_asm.lst
