math/float/math48/c/sdcc_iy/cm48_sdcciyp_d2m48
math/float/math48/c/sdcc_iy/cm48_sdcciyp_dcallee1
math/float/math48/c/sdcc_iy/cm48_sdcciyp_dcallee2
math/float/math48/c/sdcc_iy/cm48_sdcciyp_dcallee3
math/float/math48/c/sdcc_iy/cm48_sdcciyp_dload
math/float/math48/c/sdcc_iy/cm48_sdcciyp_dread
math/float/math48/c/sdcc_iy/cm48_sdcciyp_dread3
math/float/math48/c/sdcc_iy/cm48_sdcciyp_ds2schar
math/float/math48/c/sdcc_iy/cm48_sdcciyp_ds2schar_callee
math/float/math48/c/sdcc_iy/cm48_sdcciyp_ds2sint
math/float/math48/c/sdcc_iy/cm48_sdcciyp_ds2sint_callee
math/float/math48/c/sdcc_iy/cm48_sdcciyp_ds2slong
math/float/math48/c/sdcc_iy/cm48_sdcciyp_ds2slong_callee
math/float/math48/c/sdcc_iy/cm48_sdcciyp_ds2slonglong
math/float/math48/c/sdcc_iy/cm48_sdcciyp_ds2slonglong_callee
math/float/math48/c/sdcc_iy/cm48_sdcciyp_ds2uchar
math/float/math48/c/sdcc_iy/cm48_sdcciyp_ds2uchar_callee
math/float/math48/c/sdcc_iy/cm48_sdcciyp_ds2uint
math/float/math48/c/sdcc_iy/cm48_sdcciyp_ds2uint_callee
math/float/math48/c/sdcc_iy/cm48_sdcciyp_ds2ulong
math/float/math48/c/sdcc_iy/cm48_sdcciyp_ds2ulong_callee
math/float/math48/c/sdcc_iy/cm48_sdcciyp_ds2ulonglong
math/float/math48/c/sdcc_iy/cm48_sdcciyp_ds2ulonglong_callee
math/float/math48/c/sdcc_iy/cm48_sdcciyp_dsadd
math/float/math48/c/sdcc_iy/cm48_sdcciyp_dsadd_callee
math/float/math48/c/sdcc_iy/cm48_sdcciyp_dsdiv
math/float/math48/c/sdcc_iy/cm48_sdcciyp_dsdiv_callee
math/float/math48/c/sdcc_iy/cm48_sdcciyp_dseq
math/float/math48/c/sdcc_iy/cm48_sdcciyp_dseq_callee
math/float/math48/c/sdcc_iy/cm48_sdcciyp_dsgt
math/float/math48/c/sdcc_iy/cm48_sdcciyp_dsgt_callee
math/float/math48/c/sdcc_iy/cm48_sdcciyp_dslt
math/float/math48/c/sdcc_iy/cm48_sdcciyp_dslt_callee
math/float/math48/c/sdcc_iy/cm48_sdcciyp_dsmul
math/float/math48/c/sdcc_iy/cm48_sdcciyp_dsmul_callee
math/float/math48/c/sdcc_iy/cm48_sdcciyp_dsneq
math/float/math48/c/sdcc_iy/cm48_sdcciyp_dsneq_callee
math/float/math48/c/sdcc_iy/cm48_sdcciyp_dssub
math/float/math48/c/sdcc_iy/cm48_sdcciyp_dssub_callee
math/float/math48/c/sdcc_iy/cm48_sdcciyp_dstore
math/float/math48/c/sdcc_iy/cm48_sdcciyp_m482d
math/float/math48/c/sdcc_iy/cm48_sdcciyp_schar2ds
math/float/math48/c/sdcc_iy/cm48_sdcciyp_schar2ds_callee
math/float/math48/c/sdcc_iy/cm48_sdcciyp_sint2ds
math/float/math48/c/sdcc_iy/cm48_sdcciyp_sint2ds_callee
math/float/math48/c/sdcc_iy/cm48_sdcciyp_slong2ds
math/float/math48/c/sdcc_iy/cm48_sdcciyp_slong2ds_callee
math/float/math48/c/sdcc_iy/cm48_sdcciyp_slonglong2ds
math/float/math48/c/sdcc_iy/cm48_sdcciyp_slonglong2ds_callee
math/float/math48/c/sdcc_iy/cm48_sdcciyp_uchar2ds
math/float/math48/c/sdcc_iy/cm48_sdcciyp_uchar2ds_callee
math/float/math48/c/sdcc_iy/cm48_sdcciyp_uint2ds
math/float/math48/c/sdcc_iy/cm48_sdcciyp_uint2ds_callee
math/float/math48/c/sdcc_iy/cm48_sdcciyp_ulong2ds
math/float/math48/c/sdcc_iy/cm48_sdcciyp_ulong2ds_callee
math/float/math48/c/sdcc_iy/cm48_sdcciyp_ulonglong2ds
math/float/math48/c/sdcc_iy/cm48_sdcciyp_ulonglong2ds_callee
math/float/math48/c/sdcc_iy/cm48_sdcciy_acos
math/float/math48/c/sdcc_iy/cm48_sdcciy_acosh
math/float/math48/c/sdcc_iy/cm48_sdcciy_acosh_fastcall
math/float/math48/c/sdcc_iy/cm48_sdcciy_acos_fastcall
math/float/math48/c/sdcc_iy/cm48_sdcciy_asin
math/float/math48/c/sdcc_iy/cm48_sdcciy_asinh
math/float/math48/c/sdcc_iy/cm48_sdcciy_asinh_fastcall
math/float/math48/c/sdcc_iy/cm48_sdcciy_asin_fastcall
math/float/math48/c/sdcc_iy/cm48_sdcciy_atan
math/float/math48/c/sdcc_iy/cm48_sdcciy_atan2
math/float/math48/c/sdcc_iy/cm48_sdcciy_atan2_callee
math/float/math48/c/sdcc_iy/cm48_sdcciy_atanh
math/float/math48/c/sdcc_iy/cm48_sdcciy_atanh_fastcall
math/float/math48/c/sdcc_iy/cm48_sdcciy_atan_fastcall
math/float/math48/c/sdcc_iy/cm48_sdcciy_cbrt
math/float/math48/c/sdcc_iy/cm48_sdcciy_cbrt_fastcall
math/float/math48/c/sdcc_iy/cm48_sdcciy_ceil
math/float/math48/c/sdcc_iy/cm48_sdcciy_ceil_fastcall
math/float/math48/c/sdcc_iy/cm48_sdcciy_copysign
math/float/math48/c/sdcc_iy/cm48_sdcciy_copysign_callee
math/float/math48/c/sdcc_iy/cm48_sdcciy_cos
math/float/math48/c/sdcc_iy/cm48_sdcciy_cosh
math/float/math48/c/sdcc_iy/cm48_sdcciy_cosh_fastcall
math/float/math48/c/sdcc_iy/cm48_sdcciy_cos_fastcall
math/float/math48/c/sdcc_iy/cm48_sdcciy_erf
math/float/math48/c/sdcc_iy/cm48_sdcciy_erfc
math/float/math48/c/sdcc_iy/cm48_sdcciy_erfc_fastcall
math/float/math48/c/sdcc_iy/cm48_sdcciy_erf_fastcall
math/float/math48/c/sdcc_iy/cm48_sdcciy_exp
math/float/math48/c/sdcc_iy/cm48_sdcciy_exp2
math/float/math48/c/sdcc_iy/cm48_sdcciy_exp2_fastcall
math/float/math48/c/sdcc_iy/cm48_sdcciy_expm1
math/float/math48/c/sdcc_iy/cm48_sdcciy_expm1_fastcall
math/float/math48/c/sdcc_iy/cm48_sdcciy_exp_fastcall
math/float/math48/c/sdcc_iy/cm48_sdcciy_fabs
math/float/math48/c/sdcc_iy/cm48_sdcciy_fabs_fastcall
math/float/math48/c/sdcc_iy/cm48_sdcciy_fdim
math/float/math48/c/sdcc_iy/cm48_sdcciy_fdim_callee
math/float/math48/c/sdcc_iy/cm48_sdcciy_floor
math/float/math48/c/sdcc_iy/cm48_sdcciy_floor_fastcall
math/float/math48/c/sdcc_iy/cm48_sdcciy_fma
math/float/math48/c/sdcc_iy/cm48_sdcciy_fmax
math/float/math48/c/sdcc_iy/cm48_sdcciy_fmax_callee
math/float/math48/c/sdcc_iy/cm48_sdcciy_fma_callee
math/float/math48/c/sdcc_iy/cm48_sdcciy_fmin
math/float/math48/c/sdcc_iy/cm48_sdcciy_fmin_callee
math/float/math48/c/sdcc_iy/cm48_sdcciy_fmod
math/float/math48/c/sdcc_iy/cm48_sdcciy_fmod_callee
math/float/math48/c/sdcc_iy/cm48_sdcciy_frexp
math/float/math48/c/sdcc_iy/cm48_sdcciy_frexp_callee
math/float/math48/c/sdcc_iy/cm48_sdcciy_hypot
math/float/math48/c/sdcc_iy/cm48_sdcciy_hypot_callee
math/float/math48/c/sdcc_iy/cm48_sdcciy_ilogb
math/float/math48/c/sdcc_iy/cm48_sdcciy_ilogb_fastcall
math/float/math48/c/sdcc_iy/cm48_sdcciy_isgreater
math/float/math48/c/sdcc_iy/cm48_sdcciy_isgreaterequal
math/float/math48/c/sdcc_iy/cm48_sdcciy_isgreaterequal_callee
math/float/math48/c/sdcc_iy/cm48_sdcciy_isgreater_callee
math/float/math48/c/sdcc_iy/cm48_sdcciy_isless
math/float/math48/c/sdcc_iy/cm48_sdcciy_islessequal
math/float/math48/c/sdcc_iy/cm48_sdcciy_islessequal_callee
math/float/math48/c/sdcc_iy/cm48_sdcciy_islessgreater
math/float/math48/c/sdcc_iy/cm48_sdcciy_islessgreater_callee
math/float/math48/c/sdcc_iy/cm48_sdcciy_isless_callee
math/float/math48/c/sdcc_iy/cm48_sdcciy_isunordered
math/float/math48/c/sdcc_iy/cm48_sdcciy_isunordered_callee
math/float/math48/c/sdcc_iy/cm48_sdcciy_ldexp
math/float/math48/c/sdcc_iy/cm48_sdcciy_ldexp_callee
math/float/math48/c/sdcc_iy/cm48_sdcciy_lgamma
math/float/math48/c/sdcc_iy/cm48_sdcciy_lgamma_fastcall
math/float/math48/c/sdcc_iy/cm48_sdcciy_log
math/float/math48/c/sdcc_iy/cm48_sdcciy_log10
math/float/math48/c/sdcc_iy/cm48_sdcciy_log10_fastcall
math/float/math48/c/sdcc_iy/cm48_sdcciy_log1p
math/float/math48/c/sdcc_iy/cm48_sdcciy_log1p_fastcall
math/float/math48/c/sdcc_iy/cm48_sdcciy_log2
math/float/math48/c/sdcc_iy/cm48_sdcciy_log2_fastcall
math/float/math48/c/sdcc_iy/cm48_sdcciy_logb
math/float/math48/c/sdcc_iy/cm48_sdcciy_logb_fastcall
math/float/math48/c/sdcc_iy/cm48_sdcciy_log_fastcall
math/float/math48/c/sdcc_iy/cm48_sdcciy_lrint
math/float/math48/c/sdcc_iy/cm48_sdcciy_lrint_fastcall
math/float/math48/c/sdcc_iy/cm48_sdcciy_lround
math/float/math48/c/sdcc_iy/cm48_sdcciy_lround_fastcall
math/float/math48/c/sdcc_iy/cm48_sdcciy_modf
math/float/math48/c/sdcc_iy/cm48_sdcciy_modf_callee
math/float/math48/c/sdcc_iy/cm48_sdcciy_nan
math/float/math48/c/sdcc_iy/cm48_sdcciy_nan_fastcall
math/float/math48/c/sdcc_iy/cm48_sdcciy_nearbyint
math/float/math48/c/sdcc_iy/cm48_sdcciy_nearbyint_fastcall
math/float/math48/c/sdcc_iy/cm48_sdcciy_pow
math/float/math48/c/sdcc_iy/cm48_sdcciy_pow_callee
math/float/math48/c/sdcc_iy/cm48_sdcciy_rint
math/float/math48/c/sdcc_iy/cm48_sdcciy_rint_fastcall
math/float/math48/c/sdcc_iy/cm48_sdcciy_round
math/float/math48/c/sdcc_iy/cm48_sdcciy_round_fastcall
math/float/math48/c/sdcc_iy/cm48_sdcciy_scalbn
math/float/math48/c/sdcc_iy/cm48_sdcciy_scalbn_callee
math/float/math48/c/sdcc_iy/cm48_sdcciy_sin
math/float/math48/c/sdcc_iy/cm48_sdcciy_sinh
math/float/math48/c/sdcc_iy/cm48_sdcciy_sinh_fastcall
math/float/math48/c/sdcc_iy/cm48_sdcciy_sin_fastcall
math/float/math48/c/sdcc_iy/cm48_sdcciy_sqrt
math/float/math48/c/sdcc_iy/cm48_sdcciy_sqrt_fastcall
math/float/math48/c/sdcc_iy/cm48_sdcciy_tan
math/float/math48/c/sdcc_iy/cm48_sdcciy_tanh
math/float/math48/c/sdcc_iy/cm48_sdcciy_tanh_fastcall
math/float/math48/c/sdcc_iy/cm48_sdcciy_tan_fastcall
math/float/math48/c/sdcc_iy/cm48_sdcciy_tgamma
math/float/math48/c/sdcc_iy/cm48_sdcciy_tgamma_fastcall
math/float/math48/c/sdcc_iy/cm48_sdcciy_trunc
math/float/math48/c/sdcc_iy/cm48_sdcciy_trunc_fastcall
@math/float/math48/math48_asm.lst
