@arch/zx/bifrost_h/bifrost_h_asm.lst
arch/zx/bifrost_h/c/sdcc/BIFROSTH_drawBackTilesH
arch/zx/bifrost_h/c/sdcc/BIFROSTH_drawBackTilesH_callee
arch/zx/bifrost_h/c/sdcc/BIFROSTH_drawTileH
arch/zx/bifrost_h/c/sdcc/BIFROSTH_drawTileH_callee
arch/zx/bifrost_h/c/sdcc/BIFROSTH_drawTilePosH
arch/zx/bifrost_h/c/sdcc/BIFROSTH_drawTilePosH_callee
arch/zx/bifrost_h/c/sdcc/BIFROSTH_fillTileAttrH
arch/zx/bifrost_h/c/sdcc/BIFROSTH_fillTileAttrH_callee
arch/zx/bifrost_h/c/sdcc/BIFROSTH_findAttrH
arch/zx/bifrost_h/c/sdcc/BIFROSTH_findAttrH_callee
arch/zx/bifrost_h/c/sdcc/BIFROSTH_getAnimGroup
arch/zx/bifrost_h/c/sdcc/BIFROSTH_getAnimGroup_fastcall
arch/zx/bifrost_h/c/sdcc/BIFROSTH_getTile
arch/zx/bifrost_h/c/sdcc/BIFROSTH_getTile_callee
arch/zx/bifrost_h/c/sdcc/BIFROSTH_resetAnim2Frames
arch/zx/bifrost_h/c/sdcc/BIFROSTH_resetAnim4Frames
arch/zx/bifrost_h/c/sdcc/BIFROSTH_setTile
arch/zx/bifrost_h/c/sdcc/BIFROSTH_setTile_callee
arch/zx/bifrost_h/c/sdcc/BIFROSTH_showNextTile
arch/zx/bifrost_h/c/sdcc/BIFROSTH_showTilePosH
arch/zx/bifrost_h/c/sdcc/BIFROSTH_showTilePosH_callee
arch/zx/bifrost_h/c/sdcc/BIFROSTH_start
arch/zx/bifrost_h/c/sdcc/BIFROSTH_stop
