@arch/zx/nirvanam/nirvanam_asm.lst
arch/zx/nirvanam/c/sdcc_iy/NIRVANAM_drawT
arch/zx/nirvanam/c/sdcc_iy/NIRVANAM_drawT_callee
arch/zx/nirvanam/c/sdcc_iy/NIRVANAM_drawT_raw
arch/zx/nirvanam/c/sdcc_iy/NIRVANAM_drawT_raw_callee
arch/zx/nirvanam/c/sdcc_iy/NIRVANAM_drawTW
arch/zx/nirvanam/c/sdcc_iy/NIRVANAM_drawTW_callee
arch/zx/nirvanam/c/sdcc_iy/NIRVANAM_drawTW_raw
arch/zx/nirvanam/c/sdcc_iy/NIRVANAM_drawTW_raw_callee
arch/zx/nirvanam/c/sdcc_iy/NIRVANAM_drawW
arch/zx/nirvanam/c/sdcc_iy/NIRVANAM_drawW_callee
arch/zx/nirvanam/c/sdcc_iy/NIRVANAM_drawW_raw
arch/zx/nirvanam/c/sdcc_iy/NIRVANAM_drawW_raw_callee
arch/zx/nirvanam/c/sdcc_iy/NIRVANAM_fillC
arch/zx/nirvanam/c/sdcc_iy/NIRVANAM_fillC_callee
arch/zx/nirvanam/c/sdcc_iy/NIRVANAM_fillT
arch/zx/nirvanam/c/sdcc_iy/NIRVANAM_fillT_callee
arch/zx/nirvanam/c/sdcc_iy/NIRVANAM_fillT_raw
arch/zx/nirvanam/c/sdcc_iy/NIRVANAM_fillT_raw_callee
arch/zx/nirvanam/c/sdcc_iy/NIRVANAM_paintC
arch/zx/nirvanam/c/sdcc_iy/NIRVANAM_paintC_callee
arch/zx/nirvanam/c/sdcc_iy/NIRVANAM_printC
arch/zx/nirvanam/c/sdcc_iy/NIRVANAM_printC_callee
arch/zx/nirvanam/c/sdcc_iy/NIRVANAM_readC
arch/zx/nirvanam/c/sdcc_iy/NIRVANAM_readC_callee
arch/zx/nirvanam/c/sdcc_iy/NIRVANAM_spriteT
arch/zx/nirvanam/c/sdcc_iy/NIRVANAM_spriteT_callee
arch/zx/nirvanam/c/sdcc_iy/NIRVANAM_start
arch/zx/nirvanam/c/sdcc_iy/NIRVANAM_stop
