gfx/x11/obj/${TYPE}/BlackPixel
gfx/x11/obj/${TYPE}/DefaultDepth
gfx/x11/obj/${TYPE}/DefaultScreen
gfx/x11/obj/${TYPE}/DisplayHeight
gfx/x11/obj/${TYPE}/DisplayWidth
gfx/x11/obj/${TYPE}/RootWindow
gfx/x11/obj/${TYPE}/WhitePixel
gfx/x11/obj/${TYPE}/win_close
gfx/x11/obj/${TYPE}/win_move
gfx/x11/obj/${TYPE}/win_open
gfx/x11/obj/${TYPE}/XCheckTypedEvent
gfx/x11/obj/${TYPE}/XCheckWindowEvent
gfx/x11/obj/${TYPE}/XClearWindow
gfx/x11/obj/${TYPE}/XCloseDisplay
gfx/x11/obj/${TYPE}/XCreateBitmapFromData
gfx/x11/obj/${TYPE}/XCreateGC
gfx/x11/obj/${TYPE}/XCreateSimpleWindow
gfx/x11/obj/${TYPE}/XDestroyWindow
gfx/x11/obj/${TYPE}/XDisplayName
gfx/x11/obj/${TYPE}/XDrawLine
gfx/x11/obj/${TYPE}/XDrawPoint
gfx/x11/obj/${TYPE}/XDrawRectangle
gfx/x11/obj/${TYPE}/XDrawString
gfx/x11/obj/${TYPE}/XFlush
gfx/x11/obj/${TYPE}/XFreeGC
gfx/x11/obj/${TYPE}/XLoadQueryFont
gfx/x11/obj/${TYPE}/XMapWindow
gfx/x11/obj/${TYPE}/XNextEvent
gfx/x11/obj/${TYPE}/XOpenDisplay
gfx/x11/obj/${TYPE}/XSelectInput
gfx/x11/obj/${TYPE}/XSetDashes
gfx/x11/obj/${TYPE}/XSetFont
gfx/x11/obj/${TYPE}/XSetForeground
gfx/x11/obj/${TYPE}/XSetLineAttributes
gfx/x11/obj/${TYPE}/XSetStandardProperties
gfx/x11/obj/${TYPE}/XTextWidth
gfx/x11/obj/${TYPE}/XUnloadFont
gfx/x11/obj/${TYPE}/_xfindchar
gfx/x11/obj/${TYPE}/_xfputc
gfx/x11/obj/${TYPE}/variables
