font/fzx/fonts/dkud2/Academy/_ff_dkud2_Academy
font/fzx/fonts/dkud2/Belegost/_ff_dkud2_Belegost1
font/fzx/fonts/dkud2/Belegost/_ff_dkud2_Belegost2
font/fzx/fonts/dkud2/Bold/_ff_dkud2_BigBold
font/fzx/fonts/dkud2/Bold/_ff_dkud2_UltraBold
font/fzx/fonts/dkud2/Bold/_ff_dkud2_UpcaseBold
font/fzx/fonts/dkud2/Cobra/_ff_dkud2_Cobra
font/fzx/fonts/dkud2/Crash/_ff_dkud2_Crash
font/fzx/fonts/dkud2/DOC/_ff_dkud2_doc
font/fzx/fonts/dkud2/Eclipse/_ff_dkud2_Eclipse
font/fzx/fonts/dkud2/Extra/_ff_dkud2_Extra
font/fzx/fonts/dkud2/Hijack/_ff_dkud2_Hijack
font/fzx/fonts/dkud2/Italika/_ff_dkud2_Italika
font/fzx/fonts/dkud2/Just6/_ff_dkud2_Just6
font/fzx/fonts/dkud2/Locomotion/_ff_dkud2_Locomotion
font/fzx/fonts/dkud2/Midnight/_ff_dkud2_Midnight
font/fzx/fonts/dkud2/Moonalert/_ff_dkud2_MoonAlert
font/fzx/fonts/dkud2/Nether/_ff_dkud2_Nether
font/fzx/fonts/dkud2/Neverend/_ff_dkud2_Neverend
font/fzx/fonts/dkud2/Roman/_ff_dkud2_Roman
font/fzx/fonts/dkud2/Script/_ff_dkud2_Script1
font/fzx/fonts/dkud2/Script/_ff_dkud2_Script2
font/fzx/fonts/dkud2/Standard/_ff_dkud2_Standard
font/fzx/fonts/dkud2/Tomahawk/_ff_dkud2_Tomahawk
font/fzx/fonts/dkud2/Wildvest/_ff_dkud2_Wildvest
font/fzx/fonts/dkud2/Winter/_ff_dkud2_Winter
