math/float/math32/lm32/c/sccz80/acos
math/float/math32/lm32/c/sccz80/acos_fastcall
math/float/math32/lm32/c/sccz80/acosh
math/float/math32/lm32/c/sccz80/acosh_fastcall
math/float/math32/lm32/c/sccz80/asin
math/float/math32/lm32/c/sccz80/asin_fastcall
math/float/math32/lm32/c/sccz80/asinh
math/float/math32/lm32/c/sccz80/asinh_fastcall
math/float/math32/lm32/c/sccz80/atan
math/float/math32/lm32/c/sccz80/atan_fastcall
math/float/math32/lm32/c/sccz80/atan2
math/float/math32/lm32/c/sccz80/atan2_callee
math/float/math32/lm32/c/sccz80/atanh
math/float/math32/lm32/c/sccz80/atanh_fastcall
math/float/math32/lm32/c/sccz80/ceil
math/float/math32/lm32/c/sccz80/ceil_fastcall
math/float/math32/lm32/c/sccz80/cos
math/float/math32/lm32/c/sccz80/cos_fastcall
math/float/math32/lm32/c/sccz80/cosh
math/float/math32/lm32/c/sccz80/cosh_fastcall
math/float/math32/lm32/c/sccz80/div2
math/float/math32/lm32/c/sccz80/div2_fastcall
math/float/math32/lm32/c/sccz80/dload
math/float/math32/lm32/c/sccz80/dloadb
math/float/math32/lm32/c/sccz80/exp
math/float/math32/lm32/c/sccz80/exp_fastcall
math/float/math32/lm32/c/sccz80/exp2
math/float/math32/lm32/c/sccz80/exp2_fastcall
math/float/math32/lm32/c/sccz80/exp10
math/float/math32/lm32/c/sccz80/exp10_fastcall
math/float/math32/lm32/c/sccz80/fabs
math/float/math32/lm32/c/sccz80/fabs_fastcall
math/float/math32/lm32/c/sccz80/floor
math/float/math32/lm32/c/sccz80/floor_fastcall
math/float/math32/lm32/c/sccz80/fmax
math/float/math32/lm32/c/sccz80/fmax_callee
math/float/math32/lm32/c/sccz80/fmin
math/float/math32/lm32/c/sccz80/fmin_callee
math/float/math32/lm32/c/sccz80/fmod
math/float/math32/lm32/c/sccz80/fmod_callee
math/float/math32/lm32/c/sccz80/fpclassify
math/float/math32/lm32/c/sccz80/frexp
math/float/math32/lm32/c/sccz80/frexp_callee
math/float/math32/lm32/c/sccz80/hypot
math/float/math32/lm32/c/sccz80/hypot_callee
math/float/math32/lm32/c/sccz80/inv
math/float/math32/lm32/c/sccz80/inv_fastcall
math/float/math32/lm32/c/sccz80/invsqrt
math/float/math32/lm32/c/sccz80/invsqrt_fastcall
math/float/math32/lm32/c/sccz80/ldexp
math/float/math32/lm32/c/sccz80/ldexp_callee
math/float/math32/lm32/c/sccz80/l_f32_add
math/float/math32/lm32/c/sccz80/l_f32_conv
math/float/math32/lm32/c/sccz80/l_f32_div
math/float/math32/lm32/c/sccz80/l_f32_eq
math/float/math32/lm32/c/sccz80/l_f32_f2long
math/float/math32/lm32/c/sccz80/l_f32_ge
math/float/math32/lm32/c/sccz80/l_f32_gt
math/float/math32/lm32/c/sccz80/l_f32_invf
math/float/math32/lm32/c/sccz80/l_f32_ldexp
math/float/math32/lm32/c/sccz80/l_f32_le
math/float/math32/lm32/c/sccz80/l_f32_lt
math/float/math32/lm32/c/sccz80/l_f32_mul
math/float/math32/lm32/c/sccz80/l_f32_ne
math/float/math32/lm32/c/sccz80/l_f32_sub
math/float/math32/lm32/c/sccz80/l_f32_swap
math/float/math32/lm32/c/sccz80/l_f32_zero
math/float/math32/lm32/c/sccz80/log
math/float/math32/lm32/c/sccz80/log_fastcall
math/float/math32/lm32/c/sccz80/log2
math/float/math32/lm32/c/sccz80/log2_fastcall
math/float/math32/lm32/c/sccz80/log10
math/float/math32/lm32/c/sccz80/log10_fastcall
math/float/math32/lm32/c/sccz80/modf
math/float/math32/lm32/c/sccz80/modf_callee
math/float/math32/lm32/c/sccz80/mul2
math/float/math32/lm32/c/sccz80/mul2_fastcall
math/float/math32/lm32/c/sccz80/mul10u
math/float/math32/lm32/c/sccz80/mul10u_fastcall
math/float/math32/lm32/c/sccz80/poly
math/float/math32/lm32/c/sccz80/poly_callee
math/float/math32/lm32/c/sccz80/pow
math/float/math32/lm32/c/sccz80/pow_callee
math/float/math32/lm32/c/sccz80/round
math/float/math32/lm32/c/sccz80/round_fastcall
math/float/math32/lm32/c/sccz80/sin
math/float/math32/lm32/c/sccz80/sin_fastcall
math/float/math32/lm32/c/sccz80/sinh
math/float/math32/lm32/c/sccz80/sinh_fastcall
math/float/math32/lm32/c/sccz80/sqr
math/float/math32/lm32/c/sccz80/sqr_fastcall
math/float/math32/lm32/c/sccz80/sqrt
math/float/math32/lm32/c/sccz80/sqrt_fastcall
math/float/math32/lm32/c/sccz80/tan
math/float/math32/lm32/c/sccz80/tan_fastcall
math/float/math32/lm32/c/sccz80/tanh
math/float/math32/lm32/c/sccz80/tanh_fastcall
