font/fzx/fonts/ao/Aribeth/_ff_ao_Aribeth14
font/fzx/fonts/ao/Aribeth/_ff_ao_Aribeth6
font/fzx/fonts/ao/Aribeth/_ff_ao_Aribeth8
font/fzx/fonts/ao/Arkade/_ff_ao_Arkade
font/fzx/fonts/ao/Blackadder/_ff_ao_Blackadder
font/fzx/fonts/ao/Cayeux/_ff_ao_Cayeux
font/fzx/fonts/ao/Cheveron/_ff_ao_Cheveron
font/fzx/fonts/ao/Chloe/_ff_ao_Chloe
font/fzx/fonts/ao/Dutch/_ff_ao_Dutch
font/fzx/fonts/ao/Dutch/_ff_ao_DutchLatin1
font/fzx/fonts/ao/Dutch/_ff_ao_DutchLatin5
font/fzx/fonts/ao/GenevaMono/_ff_ao_GenevaMonoBold
font/fzx/fonts/ao/GenevaMono/_ff_ao_GenevaMonoBoldItalic
font/fzx/fonts/ao/GenevaMono/_ff_ao_GenevaMonoCyrillic
font/fzx/fonts/ao/GenevaMono/_ff_ao_GenevaMonoItalic
font/fzx/fonts/ao/GenevaMono/_ff_ao_GenevaMonoRoman
font/fzx/fonts/ao/GenevaMono/_ff_ao_GenevaMonoSymbol
font/fzx/fonts/ao/Grotesk/_ff_ao_Grotesk
font/fzx/fonts/ao/Grotesk/_ff_ao_GroteskLatin1
font/fzx/fonts/ao/Grotesk/_ff_ao_GroteskLatin5
font/fzx/fonts/ao/Hemery/_ff_ao_Hemery
font/fzx/fonts/ao/Hiroshi/_ff_ao_Hiroshi
font/fzx/fonts/ao/Jangeborg/_ff_ao_Jangeborg
font/fzx/fonts/ao/Kaitaia/_ff_ao_Kaitaia
font/fzx/fonts/ao/Klausjahn/_ff_ao_Klausjahn
font/fzx/fonts/ao/Lettera/_ff_ao_Lettera
font/fzx/fonts/ao/Napier/_ff_ao_Napier
font/fzx/fonts/ao/Newbrand/_ff_ao_Newbrand
font/fzx/fonts/ao/OldEnglish/_ff_ao_OldEnglish
font/fzx/fonts/ao/OpenDyslexic/_ff_ao_OpenDyslexic
font/fzx/fonts/ao/Orion/_ff_ao_Orion
font/fzx/fonts/ao/Prefect/_ff_ao_Prefect
font/fzx/fonts/ao/Programmer/_ff_ao_Programmer
font/fzx/fonts/ao/Roundel/_ff_ao_RoundelSans
font/fzx/fonts/ao/Roundel/_ff_ao_RoundelSansLatin1
font/fzx/fonts/ao/Roundel/_ff_ao_RoundelSansLatin5
font/fzx/fonts/ao/Roundel/_ff_ao_RoundelSerif
font/fzx/fonts/ao/Roundel/_ff_ao_RoundelSerifLatin1
font/fzx/fonts/ao/Roundel/_ff_ao_RoundelSerifLatin5
font/fzx/fonts/ao/Sabon/_ff_ao_Sabon
font/fzx/fonts/ao/Sinclair/_ff_ao_Sinclair
font/fzx/fonts/ao/Sinclair/_ff_ao_SinclairLatin1
font/fzx/fonts/ao/Sinclair/_ff_ao_SinclairLatin5
font/fzx/fonts/ao/SoixanteQuatre/_ff_ao_SoixanteQuatre
font/fzx/fonts/ao/Soxz/_ff_ao_Soxz
font/fzx/fonts/ao/SpecDings/_ff_ao_SpecDings
font/fzx/fonts/ao/Swiss/_ff_ao_Swiss
font/fzx/fonts/ao/Trader/_ff_ao_Trader
font/fzx/fonts/ao/Twombly/_ff_ao_Twombly
font/fzx/fonts/ao/Vickers/_ff_ao_Vickers
font/fzx/fonts/ao/Videotex/_ff_ao_Videotex
font/fzx/fonts/ao/Zaibatsu/_ff_ao_Zaibatsu
