gbz80/sccz80/*.asm
8080/sccz80/crt0_variables
8080/sccz80/crt_variables_math
8080/sccz80/l_cmpbcde
8080/sccz80/l_eq
8080/sccz80/l_long_add
8080/sccz80/l_long_and
8080/sccz80/l_long_asl
8080/sccz80/l_long_asr
8080/sccz80/l_long_asr_u
8080/sccz80/l_long_cmp
8080/sccz80/l_long_eq
8080/sccz80/l_long_ne
8080/sccz80/l_long_or
8080/sccz80/l_long_sub
8080/sccz80/l_long_ucmp
8080/sccz80/l_long_xor
8080/sccz80/l_ne
8080/sccz80/l_sub
8080/sccz80/l_long_div
8080/sccz80/l_long_div_u
8080/sccz80/l_long_divide


z80/sccz80/getarg
z80/sccz80/htons
z80/sccz80/l_and
z80/sccz80/l_bcneg
z80/sccz80/l_bool
z80/sccz80/l_cmp
z80/sccz80/l_cm_bc
z80/sccz80/l_cm_de
z80/sccz80/l_com
z80/sccz80/l_compare_result
z80/sccz80/l_deneg
z80/sccz80/l_div
z80/sccz80/l_div_u
z80/sccz80/l_gchar
z80/sccz80/l_gcharsp
z80/sccz80/l_ge
z80/sccz80/l_gint
z80/sccz80/l_gint7de
z80/sccz80/l_gintsp
z80/sccz80/l_gintspchar
z80/sccz80/l_gint_eq
z80/sccz80/l_ghtonsint
z80/sccz80/l_gt
z80/sccz80/l_jphl
z80/sccz80/l_le
z80/sccz80/l_lneg
z80/sccz80/l_lt
z80/sccz80/l_mul
z80/sccz80/l_neg
z80/sccz80/l_or
z80/sccz80/l_pint
z80/sccz80/l_pint_eq
z80/sccz80/l_pint_pop
z80/sccz80/l_plong
z80/sccz80/l_putptr
z80/sccz80/l_setmem
z80/sccz80/l_sxt
z80/sccz80/l_uge
z80/sccz80/l_ucmp
z80/sccz80/l_ugt
z80/sccz80/l_ule
z80/sccz80/l_ult
z80/sccz80/l_xor
z80/sccz80/htonl
z80/sccz80/int2long_s
z80/sccz80/int2long_s_float
z80/sccz80/int2long_u_float
z80/sccz80/l_declong
z80/sccz80/l_inclong
z80/sccz80/l_long_bool
z80/sccz80/l_long_case
z80/sccz80/l_long_com
z80/sccz80/l_long_dec
z80/sccz80/l_long_ge
z80/sccz80/l_long_gt
z80/sccz80/l_long_inc
z80/sccz80/l_long_le
z80/sccz80/l_long_lneg
z80/sccz80/l_long_lt
z80/sccz80/l_long_neg
z80/sccz80/l_long_uge
z80/sccz80/l_long_ugt
z80/sccz80/l_long_ule
z80/sccz80/l_long_ult
z80/sccz80/lpush2
z80/sccz80/__atof2
z80/sccz80/dload
z80/sccz80/extra
z80/sccz80/fa
z80/sccz80/fasign
z80/sccz80/fp_seed
z80/sccz80/__convert_sdccf2reg
z80/sccz80/l_push_di
z80/sccz80/l_pop_ei
z80/sccz80/l_graphics_cmp
@newlib-gbz80.lst
@sdcc-gbz80.lst
