../_DEVELOPMENT/error/z80/_errno
../_DEVELOPMENT/error/z80/errno_mc
../_DEVELOPMENT/error/z80/errno_zc
../_DEVELOPMENT/error/z80/errno_znc
../_DEVELOPMENT/error/z80/error_bc_zc
../_DEVELOPMENT/error/z80/error_divide_by_zero_mc
../_DEVELOPMENT/error/z80/error_divide_by_zero_zc
../_DEVELOPMENT/error/z80/error_eacces_mc
../_DEVELOPMENT/error/z80/error_ebadf_mc
../_DEVELOPMENT/error/z80/error_ebadf_zc
../_DEVELOPMENT/error/z80/error_ebdfd_mc
../_DEVELOPMENT/error/z80/error_ebdfd_zc
../_DEVELOPMENT/error/z80/error_edom_mc
../_DEVELOPMENT/error/z80/error_edom_zc
../_DEVELOPMENT/error/z80/error_efbig_mc
../_DEVELOPMENT/error/z80/error_efbig_zc
../_DEVELOPMENT/error/z80/error_einval_mc
../_DEVELOPMENT/error/z80/error_einval_zc
../_DEVELOPMENT/error/z80/error_einval_znc
../_DEVELOPMENT/error/z80/error_emfile_zc
../_DEVELOPMENT/error/z80/error_enfile_mc
../_DEVELOPMENT/error/z80/error_enolck_mc
../_DEVELOPMENT/error/z80/error_enolck_zc
../_DEVELOPMENT/error/z80/error_enomem_mc
../_DEVELOPMENT/error/z80/error_enomem_zc
../_DEVELOPMENT/error/z80/error_enotsup_mc
../_DEVELOPMENT/error/z80/error_enotsup_zc
../_DEVELOPMENT/error/z80/error_eoverflow_mc
../_DEVELOPMENT/error/z80/error_eoverflow_zc
../_DEVELOPMENT/error/z80/error_erange_lmc
../_DEVELOPMENT/error/z80/error_erange_mc
../_DEVELOPMENT/error/z80/error_erange_zc
../_DEVELOPMENT/error/z80/error_estat_zc
../_DEVELOPMENT/error/z80/error_ewouldblock_zc
../_DEVELOPMENT/error/z80/error_lmc
../_DEVELOPMENT/error/z80/error_lmnc
../_DEVELOPMENT/error/z80/error_lzc
../_DEVELOPMENT/error/z80/error_lznc
../_DEVELOPMENT/error/z80/error_mc
../_DEVELOPMENT/error/z80/error_mnc
../_DEVELOPMENT/error/z80/error_mulu_overflow_mc
../_DEVELOPMENT/error/z80/error_oc
../_DEVELOPMENT/error/z80/error_onc
../_DEVELOPMENT/error/z80/error_zc
../_DEVELOPMENT/error/z80/error_znc
../_DEVELOPMENT/l/z80/ascii/num_to_txt/l_ultoa
../_DEVELOPMENT/l/z80/ascii/num_to_txt/l_ultob
../_DEVELOPMENT/l/z80/ascii/num_to_txt/l_ultoh
../_DEVELOPMENT/l/z80/ascii/num_to_txt/l_ultoo
../_DEVELOPMENT/l/z80/ascii/num_to_txt/l_utoa
../_DEVELOPMENT/l/z80/ascii/num_to_txt/l_utob
../_DEVELOPMENT/l/z80/ascii/num_to_txt/l_utoh
../_DEVELOPMENT/l/z80/ascii/num_to_txt/l_utoo
../_DEVELOPMENT/l/z80/ascii/num_to_txt/small/l_small_utoa
../_DEVELOPMENT/l/z80/ascii/num_to_txt/small/l_small_utob
../_DEVELOPMENT/l/z80/ascii/num_to_txt/small/l_small_utoh
../_DEVELOPMENT/l/z80/ascii/num_to_txt/small/l_small_utoo
../_DEVELOPMENT/l/z80/ascii/txt_to_num/l_atou
../_DEVELOPMENT/l/z80/ascii/txt_to_num/l_btou
../_DEVELOPMENT/l/z80/ascii/txt_to_num/l_htou
../_DEVELOPMENT/l/z80/ascii/txt_to_num/l_otou
../_DEVELOPMENT/l/z80/ascii/txt_to_num/l_otoul
../_DEVELOPMENT/l/z80/ascii/txt_to_num/small/l_small_atou
../_DEVELOPMENT/l/z80/ascii/txt_to_num/small/l_small_btou
../_DEVELOPMENT/l/z80/ascii/txt_to_num/small/l_small_htou
../_DEVELOPMENT/l/z80/ascii/txt_to_num/small/l_small_otou
../_DEVELOPMENT/l/z80/ascii/num_to_txt/l_ultoa
../_DEVELOPMENT/l/z80/ascii/num_to_txt/l_ultob
../_DEVELOPMENT/l/z80/ascii/num_to_txt/l_ultoh
../_DEVELOPMENT/l/z80/ascii/num_to_txt/l_ultoo
../_DEVELOPMENT/l/z80/ascii/num_to_txt/small/l_small_ultob
../_DEVELOPMENT/l/z80/ascii/num_to_txt/small/l_small_ultoh
../_DEVELOPMENT/l/z80/ascii/num_to_txt/small/l_small_ultoo
../_DEVELOPMENT/l/z80/ascii/txt_to_num/l_atoul
../_DEVELOPMENT/l/z80/ascii/txt_to_num/l_btoul
../_DEVELOPMENT/l/z80/ascii/txt_to_num/l_htoul
../_DEVELOPMENT/l/z80/ascii/txt_to_num/l_otoul
../_DEVELOPMENT/l/z80/ascii/txt_to_num/small/l_small_btoul
../_DEVELOPMENT/l/z80/ascii/txt_to_num/small/l_small_htoul
../_DEVELOPMENT/l/z80/ascii/txt_to_num/small/l_small_otoul
../_DEVELOPMENT/l/z80/integer/l_addu_hl_bc
../_DEVELOPMENT/l/z80/integer/l_addu_hl_de
../_DEVELOPMENT/l/z80/integer/l_asr_hl
../_DEVELOPMENT/l/z80/integer/l_incu_bc
../_DEVELOPMENT/l/z80/integer/l_incu_de
../_DEVELOPMENT/l/z80/integer/l_incu_hl
../_DEVELOPMENT/l/z80/integer/l_lsl_hl
../_DEVELOPMENT/l/z80/integer/l_lsr_hl
../_DEVELOPMENT/l/z80/integer/l_ltu_bc_de
../_DEVELOPMENT/l/z80/integer/l_ltu_bc_hl
../_DEVELOPMENT/l/z80/integer/l_ltu_de_hl
../_DEVELOPMENT/l/z80/integer/l_ltu_hl_bc
../_DEVELOPMENT/l/z80/integer/l_ltu_hl_de
../_DEVELOPMENT/l/z80/integer/l_maxu_bc_hl
../_DEVELOPMENT/l/z80/integer/l_minu_bc_hl
../_DEVELOPMENT/l/z80/integer/l_minu_de_hl
../_DEVELOPMENT/l/z80/integer/l_neg_bc
../_DEVELOPMENT/l/z80/integer/l_neg_de
../_DEVELOPMENT/l/z80/integer/l_neg_hl
../_DEVELOPMENT/l/z80/integer/l_power_2_bc
../_DEVELOPMENT/l/z80/integer/l_utod_de
../_DEVELOPMENT/l/z80/integer/l_utod_hl
../_DEVELOPMENT/l/z80/logical/l_andc_hl_bc
../_DEVELOPMENT/l/z80/logical/l_andc_hl_de
../_DEVELOPMENT/l/z80/logical/l_cpl_dehl
../_DEVELOPMENT/l/z80/logical/l_cpl_hl
../_DEVELOPMENT/z80/z80/asm_z80_delay_ms
../_DEVELOPMENT/z80/z80/asm_z80_delay_tstate.asm
