../_DEVELOPMENT/l/z80/l_bitset_locate
../_DEVELOPMENT/l/z80/l_call_hl
../_DEVELOPMENT/l/z80/l_call_ix
../_DEVELOPMENT/l/z80/l_call_iy
../_DEVELOPMENT/l/z80/l_command_line_parse
../_DEVELOPMENT/l/z80/l_command_line_parse_in_place
../_DEVELOPMENT/l/z80/l_compare_de_hl
../_DEVELOPMENT/l/z80/l_dec_bc
../_DEVELOPMENT/l/z80/l_dec_de
#../_DEVELOPMENT/l/z80/l_ei_reti
../_DEVELOPMENT/l/z80/l_ex_bc_de
../_DEVELOPMENT/l/z80/l_ex_bc_hl
../_DEVELOPMENT/l/z80/l_inc_hl
../_DEVELOPMENT/l/z80/l_inc_sp
../_DEVELOPMENT/l/z80/l_jphl
../_DEVELOPMENT/l/z80/l_jpix
../_DEVELOPMENT/l/z80/l_jpiy
../_DEVELOPMENT/l/z80/l_ldd
../_DEVELOPMENT/l/z80/l_ldd_loop
../_DEVELOPMENT/l/z80/l_ldi
../_DEVELOPMENT/l/z80/l_ldi_loop
../_DEVELOPMENT/l/z80/l_offset_ix_bc
../_DEVELOPMENT/l/z80/l_offset_ix_de
#../_DEVELOPMENT/l/z80/l_outi
#../_DEVELOPMENT/l/z80/l_outi_loop
../_DEVELOPMENT/l/z80/l_readword_2_hl
../_DEVELOPMENT/l/z80/l_readword_hl
../_DEVELOPMENT/l/z80/l_ret
#../_DEVELOPMENT/l/z80/l_retn
../_DEVELOPMENT/l/z80/l_setmem_de
../_DEVELOPMENT/l/z80/l_setmem_hl
../_DEVELOPMENT/l/z80/l_testword_hl
../_DEVELOPMENT/l/z80/l_zeroword_hl
../_DEVELOPMENT/l/z80/ascii/l_char2num
../_DEVELOPMENT/l/z80/ascii/l_eat_base_prefix
../_DEVELOPMENT/l/z80/ascii/l_eat_ddigits
../_DEVELOPMENT/l/z80/ascii/l_eat_digits
../_DEVELOPMENT/l/z80/ascii/l_eat_hdigits
../_DEVELOPMENT/l/z80/ascii/l_eat_sign
../_DEVELOPMENT/l/z80/ascii/l_eat_ws
../_DEVELOPMENT/l/z80/ascii/l_hex_nibble
../_DEVELOPMENT/l/z80/ascii/l_num2char
../_DEVELOPMENT/l/z80/ascii/l_valid_base
../_DEVELOPMENT/l/z80/ascii/num_to_txt/l_ultoa
../_DEVELOPMENT/l/z80/ascii/num_to_txt/l_ultob
../_DEVELOPMENT/l/z80/ascii/num_to_txt/l_ultoh
../_DEVELOPMENT/l/z80/ascii/num_to_txt/l_ultoo
../_DEVELOPMENT/l/z80/ascii/num_to_txt/l_utoa
../_DEVELOPMENT/l/z80/ascii/num_to_txt/l_utob
../_DEVELOPMENT/l/z80/ascii/num_to_txt/l_utoh
../_DEVELOPMENT/l/z80/ascii/num_to_txt/l_utoo
../_DEVELOPMENT/l/z80/ascii/num_to_txt/fast/l_fast_ultoa
../_DEVELOPMENT/l/z80/ascii/num_to_txt/fast/l_fast_ultob
../_DEVELOPMENT/l/z80/ascii/num_to_txt/fast/l_fast_ultoh
../_DEVELOPMENT/l/z80/ascii/num_to_txt/fast/l_fast_ultoo
../_DEVELOPMENT/l/z80/ascii/num_to_txt/fast/l_fast_utoa
../_DEVELOPMENT/l/z80/ascii/num_to_txt/fast/l_fast_utob
../_DEVELOPMENT/l/z80/ascii/num_to_txt/fast/l_fast_utoh
../_DEVELOPMENT/l/z80/ascii/num_to_txt/fast/l_fast_utoo
../_DEVELOPMENT/l/z80/ascii/num_to_txt/small/l_small_ultoa
../_DEVELOPMENT/l/z80/ascii/num_to_txt/small/l_small_ultob
../_DEVELOPMENT/l/z80/ascii/num_to_txt/small/l_small_ultoh
../_DEVELOPMENT/l/z80/ascii/num_to_txt/small/l_small_ultoo
../_DEVELOPMENT/l/z80/ascii/num_to_txt/small/l_small_utoa
../_DEVELOPMENT/l/z80/ascii/num_to_txt/small/l_small_utob
../_DEVELOPMENT/l/z80/ascii/num_to_txt/small/l_small_utoh
../_DEVELOPMENT/l/z80/ascii/num_to_txt/small/l_small_utoo
../_DEVELOPMENT/l/z80/ascii/txt_to_num/l_atou
../_DEVELOPMENT/l/z80/ascii/txt_to_num/l_atoul
../_DEVELOPMENT/l/z80/ascii/txt_to_num/l_btou
../_DEVELOPMENT/l/z80/ascii/txt_to_num/l_btoul
../_DEVELOPMENT/l/z80/ascii/txt_to_num/l_htou
../_DEVELOPMENT/l/z80/ascii/txt_to_num/l_htoul
../_DEVELOPMENT/l/z80/ascii/txt_to_num/l_otou
../_DEVELOPMENT/l/z80/ascii/txt_to_num/l_otoul
../_DEVELOPMENT/l/z80/ascii/txt_to_num/fast/l_fast_atou
../_DEVELOPMENT/l/z80/ascii/txt_to_num/fast/l_fast_atoul
../_DEVELOPMENT/l/z80/ascii/txt_to_num/fast/l_fast_btou
../_DEVELOPMENT/l/z80/ascii/txt_to_num/fast/l_fast_btoul
../_DEVELOPMENT/l/z80/ascii/txt_to_num/fast/l_fast_htou
../_DEVELOPMENT/l/z80/ascii/txt_to_num/fast/l_fast_htoul
../_DEVELOPMENT/l/z80/ascii/txt_to_num/fast/l_fast_otou
../_DEVELOPMENT/l/z80/ascii/txt_to_num/fast/l_fast_otoul
../_DEVELOPMENT/l/z80/ascii/txt_to_num/small/l_small_atou
../_DEVELOPMENT/l/z80/ascii/txt_to_num/small/l_small_atoul
../_DEVELOPMENT/l/z80/ascii/txt_to_num/small/l_small_btou
../_DEVELOPMENT/l/z80/ascii/txt_to_num/small/l_small_btoul
../_DEVELOPMENT/l/z80/ascii/txt_to_num/small/l_small_htou
../_DEVELOPMENT/l/z80/ascii/txt_to_num/small/l_small_htoul
../_DEVELOPMENT/l/z80/ascii/txt_to_num/small/l_small_otou
../_DEVELOPMENT/l/z80/ascii/txt_to_num/small/l_small_otoul
../_DEVELOPMENT/l/z80/integer/l_addu_hl_bc
../_DEVELOPMENT/l/z80/integer/l_addu_hl_de
../_DEVELOPMENT/l/z80/integer/l_asr_hl
../_DEVELOPMENT/l/z80/integer/l_divu_hl
../_DEVELOPMENT/l/z80/integer/l_incu_bc
../_DEVELOPMENT/l/z80/integer/l_incu_de
../_DEVELOPMENT/l/z80/integer/l_incu_hl
../_DEVELOPMENT/l/z80/integer/l_lsl_hl
../_DEVELOPMENT/l/z80/integer/l_lsr_hl
../_DEVELOPMENT/l/z80/integer/l_ltu_bc_de
../_DEVELOPMENT/l/z80/integer/l_ltu_bc_hl
../_DEVELOPMENT/l/z80/integer/l_ltu_de_hl
../_DEVELOPMENT/l/z80/integer/l_ltu_hl_bc
../_DEVELOPMENT/l/z80/integer/l_ltu_hl_de
../_DEVELOPMENT/l/z80/integer/l_maxu_bc_hl
../_DEVELOPMENT/l/z80/integer/l_minu_bc_hl
../_DEVELOPMENT/l/z80/integer/l_minu_de_hl
../_DEVELOPMENT/l/z80/integer/l_neg_bc
../_DEVELOPMENT/l/z80/integer/l_neg_de
../_DEVELOPMENT/l/z80/integer/l_neg_hl
../_DEVELOPMENT/l/z80/integer/l_power_2_bc
../_DEVELOPMENT/l/z80/integer/l_power_2_c
../_DEVELOPMENT/l/z80/integer/l_utod_de
../_DEVELOPMENT/l/z80/integer/l_utod_hl
../_DEVELOPMENT/l/z80/integer/fast/l_fast_asr_hl
../_DEVELOPMENT/l/z80/integer/fast/l_fast_lsl_hl
../_DEVELOPMENT/l/z80/integer/fast/l_fast_lsr_hl
../_DEVELOPMENT/l/z80/integer/small/l_small_asr_hl
../_DEVELOPMENT/l/z80/integer/small/l_small_lsl_hl
../_DEVELOPMENT/l/z80/integer/small/l_small_lsr_hl
../_DEVELOPMENT/l/z80/logical/l_andc_hl_bc
../_DEVELOPMENT/l/z80/logical/l_andc_hl_de
../_DEVELOPMENT/l/z80/logical/l_cpl_dehl
../_DEVELOPMENT/l/z80/logical/l_cpl_hl
../_DEVELOPMENT/l/z80/long/l_asr_dehl
../_DEVELOPMENT/l/z80/long/l_dec_dehl
../_DEVELOPMENT/l/z80/long/l_decs_dehl
../_DEVELOPMENT/l/z80/long/l_decu_dehl
../_DEVELOPMENT/l/z80/long/l_inc_dehl
../_DEVELOPMENT/l/z80/long/l_long_add_exx
../_DEVELOPMENT/l/z80/long/l_long_add_mhl_bc
../_DEVELOPMENT/l/z80/long/l_long_add_stack
../_DEVELOPMENT/l/z80/long/l_long_addu_exx
../_DEVELOPMENT/l/z80/long/l_long_addu_stack
../_DEVELOPMENT/l/z80/long/l_long_addus_exx
../_DEVELOPMENT/l/z80/long/l_long_cmpu_mde_mhl
../_DEVELOPMENT/l/z80/long/l_long_inc_mhl
../_DEVELOPMENT/l/z80/long/l_long_load_mhl
../_DEVELOPMENT/l/z80/long/l_long_sbc_mde_mhl
../_DEVELOPMENT/l/z80/long/l_long_sbc_stack
../_DEVELOPMENT/l/z80/long/l_long_sbcu_exx
../_DEVELOPMENT/l/z80/long/l_long_store_mhl
../_DEVELOPMENT/l/z80/long/l_lsl_dehl
../_DEVELOPMENT/l/z80/long/l_lsr_dehl
../_DEVELOPMENT/l/z80/long/l_minu_bc_dehl
../_DEVELOPMENT/l/z80/long/l_neg_dehl
../_DEVELOPMENT/l/z80/long/fast/l_fast_asr_dehl
../_DEVELOPMENT/l/z80/long/fast/l_fast_lsl_dehl
../_DEVELOPMENT/l/z80/long/fast/l_fast_lsr_dehl
../_DEVELOPMENT/l/z80/long/small/l_small_asr_dehl
../_DEVELOPMENT/l/z80/long/small/l_small_lsl_dehl
../_DEVELOPMENT/l/z80/long/small/l_small_lsr_dehl
../_DEVELOPMENT/l/z80/longlong/l_add_64_dehldehl_a
../_DEVELOPMENT/l/z80/longlong/l_add_64_mde_mbc_mhl
../_DEVELOPMENT/l/z80/longlong/l_add_64_mde_mhl
../_DEVELOPMENT/l/z80/longlong/l_asr_dehldehl
../_DEVELOPMENT/l/z80/longlong/l_cpl_64_dehldehl
../_DEVELOPMENT/l/z80/longlong/l_cpl_64_mhl
../_DEVELOPMENT/l/z80/longlong/l_inc_64_dehldehl
../_DEVELOPMENT/l/z80/longlong/l_load_64_dehldehl_mbc
../_DEVELOPMENT/l/z80/longlong/l_lsl_dehldehl
../_DEVELOPMENT/l/z80/longlong/l_lsr_dehldehl
../_DEVELOPMENT/l/z80/longlong/l_neg_64_dehldehl
../_DEVELOPMENT/l/z80/longlong/l_neg_64_mhl
../_DEVELOPMENT/l/z80/longlong/l_store_64_dehldehl_mbc
../_DEVELOPMENT/l/z80/longlong/l_sub_64_mde_mbc_mhl
../_DEVELOPMENT/l/z80/longlong/l_sub_64_mde_mhl
../_DEVELOPMENT/l/z80/longlong/l_testzero_64_mhl
../_DEVELOPMENT/l/z80/longlong/l_testzero_64_dehldehl
../_DEVELOPMENT/l/z80/longlong/fast/l_fast_asr_dehldehl
../_DEVELOPMENT/l/z80/longlong/fast/l_fast_lsl_dehldehl
../_DEVELOPMENT/l/z80/longlong/fast/l_fast_lsr_dehldehl
../_DEVELOPMENT/l/z80/longlong/small/l_small_asr_dehldehl
../_DEVELOPMENT/l/z80/longlong/small/l_small_lsl_dehldehl
../_DEVELOPMENT/l/z80/longlong/small/l_small_lsr_dehldehl
../_DEVELOPMENT/error/z80/_errno
../_DEVELOPMENT/error/z80/errno_mc
../_DEVELOPMENT/error/z80/errno_zc
../_DEVELOPMENT/error/z80/errno_znc
../_DEVELOPMENT/error/z80/error_bc_zc
../_DEVELOPMENT/error/z80/error_divide_by_zero_mc
../_DEVELOPMENT/error/z80/error_divide_by_zero_zc
../_DEVELOPMENT/error/z80/error_eacces_mc
../_DEVELOPMENT/error/z80/error_ebadf_mc
../_DEVELOPMENT/error/z80/error_ebadf_zc
../_DEVELOPMENT/error/z80/error_ebdfd_mc
../_DEVELOPMENT/error/z80/error_ebdfd_zc
../_DEVELOPMENT/error/z80/error_edom_mc
../_DEVELOPMENT/error/z80/error_edom_zc
../_DEVELOPMENT/error/z80/error_efbig_mc
../_DEVELOPMENT/error/z80/error_efbig_zc
../_DEVELOPMENT/error/z80/error_einval_mc
../_DEVELOPMENT/error/z80/error_einval_zc
../_DEVELOPMENT/error/z80/error_einval_znc
../_DEVELOPMENT/error/z80/error_emfile_zc
../_DEVELOPMENT/error/z80/error_enfile_mc
../_DEVELOPMENT/error/z80/error_enolck_mc
../_DEVELOPMENT/error/z80/error_enolck_zc
../_DEVELOPMENT/error/z80/error_enomem_mc
../_DEVELOPMENT/error/z80/error_enomem_zc
../_DEVELOPMENT/error/z80/error_enotsup_mc
../_DEVELOPMENT/error/z80/error_enotsup_zc
../_DEVELOPMENT/error/z80/error_eoverflow_mc
../_DEVELOPMENT/error/z80/error_eoverflow_zc
../_DEVELOPMENT/error/z80/error_erange_llmc
../_DEVELOPMENT/error/z80/error_erange_lmc
../_DEVELOPMENT/error/z80/error_erange_mc
../_DEVELOPMENT/error/z80/error_erange_zc
../_DEVELOPMENT/error/z80/error_estat_zc
../_DEVELOPMENT/error/z80/error_ewouldblock_zc
../_DEVELOPMENT/error/z80/error_llmc
../_DEVELOPMENT/error/z80/error_llmnc
../_DEVELOPMENT/error/z80/error_llzc
../_DEVELOPMENT/error/z80/error_llznc
../_DEVELOPMENT/error/z80/error_lmc
../_DEVELOPMENT/error/z80/error_lmnc
../_DEVELOPMENT/error/z80/error_lzc
../_DEVELOPMENT/error/z80/error_lznc
../_DEVELOPMENT/error/z80/error_mc
../_DEVELOPMENT/error/z80/error_mnc
../_DEVELOPMENT/error/z80/error_mulu_overflow_mc
../_DEVELOPMENT/error/z80/error_oc
../_DEVELOPMENT/error/z80/error_onc
../_DEVELOPMENT/error/z80/error_zc
../_DEVELOPMENT/error/z80/error_znc
../_DEVELOPMENT/math/integer/fast/l_fast_divs_8_8x8
../_DEVELOPMENT/math/integer/fast/l_fast_divs_16_16x16
../_DEVELOPMENT/math/integer/fast/l_fast_divs_32_32x32
../_DEVELOPMENT/math/integer/fast/l_fast_divs_64_64x64
../_DEVELOPMENT/math/integer/fast/l_fast_divu_8_8x8
../_DEVELOPMENT/math/integer/fast/l_fast_divu_16_16x8
../_DEVELOPMENT/math/integer/fast/l_fast_divu_16_16x16
../_DEVELOPMENT/math/integer/fast/l_fast_divu_24_24x8
../_DEVELOPMENT/math/integer/fast/l_fast_divu_24_24x16
../_DEVELOPMENT/math/integer/fast/l_fast_divu_24_24x24
../_DEVELOPMENT/math/integer/fast/l_fast_divu_32_32x8
../_DEVELOPMENT/math/integer/fast/l_fast_divu_32_32x16
../_DEVELOPMENT/math/integer/fast/l_fast_divu_32_32x24
../_DEVELOPMENT/math/integer/fast/l_fast_divu_32_32x32
../_DEVELOPMENT/math/integer/fast/l_fast_divu_64_64x8
../_DEVELOPMENT/math/integer/fast/l_fast_divu_64_64x64
../_DEVELOPMENT/math/integer/fast/l_fast_muls_8_8x8
../_DEVELOPMENT/math/integer/fast/l_fast_muls_16_16x16
../_DEVELOPMENT/math/integer/fast/l_fast_muls_32_32x32
../_DEVELOPMENT/math/integer/fast/l_fast_mulu_8_8x8
../_DEVELOPMENT/math/integer/fast/l_fast_mulu_16_8x8
../_DEVELOPMENT/math/integer/fast/l_fast_mulu_16_16x16
../_DEVELOPMENT/math/integer/fast/l_fast_mulu_24_16x8
../_DEVELOPMENT/math/integer/fast/l_fast_mulu_32_16x16
../_DEVELOPMENT/math/integer/fast/l_fast_mulu_32_24x8
../_DEVELOPMENT/math/integer/fast/l_fast_mulu_32_24x16
../_DEVELOPMENT/math/integer/fast/l_fast_mulu_32_32x32
../_DEVELOPMENT/math/integer/fast/l_fast_mulu_40_32x8
../_DEVELOPMENT/math/integer/fast/l_fast_mulu_64_32x32
../_DEVELOPMENT/math/integer/fast/l_fast_mulu_64_64x64
../_DEVELOPMENT/math/integer/fast/l_fast_mulu_72_64x8
../_DEVELOPMENT/math/integer/small/l_small_divs_16_16x16
../_DEVELOPMENT/math/integer/small/l_small_divs_32_32x32
../_DEVELOPMENT/math/integer/small/l_small_divs_64_64x64
../_DEVELOPMENT/math/integer/small/l_small_divu_16_16x16
../_DEVELOPMENT/math/integer/small/l_small_divu_32_32x32
../_DEVELOPMENT/math/integer/small/l_small_divu_64_64x8
../_DEVELOPMENT/math/integer/small/l_small_divu_64_64x64
../_DEVELOPMENT/math/integer/small/l_small_mul_16_16x16
../_DEVELOPMENT/math/integer/small/l_small_mul_32_16x16
../_DEVELOPMENT/math/integer/small/l_small_mul_32_32x32
../_DEVELOPMENT/math/integer/small/l_small_mul_40_32x8
../_DEVELOPMENT/math/integer/small/l_small_mul_64_32x32
../_DEVELOPMENT/math/integer/small/l_small_mul_64_64x64
../_DEVELOPMENT/math/integer/small/l_small_mul_72_64x8
../_DEVELOPMENT/math/integer/l_divs_16_16x16
../_DEVELOPMENT/math/integer/l_divs_32_32x32
../_DEVELOPMENT/math/integer/l_divs_64_64x64
../_DEVELOPMENT/math/integer/l_divu_16_16x8
../_DEVELOPMENT/math/integer/l_divu_16_16x16
../_DEVELOPMENT/math/integer/l_divu_32_32x8
../_DEVELOPMENT/math/integer/l_divu_32_32x16
../_DEVELOPMENT/math/integer/l_divu_32_32x32
../_DEVELOPMENT/math/integer/l_divu_64_64x8
../_DEVELOPMENT/math/integer/l_divu_64_64x64
../_DEVELOPMENT/math/integer/l_mulu_16_8x8
../_DEVELOPMENT/math/integer/l_mulu_16_16x8
../_DEVELOPMENT/math/integer/l_mulu_16_16x16
../_DEVELOPMENT/math/integer/l_mulu_24_16x8
../_DEVELOPMENT/math/integer/l_mulu_32_16x16
../_DEVELOPMENT/math/integer/l_mulu_32_32x32
../_DEVELOPMENT/math/integer/l_mulu_40_32x8
../_DEVELOPMENT/math/integer/l_mulu_64_32x32
../_DEVELOPMENT/math/integer/l_mulu_64_64x64
../_DEVELOPMENT/math/integer/l_mulu_72_64x8
../_DEVELOPMENT/z80/z80/asm_z80_delay_ms
../_DEVELOPMENT/z80/z80/asm_z80_delay_tstate
../_DEVELOPMENT/math/float/math32/z80/f32_z180_mulu_32h_24x24
../_DEVELOPMENT/math/float/math32/z80/f32_z180_mulu_32h_32x32
../_DEVELOPMENT/math/float/math32/z80/f32_z180_sqr_32h_24x24
../_DEVELOPMENT/math/float/math32/z80/f32_z80_mulu_32h_24x24
../_DEVELOPMENT/math/float/math32/z80/f32_z80_mulu_32h_32x32
../_DEVELOPMENT/math/float/math32/z80/f32_z80_mulu_de
../_DEVELOPMENT/math/float/math32/z80/f32_z80_sqr_32h_24x24
../_DEVELOPMENT/math/float/math32/z80/f32_z80n_mulu_32h_24x24
../_DEVELOPMENT/math/float/math32/z80/f32_z80n_mulu_32h_32x32
../_DEVELOPMENT/math/float/math32/z80/f32_z80n_sqr_32h_24x24

