../_DEVELOPMENT/l/sdcc/____sdcc_2_copy_src_mhl_dst_bcix
../_DEVELOPMENT/l/sdcc/____sdcc_2_copy_src_mhl_dst_deix
../_DEVELOPMENT/l/sdcc/____sdcc_4_copy_src_mhl_dst_bcix
../_DEVELOPMENT/l/sdcc/____sdcc_4_copy_src_mhl_dst_deix
../_DEVELOPMENT/l/sdcc/____sdcc_4_copy_src_mhl_dst_mbc
../_DEVELOPMENT/l/sdcc/____sdcc_4_ldi_nosave_bc
../_DEVELOPMENT/l/sdcc/____sdcc_4_ldi_save_bc
../_DEVELOPMENT/l/sdcc/____sdcc_4_push_hlix
../_DEVELOPMENT/l/sdcc/____sdcc_4_push_mhl
../_DEVELOPMENT/l/sdcc/____sdcc_cpu_pop_ei
../_DEVELOPMENT/l/sdcc/____sdcc_cpu_pop_ei_jp
../_DEVELOPMENT/l/sdcc/____sdcc_cpu_push_di
../_DEVELOPMENT/l/sdcc/____sdcc_ldi
../_DEVELOPMENT/l/sdcc/____sdcc_ldi_128
../_DEVELOPMENT/l/sdcc/____sdcc_ldi_256
../_DEVELOPMENT/l/sdcc/____sdcc_lib_setmem_hl
../_DEVELOPMENT/l/sdcc/____sdcc_ll_add_de_bc_hl
../_DEVELOPMENT/l/sdcc/____sdcc_ll_add_de_bc_hlix
../_DEVELOPMENT/l/sdcc/____sdcc_ll_add_de_hlix_bc
../_DEVELOPMENT/l/sdcc/____sdcc_ll_add_de_hlix_bcix
../_DEVELOPMENT/l/sdcc/____sdcc_ll_add_deix_bc_hl
../_DEVELOPMENT/l/sdcc/____sdcc_ll_add_deix_hlix
../_DEVELOPMENT/l/sdcc/____sdcc_ll_add_hlix_bc_deix
../_DEVELOPMENT/l/sdcc/____sdcc_ll_add_hlix_deix_bc
../_DEVELOPMENT/l/sdcc/____sdcc_ll_add_hlix_deix_bcix
../_DEVELOPMENT/l/sdcc/____sdcc_ll_asr_hlix_a
../_DEVELOPMENT/l/sdcc/____sdcc_ll_asr_mbc_a
../_DEVELOPMENT/l/sdcc/____sdcc_ll_copy_src_de_dst_hlix
../_DEVELOPMENT/l/sdcc/____sdcc_ll_copy_src_de_dst_hlsp
../_DEVELOPMENT/l/sdcc/____sdcc_ll_copy_src_deix_dst_hl
../_DEVELOPMENT/l/sdcc/____sdcc_ll_copy_src_deix_dst_hlix
../_DEVELOPMENT/l/sdcc/____sdcc_ll_copy_src_deixm_dst_hlsp
../_DEVELOPMENT/l/sdcc/____sdcc_ll_copy_src_desp_dst_hlsp
../_DEVELOPMENT/l/sdcc/____sdcc_ll_copy_src_hl_dst_de
../_DEVELOPMENT/l/sdcc/____sdcc_ll_copy_src_hlsp_dst_de
../_DEVELOPMENT/l/sdcc/____sdcc_ll_copy_src_hlsp_dst_deixm
../_DEVELOPMENT/l/sdcc/____sdcc_ll_lsl_hlix_a
../_DEVELOPMENT/l/sdcc/____sdcc_ll_lsl_mbc_a
../_DEVELOPMENT/l/sdcc/____sdcc_ll_lsr_hlix_a
../_DEVELOPMENT/l/sdcc/____sdcc_ll_lsr_mbc_a
../_DEVELOPMENT/l/sdcc/____sdcc_ll_push_hlix
../_DEVELOPMENT/l/sdcc/____sdcc_ll_push_mhl
../_DEVELOPMENT/l/sdcc/____sdcc_ll_sub_de_bc_hl
../_DEVELOPMENT/l/sdcc/____sdcc_ll_sub_de_bc_hlix
../_DEVELOPMENT/l/sdcc/____sdcc_ll_sub_de_hlix_bc
../_DEVELOPMENT/l/sdcc/____sdcc_ll_sub_de_hlix_bcix
../_DEVELOPMENT/l/sdcc/____sdcc_ll_sub_deix_bc_hl
../_DEVELOPMENT/l/sdcc/____sdcc_ll_sub_deix_hlix
../_DEVELOPMENT/l/sdcc/____sdcc_ll_sub_hlix_bc_deix
../_DEVELOPMENT/l/sdcc/____sdcc_ll_sub_hlix_deix_bc
../_DEVELOPMENT/l/sdcc/____sdcc_ll_sub_hlix_deix_bcix
../_DEVELOPMENT/l/sdcc/____sdcc_load_debc_deix
../_DEVELOPMENT/l/sdcc/____sdcc_load_dehl_deix
../_DEVELOPMENT/l/sdcc/____sdcc_load_debc_mhl
../_DEVELOPMENT/l/sdcc/____sdcc_load_hlde_mhl
../_DEVELOPMENT/l/sdcc/____sdcc_outi
../_DEVELOPMENT/l/sdcc/____sdcc_outi_128
../_DEVELOPMENT/l/sdcc/____sdcc_outi_256
../_DEVELOPMENT/l/sdcc/____sdcc_store_debc_hlix
../_DEVELOPMENT/l/sdcc/____sdcc_store_debc_mhl
../_DEVELOPMENT/l/sdcc/____sdcc_store_dehl_bcix
../_DEVELOPMENT/l/sdcc/____sdcc_cpu_pop_ei
../_DEVELOPMENT/l/sdcc/____sdcc_cpu_pop_ei_jp
../_DEVELOPMENT/l/sdcc/____sdcc_cpu_push_di
../_DEVELOPMENT/l/sdcc/___sdcc_call_hl
../_DEVELOPMENT/l/sdcc/___sdcc_call_iy
../_DEVELOPMENT/l/sdcc/___sdcc_enter_ix
../_DEVELOPMENT/l/sdcc/__divschar
../_DEVELOPMENT/l/sdcc/__divschar_callee
../_DEVELOPMENT/l/sdcc/__divsint
../_DEVELOPMENT/l/sdcc/__divsint_callee
../_DEVELOPMENT/l/sdcc/__divslong
../_DEVELOPMENT/l/sdcc/__divslong_callee
../_DEVELOPMENT/l/sdcc/__divslonglong
../_DEVELOPMENT/l/sdcc/__divslonglong_callee
../_DEVELOPMENT/l/sdcc/__divsuchar
../_DEVELOPMENT/l/sdcc/__divsuchar_callee
../_DEVELOPMENT/l/sdcc/__divuchar
../_DEVELOPMENT/l/sdcc/__divuchar_callee
../_DEVELOPMENT/l/sdcc/__divuint
../_DEVELOPMENT/l/sdcc/__divuint_callee
../_DEVELOPMENT/l/sdcc/__divulong
../_DEVELOPMENT/l/sdcc/__divulong_callee
../_DEVELOPMENT/l/sdcc/__divulonglong
../_DEVELOPMENT/l/sdcc/__divulonglong_callee
../_DEVELOPMENT/l/sdcc/__divuschar
../_DEVELOPMENT/l/sdcc/__divuschar_callee
../_DEVELOPMENT/l/sdcc/__modschar
../_DEVELOPMENT/l/sdcc/__modschar_callee
../_DEVELOPMENT/l/sdcc/__modsint
../_DEVELOPMENT/l/sdcc/__modsint_callee
../_DEVELOPMENT/l/sdcc/__modslong
../_DEVELOPMENT/l/sdcc/__modslong_callee
../_DEVELOPMENT/l/sdcc/__modslonglong
../_DEVELOPMENT/l/sdcc/__modslonglong_callee
../_DEVELOPMENT/l/sdcc/__modsuchar
../_DEVELOPMENT/l/sdcc/__modsuchar_callee
../_DEVELOPMENT/l/sdcc/__moduchar
../_DEVELOPMENT/l/sdcc/__moduchar_callee
../_DEVELOPMENT/l/sdcc/__moduint
../_DEVELOPMENT/l/sdcc/__moduint_callee
../_DEVELOPMENT/l/sdcc/__modulong
../_DEVELOPMENT/l/sdcc/__modulong_callee
../_DEVELOPMENT/l/sdcc/__modulonglong
../_DEVELOPMENT/l/sdcc/__modulonglong_callee
../_DEVELOPMENT/l/sdcc/__moduschar
../_DEVELOPMENT/l/sdcc/__moduschar_callee
../_DEVELOPMENT/l/sdcc/__mulint
../_DEVELOPMENT/l/sdcc/__mulint_callee
../_DEVELOPMENT/l/sdcc/__mullong
../_DEVELOPMENT/l/sdcc/__mullong_callee
../_DEVELOPMENT/l/sdcc/__mullonglong
../_DEVELOPMENT/l/sdcc/__mullonglong_callee
../_DEVELOPMENT/l/sdcc/__mulschar
../_DEVELOPMENT/l/sdcc/__mulschar_callee
../_DEVELOPMENT/l/sdcc/__mulsuchar
../_DEVELOPMENT/l/sdcc/__mulsuchar_callee
../_DEVELOPMENT/l/sdcc/__muluschar
../_DEVELOPMENT/l/sdcc/__muluschar_callee
../_DEVELOPMENT/l/sdcc/__rlslonglong
../_DEVELOPMENT/l/sdcc/__rlslonglong_callee
../_DEVELOPMENT/l/sdcc/__rlulonglong
../_DEVELOPMENT/l/sdcc/__rlulonglong_callee
../_DEVELOPMENT/l/sdcc/__rrslonglong
../_DEVELOPMENT/l/sdcc/__rrslonglong_callee
../_DEVELOPMENT/l/sdcc/__rrulonglong
../_DEVELOPMENT/l/sdcc/__rrulonglong_callee
../_DEVELOPMENT/l/sdcc/__sdcc_exit_div_64
../_DEVELOPMENT/l/sdcc/__sdcc_exit_div_64_callee
../_DEVELOPMENT/l/sdcc/__sdcc_exit_mod_64
../_DEVELOPMENT/l/sdcc/__sdcc_exit_mod_64_callee
