font/fzx/fonts/dkud3/Azbuka/_ff_dkud3_Azbuka
font/fzx/fonts/dkud3/Azbuka/_ff_dkud3_AzbukaBold
font/fzx/fonts/dkud3/Belegost/_ff_dkud3_Belegost3
font/fzx/fonts/dkud3/Cobra/_ff_dkud3_CobraLight
font/fzx/fonts/dkud3/Cobra/_ff_dkud3_CobraTall
font/fzx/fonts/dkud3/Deutch/_ff_dkud3_DeutchBold
font/fzx/fonts/dkud3/Deutch/_ff_dkud3_TrnsDeutch
font/fzx/fonts/dkud3/Echo/_ff_dkud3_Echo
font/fzx/fonts/dkud3/Erotic/_ff_dkud3_Erotic
font/fzx/fonts/dkud3/Lovely/_ff_dkud3_Lovely
font/fzx/fonts/dkud3/NisaSport/_ff_dkud3_NisaSport1
font/fzx/fonts/dkud3/NisaSport/_ff_dkud3_NisaSport2
font/fzx/fonts/dkud3/Notes/_ff_dkud3_Notes
font/fzx/fonts/dkud3/Pearl/_ff_dkud3_Pearl
font/fzx/fonts/dkud3/Pipe/_ff_dkud3_Pipe
font/fzx/fonts/dkud3/Pipe/_ff_dkud3_PipePlus
font/fzx/fonts/dkud3/QuaUni/_ff_dkud3_QuaUni
font/fzx/fonts/dkud3/Script/_ff_dkud3_Script
font/fzx/fonts/dkud3/Small/_ff_dkud3_Small1
font/fzx/fonts/dkud3/Small/_ff_dkud3_Small2
font/fzx/fonts/dkud3/SteAff/_ff_dkud3_SteAff
font/fzx/fonts/dkud3/Times/_ff_dkud3_Times1
font/fzx/fonts/dkud3/Times/_ff_dkud3_Times2
font/fzx/fonts/dkud3/Western/_ff_dkud3_Western
font/fzx/fonts/dkud3/Windows/_ff_dkud3_Windows
font/fzx/fonts/dkud3/WingCmdr/_ff_dkud3_WingCmdr1
font/fzx/fonts/dkud3/WingCmdr/_ff_dkud3_WingCmdr2
