stdlib/c/sccz80/abort
stdlib/c/sccz80/abs
stdlib/c/sccz80/atexit
stdlib/c/sccz80/atof
stdlib/c/sccz80/atoi
stdlib/c/sccz80/atol
stdlib/c/sccz80/at_quick_exit
stdlib/c/sccz80/bsearch
stdlib/c/sccz80/bsearch_callee
stdlib/c/sccz80/dtoa
stdlib/c/sccz80/dtoa_callee
stdlib/c/sccz80/dtoe
stdlib/c/sccz80/dtoe_callee
stdlib/c/sccz80/dtog
stdlib/c/sccz80/dtog_callee
stdlib/c/sccz80/dtoh
stdlib/c/sccz80/dtoh_callee
stdlib/c/sccz80/exit
stdlib/c/sccz80/ftoa
stdlib/c/sccz80/ftoa_callee
stdlib/c/sccz80/ftoe
stdlib/c/sccz80/ftoe_callee
stdlib/c/sccz80/ftog
stdlib/c/sccz80/ftog_callee
stdlib/c/sccz80/ftoh
stdlib/c/sccz80/ftoh_callee
stdlib/c/sccz80/itoa
stdlib/c/sccz80/itoa_callee
stdlib/c/sccz80/labs
stdlib/c/sccz80/ltoa
stdlib/c/sccz80/ltoa_callee
stdlib/c/sccz80/qsort
stdlib/c/sccz80/qsort_callee
stdlib/c/sccz80/quick_exit
stdlib/c/sccz80/rand
stdlib/c/sccz80/srand
stdlib/c/sccz80/strtod
stdlib/c/sccz80/strtod_callee
stdlib/c/sccz80/strtof
stdlib/c/sccz80/strtof_callee
stdlib/c/sccz80/strtol
stdlib/c/sccz80/strtol_callee
stdlib/c/sccz80/strtoul
stdlib/c/sccz80/strtoul_callee
stdlib/c/sccz80/system
stdlib/c/sccz80/ultoa
stdlib/c/sccz80/ultoa_callee
stdlib/c/sccz80/utoa
stdlib/c/sccz80/utoa_callee
stdlib/c/sccz80/_div_
stdlib/c/sccz80/_div__callee
stdlib/c/sccz80/_divu_
stdlib/c/sccz80/_divu__callee
stdlib/c/sccz80/_insertion_sort_
stdlib/c/sccz80/_insertion_sort__callee
stdlib/c/sccz80/_ldiv_
stdlib/c/sccz80/_ldiv__callee
stdlib/c/sccz80/_ldivu_
stdlib/c/sccz80/_ldivu__callee
stdlib/c/sccz80/_quicksort_
stdlib/c/sccz80/_quicksort__callee
stdlib/c/sccz80/_random_uniform_cmwc_8_
stdlib/c/sccz80/_random_uniform_xor_8_
stdlib/c/sccz80/_random_uniform_xor_32_
stdlib/c/sccz80/_shellsort_
stdlib/c/sccz80/_shellsort__callee
stdlib/c/sccz80/_strtoi_
stdlib/c/sccz80/_strtoi__callee
stdlib/c/sccz80/_strtou_
stdlib/c/sccz80/_strtou__callee
@stdlib/stdlib_asm.lst
