stdlib/z80/asm_abort
stdlib/z80/asm_abs
stdlib/z80/asm_atexit
stdlib/z80/asm_atof
stdlib/z80/asm_atoi
stdlib/z80/asm_atol
stdlib/z80/asm_atoll
stdlib/z80/asm_at_quick_exit
stdlib/z80/asm_bsearch
stdlib/z80/asm_dtoa
stdlib/z80/asm_dtoe
stdlib/z80/asm_dtog
stdlib/z80/asm_dtoh
stdlib/z80/asm_exit
stdlib/z80/asm_ftoa
stdlib/z80/asm_ftoe
stdlib/z80/asm_ftog
stdlib/z80/asm_ftoh
stdlib/z80/asm_itoa
stdlib/z80/asm_labs
stdlib/z80/asm_llabs
stdlib/z80/asm_lltoa
stdlib/z80/asm_ltoa
stdlib/z80/asm_qsort
stdlib/z80/asm_quick_exit
stdlib/z80/asm_rand
stdlib/z80/asm_srand
stdlib/z80/asm_strtod
stdlib/z80/asm_strtof
stdlib/z80/asm_strtol
stdlib/z80/asm_strtoll
stdlib/z80/asm_strtoul
stdlib/z80/asm_strtoull
stdlib/z80/asm_system
stdlib/z80/asm_ulltoa
stdlib/z80/asm_ultoa
stdlib/z80/asm_utoa
stdlib/z80/asm__div
stdlib/z80/asm__divu
stdlib/z80/asm__ldiv
stdlib/z80/asm__ldivu
stdlib/z80/asm__lldiv
stdlib/z80/asm__lldivu
stdlib/z80/asm__strtoi
stdlib/z80/asm__strtou
stdlib/z80/__div_store
stdlib/z80/__dtoa__
stdlib/z80/__dtoa_adjust_prec
stdlib/z80/__dtoa_asm_exit
stdlib/z80/__dtoa_count
stdlib/z80/__dtoa_exp_digit
stdlib/z80/__dtoa_inf_s
stdlib/z80/__dtoa_infinity_s
stdlib/z80/__dtoa_nan_s
stdlib/z80/__dtoa_postamble
stdlib/z80/__dtoa_preamble
stdlib/z80/__dtoa_print
stdlib/z80/__dtoa_print_zeroes
stdlib/z80/__dtoa_remove_zeroes
stdlib/z80/__dtoa_round
stdlib/z80/__dtoa_special_form
stdlib/z80/__dtoe__
stdlib/z80/__dtog__
stdlib/z80/__dtoh__
stdlib/z80/__ldiv_store
stdlib/z80/__lldiv_store
stdlib/z80/__stdlib_seed
stdlib/z80/__strtod_dec
stdlib/z80/__strtod_exponent
stdlib/z80/__strtod_hex
stdlib/z80/__strtod_special_form
stdlib/z80/__strtod_suffix
stdlib/z80/__strtou__
stdlib/z80/__strtoul__
stdlib/z80/__strtoull__
stdlib/z80/random/asm_random_uniform_cmwc_8
stdlib/z80/random/asm_random_uniform_xor_8
stdlib/z80/random/asm_random_uniform_xor_32
stdlib/z80/sort/__sort_parameters
stdlib/z80/sort/asm_insertion_sort
stdlib/z80/sort/asm_quicksort
stdlib/z80/sort/asm_shellsort
