@gfx/common/gfx_common.lst
gfx/narrow/obj/${TARGET}/__gfx_coords
gfx/narrow/obj/${TARGET}/bkrestore3
gfx/narrow/obj/${TARGET}/bksave2
gfx/narrow/obj/${TARGET}/circle
gfx/narrow/obj/${TARGET}/circle_callee
gfx/narrow/obj/${TARGET}/clga
gfx/narrow/obj/${TARGET}/clga_callee
gfx/narrow/obj/${TARGET}/clrarea
gfx/narrow/obj/${TARGET}/clsgraph
gfx/narrow/obj/${TARGET}/dcircle
gfx/narrow/obj/${TARGET}/dfill2
gfx/narrow/obj/${TARGET}/draw
gfx/narrow/obj/${TARGET}/draw_callee
gfx/narrow/obj/${TARGET}/draw_profile_nostencil
gfx/narrow/obj/${TARGET}/drawb
gfx/narrow/obj/${TARGET}/drawb_callee
gfx/narrow/obj/${TARGET}/drawbox
gfx/narrow/obj/${TARGET}/drawr
gfx/narrow/obj/${TARGET}/drawr_callee
gfx/narrow/obj/${TARGET}/draw
gfx/narrow/obj/${TARGET}/drawto_callee
gfx/narrow/obj/${TARGET}/drawto
gfx/narrow/obj/${TARGET}/fill
gfx/narrow/obj/${TARGET}/fillarea
gfx/narrow/obj/${TARGET}/fillb
gfx/narrow/obj/${TARGET}/fillb_callee
gfx/narrow/obj/${TARGET}/getsprite
gfx/narrow/obj/${TARGET}/getx
gfx/narrow/obj/${TARGET}/gety
gfx/narrow/obj/${TARGET}/hline_dither
gfx/narrow/obj/${TARGET}/line
gfx/narrow/obj/${TARGET}/liner
gfx/narrow/obj/${TARGET}/move
gfx/narrow/obj/${TARGET}/multipoint
gfx/narrow/obj/${TARGET}/multipoint_callee
gfx/narrow/obj/${TARGET}/plot
gfx/narrow/obj/${TARGET}/plot_callee
gfx/narrow/obj/${TARGET}/plotpixl
gfx/narrow/obj/${TARGET}/point
gfx/narrow/obj/${TARGET}/point_callee
gfx/narrow/obj/${TARGET}/pointxy
gfx/narrow/obj/${TARGET}/putc4x6
gfx/narrow/obj/${TARGET}/putsprite2
gfx/narrow/obj/${TARGET}/respixl
gfx/narrow/obj/${TARGET}/setpos
gfx/narrow/obj/${TARGET}/setpos_callee
gfx/narrow/obj/${TARGET}/setxy
gfx/narrow/obj/${TARGET}/stencil_add_circle
gfx/narrow/obj/${TARGET}/stencil_add_liner
gfx/narrow/obj/${TARGET}/stencil_add_lineto
gfx/narrow/obj/${TARGET}/stencil_add_pixel
gfx/narrow/obj/${TARGET}/stencil_add_point
gfx/narrow/obj/${TARGET}/stencil_add_side
gfx/narrow/obj/${TARGET}/stencil_init
gfx/narrow/obj/${TARGET}/stencil_render2
gfx/narrow/obj/${TARGET}/uncircle
gfx/narrow/obj/${TARGET}/uncircle_callee
gfx/narrow/obj/${TARGET}/undraw
gfx/narrow/obj/${TARGET}/undraw_callee
gfx/narrow/obj/${TARGET}/undrawb
gfx/narrow/obj/${TARGET}/undrawb_callee
gfx/narrow/obj/${TARGET}/undrawr
gfx/narrow/obj/${TARGET}/undrawr_callee
gfx/narrow/obj/${TARGET}/undraw
gfx/narrow/obj/${TARGET}/undrawto_callee
gfx/narrow/obj/${TARGET}/undrawto
gfx/narrow/obj/${TARGET}/unplot
gfx/narrow/obj/${TARGET}/unplot_callee
gfx/narrow/obj/${TARGET}/xorborder
gfx/narrow/obj/${TARGET}/xorborder_callee
gfx/narrow/obj/${TARGET}/xorcircle
gfx/narrow/obj/${TARGET}/xorcircle_callee
gfx/narrow/obj/${TARGET}/xorclga
gfx/narrow/obj/${TARGET}/xorclga_callee
gfx/narrow/obj/${TARGET}/xorclrarea
gfx/narrow/obj/${TARGET}/xordraw
gfx/narrow/obj/${TARGET}/xordraw_callee
gfx/narrow/obj/${TARGET}/xordrawb
gfx/narrow/obj/${TARGET}/xordrawb_callee
gfx/narrow/obj/${TARGET}/xordrawr
gfx/narrow/obj/${TARGET}/xordrawr_callee
gfx/narrow/obj/${TARGET}/xordraw
gfx/narrow/obj/${TARGET}/xordrawto_callee
gfx/narrow/obj/${TARGET}/xorpixl
gfx/narrow/obj/${TARGET}/xorplot
gfx/narrow/obj/${TARGET}/xorplot_callee
gfx/narrow/obj/${TARGET}/c_xorplot
gfx/narrow/obj/${TARGET}/c_plot
gfx/narrow/obj/${TARGET}/c_plotpixel
gfx/narrow/obj/${TARGET}/c_point
gfx/narrow/obj/${TARGET}/c_respixel
gfx/narrow/obj/${TARGET}/c_unplot
gfx/narrow/obj/${TARGET}/c_pointxy
gfx/narrow/obj/${TARGET}/c_xorpixel
