math/float/math32/z80/d32_fsadd
math/float/math32/z80/f32_fsconst
math/float/math32/z80/d32_fsconv
math/float/math32/z80/d32_fsnormalize
math/float/math32/z80/d32_fsutil
math/float/math32/z80/f32_f2long
math/float/math32/z80/f32_fabs
math/float/math32/z80/f32_floor
math/float/math32/z80/f32_fpclassify
math/float/math32/z80/f32_fsadd32
math/float/math32/z80/f32_fsceil
math/float/math32/z80/f32_fscompare
math/float/math32/z80/f32_fsdiv
math/float/math32/z80/f32_fsdiv2
math/float/math32/z80/f32_fserror
math/float/math32/z80/f32_fsfrexp
math/float/math32/z80/f32_fshexpop
math/float/math32/z80/f32_fshypot
math/float/math32/z80/f32_fsldexp
math/float/math32/z80/f32_fsmul
math/float/math32/z80/f32_fsmul2
math/float/math32/z80/f32_fsmul10u
math/float/math32/z80/f32_fsmul32
math/float/math32/z80/f32_fsnormalize32
math/float/math32/z80/f32_fspoly
math/float/math32/z80/f32_fssigdig
math/float/math32/z80/f32_fssqr
math/float/math32/z80/f32_fssqrt
math/float/math32/z80/f32_nan_b
math/float/math32/z80/f32__dtoa_sgnabs
math/float/math32/z80/f32__dtoa_base10
math/float/math32/z80/f32__dtoa_base16
math/float/math32/z80/f32__dtoa_digits

math/float/math32/z80/h32_coeff_atanf
math/float/math32/z80/h32_coeff_expf
math/float/math32/z80/h32_coeff_exp2f
math/float/math32/z80/h32_coeff_exp10f
math/float/math32/z80/h32_coeff_logf
math/float/math32/z80/h32_coeff_sinf

@math/float/math32/math32_c_asm.lst
