math/float/math32/c/sccz80/cm32_sccz80_acos
math/float/math32/c/sccz80/cm32_sccz80_acosh
math/float/math32/c/sccz80/cm32_sccz80_asin
math/float/math32/c/sccz80/cm32_sccz80_asinh
math/float/math32/c/sccz80/cm32_sccz80_atan
math/float/math32/c/sccz80/cm32_sccz80_atan2
math/float/math32/c/sccz80/cm32_sccz80_atan2_callee
math/float/math32/c/sccz80/cm32_sccz80_atanh
math/float/math32/c/sccz80/cm32_sccz80_ceil
math/float/math32/c/sccz80/cm32_sccz80_cos
math/float/math32/c/sccz80/cm32_sccz80_cosh
math/float/math32/c/sccz80/cm32_sccz80_dload
math/float/math32/c/sccz80/cm32_sccz80_dloadb
math/float/math32/c/sccz80/cm32_sccz80_exp
math/float/math32/c/sccz80/cm32_sccz80_fabs
math/float/math32/c/sccz80/cm32_sccz80_floor
math/float/math32/c/sccz80/cm32_sccz80_fmax
math/float/math32/c/sccz80/cm32_sccz80_fmax_callee
math/float/math32/c/sccz80/cm32_sccz80_fmin
math/float/math32/c/sccz80/cm32_sccz80_fmin_callee
math/float/math32/c/sccz80/cm32_sccz80_fmod
math/float/math32/c/sccz80/cm32_sccz80_fmod_callee
math/float/math32/c/sccz80/cm32_sccz80_fpclassify
math/float/math32/c/sccz80/cm32_sccz80_fsadd
math/float/math32/c/sccz80/cm32_sccz80_fsadd_callee
math/float/math32/c/sccz80/cm32_sccz80_fsdiv
math/float/math32/c/sccz80/cm32_sccz80_fsdiv_callee
math/float/math32/c/sccz80/cm32_sccz80_fsdiv2
math/float/math32/c/sccz80/cm32_sccz80_fsfrexp
math/float/math32/c/sccz80/cm32_sccz80_fsfrexp_callee
math/float/math32/c/sccz80/cm32_sccz80_fshypot
math/float/math32/c/sccz80/cm32_sccz80_fshypot_callee
math/float/math32/c/sccz80/cm32_sccz80_fsinv
math/float/math32/c/sccz80/cm32_sccz80_fsinvsqrt
math/float/math32/c/sccz80/cm32_sccz80_fsload
math/float/math32/c/sccz80/cm32_sccz80_fsldexp
math/float/math32/c/sccz80/cm32_sccz80_fsldexp_callee
math/float/math32/c/sccz80/cm32_sccz80_fsmul
math/float/math32/c/sccz80/cm32_sccz80_fsmul_callee
math/float/math32/c/sccz80/cm32_sccz80_fsmul2
math/float/math32/c/sccz80/cm32_sccz80_fsmul10u
math/float/math32/c/sccz80/cm32_sccz80_fsneg
math/float/math32/c/sccz80/cm32_sccz80_fspoly
math/float/math32/c/sccz80/cm32_sccz80_fspoly_callee
math/float/math32/c/sccz80/cm32_sccz80_fsread
math/float/math32/c/sccz80/cm32_sccz80_fsread_callee
math/float/math32/c/sccz80/cm32_sccz80_fssqr
math/float/math32/c/sccz80/cm32_sccz80_fssqrt
math/float/math32/c/sccz80/cm32_sccz80_fssub
math/float/math32/c/sccz80/cm32_sccz80_fssub_callee
math/float/math32/c/sccz80/cm32_sccz80_fszero
math/float/math32/c/sccz80/cm32_sccz80_log
math/float/math32/c/sccz80/cm32_sccz80_log10
math/float/math32/c/sccz80/cm32_sccz80_modf
math/float/math32/c/sccz80/cm32_sccz80_modf_callee
math/float/math32/c/sccz80/cm32_sccz80_pow
math/float/math32/c/sccz80/cm32_sccz80_pow_callee
math/float/math32/c/sccz80/cm32_sccz80_round
math/float/math32/c/sccz80/cm32_sccz80_sin
math/float/math32/c/sccz80/cm32_sccz80_sinh
math/float/math32/c/sccz80/cm32_sccz80_switch_arg
math/float/math32/c/sccz80/cm32_sccz80_tan
math/float/math32/c/sccz80/cm32_sccz80_tanh
