alloc/malloc/z80/asm_aligned_alloc
alloc/malloc/z80/asm_aligned_alloc_unlocked
alloc/malloc/z80/asm_calloc
alloc/malloc/z80/asm_calloc_unlocked
alloc/malloc/z80/asm_free
alloc/malloc/z80/asm_free_unlocked
alloc/malloc/z80/asm_heap_alloc
alloc/malloc/z80/asm_heap_alloc_aligned
alloc/malloc/z80/asm_heap_alloc_aligned_unlocked
alloc/malloc/z80/asm_heap_alloc_fixed
alloc/malloc/z80/asm_heap_alloc_fixed_unlocked
alloc/malloc/z80/asm_heap_alloc_unlocked
alloc/malloc/z80/asm_heap_calloc
alloc/malloc/z80/asm_heap_calloc_unlocked
alloc/malloc/z80/asm_heap_destroy
alloc/malloc/z80/asm_heap_free
alloc/malloc/z80/asm_heap_free_unlocked
alloc/malloc/z80/asm_heap_info
alloc/malloc/z80/asm_heap_info_unlocked
alloc/malloc/z80/asm_heap_init
alloc/malloc/z80/asm_heap_realloc
alloc/malloc/z80/asm_heap_realloc_unlocked
alloc/malloc/z80/asm_malloc
alloc/malloc/z80/asm_malloc_unlocked
alloc/malloc/z80/asm_memalign
alloc/malloc/z80/asm_memalign_unlocked
alloc/malloc/z80/asm_posix_memalign
alloc/malloc/z80/asm_posix_memalign_unlocked
alloc/malloc/z80/asm_realloc
alloc/malloc/z80/asm_realloc_unlocked
alloc/malloc/z80/asm__falloc
alloc/malloc/z80/asm__falloc_unlocked
alloc/malloc/z80/__heap_allocate_block
alloc/malloc/z80/__heap_lock_acquire
alloc/malloc/z80/__heap_lock_release
alloc/malloc/z80/__heap_place_block
