alloc/malloc/c/sdcc_iy/aligned_alloc
alloc/malloc/c/sdcc_iy/aligned_alloc_callee
alloc/malloc/c/sdcc_iy/aligned_alloc_unlocked
alloc/malloc/c/sdcc_iy/aligned_alloc_unlocked_callee
alloc/malloc/c/sdcc_iy/calloc
alloc/malloc/c/sdcc_iy/calloc_callee
alloc/malloc/c/sdcc_iy/calloc_unlocked
alloc/malloc/c/sdcc_iy/calloc_unlocked_callee
alloc/malloc/c/sdcc_iy/free
alloc/malloc/c/sdcc_iy/free_fastcall
alloc/malloc/c/sdcc_iy/free_unlocked
alloc/malloc/c/sdcc_iy/free_unlocked_fastcall
alloc/malloc/c/sdcc_iy/heap_alloc
alloc/malloc/c/sdcc_iy/heap_alloc_callee
alloc/malloc/c/sdcc_iy/heap_alloc_aligned
alloc/malloc/c/sdcc_iy/heap_alloc_aligned_callee
alloc/malloc/c/sdcc_iy/heap_alloc_aligned_unlocked
alloc/malloc/c/sdcc_iy/heap_alloc_aligned_unlocked_callee
alloc/malloc/c/sdcc_iy/heap_alloc_fixed
alloc/malloc/c/sdcc_iy/heap_alloc_fixed_callee
alloc/malloc/c/sdcc_iy/heap_alloc_fixed_unlocked
alloc/malloc/c/sdcc_iy/heap_alloc_fixed_unlocked_callee
alloc/malloc/c/sdcc_iy/heap_alloc_unlocked
alloc/malloc/c/sdcc_iy/heap_alloc_unlocked_callee
alloc/malloc/c/sdcc_iy/heap_calloc
alloc/malloc/c/sdcc_iy/heap_calloc_callee
alloc/malloc/c/sdcc_iy/heap_calloc_unlocked
alloc/malloc/c/sdcc_iy/heap_calloc_unlocked_callee
alloc/malloc/c/sdcc_iy/heap_destroy
alloc/malloc/c/sdcc_iy/heap_destroy_fastcall
alloc/malloc/c/sdcc_iy/heap_free
alloc/malloc/c/sdcc_iy/heap_free_callee
alloc/malloc/c/sdcc_iy/heap_free_unlocked
alloc/malloc/c/sdcc_iy/heap_free_unlocked_callee
alloc/malloc/c/sdcc_iy/heap_info
alloc/malloc/c/sdcc_iy/heap_info_callee
alloc/malloc/c/sdcc_iy/heap_info_unlocked
alloc/malloc/c/sdcc_iy/heap_info_unlocked_callee
alloc/malloc/c/sdcc_iy/heap_init
alloc/malloc/c/sdcc_iy/heap_init_callee
alloc/malloc/c/sdcc_iy/heap_realloc
alloc/malloc/c/sdcc_iy/heap_realloc_callee
alloc/malloc/c/sdcc_iy/heap_realloc_unlocked
alloc/malloc/c/sdcc_iy/heap_realloc_unlocked_callee
alloc/malloc/c/sdcc_iy/malloc
alloc/malloc/c/sdcc_iy/malloc_fastcall
alloc/malloc/c/sdcc_iy/malloc_unlocked
alloc/malloc/c/sdcc_iy/malloc_unlocked_fastcall
alloc/malloc/c/sdcc_iy/memalign
alloc/malloc/c/sdcc_iy/memalign_callee
alloc/malloc/c/sdcc_iy/memalign_unlocked
alloc/malloc/c/sdcc_iy/memalign_unlocked_callee
alloc/malloc/c/sdcc_iy/posix_memalign
alloc/malloc/c/sdcc_iy/posix_memalign_callee
alloc/malloc/c/sdcc_iy/posix_memalign_unlocked
alloc/malloc/c/sdcc_iy/posix_memalign_unlocked_callee
alloc/malloc/c/sdcc_iy/realloc
alloc/malloc/c/sdcc_iy/realloc_callee
alloc/malloc/c/sdcc_iy/realloc_unlocked
alloc/malloc/c/sdcc_iy/realloc_unlocked_callee
alloc/malloc/c/sdcc_iy/_falloc_
alloc/malloc/c/sdcc_iy/_falloc__callee
alloc/malloc/c/sdcc_iy/_falloc__unlocked
alloc/malloc/c/sdcc_iy/_falloc__unlocked_callee
@alloc/malloc/malloc_asm.lst
