arch/zx/misc/c/sccz80/zx_border
arch/zx/misc/c/sccz80/zx_cls
arch/zx/misc/c/sccz80/zx_cls_attr
arch/zx/misc/c/sccz80/zx_cls_pix
arch/zx/misc/c/sccz80/zx_cls_wc
arch/zx/misc/c/sccz80/zx_cls_wc_callee
arch/zx/misc/c/sccz80/zx_cls_wc_attr
arch/zx/misc/c/sccz80/zx_cls_wc_attr_callee
arch/zx/misc/c/sccz80/zx_cls_wc_pix
arch/zx/misc/c/sccz80/zx_cls_wc_pix_callee
arch/zx/misc/c/sccz80/zx_scroll_up
arch/zx/misc/c/sccz80/zx_scroll_up_callee
arch/zx/misc/c/sccz80/zx_scroll_up_attr
arch/zx/misc/c/sccz80/zx_scroll_up_attr_callee
arch/zx/misc/c/sccz80/zx_scroll_up_pix
arch/zx/misc/c/sccz80/zx_scroll_up_pix_callee
arch/zx/misc/c/sccz80/zx_scroll_wc_up
arch/zx/misc/c/sccz80/zx_scroll_wc_up_callee
arch/zx/misc/c/sccz80/zx_scroll_wc_up_attr
arch/zx/misc/c/sccz80/zx_scroll_wc_up_attr_callee
arch/zx/misc/c/sccz80/zx_scroll_wc_up_pix
arch/zx/misc/c/sccz80/zx_scroll_wc_up_pix_callee
arch/zx/misc/c/sccz80/zx_visit_wc_attr
arch/zx/misc/c/sccz80/zx_visit_wc_attr_callee
arch/zx/misc/c/sccz80/zx_visit_wc_pix
arch/zx/misc/c/sccz80/zx_visit_wc_pix_callee
@arch/zx/misc/misc_asm.lst
