font/fzx/c/sdcc_ix/fzx_at
font/fzx/c/sdcc_ix/fzx_at_callee
font/fzx/c/sdcc_ix/fzx_buffer_extent
font/fzx/c/sdcc_ix/fzx_buffer_extent_callee
font/fzx/c/sdcc_ix/fzx_buffer_partition
font/fzx/c/sdcc_ix/fzx_buffer_partition_callee
font/fzx/c/sdcc_ix/fzx_buffer_partition_ww
font/fzx/c/sdcc_ix/fzx_buffer_partition_ww_callee
font/fzx/c/sdcc_ix/fzx_char_metrics
font/fzx/c/sdcc_ix/fzx_char_metrics_callee
font/fzx/c/sdcc_ix/fzx_glyph_width
font/fzx/c/sdcc_ix/fzx_glyph_width_callee
font/fzx/c/sdcc_ix/fzx_puts
font/fzx/c/sdcc_ix/fzx_puts_callee
font/fzx/c/sdcc_ix/fzx_puts_justified
font/fzx/c/sdcc_ix/fzx_puts_justified_callee
font/fzx/c/sdcc_ix/fzx_state_init
font/fzx/c/sdcc_ix/fzx_state_init_callee
font/fzx/c/sdcc_ix/fzx_string_extent
font/fzx/c/sdcc_ix/fzx_string_extent_callee
font/fzx/c/sdcc_ix/fzx_string_partition
font/fzx/c/sdcc_ix/fzx_string_partition_callee
font/fzx/c/sdcc_ix/fzx_string_partition_ww
font/fzx/c/sdcc_ix/fzx_string_partition_ww_callee
font/fzx/c/sdcc_ix/fzx_write
font/fzx/c/sdcc_ix/fzx_write_callee
font/fzx/c/sdcc_ix/fzx_write_justified
font/fzx/c/sdcc_ix/fzx_write_justified_callee
@font/fzx/fzx_asm.lst
