@arch/zx/nirvanap/nirvanap_asm.lst
arch/zx/nirvanap/c/sccz80/NIRVANAP_drawT
arch/zx/nirvanap/c/sccz80/NIRVANAP_drawT_callee
arch/zx/nirvanap/c/sccz80/NIRVANAP_drawT_raw
arch/zx/nirvanap/c/sccz80/NIRVANAP_drawT_raw_callee
arch/zx/nirvanap/c/sccz80/NIRVANAP_drawTW
arch/zx/nirvanap/c/sccz80/NIRVANAP_drawTW_callee
arch/zx/nirvanap/c/sccz80/NIRVANAP_drawTW_raw
arch/zx/nirvanap/c/sccz80/NIRVANAP_drawTW_raw_callee
arch/zx/nirvanap/c/sccz80/NIRVANAP_drawW
arch/zx/nirvanap/c/sccz80/NIRVANAP_drawW_callee
arch/zx/nirvanap/c/sccz80/NIRVANAP_drawW_raw
arch/zx/nirvanap/c/sccz80/NIRVANAP_drawW_raw_callee
arch/zx/nirvanap/c/sccz80/NIRVANAP_fillC
arch/zx/nirvanap/c/sccz80/NIRVANAP_fillC_callee
arch/zx/nirvanap/c/sccz80/NIRVANAP_fillT
arch/zx/nirvanap/c/sccz80/NIRVANAP_fillT_callee
arch/zx/nirvanap/c/sccz80/NIRVANAP_fillT_raw
arch/zx/nirvanap/c/sccz80/NIRVANAP_fillT_raw_callee
arch/zx/nirvanap/c/sccz80/NIRVANAP_paintC
arch/zx/nirvanap/c/sccz80/NIRVANAP_paintC_callee
arch/zx/nirvanap/c/sccz80/NIRVANAP_printC
arch/zx/nirvanap/c/sccz80/NIRVANAP_printC_callee
arch/zx/nirvanap/c/sccz80/NIRVANAP_readC
arch/zx/nirvanap/c/sccz80/NIRVANAP_readC_callee
arch/zx/nirvanap/c/sccz80/NIRVANAP_spriteT
arch/zx/nirvanap/c/sccz80/NIRVANAP_spriteT_callee
arch/zx/nirvanap/c/sccz80/NIRVANAP_start
arch/zx/nirvanap/c/sccz80/NIRVANAP_stop
