@arch/zx/esxdos/esxdos_asm.lst
arch/zx/esxdos/c/sccz80/errno_from_esxdos
arch/zx/esxdos/c/sccz80/esxdos_disk_info
arch/zx/esxdos/c/sccz80/esxdos_disk_info_callee
arch/zx/esxdos/c/sccz80/esxdos_disk_read
arch/zx/esxdos/c/sccz80/esxdos_disk_read_callee
arch/zx/esxdos/c/sccz80/esxdos_disk_write
arch/zx/esxdos/c/sccz80/esxdos_disk_write_callee
arch/zx/esxdos/c/sccz80/esxdos_f_chdir
arch/zx/esxdos/c/sccz80/esxdos_f_close
arch/zx/esxdos/c/sccz80/esxdos_f_fgetpos
arch/zx/esxdos/c/sccz80/esxdos_f_fstat
arch/zx/esxdos/c/sccz80/esxdos_f_fstat_callee
arch/zx/esxdos/c/sccz80/esxdos_f_getcwd
arch/zx/esxdos/c/sccz80/esxdos_f_open
arch/zx/esxdos/c/sccz80/esxdos_f_open_callee
arch/zx/esxdos/c/sccz80/esxdos_f_open_p3
arch/zx/esxdos/c/sccz80/esxdos_f_open_p3_callee
arch/zx/esxdos/c/sccz80/esxdos_f_opendir
arch/zx/esxdos/c/sccz80/esxdos_f_opendir_p3
arch/zx/esxdos/c/sccz80/esxdos_f_read
arch/zx/esxdos/c/sccz80/esxdos_f_read_callee
arch/zx/esxdos/c/sccz80/esxdos_f_readdir
arch/zx/esxdos/c/sccz80/esxdos_f_readdir_callee
arch/zx/esxdos/c/sccz80/esxdos_f_seek
arch/zx/esxdos/c/sccz80/esxdos_f_seek_callee
arch/zx/esxdos/c/sccz80/esxdos_f_sync
arch/zx/esxdos/c/sccz80/esxdos_f_unlink
arch/zx/esxdos/c/sccz80/esxdos_f_write
arch/zx/esxdos/c/sccz80/esxdos_f_write_callee
arch/zx/esxdos/c/sccz80/esxdos_m_getdate
arch/zx/esxdos/c/sccz80/esxdos_m_getdrv
arch/zx/esxdos/c/sccz80/esxdos_m_gethandle
arch/zx/esxdos/c/sccz80/esxdos_m_setdrv
