stdio/obj/binary/__cons_state
stdio/obj/binary/_fprintf
stdio/obj/binary/_printf
stdio/obj/binary/_printk
stdio/obj/binary/_snprintf
stdio/obj/binary/_sprintf
stdio/obj/binary/_vfprintf
stdio/obj/binary/_vsnprintf
stdio/obj/binary/closeall
stdio/obj/binary/fabandon
stdio/obj/binary/fchkstd
stdio/obj/binary/fclose
stdio/obj/binary/fdopen
stdio/obj/binary/feof
stdio/obj/binary/ferror
stdio/obj/binary/fflush
stdio/obj/binary/fgetc
stdio/obj/binary/fgetpos
stdio/obj/binary/fgets
stdio/obj/binary/fgets_cons
stdio/obj/binary/fgets_cons_erase_character
stdio/obj/binary/fmemopen
stdio/obj/binary/fopen
stdio/obj/binary/fprintf
stdio/obj/binary/fputc
stdio/obj/binary/fputc_callee
stdio/obj/binary/fputs
stdio/obj/binary/fputs_callee
stdio/obj/binary/fread
stdio/obj/binary/freopen
stdio/obj/binary/_freopen1
stdio/obj/binary/fseek
stdio/obj/binary/ftell
stdio/obj/binary/fwrite
stdio/obj/binary/gets
stdio/obj/binary/perror
stdio/obj/binary/printf
stdio/obj/binary/printk
stdio/obj/binary/printk_outc
stdio/obj/binary/printn
stdio/obj/binary/puts
stdio/obj/binary/puts_cons
stdio/obj/binary/snprintf
stdio/obj/binary/sprintf
stdio/obj/binary/sprintf_outc
stdio/obj/binary/ungetc
stdio/obj/binary/vfprintf
stdio/obj/binary/vsnprintf
stdio/obj/binary/__scanf_common_start
stdio/obj/binary/__scanf_consume_whitespace
stdio/obj/binary/__scanf_format_table
stdio/obj/binary/__scanf_get_number
stdio/obj/binary/__scanf_handle_B
stdio/obj/binary/__scanf_handle_c
stdio/obj/binary/__scanf_handle_d
stdio/obj/binary/__scanf_handle_f
stdio/obj/binary/__scanf_handle_i
stdio/obj/binary/__scanf_handle_n
stdio/obj/binary/__scanf_handle_o
stdio/obj/binary/__scanf_handle_s
stdio/obj/binary/__scanf_handle_x
stdio/obj/binary/__scanf_parse_number
stdio/obj/binary/_fscanf
stdio/obj/binary/_scanf
stdio/obj/binary/_sscanf
stdio/obj/binary/_vfscanf
stdio/obj/binary/_vsscanf
stdio/obj/binary/asm_scanf
stdio/obj/binary/fscanf
stdio/obj/binary/scanf
stdio/obj/binary/sscanf
stdio/obj/binary/vfscanf
stdio/obj/binary/vsscanf
stdio/obj/binary/__printf_doprint
stdio/obj/binary/__printf_format_table
stdio/obj/binary/__printf_format_table64
stdio/obj/binary/__printf_get_buffer_address
stdio/obj/binary/__printf_get_flags_impl
stdio/obj/binary/__printf_handle_XX
stdio/obj/binary/__printf_handle_c
stdio/obj/binary/__printf_handle_d
stdio/obj/binary/__printf_handle_f
stdio/obj/binary/__printf_handle_n
stdio/obj/binary/__printf_handle_o
stdio/obj/binary/__printf_handle_s
stdio/obj/binary/__printf_handle_u
stdio/obj/binary/__printf_handle_x
stdio/obj/binary/__printf_handle_B
stdio/obj/binary/__printf_number
stdio/obj/binary/__printf_print_aligned
stdio/obj/binary/__printf_print_the_buffer
stdio/obj/binary/asm_printf
stdio/obj/binary/get_16bit_ap_parameter
stdio/obj/binary/__printf_print_to_buf
stdio/obj/binary/__printf_number64
stdio/obj/binary/__printf_handle_ll
stdio/obj/binary/__printf_handle_llB
stdio/obj/binary/__printf_handle_llXX
stdio/obj/binary/__printf_handle_lld
stdio/obj/binary/__printf_handle_llo
stdio/obj/binary/__printf_handle_llu
stdio/obj/binary/__printf_handle_llx
stdio/obj/binary/kbhit
stdio/obj/binary/fputc_cons_generic_full
stdio/obj/binary/fputc_cons_generic_minimal
stdio/obj/binary/fputc_cons_generic_ioctl
stdio/obj/binary/conio/**
