adt/b_array/c/sdcc_ix/b_array_append
adt/b_array/c/sdcc_ix/b_array_append_callee
adt/b_array/c/sdcc_ix/b_array_append_block
adt/b_array/c/sdcc_ix/b_array_append_block_callee
adt/b_array/c/sdcc_ix/b_array_append_n
adt/b_array/c/sdcc_ix/b_array_append_n_callee
adt/b_array/c/sdcc_ix/b_array_at
adt/b_array/c/sdcc_ix/b_array_at_callee
adt/b_array/c/sdcc_ix/b_array_back
adt/b_array/c/sdcc_ix/b_array_back_fastcall
adt/b_array/c/sdcc_ix/b_array_capacity
adt/b_array/c/sdcc_ix/b_array_capacity_fastcall
adt/b_array/c/sdcc_ix/b_array_clear
adt/b_array/c/sdcc_ix/b_array_clear_fastcall
adt/b_array/c/sdcc_ix/b_array_data
adt/b_array/c/sdcc_ix/b_array_data_fastcall
adt/b_array/c/sdcc_ix/b_array_destroy
adt/b_array/c/sdcc_ix/b_array_destroy_fastcall
adt/b_array/c/sdcc_ix/b_array_empty
adt/b_array/c/sdcc_ix/b_array_empty_fastcall
adt/b_array/c/sdcc_ix/b_array_erase
adt/b_array/c/sdcc_ix/b_array_erase_callee
adt/b_array/c/sdcc_ix/b_array_erase_block
adt/b_array/c/sdcc_ix/b_array_erase_block_callee
adt/b_array/c/sdcc_ix/b_array_erase_range
adt/b_array/c/sdcc_ix/b_array_erase_range_callee
adt/b_array/c/sdcc_ix/b_array_front
adt/b_array/c/sdcc_ix/b_array_front_fastcall
adt/b_array/c/sdcc_ix/b_array_init
adt/b_array/c/sdcc_ix/b_array_init_callee
adt/b_array/c/sdcc_ix/b_array_insert
adt/b_array/c/sdcc_ix/b_array_insert_callee
adt/b_array/c/sdcc_ix/b_array_insert_block
adt/b_array/c/sdcc_ix/b_array_insert_block_callee
adt/b_array/c/sdcc_ix/b_array_insert_n
adt/b_array/c/sdcc_ix/b_array_insert_n_callee
adt/b_array/c/sdcc_ix/b_array_pop_back
adt/b_array/c/sdcc_ix/b_array_pop_back_fastcall
adt/b_array/c/sdcc_ix/b_array_push_back
adt/b_array/c/sdcc_ix/b_array_push_back_callee
adt/b_array/c/sdcc_ix/b_array_read_block
adt/b_array/c/sdcc_ix/b_array_read_block_callee
adt/b_array/c/sdcc_ix/b_array_resize
adt/b_array/c/sdcc_ix/b_array_resize_callee
adt/b_array/c/sdcc_ix/b_array_size
adt/b_array/c/sdcc_ix/b_array_size_fastcall
adt/b_array/c/sdcc_ix/b_array_write_block
adt/b_array/c/sdcc_ix/b_array_write_block_callee
@adt/b_array/b_array_asm.lst
