arch/zx/display/z80/asm_zx_aaddr2cx
arch/zx/display/z80/asm_zx_aaddr2cy
arch/zx/display/z80/asm_zx_aaddr2px
arch/zx/display/z80/asm_zx_aaddr2py
arch/zx/display/z80/asm_zx_aaddr2saddr
arch/zx/display/z80/asm_zx_aaddrcdown
arch/zx/display/z80/asm_zx_aaddrcleft
arch/zx/display/z80/asm_zx_aaddrcright
arch/zx/display/z80/asm_zx_aaddrcup
arch/zx/display/z80/asm_zx_bitmask2px
arch/zx/display/z80/asm_zx_cxy2aaddr
arch/zx/display/z80/asm_zx_cxy2saddr
arch/zx/display/z80/asm_zx_cy2aaddr
arch/zx/display/z80/asm_zx_cy2saddr
arch/zx/display/z80/asm_zx_px2bitmask
arch/zx/display/z80/asm_zx_pxy2aaddr
arch/zx/display/z80/asm_zx_pxy2saddr
arch/zx/display/z80/asm_zx_py2aaddr
arch/zx/display/z80/asm_zx_py2saddr
arch/zx/display/z80/asm_zx_saddr2aaddr
arch/zx/display/z80/asm_zx_saddr2cx
arch/zx/display/z80/asm_zx_saddr2cy
arch/zx/display/z80/asm_zx_saddr2px
arch/zx/display/z80/asm_zx_saddr2py
arch/zx/display/z80/asm_zx_saddrcdown
arch/zx/display/z80/asm_zx_saddrcleft
arch/zx/display/z80/asm_zx_saddrcright
arch/zx/display/z80/asm_zx_saddrcup
arch/zx/display/z80/asm_zx_saddrpdown
arch/zx/display/z80/asm_zx_saddrpleft
arch/zx/display/z80/asm_zx_saddrpright
arch/zx/display/z80/asm_zx_saddrpup
