arch/zx/display/c/sccz80/zx_aaddr2cx
arch/zx/display/c/sccz80/zx_aaddr2cy
arch/zx/display/c/sccz80/zx_aaddr2px
arch/zx/display/c/sccz80/zx_aaddr2py
arch/zx/display/c/sccz80/zx_aaddr2saddr
arch/zx/display/c/sccz80/zx_aaddrcdown
arch/zx/display/c/sccz80/zx_aaddrcleft
arch/zx/display/c/sccz80/zx_aaddrcright
arch/zx/display/c/sccz80/zx_aaddrcup
arch/zx/display/c/sccz80/zx_bitmask2px
arch/zx/display/c/sccz80/zx_cxy2aaddr
arch/zx/display/c/sccz80/zx_cxy2aaddr_callee
arch/zx/display/c/sccz80/zx_cxy2saddr
arch/zx/display/c/sccz80/zx_cxy2saddr_callee
arch/zx/display/c/sccz80/zx_cy2aaddr
arch/zx/display/c/sccz80/zx_cy2saddr
arch/zx/display/c/sccz80/zx_px2bitmask
arch/zx/display/c/sccz80/zx_pxy2aaddr
arch/zx/display/c/sccz80/zx_pxy2aaddr_callee
arch/zx/display/c/sccz80/zx_pxy2saddr
arch/zx/display/c/sccz80/zx_pxy2saddr_callee
arch/zx/display/c/sccz80/zx_py2aaddr
arch/zx/display/c/sccz80/zx_py2saddr
arch/zx/display/c/sccz80/zx_saddr2aaddr
arch/zx/display/c/sccz80/zx_saddr2cx
arch/zx/display/c/sccz80/zx_saddr2cy
arch/zx/display/c/sccz80/zx_saddr2px
arch/zx/display/c/sccz80/zx_saddr2py
arch/zx/display/c/sccz80/zx_saddrcdown
arch/zx/display/c/sccz80/zx_saddrcleft
arch/zx/display/c/sccz80/zx_saddrcright
arch/zx/display/c/sccz80/zx_saddrcup
arch/zx/display/c/sccz80/zx_saddrpdown
arch/zx/display/c/sccz80/zx_saddrpleft
arch/zx/display/c/sccz80/zx_saddrpleft_callee
arch/zx/display/c/sccz80/zx_saddrpright
arch/zx/display/c/sccz80/zx_saddrpright_callee
arch/zx/display/c/sccz80/zx_saddrpup
@arch/zx/display/display_asm.lst
