arch/zx/display/c/sdcc/zx_aaddr2cx
arch/zx/display/c/sdcc/zx_aaddr2cx_fastcall
arch/zx/display/c/sdcc/zx_aaddr2cy
arch/zx/display/c/sdcc/zx_aaddr2cy_fastcall
arch/zx/display/c/sdcc/zx_aaddr2px
arch/zx/display/c/sdcc/zx_aaddr2px_fastcall
arch/zx/display/c/sdcc/zx_aaddr2py
arch/zx/display/c/sdcc/zx_aaddr2py_fastcall
arch/zx/display/c/sdcc/zx_aaddr2saddr
arch/zx/display/c/sdcc/zx_aaddr2saddr_fastcall
arch/zx/display/c/sdcc/zx_aaddrcdown
arch/zx/display/c/sdcc/zx_aaddrcdown_fastcall
arch/zx/display/c/sdcc/zx_aaddrcleft
arch/zx/display/c/sdcc/zx_aaddrcleft_fastcall
arch/zx/display/c/sdcc/zx_aaddrcright
arch/zx/display/c/sdcc/zx_aaddrcright_fastcall
arch/zx/display/c/sdcc/zx_aaddrcup
arch/zx/display/c/sdcc/zx_aaddrcup_fastcall
arch/zx/display/c/sdcc/zx_bitmask2px
arch/zx/display/c/sdcc/zx_bitmask2px_fastcall
arch/zx/display/c/sdcc/zx_cxy2aaddr
arch/zx/display/c/sdcc/zx_cxy2aaddr_callee
arch/zx/display/c/sdcc/zx_cxy2saddr
arch/zx/display/c/sdcc/zx_cxy2saddr_callee
arch/zx/display/c/sdcc/zx_cy2aaddr
arch/zx/display/c/sdcc/zx_cy2aaddr_fastcall
arch/zx/display/c/sdcc/zx_cy2saddr
arch/zx/display/c/sdcc/zx_cy2saddr_fastcall
arch/zx/display/c/sdcc/zx_px2bitmask
arch/zx/display/c/sdcc/zx_px2bitmask_fastcall
arch/zx/display/c/sdcc/zx_pxy2aaddr
arch/zx/display/c/sdcc/zx_pxy2aaddr_callee
arch/zx/display/c/sdcc/zx_pxy2saddr
arch/zx/display/c/sdcc/zx_pxy2saddr_callee
arch/zx/display/c/sdcc/zx_py2aaddr
arch/zx/display/c/sdcc/zx_py2aaddr_fastcall
arch/zx/display/c/sdcc/zx_py2saddr
arch/zx/display/c/sdcc/zx_py2saddr_fastcall
arch/zx/display/c/sdcc/zx_saddr2aaddr
arch/zx/display/c/sdcc/zx_saddr2aaddr_fastcall
arch/zx/display/c/sdcc/zx_saddr2cx
arch/zx/display/c/sdcc/zx_saddr2cx_fastcall
arch/zx/display/c/sdcc/zx_saddr2cy
arch/zx/display/c/sdcc/zx_saddr2cy_fastcall
arch/zx/display/c/sdcc/zx_saddr2px
arch/zx/display/c/sdcc/zx_saddr2px_fastcall
arch/zx/display/c/sdcc/zx_saddr2py
arch/zx/display/c/sdcc/zx_saddr2py_fastcall
arch/zx/display/c/sdcc/zx_saddrcdown
arch/zx/display/c/sdcc/zx_saddrcdown_fastcall
arch/zx/display/c/sdcc/zx_saddrcleft
arch/zx/display/c/sdcc/zx_saddrcleft_fastcall
arch/zx/display/c/sdcc/zx_saddrcright
arch/zx/display/c/sdcc/zx_saddrcright_fastcall
arch/zx/display/c/sdcc/zx_saddrcup
arch/zx/display/c/sdcc/zx_saddrcup_fastcall
arch/zx/display/c/sdcc/zx_saddrpdown
arch/zx/display/c/sdcc/zx_saddrpdown_fastcall
arch/zx/display/c/sdcc/zx_saddrpleft
arch/zx/display/c/sdcc/zx_saddrpleft_callee
arch/zx/display/c/sdcc/zx_saddrpright
arch/zx/display/c/sdcc/zx_saddrpright_callee
arch/zx/display/c/sdcc/zx_saddrpup
arch/zx/display/c/sdcc/zx_saddrpup_fastcall
@arch/zx/display/display_asm.lst
