arch/ts2068/display/z80/asm_tshc_aaddr2cx
arch/ts2068/display/z80/asm_tshc_aaddr2cy
arch/ts2068/display/z80/asm_tshc_aaddr2px
arch/ts2068/display/z80/asm_tshc_aaddr2py
arch/ts2068/display/z80/asm_tshc_aaddr2saddr
arch/ts2068/display/z80/asm_tshc_aaddrcdown
arch/ts2068/display/z80/asm_tshc_aaddrcleft
arch/ts2068/display/z80/asm_tshc_aaddrcright
arch/ts2068/display/z80/asm_tshc_aaddrcup
arch/ts2068/display/z80/asm_tshc_aaddrpdown
arch/ts2068/display/z80/asm_tshc_aaddrpleft
arch/ts2068/display/z80/asm_tshc_aaddrpright
arch/ts2068/display/z80/asm_tshc_aaddrpup
arch/ts2068/display/z80/asm_tshc_bitmask2px
arch/ts2068/display/z80/asm_tshc_cxy2aaddr
arch/ts2068/display/z80/asm_tshc_cxy2saddr
arch/ts2068/display/z80/asm_tshc_cy2aaddr
arch/ts2068/display/z80/asm_tshc_cy2saddr
arch/ts2068/display/z80/asm_tshc_px2bitmask
arch/ts2068/display/z80/asm_tshc_pxy2aaddr
arch/ts2068/display/z80/asm_tshc_pxy2saddr
arch/ts2068/display/z80/asm_tshc_py2aaddr
arch/ts2068/display/z80/asm_tshc_py2saddr
arch/ts2068/display/z80/asm_tshc_saddr2aaddr
arch/ts2068/display/z80/asm_tshc_saddr2cx
arch/ts2068/display/z80/asm_tshc_saddr2cy
arch/ts2068/display/z80/asm_tshc_saddr2px
arch/ts2068/display/z80/asm_tshc_saddr2py
arch/ts2068/display/z80/asm_tshc_saddrcdown
arch/ts2068/display/z80/asm_tshc_saddrcleft
arch/ts2068/display/z80/asm_tshc_saddrcright
arch/ts2068/display/z80/asm_tshc_saddrcup
arch/ts2068/display/z80/asm_tshc_saddrpdown
arch/ts2068/display/z80/asm_tshc_saddrpleft
arch/ts2068/display/z80/asm_tshc_saddrpright
arch/ts2068/display/z80/asm_tshc_saddrpup
arch/ts2068/display/z80/asm_tshr_bitmask2px
arch/ts2068/display/z80/asm_tshr_cxy2saddr
arch/ts2068/display/z80/asm_tshr_cy2saddr
arch/ts2068/display/z80/asm_tshr_px2bitmask
arch/ts2068/display/z80/asm_tshr_pxy2saddr
arch/ts2068/display/z80/asm_tshr_py2saddr
arch/ts2068/display/z80/asm_tshr_saddr2cx
arch/ts2068/display/z80/asm_tshr_saddr2cy
arch/ts2068/display/z80/asm_tshr_saddr2px
arch/ts2068/display/z80/asm_tshr_saddr2py
arch/ts2068/display/z80/asm_tshr_saddrcdown
arch/ts2068/display/z80/asm_tshr_saddrcleft
arch/ts2068/display/z80/asm_tshr_saddrcright
arch/ts2068/display/z80/asm_tshr_saddrcup
arch/ts2068/display/z80/asm_tshr_saddrpdown
arch/ts2068/display/z80/asm_tshr_saddrpleft
arch/ts2068/display/z80/asm_tshr_saddrpright
arch/ts2068/display/z80/asm_tshr_saddrpup
