@arch/zx/display/display_sccz80.lst
@arch/ts2068/display/display_asm.lst
arch/ts2068/display/c/sccz80/tshc_aaddr2cx
arch/ts2068/display/c/sccz80/tshc_aaddr2cy
arch/ts2068/display/c/sccz80/tshc_aaddr2px
arch/ts2068/display/c/sccz80/tshc_aaddr2py
arch/ts2068/display/c/sccz80/tshc_aaddr2saddr
arch/ts2068/display/c/sccz80/tshc_aaddrcdown
arch/ts2068/display/c/sccz80/tshc_aaddrcleft
arch/ts2068/display/c/sccz80/tshc_aaddrcright
arch/ts2068/display/c/sccz80/tshc_aaddrcup
arch/ts2068/display/c/sccz80/tshc_aaddrpdown
arch/ts2068/display/c/sccz80/tshc_aaddrpleft
arch/ts2068/display/c/sccz80/tshc_aaddrpleft_callee
arch/ts2068/display/c/sccz80/tshc_aaddrpright
arch/ts2068/display/c/sccz80/tshc_aaddrpright_callee
arch/ts2068/display/c/sccz80/tshc_aaddrpup
arch/ts2068/display/c/sccz80/tshc_bitmask2px
arch/ts2068/display/c/sccz80/tshc_cxy2aaddr
arch/ts2068/display/c/sccz80/tshc_cxy2aaddr_callee
arch/ts2068/display/c/sccz80/tshc_cxy2saddr
arch/ts2068/display/c/sccz80/tshc_cxy2saddr_callee
arch/ts2068/display/c/sccz80/tshc_cy2aaddr
arch/ts2068/display/c/sccz80/tshc_cy2saddr
arch/ts2068/display/c/sccz80/tshc_px2bitmask
arch/ts2068/display/c/sccz80/tshc_pxy2aaddr
arch/ts2068/display/c/sccz80/tshc_pxy2aaddr_callee
arch/ts2068/display/c/sccz80/tshc_pxy2saddr
arch/ts2068/display/c/sccz80/tshc_pxy2saddr_callee
arch/ts2068/display/c/sccz80/tshc_py2aaddr
arch/ts2068/display/c/sccz80/tshc_py2saddr
arch/ts2068/display/c/sccz80/tshc_saddr2aaddr
arch/ts2068/display/c/sccz80/tshc_saddr2cx
arch/ts2068/display/c/sccz80/tshc_saddr2cy
arch/ts2068/display/c/sccz80/tshc_saddr2px
arch/ts2068/display/c/sccz80/tshc_saddr2py
arch/ts2068/display/c/sccz80/tshc_saddrcdown
arch/ts2068/display/c/sccz80/tshc_saddrcleft
arch/ts2068/display/c/sccz80/tshc_saddrcright
arch/ts2068/display/c/sccz80/tshc_saddrcup
arch/ts2068/display/c/sccz80/tshc_saddrpdown
arch/ts2068/display/c/sccz80/tshc_saddrpleft
arch/ts2068/display/c/sccz80/tshc_saddrpleft_callee
arch/ts2068/display/c/sccz80/tshc_saddrpright
arch/ts2068/display/c/sccz80/tshc_saddrpright_callee
arch/ts2068/display/c/sccz80/tshc_saddrpup
arch/ts2068/display/c/sccz80/tshr_bitmask2px
arch/ts2068/display/c/sccz80/tshr_cxy2saddr
arch/ts2068/display/c/sccz80/tshr_cxy2saddr_callee
arch/ts2068/display/c/sccz80/tshr_cy2saddr
arch/ts2068/display/c/sccz80/tshr_px2bitmask
arch/ts2068/display/c/sccz80/tshr_pxy2saddr
arch/ts2068/display/c/sccz80/tshr_pxy2saddr_callee
arch/ts2068/display/c/sccz80/tshr_py2saddr
arch/ts2068/display/c/sccz80/tshr_saddr2cx
arch/ts2068/display/c/sccz80/tshr_saddr2cy
arch/ts2068/display/c/sccz80/tshr_saddr2px
arch/ts2068/display/c/sccz80/tshr_saddr2py
arch/ts2068/display/c/sccz80/tshr_saddrcdown
arch/ts2068/display/c/sccz80/tshr_saddrcleft
arch/ts2068/display/c/sccz80/tshr_saddrcright
arch/ts2068/display/c/sccz80/tshr_saddrcup
arch/ts2068/display/c/sccz80/tshr_saddrpdown
arch/ts2068/display/c/sccz80/tshr_saddrpleft
arch/ts2068/display/c/sccz80/tshr_saddrpleft_callee
arch/ts2068/display/c/sccz80/tshr_saddrpright
arch/ts2068/display/c/sccz80/tshr_saddrpright_callee
arch/ts2068/display/c/sccz80/tshr_saddrpup
