math/float/math32/lm32/c/sdcc/___fs2uchar
math/float/math32/lm32/c/sdcc/___fssub_callee
math/float/math32/lm32/c/sdcc/___fsdiv
math/float/math32/lm32/c/sdcc/___fs2ulong
math/float/math32/lm32/c/sdcc/___schar2fs
math/float/math32/lm32/c/sdcc/___ulong2fs
math/float/math32/lm32/c/sdcc/___ulong2fs_callee
math/float/math32/lm32/c/sdcc/___sint2fs_callee
math/float/math32/lm32/c/sdcc/___uchar2fs_callee
math/float/math32/lm32/c/sdcc/___schar2fs_callee
math/float/math32/lm32/c/sdcc/___fsadd_callee
math/float/math32/lm32/c/sdcc/___fssub
math/float/math32/lm32/c/sdcc/___fs2ulong_callee
math/float/math32/lm32/c/sdcc/___slong2fs_callee
math/float/math32/lm32/c/sdcc/___fs2uchar_callee
math/float/math32/lm32/c/sdcc/___fs2sint_callee
math/float/math32/lm32/c/sdcc/___fsadd
math/float/math32/lm32/c/sdcc/___fs2slong_callee
math/float/math32/lm32/c/sdcc/___fs2schar_callee
math/float/math32/lm32/c/sdcc/___fsgt_callee
math/float/math32/lm32/c/sdcc/___fseq_callee
math/float/math32/lm32/c/sdcc/___fsdiv_callee
math/float/math32/lm32/c/sdcc/___fs2uint_callee
math/float/math32/lm32/c/sdcc/___fs2sint
math/float/math32/lm32/c/sdcc/___fs2slong
math/float/math32/lm32/c/sdcc/___uint2fs_callee
math/float/math32/lm32/c/sdcc/___fslt_callee
math/float/math32/lm32/c/sdcc/___fs2schar
math/float/math32/lm32/c/sdcc/___fsneq_callee
math/float/math32/lm32/c/sdcc/___fsmul
math/float/math32/lm32/c/sdcc/___fs2uint
math/float/math32/lm32/c/sdcc/___sint2fs
math/float/math32/lm32/c/sdcc/___fsmul_callee
math/float/math32/lm32/c/sdcc/___slong2fs
math/float/math32/lm32/c/sdcc/___uchar2fs
math/float/math32/lm32/c/sdcc/___uint2fs
