math/float/math32/lm32/c/sdcc/acos
math/float/math32/lm32/c/sdcc/acos_fastcall
math/float/math32/lm32/c/sdcc/acosh
math/float/math32/lm32/c/sdcc/acosh_fastcall
math/float/math32/lm32/c/sdcc/asin
math/float/math32/lm32/c/sdcc/asin_fastcall
math/float/math32/lm32/c/sdcc/asinh
math/float/math32/lm32/c/sdcc/asinh_fastcall
math/float/math32/lm32/c/sdcc/atan
math/float/math32/lm32/c/sdcc/atan_fastcall
math/float/math32/lm32/c/sdcc/atan2
math/float/math32/lm32/c/sdcc/atan2_callee
math/float/math32/lm32/c/sdcc/atanh
math/float/math32/lm32/c/sdcc/atanh_fastcall
math/float/math32/lm32/c/sdcc/ceil
math/float/math32/lm32/c/sdcc/ceil_fastcall
math/float/math32/lm32/c/sdcc/cos
math/float/math32/lm32/c/sdcc/cos_fastcall
math/float/math32/lm32/c/sdcc/cosh
math/float/math32/lm32/c/sdcc/cosh_fastcall
math/float/math32/lm32/c/sdcc/dload
math/float/math32/lm32/c/sdcc/exp
math/float/math32/lm32/c/sdcc/exp_fastcall
math/float/math32/lm32/c/sdcc/exp2
math/float/math32/lm32/c/sdcc/exp2_fastcall
math/float/math32/lm32/c/sdcc/exp10
math/float/math32/lm32/c/sdcc/exp10_fastcall
math/float/math32/lm32/c/sdcc/fabs
math/float/math32/lm32/c/sdcc/fabs_fastcall
math/float/math32/lm32/c/sdcc/floor
math/float/math32/lm32/c/sdcc/floor_fastcall
math/float/math32/lm32/c/sdcc/fmax
math/float/math32/lm32/c/sdcc/fmax_callee
math/float/math32/lm32/c/sdcc/fmin
math/float/math32/lm32/c/sdcc/fmin_callee
math/float/math32/lm32/c/sdcc/fmod
math/float/math32/lm32/c/sdcc/fpclassify
math/float/math32/lm32/c/sdcc/frexp
math/float/math32/lm32/c/sdcc/frexp_callee
math/float/math32/lm32/c/sdcc/___fs2schar
math/float/math32/lm32/c/sdcc/___fs2schar_callee
math/float/math32/lm32/c/sdcc/___fs2sint
math/float/math32/lm32/c/sdcc/___fs2sint_callee
math/float/math32/lm32/c/sdcc/___fs2slong
math/float/math32/lm32/c/sdcc/___fs2slong_callee
math/float/math32/lm32/c/sdcc/___fs2uchar
math/float/math32/lm32/c/sdcc/___fs2uchar_callee
math/float/math32/lm32/c/sdcc/___fs2uint
math/float/math32/lm32/c/sdcc/___fs2uint_callee
math/float/math32/lm32/c/sdcc/___fs2ulong
math/float/math32/lm32/c/sdcc/___fs2ulong_callee
math/float/math32/lm32/c/sdcc/___fsadd
math/float/math32/lm32/c/sdcc/___fsadd_callee
math/float/math32/lm32/c/sdcc/___fsdiv
math/float/math32/lm32/c/sdcc/___fsdiv_callee
math/float/math32/lm32/c/sdcc/___fseq_callee
math/float/math32/lm32/c/sdcc/___fsgt_callee
math/float/math32/lm32/c/sdcc/___fslt_callee
math/float/math32/lm32/c/sdcc/___fsmul
math/float/math32/lm32/c/sdcc/___fsmul_callee
math/float/math32/lm32/c/sdcc/___fsneq_callee
math/float/math32/lm32/c/sdcc/___fssub
math/float/math32/lm32/c/sdcc/___fssub_callee
math/float/math32/lm32/c/sdcc/div2
math/float/math32/lm32/c/sdcc/div2_fastcall
math/float/math32/lm32/c/sdcc/inv
math/float/math32/lm32/c/sdcc/inv_fastcall
math/float/math32/lm32/c/sdcc/invsqrt
math/float/math32/lm32/c/sdcc/invsqrt_fastcall
math/float/math32/lm32/c/sdcc/hypot
math/float/math32/lm32/c/sdcc/hypot_callee
math/float/math32/lm32/c/sdcc/ldexp
math/float/math32/lm32/c/sdcc/ldexp_callee
math/float/math32/lm32/c/sdcc/log
math/float/math32/lm32/c/sdcc/log_fastcall
math/float/math32/lm32/c/sdcc/log2
math/float/math32/lm32/c/sdcc/log2_fastcall
math/float/math32/lm32/c/sdcc/log10
math/float/math32/lm32/c/sdcc/log10_fastcall
math/float/math32/lm32/c/sdcc/mul2
math/float/math32/lm32/c/sdcc/mul2_fastcall
math/float/math32/lm32/c/sdcc/mul10u
math/float/math32/lm32/c/sdcc/mul10u_fastcall
math/float/math32/lm32/c/sdcc/mlib2d
math/float/math32/lm32/c/sdcc/modf
math/float/math32/lm32/c/sdcc/poly
math/float/math32/lm32/c/sdcc/poly_callee
math/float/math32/lm32/c/sdcc/pow
math/float/math32/lm32/c/sdcc/pow_callee
math/float/math32/lm32/c/sdcc/round
math/float/math32/lm32/c/sdcc/round_fastcall
math/float/math32/lm32/c/sdcc/___schar2fs
math/float/math32/lm32/c/sdcc/___schar2fs_callee
math/float/math32/lm32/c/sdcc/sin
math/float/math32/lm32/c/sdcc/sin_fastcall
math/float/math32/lm32/c/sdcc/sinh
math/float/math32/lm32/c/sdcc/sinh_fastcall
math/float/math32/lm32/c/sdcc/___sint2fs
math/float/math32/lm32/c/sdcc/___sint2fs_callee
math/float/math32/lm32/c/sdcc/___slong2fs
math/float/math32/lm32/c/sdcc/___slong2fs_callee
math/float/math32/lm32/c/sdcc/sqr
math/float/math32/lm32/c/sdcc/sqr_fastcall
math/float/math32/lm32/c/sdcc/sqrt
math/float/math32/lm32/c/sdcc/sqrt_fastcall
math/float/math32/lm32/c/sdcc/tan
math/float/math32/lm32/c/sdcc/tan_fastcall
math/float/math32/lm32/c/sdcc/tanh
math/float/math32/lm32/c/sdcc/tanh_fastcall
math/float/math32/lm32/c/sdcc/___uchar2fs
math/float/math32/lm32/c/sdcc/___uchar2fs_callee
math/float/math32/lm32/c/sdcc/___uint2fs
math/float/math32/lm32/c/sdcc/___uint2fs_callee
math/float/math32/lm32/c/sdcc/___ulong2fs
math/float/math32/lm32/c/sdcc/___ulong2fs_callee
