stdio/obj/stdesc/__cons_state
stdio/obj/stdesc/_fprintf
stdio/obj/stdesc/_printf
stdio/obj/stdesc/_printk
stdio/obj/stdesc/_snprintf
stdio/obj/stdesc/_sprintf
stdio/obj/stdesc/_vfprintf
stdio/obj/stdesc/_vsnprintf
stdio/obj/stdesc/closeall
stdio/obj/stdesc/fabandon
stdio/obj/stdesc/fchkstd
stdio/obj/stdesc/fclose
stdio/obj/stdesc/fdopen
stdio/obj/stdesc/feof
stdio/obj/stdesc/ferror
stdio/obj/stdesc/fflush
stdio/obj/stdesc/fgetc
stdio/obj/stdesc/fgetpos
stdio/obj/stdesc/fgets
stdio/obj/stdesc/fgets_cons
stdio/obj/stdesc/fgets_cons_erase_character
stdio/obj/stdesc/fmemopen
stdio/obj/stdesc/fopen
stdio/obj/stdesc/fprintf
stdio/obj/stdesc/fputc
stdio/obj/stdesc/fputc_callee
stdio/obj/stdesc/fputs
stdio/obj/stdesc/fputs_callee
stdio/obj/stdesc/fread
stdio/obj/stdesc/freopen
stdio/obj/stdesc/_freopen1
stdio/obj/stdesc/fseek
stdio/obj/stdesc/ftell
stdio/obj/stdesc/fwrite
stdio/obj/stdesc/gets
stdio/obj/stdesc/perror
stdio/obj/stdesc/printf
stdio/obj/stdesc/printk
stdio/obj/stdesc/printk_outc
stdio/obj/stdesc/printn
stdio/obj/stdesc/puts
stdio/obj/stdesc/puts_cons
stdio/obj/stdesc/snprintf
stdio/obj/stdesc/sprintf
stdio/obj/stdesc/sprintf_outc
stdio/obj/stdesc/ungetc
stdio/obj/stdesc/vfprintf
stdio/obj/stdesc/vsnprintf
stdio/obj/stdesc/__scanf_common_start
stdio/obj/stdesc/__scanf_consume_whitespace
stdio/obj/stdesc/__scanf_format_table
stdio/obj/stdesc/__scanf_get_number
stdio/obj/stdesc/__scanf_handle_B
stdio/obj/stdesc/__scanf_handle_c
stdio/obj/stdesc/__scanf_handle_d
stdio/obj/stdesc/__scanf_handle_f
stdio/obj/stdesc/__scanf_handle_i
stdio/obj/stdesc/__scanf_handle_n
stdio/obj/stdesc/__scanf_handle_o
stdio/obj/stdesc/__scanf_handle_s
stdio/obj/stdesc/__scanf_handle_x
stdio/obj/stdesc/__scanf_parse_number
stdio/obj/stdesc/_fscanf
stdio/obj/stdesc/_scanf
stdio/obj/stdesc/_sscanf
stdio/obj/stdesc/_vfscanf
stdio/obj/stdesc/_vsscanf
stdio/obj/stdesc/asm_scanf
stdio/obj/stdesc/fscanf
stdio/obj/stdesc/scanf
stdio/obj/stdesc/sscanf
stdio/obj/stdesc/vfscanf
stdio/obj/stdesc/vsscanf
stdio/obj/stdesc/__printf_doprint
stdio/obj/stdesc/__printf_format_table
stdio/obj/stdesc/__printf_format_table64
stdio/obj/stdesc/__printf_get_buffer_address
stdio/obj/stdesc/__printf_get_flags_impl
stdio/obj/stdesc/__printf_handle_XX
stdio/obj/stdesc/__printf_handle_c
stdio/obj/stdesc/__printf_handle_d
stdio/obj/stdesc/__printf_handle_f
stdio/obj/stdesc/__printf_handle_n
stdio/obj/stdesc/__printf_handle_o
stdio/obj/stdesc/__printf_handle_s
stdio/obj/stdesc/__printf_handle_u
stdio/obj/stdesc/__printf_handle_x
stdio/obj/stdesc/__printf_handle_B
stdio/obj/stdesc/__printf_number
stdio/obj/stdesc/__printf_print_aligned
stdio/obj/stdesc/__printf_print_the_buffer
stdio/obj/stdesc/asm_printf
stdio/obj/stdesc/get_16bit_ap_parameter
stdio/obj/stdesc/__printf_print_to_buf
stdio/obj/stdesc/__printf_number64
stdio/obj/stdesc/__printf_handle_ll
stdio/obj/stdesc/__printf_handle_llB
stdio/obj/stdesc/__printf_handle_llXX
stdio/obj/stdesc/__printf_handle_lld
stdio/obj/stdesc/__printf_handle_llo
stdio/obj/stdesc/__printf_handle_llu
stdio/obj/stdesc/__printf_handle_llx
stdio/obj/stdesc/kbhit
stdio/obj/stdesc/fputc_cons_generic_full
stdio/obj/stdesc/fputc_cons_generic_minimal
stdio/obj/stdesc/fputc_cons_generic_ioctl
stdio/obj/stdesc/conio/**
