stdio/obj/ixiy/__cons_state
stdio/obj/ixiy/_fprintf
stdio/obj/ixiy/_printf
stdio/obj/ixiy/_printk
stdio/obj/ixiy/_snprintf
stdio/obj/ixiy/_sprintf
stdio/obj/ixiy/_vfprintf
stdio/obj/ixiy/_vsnprintf
stdio/obj/ixiy/closeall
stdio/obj/ixiy/fabandon
stdio/obj/ixiy/fchkstd
stdio/obj/ixiy/fclose
stdio/obj/ixiy/fdopen
stdio/obj/ixiy/feof
stdio/obj/ixiy/ferror
stdio/obj/ixiy/fflush
stdio/obj/ixiy/fgetc
stdio/obj/ixiy/fgetpos
stdio/obj/ixiy/fgets
stdio/obj/ixiy/fgets_cons
stdio/obj/ixiy/fgets_cons_erase_character
stdio/obj/ixiy/fmemopen
stdio/obj/ixiy/fopen
stdio/obj/ixiy/fprintf
stdio/obj/ixiy/fputc
stdio/obj/ixiy/fputc_callee
stdio/obj/ixiy/fputs
stdio/obj/ixiy/fputs_callee
stdio/obj/ixiy/fread
stdio/obj/ixiy/_freopen1
stdio/obj/ixiy/freopen
stdio/obj/ixiy/fseek
stdio/obj/ixiy/ftell
stdio/obj/ixiy/fwrite
stdio/obj/ixiy/gets
stdio/obj/ixiy/perror
stdio/obj/ixiy/printf
stdio/obj/ixiy/printk
stdio/obj/ixiy/printk_outc
stdio/obj/ixiy/printn
stdio/obj/ixiy/puts
stdio/obj/ixiy/puts_cons
stdio/obj/ixiy/snprintf
stdio/obj/ixiy/sprintf
stdio/obj/ixiy/sprintf_outc
stdio/obj/ixiy/ungetc
stdio/obj/ixiy/vfprintf
stdio/obj/ixiy/vsnprintf
stdio/obj/ixiy/__scanf_handle_f
stdio/obj/ixiy/__scanf_common_start
stdio/obj/ixiy/__scanf_consume_whitespace
stdio/obj/ixiy/__scanf_format_table
stdio/obj/ixiy/__scanf_get_number
stdio/obj/ixiy/__scanf_handle_B
stdio/obj/ixiy/__scanf_handle_c
stdio/obj/ixiy/__scanf_handle_d
stdio/obj/ixiy/__scanf_handle_f
stdio/obj/ixiy/__scanf_handle_i
stdio/obj/ixiy/__scanf_handle_n
stdio/obj/ixiy/__scanf_handle_o
stdio/obj/ixiy/__scanf_handle_s
stdio/obj/ixiy/__scanf_handle_x
stdio/obj/ixiy/__scanf_parse_number
stdio/obj/ixiy/_fscanf
stdio/obj/ixiy/_scanf
stdio/obj/ixiy/_sscanf
stdio/obj/ixiy/_vfscanf
stdio/obj/ixiy/_vsscanf
stdio/obj/ixiy/asm_scanf
stdio/obj/ixiy/fscanf
stdio/obj/ixiy/scanf
stdio/obj/ixiy/sscanf
stdio/obj/ixiy/vfscanf
stdio/obj/ixiy/vsscanf
stdio/obj/ixiy/__printf_doprint
stdio/obj/ixiy/__printf_format_table
stdio/obj/ixiy/__printf_format_table64
stdio/obj/ixiy/__printf_get_buffer_address
stdio/obj/ixiy/__printf_get_flags_impl
stdio/obj/ixiy/__printf_handle_XX
stdio/obj/ixiy/__printf_handle_c
stdio/obj/ixiy/__printf_handle_d
stdio/obj/ixiy/__printf_handle_f
stdio/obj/ixiy/__printf_handle_n
stdio/obj/ixiy/__printf_handle_o
stdio/obj/ixiy/__printf_handle_s
stdio/obj/ixiy/__printf_handle_u
stdio/obj/ixiy/__printf_handle_x
stdio/obj/ixiy/__printf_handle_B
stdio/obj/ixiy/__printf_number
stdio/obj/ixiy/__printf_print_aligned
stdio/obj/ixiy/__printf_print_the_buffer
stdio/obj/ixiy/asm_printf
stdio/obj/ixiy/get_16bit_ap_parameter
stdio/obj/ixiy/__printf_print_to_buf
stdio/obj/ixiy/__printf_number64
stdio/obj/ixiy/__printf_handle_ll
stdio/obj/ixiy/__printf_handle_llB
stdio/obj/ixiy/__printf_handle_llXX
stdio/obj/ixiy/__printf_handle_lld
stdio/obj/ixiy/__printf_handle_llo
stdio/obj/ixiy/__printf_handle_llu
stdio/obj/ixiy/__printf_handle_llx
stdio/obj/ixiy/kbhit
stdio/obj/ixiy/fputc_cons_generic_full
stdio/obj/ixiy/fputc_cons_generic_minimal
stdio/obj/ixiy/fputc_cons_generic_ioctl
stdio/obj/ixiy/conio/**
