stdio/obj/__cons_state
stdio/obj/_fprintf
stdio/obj/_printf
stdio/obj/_printk
stdio/obj/_snprintf
stdio/obj/_sprintf
stdio/obj/_vfprintf
stdio/obj/_vsnprintf
stdio/obj/closeall
stdio/obj/fabandon
stdio/obj/fchkstd
stdio/obj/fclose
stdio/obj/fdopen
stdio/obj/feof
stdio/obj/ferror
stdio/obj/fflush
stdio/obj/fgetc
stdio/obj/fgetpos
stdio/obj/fgets
stdio/obj/fgets_cons
stdio/obj/fgets_cons_erase_character
stdio/obj/fmemopen
stdio/obj/fopen
stdio/obj/fprintf
stdio/obj/fputc
stdio/obj/fputc_callee
stdio/obj/fputs
stdio/obj/fputs_callee
stdio/obj/fread
stdio/obj/freopen
stdio/obj/_freopen1
stdio/obj/fseek
stdio/obj/ftell
stdio/obj/fwrite
stdio/obj/gets
stdio/obj/perror
stdio/obj/printf
stdio/obj/printk
stdio/obj/printk_outc
stdio/obj/printn
stdio/obj/puts
stdio/obj/puts_cons
stdio/obj/snprintf
stdio/obj/sprintf
stdio/obj/sprintf_outc
stdio/obj/ungetc
stdio/obj/vfprintf
stdio/obj/vsnprintf
stdio/obj/__scanf_common_start
stdio/obj/__scanf_consume_whitespace
stdio/obj/__scanf_format_table
stdio/obj/__scanf_get_number
stdio/obj/__scanf_handle_B
stdio/obj/__scanf_handle_c
stdio/obj/__scanf_handle_d
stdio/obj/__scanf_handle_f
stdio/obj/__scanf_handle_i
stdio/obj/__scanf_handle_n
stdio/obj/__scanf_handle_o
stdio/obj/__scanf_handle_s
stdio/obj/__scanf_handle_x
stdio/obj/__scanf_parse_number
stdio/obj/_fscanf
stdio/obj/_scanf
stdio/obj/_sscanf
stdio/obj/_vfscanf
stdio/obj/_vsscanf
stdio/obj/asm_scanf
stdio/obj/fscanf
stdio/obj/scanf
stdio/obj/sscanf
stdio/obj/vfscanf
stdio/obj/vsscanf
stdio/obj/__printf_doprint
stdio/obj/__printf_format_table
stdio/obj/__printf_format_table64
stdio/obj/__printf_get_buffer_address
stdio/obj/__printf_get_flags_impl
stdio/obj/__printf_handle_XX
stdio/obj/__printf_handle_c
stdio/obj/__printf_handle_d
stdio/obj/__printf_handle_f
stdio/obj/__printf_handle_n
stdio/obj/__printf_handle_o
stdio/obj/__printf_handle_s
stdio/obj/__printf_handle_u
stdio/obj/__printf_handle_x
stdio/obj/__printf_handle_B
stdio/obj/__printf_number
stdio/obj/__printf_print_aligned
stdio/obj/__printf_print_the_buffer
stdio/obj/asm_printf
stdio/obj/get_16bit_ap_parameter
stdio/obj/__printf_print_to_buf
stdio/obj/__printf_number64
stdio/obj/__printf_handle_ll
stdio/obj/__printf_handle_llB
stdio/obj/__printf_handle_llXX
stdio/obj/__printf_handle_lld
stdio/obj/__printf_handle_llo
stdio/obj/__printf_handle_llu
stdio/obj/__printf_handle_llx
stdio/obj/kbhit
stdio/obj/fputc_cons_generic_full
stdio/obj/fputc_cons_generic_minimal
stdio/obj/fputc_cons_generic_ioctl
stdio/obj/conio/**
