stdio/obj/r2k/__cons_state
stdio/obj/r2k/_fprintf
stdio/obj/r2k/_printf
stdio/obj/r2k/_printk
stdio/obj/r2k/_snprintf
stdio/obj/r2k/_sprintf
stdio/obj/r2k/_vfprintf
stdio/obj/r2k/_vsnprintf
stdio/obj/r2k/closeall
stdio/obj/r2k/fabandon
stdio/obj/r2k/fchkstd
stdio/obj/r2k/fclose
stdio/obj/r2k/fdopen
stdio/obj/r2k/feof
stdio/obj/r2k/ferror
stdio/obj/r2k/fflush
stdio/obj/r2k/fgetc
stdio/obj/r2k/fgetpos
stdio/obj/r2k/fgets
stdio/obj/r2k/fgets_cons
stdio/obj/r2k/fgets_cons_erase_character
stdio/obj/r2k/fmemopen
stdio/obj/r2k/fopen
stdio/obj/r2k/fprintf
stdio/obj/r2k/fputc
stdio/obj/r2k/fputc_callee
stdio/obj/r2k/fputs
stdio/obj/r2k/fputs_callee
stdio/obj/r2k/fread
stdio/obj/r2k/freopen
stdio/obj/r2k/_freopen1
stdio/obj/r2k/fseek
stdio/obj/r2k/ftell
stdio/obj/r2k/fwrite
stdio/obj/r2k/gets
stdio/obj/r2k/perror
stdio/obj/r2k/printf
stdio/obj/r2k/printk
stdio/obj/r2k/printk_outc
stdio/obj/r2k/printn
stdio/obj/r2k/puts
stdio/obj/r2k/puts_cons
stdio/obj/r2k/snprintf
stdio/obj/r2k/sprintf
stdio/obj/r2k/sprintf_outc
stdio/obj/r2k/ungetc
stdio/obj/r2k/vfprintf
stdio/obj/r2k/vsnprintf
stdio/obj/r2k/__scanf_common_start
stdio/obj/r2k/__scanf_consume_whitespace
stdio/obj/r2k/__scanf_format_table
stdio/obj/r2k/__scanf_get_number
stdio/obj/r2k/__scanf_handle_B
stdio/obj/r2k/__scanf_handle_c
stdio/obj/r2k/__scanf_handle_d
stdio/obj/r2k/__scanf_handle_f
stdio/obj/r2k/__scanf_handle_i
stdio/obj/r2k/__scanf_handle_n
stdio/obj/r2k/__scanf_handle_o
stdio/obj/r2k/__scanf_handle_s
stdio/obj/r2k/__scanf_handle_x
stdio/obj/r2k/__scanf_parse_number
stdio/obj/r2k/_fscanf
stdio/obj/r2k/_scanf
stdio/obj/r2k/_sscanf
stdio/obj/r2k/_vfscanf
stdio/obj/r2k/_vsscanf
stdio/obj/r2k/asm_scanf
stdio/obj/r2k/fscanf
stdio/obj/r2k/scanf
stdio/obj/r2k/sscanf
stdio/obj/r2k/vfscanf
stdio/obj/r2k/vsscanf
stdio/obj/r2k/__printf_doprint
stdio/obj/r2k/__printf_format_table
stdio/obj/r2k/__printf_format_table64
stdio/obj/r2k/__printf_get_buffer_address
stdio/obj/r2k/__printf_get_flags_impl
stdio/obj/r2k/__printf_handle_XX
stdio/obj/r2k/__printf_handle_c
stdio/obj/r2k/__printf_handle_d
stdio/obj/r2k/__printf_handle_f
stdio/obj/r2k/__printf_handle_n
stdio/obj/r2k/__printf_handle_o
stdio/obj/r2k/__printf_handle_s
stdio/obj/r2k/__printf_handle_u
stdio/obj/r2k/__printf_handle_x
stdio/obj/r2k/__printf_handle_B
stdio/obj/r2k/__printf_number
stdio/obj/r2k/__printf_print_aligned
stdio/obj/r2k/__printf_print_the_buffer
stdio/obj/r2k/asm_printf
stdio/obj/r2k/get_16bit_ap_parameter
stdio/obj/r2k/__printf_print_to_buf
stdio/obj/r2k/__printf_number64
stdio/obj/r2k/__printf_handle_ll
stdio/obj/r2k/__printf_handle_llB
stdio/obj/r2k/__printf_handle_llXX
stdio/obj/r2k/__printf_handle_lld
stdio/obj/r2k/__printf_handle_llo
stdio/obj/r2k/__printf_handle_llu
stdio/obj/r2k/__printf_handle_llx
stdio/obj/r2k/kbhit
stdio/obj/r2k/fputc_cons_generic_full
stdio/obj/r2k/fputc_cons_generic_minimal
stdio/obj/r2k/fputc_cons_generic_ioctl
stdio/obj/r2k/conio/**
