@arch/sms/SMSlib/SMSlib_asm.lst
arch/sms/SMSlib/c/sdcc/SMS_addSprite
arch/sms/SMSlib/c/sdcc/SMS_addSprite_callee
arch/sms/SMSlib/c/sdcc/SMS_addSpriteClipping
arch/sms/SMSlib/c/sdcc/SMS_addSpriteClipping_callee
arch/sms/SMSlib/c/sdcc/SMS_addTwoAdjoiningSprites
arch/sms/SMSlib/c/sdcc/SMS_addTwoAdjoiningSprites_callee
arch/sms/SMSlib/c/sdcc/SMS_copySpritestoSAT
arch/sms/SMSlib/c/sdcc/SMS_finalizeSprites
arch/sms/SMSlib/c/sdcc/SMS_getHCount
arch/sms/SMSlib/c/sdcc/SMS_getKeysHeld
arch/sms/SMSlib/c/sdcc/SMS_getKeysPressed
arch/sms/SMSlib/c/sdcc/SMS_getKeysReleased
arch/sms/SMSlib/c/sdcc/SMS_getKeysStatus
arch/sms/SMSlib/c/sdcc/SMS_getMDKeysHeld
arch/sms/SMSlib/c/sdcc/SMS_getMDKeysPressed
arch/sms/SMSlib/c/sdcc/SMS_getMDKeysReleased
arch/sms/SMSlib/c/sdcc/SMS_getMDKeysStatus
arch/sms/SMSlib/c/sdcc/SMS_getVCount
arch/sms/SMSlib/c/sdcc/SMS_hideSprite
arch/sms/SMSlib/c/sdcc/SMS_hideSprite_fastcall
arch/sms/SMSlib/c/sdcc/SMS_init
arch/sms/SMSlib/c/sdcc/SMS_initSprites
arch/sms/SMSlib/c/sdcc/SMS_isr
arch/sms/SMSlib/c/sdcc/SMS_loadBGPalette
arch/sms/SMSlib/c/sdcc/SMS_loadBGPalette_fastcall
arch/sms/SMSlib/c/sdcc/SMS_loadBGPaletteHalfBrightness
arch/sms/SMSlib/c/sdcc/SMS_loadBGPaletteHalfBrightness_fastcall
arch/sms/SMSlib/c/sdcc/SMS_loadPSGaidencompressedTiles
arch/sms/SMSlib/c/sdcc/SMS_loadPSGaidencompressedTiles_callee
arch/sms/SMSlib/c/sdcc/SMS_loadSpritePalette
arch/sms/SMSlib/c/sdcc/SMS_loadSpritePalette_fastcall
arch/sms/SMSlib/c/sdcc/SMS_loadSpritePaletteHalfBrightness
arch/sms/SMSlib/c/sdcc/SMS_loadSpritePaletteHalfBrightness_fastcall
arch/sms/SMSlib/c/sdcc/SMS_loadSTMcompressedTileMapArea
arch/sms/SMSlib/c/sdcc/SMS_loadTileMap
arch/sms/SMSlib/c/sdcc/SMS_loadTileMap_callee
arch/sms/SMSlib/c/sdcc/SMS_loadTileMapArea
arch/sms/SMSlib/c/sdcc/SMS_loadTileMapArea_callee
arch/sms/SMSlib/c/sdcc/SMS_loadTiles
arch/sms/SMSlib/c/sdcc/SMS_loadTiles_callee
arch/sms/SMSlib/c/sdcc/SMS_nmi_isr
arch/sms/SMSlib/c/sdcc/SMS_queryPauseRequested
arch/sms/SMSlib/c/sdcc/SMS_reserveSprite
arch/sms/SMSlib/c/sdcc/SMS_resetPauseRequest
arch/sms/SMSlib/c/sdcc/SMS_setBackdropColor
arch/sms/SMSlib/c/sdcc/SMS_setBackdropColor_fastcall
arch/sms/SMSlib/c/sdcc/SMS_setBGPaletteColor
arch/sms/SMSlib/c/sdcc/SMS_setBGPaletteColor_callee
arch/sms/SMSlib/c/sdcc/SMS_setBGScrollX
arch/sms/SMSlib/c/sdcc/SMS_setBGScrollX_fastcall
arch/sms/SMSlib/c/sdcc/SMS_setBGScrollY
arch/sms/SMSlib/c/sdcc/SMS_setBGScrollY_fastcall
arch/sms/SMSlib/c/sdcc/SMS_setClippingWindow
arch/sms/SMSlib/c/sdcc/SMS_setClippingWindow_callee
arch/sms/SMSlib/c/sdcc/SMS_setColor
arch/sms/SMSlib/c/sdcc/SMS_setColor_fastcall
arch/sms/SMSlib/c/sdcc/SMS_setLineCounter
arch/sms/SMSlib/c/sdcc/SMS_setLineCounter_fastcall
arch/sms/SMSlib/c/sdcc/SMS_setLineInterruptHandler
arch/sms/SMSlib/c/sdcc/SMS_setLineInterruptHandler_fastcall
arch/sms/SMSlib/c/sdcc/SMS_setSpriteMode
arch/sms/SMSlib/c/sdcc/SMS_setSpriteMode_fastcall
arch/sms/SMSlib/c/sdcc/SMS_setSpritePaletteColor
arch/sms/SMSlib/c/sdcc/SMS_setSpritePaletteColor_callee
arch/sms/SMSlib/c/sdcc/SMS_updateSpriteImage
arch/sms/SMSlib/c/sdcc/SMS_updateSpriteImage_callee
arch/sms/SMSlib/c/sdcc/SMS_updateSpritePosition
arch/sms/SMSlib/c/sdcc/SMS_updateSpritePosition_callee
arch/sms/SMSlib/c/sdcc/SMS_useFirstHalfTilesforSprites
arch/sms/SMSlib/c/sdcc/SMS_useFirstHalfTilesforSprites_fastcall
arch/sms/SMSlib/c/sdcc/SMS_VDPturnOffFeature
arch/sms/SMSlib/c/sdcc/SMS_VDPturnOffFeature_fastcall
arch/sms/SMSlib/c/sdcc/SMS_VDPturnOnFeature
arch/sms/SMSlib/c/sdcc/SMS_VDPturnOnFeature_fastcall
arch/sms/SMSlib/c/sdcc/SMS_VDPType
arch/sms/SMSlib/c/sdcc/SMS_VRAMmemcpy
arch/sms/SMSlib/c/sdcc/SMS_VRAMmemcpy_brief
arch/sms/SMSlib/c/sdcc/SMS_VRAMmemcpy_brief_callee
arch/sms/SMSlib/c/sdcc/SMS_VRAMmemcpy_callee
arch/sms/SMSlib/c/sdcc/SMS_VRAMmemset
arch/sms/SMSlib/c/sdcc/SMS_VRAMmemset_callee
arch/sms/SMSlib/c/sdcc/SMS_VRAMmemsetW
arch/sms/SMSlib/c/sdcc/SMS_VRAMmemsetW_callee
arch/sms/SMSlib/c/sdcc/SMS_waitForVBlank
arch/sms/SMSlib/c/sdcc/SMS_zeroBGPalette
arch/sms/SMSlib/c/sdcc/SMS_zeroSpritePalette
arch/sms/SMSlib/c/sdcc/UNSAFE_SMS_copySpritestoSAT
arch/sms/SMSlib/c/sdcc/UNSAFE_SMS_VRAMmemcpy32
arch/sms/SMSlib/c/sdcc/UNSAFE_SMS_VRAMmemcpy32_callee
arch/sms/SMSlib/c/sdcc/UNSAFE_SMS_VRAMmemcpy64
arch/sms/SMSlib/c/sdcc/UNSAFE_SMS_VRAMmemcpy64_callee
arch/sms/SMSlib/c/sdcc/UNSAFE_SMS_VRAMmemcpy128
arch/sms/SMSlib/c/sdcc/UNSAFE_SMS_VRAMmemcpy128_callee
