arch/sms/SMSlib/z80/__SMSlib_SRAM
arch/sms/SMSlib/z80/__SMSlib_variables_0
arch/sms/SMSlib/z80/__SMSlib_variables_1
arch/sms/SMSlib/z80/__SMSlib_variables_2
arch/sms/SMSlib/z80/_SMS_crt0_RST08
arch/sms/SMSlib/z80/_SMS_crt0_RST18
arch/sms/SMSlib/z80/asm_SMSlib_addSprite
arch/sms/SMSlib/z80/asm_SMSlib_addSpriteClipping
arch/sms/SMSlib/z80/asm_SMSlib_addTwoAdjoiningSprites
arch/sms/SMSlib/z80/asm_SMSlib_copySpritestoSAT
arch/sms/SMSlib/z80/asm_SMSlib_detect_VDP_type
arch/sms/SMSlib/z80/asm_SMSlib_finalizeSprites
arch/sms/SMSlib/z80/asm_SMSlib_getHCount
arch/sms/SMSlib/z80/asm_SMSlib_getKeysHeld
arch/sms/SMSlib/z80/asm_SMSlib_getKeysPressed
arch/sms/SMSlib/z80/asm_SMSlib_getKeysReleased
arch/sms/SMSlib/z80/asm_SMSlib_getKeysStatus
arch/sms/SMSlib/z80/asm_SMSlib_getMDKeysHeld
arch/sms/SMSlib/z80/asm_SMSlib_getMDKeysPressed
arch/sms/SMSlib/z80/asm_SMSlib_getMDKeysStatus
arch/sms/SMSlib/z80/asm_SMSlib_getVCount
arch/sms/SMSlib/z80/asm_SMSlib_hideSprite
arch/sms/SMSlib/z80/asm_SMSlib_init
arch/sms/SMSlib/z80/asm_SMSlib_initSprites
arch/sms/SMSlib/z80/asm_SMSlib_isr
arch/sms/SMSlib/z80/asm_SMSlib_isr_mdpad
arch/sms/SMSlib/z80/asm_SMSlib_loadBGPalette
arch/sms/SMSlib/z80/asm_SMSlib_loadBGPaletteHalfBrightness
arch/sms/SMSlib/z80/asm_SMSlib_loadPSGaidencompressedTiles
arch/sms/SMSlib/z80/asm_SMSlib_loadSpritePalette
arch/sms/SMSlib/z80/asm_SMSlib_loadSpritePaletteHalfBrightness
arch/sms/SMSlib/z80/asm_SMSlib_loadSTMcompressedTileMapArea.c.asm
arch/sms/SMSlib/z80/asm_SMSlib_loadTileMap
arch/sms/SMSlib/z80/asm_SMSlib_loadTileMapArea
arch/sms/SMSlib/z80/asm_SMSlib_loadTiles
arch/sms/SMSlib/z80/asm_SMSlib_nmi_isr
arch/sms/SMSlib/z80/asm_SMSlib_queryPauseRequested
arch/sms/SMSlib/z80/asm_SMSlib_reserveSprite
arch/sms/SMSlib/z80/asm_SMSlib_resetPauseRequest
arch/sms/SMSlib/z80/asm_SMSlib_setBackdropColor
arch/sms/SMSlib/z80/asm_SMSlib_setBGPaletteColor
arch/sms/SMSlib/z80/asm_SMSlib_setBGScrollX
arch/sms/SMSlib/z80/asm_SMSlib_setBGScrollY
arch/sms/SMSlib/z80/asm_SMSlib_setClippingWindow
arch/sms/SMSlib/z80/asm_SMSlib_setColor
arch/sms/SMSlib/z80/asm_SMSlib_setLineCounter
arch/sms/SMSlib/z80/asm_SMSlib_setLineInterruptHandler
arch/sms/SMSlib/z80/asm_SMSlib_setSpriteMode
arch/sms/SMSlib/z80/asm_SMSlib_setSpritePaletteColor
arch/sms/SMSlib/z80/asm_SMSlib_UNSAFE_copySpritestoSAT
arch/sms/SMSlib/z80/asm_SMSlib_UNSAFE_outi
arch/sms/SMSlib/z80/asm_SMSlib_UNSAFE_VRAMmemcpy32
arch/sms/SMSlib/z80/asm_SMSlib_UNSAFE_VRAMmemcpy64
arch/sms/SMSlib/z80/asm_SMSlib_UNSAFE_VRAMmemcpy128
arch/sms/SMSlib/z80/asm_SMSlib_updateSpriteImage
arch/sms/SMSlib/z80/asm_SMSlib_updateSpritePosition
arch/sms/SMSlib/z80/asm_SMSlib_useFirstHalfTilesforSprites
arch/sms/SMSlib/z80/asm_SMSlib_VDPturnOffFeature
arch/sms/SMSlib/z80/asm_SMSlib_VDPturnOnFeature
arch/sms/SMSlib/z80/asm_SMSlib_VDPType
arch/sms/SMSlib/z80/asm_SMSlib_VRAMmemcpy
arch/sms/SMSlib/z80/asm_SMSlib_VRAMmemcpy_brief
arch/sms/SMSlib/z80/asm_SMSlib_VRAMmemset
arch/sms/SMSlib/z80/asm_SMSlib_VRAMmemsetW
arch/sms/SMSlib/z80/asm_SMSlib_waitForVBlank
arch/sms/SMSlib/z80/asm_SMSlib_zeroBGPalette
arch/sms/SMSlib/z80/asm_SMSlib_zeroSpritePalette
