@gfx/common/gfx_common.lst
gfx/wide/obj/${TARGET}/__gfx_coords4
gfx/wide/obj/${TARGET}/w_area
gfx/wide/obj/${TARGET}/w_bkrestore
gfx/wide/obj/${TARGET}/w_bksave
gfx/wide/obj/${TARGET}/w_circle
gfx/wide/obj/${TARGET}/w_circle_callee
gfx/wide/obj/${TARGET}/w_clga
gfx/wide/obj/${TARGET}/w_clga_callee
gfx/wide/obj/${TARGET}/w_cplot_callee
gfx/wide/obj/${TARGET}/w_dcircle
gfx/wide/obj/${TARGET}/w_dcircle_square
gfx/wide/obj/${TARGET}/w_draw
gfx/wide/obj/${TARGET}/w_draw_callee
gfx/wide/obj/${TARGET}/w_drawb
gfx/wide/obj/${TARGET}/w_drawb_callee
gfx/wide/obj/${TARGET}/w_drawbox
gfx/wide/obj/${TARGET}/w_drawr
gfx/wide/obj/${TARGET}/w_drawr_callee
gfx/wide/obj/${TARGET}/w_drawto
gfx/wide/obj/${TARGET}/w_drawto_callee
gfx/wide/obj/${TARGET}/w_fill
gfx/wide/obj/${TARGET}/w_fillb
gfx/wide/obj/${TARGET}/w_fillb_callee
gfx/wide/obj/${TARGET}/w_getsprite
gfx/wide/obj/${TARGET}/w_getx
gfx/wide/obj/${TARGET}/w_gety
gfx/wide/obj/${TARGET}/w_line
gfx/wide/obj/${TARGET}/w_liner
gfx/wide/obj/${TARGET}/w_move
gfx/wide/obj/${TARGET}/w_multipoint
gfx/wide/obj/${TARGET}/w_multipoint_callee
gfx/wide/obj/${TARGET}/w_plot
gfx/wide/obj/${TARGET}/w_plot_callee
gfx/wide/obj/${TARGET}/w_plotpixl
gfx/wide/obj/${TARGET}/w_point
gfx/wide/obj/${TARGET}/w_point_callee
gfx/wide/obj/${TARGET}/w_pointxy
gfx/wide/obj/${TARGET}/w_putc4x6
gfx/wide/obj/${TARGET}/w_putsprite2
gfx/wide/obj/${TARGET}/w_respixl
gfx/wide/obj/${TARGET}/w_setpos
gfx/wide/obj/${TARGET}/w_setpos_callee
gfx/wide/obj/${TARGET}/w_setxy
gfx/wide/obj/${TARGET}/w_stencil_add_circle
gfx/wide/obj/${TARGET}/w_stencil_add_liner
gfx/wide/obj/${TARGET}/w_stencil_add_lineto
gfx/wide/obj/${TARGET}/w_stencil_add_pixel
gfx/wide/obj/${TARGET}/w_stencil_add_point
gfx/wide/obj/${TARGET}/w_stencil_add_side
gfx/wide/obj/${TARGET}/w_stencil_init
gfx/wide/obj/${TARGET}/w_stencil_render2
gfx/wide/obj/${TARGET}/w_uncircle
gfx/wide/obj/${TARGET}/w_uncircle_callee
gfx/wide/obj/${TARGET}/w_undraw
gfx/wide/obj/${TARGET}/w_undraw_callee
gfx/wide/obj/${TARGET}/w_undrawb
gfx/wide/obj/${TARGET}/w_undrawb_callee
gfx/wide/obj/${TARGET}/w_undrawr
gfx/wide/obj/${TARGET}/w_undrawr_callee
gfx/wide/obj/${TARGET}/w_undrawto
gfx/wide/obj/${TARGET}/w_undrawto_callee
gfx/wide/obj/${TARGET}/w_unplot
gfx/wide/obj/${TARGET}/w_unplot_callee
gfx/wide/obj/${TARGET}/w_xorborder
gfx/wide/obj/${TARGET}/w_xorborder_callee
gfx/wide/obj/${TARGET}/w_xorcircle
gfx/wide/obj/${TARGET}/w_xorcircle_callee
gfx/wide/obj/${TARGET}/w_xorclga
gfx/wide/obj/${TARGET}/w_xorclga_callee
gfx/wide/obj/${TARGET}/w_xordraw
gfx/wide/obj/${TARGET}/w_xordraw_callee
gfx/wide/obj/${TARGET}/w_xordrawb
gfx/wide/obj/${TARGET}/w_xordrawb_callee
gfx/wide/obj/${TARGET}/w_xordrawr
gfx/wide/obj/${TARGET}/w_xordrawr_callee
gfx/wide/obj/${TARGET}/w_xordrawto
gfx/wide/obj/${TARGET}/w_xordrawto_callee
gfx/wide/obj/${TARGET}/w_xorpixl
gfx/wide/obj/${TARGET}/w_xorplot
gfx/wide/obj/${TARGET}/w_xorplot_callee
gfx/wide/obj/${TARGET}//w_c_plotpixel
gfx/wide/obj/${TARGET}//w_c_respixel
gfx/wide/obj/${TARGET}//w_c_xorpixel
gfx/wide/obj/${TARGET}//w_c_pointxy
