sound/bit/z80/asm_bit_beep
sound/bit/z80/asm_bit_beep_di
sound/bit/z80/asm_bit_beep_raw
sound/bit/z80/asm_bit_beep_raw
sound/bit/z80/asm_bit_beep_raw_di
sound/bit/z80/asm_bit_beepfx
sound/bit/z80/asm_bit_beepfx_di
sound/bit/z80/asm_bit_click
sound/bit/z80/asm_bit_click_di
sound/bit/z80/asm_bit_close
sound/bit/z80/asm_bit_fx
sound/bit/z80/asm_bit_fx
sound/bit/z80/asm_bit_fx_di
sound/bit/z80/asm_bit_open
sound/bit/z80/asm_bit_play
sound/bit/z80/asm_bit_play_di
sound/bit/z80/asm_bit_play_tritone
sound/bit/z80/asm_bit_play_tritone_di
sound/bit/z80/asm_bit_synth
sound/bit/z80/asm_bit_synth
sound/bit/z80/asm_bit_synth_di
sound/bit/z80/asm_bit_fx/_bitfx_0
sound/bit/z80/asm_bit_fx/_bitfx_1
sound/bit/z80/asm_bit_fx/_bitfx_10
sound/bit/z80/asm_bit_fx/_bitfx_11
sound/bit/z80/asm_bit_fx/_bitfx_12
sound/bit/z80/asm_bit_fx/_bitfx_13
sound/bit/z80/asm_bit_fx/_bitfx_14
sound/bit/z80/asm_bit_fx/_bitfx_15
sound/bit/z80/asm_bit_fx/_bitfx_16
sound/bit/z80/asm_bit_fx/_bitfx_17
sound/bit/z80/asm_bit_fx/_bitfx_18
sound/bit/z80/asm_bit_fx/_bitfx_19
sound/bit/z80/asm_bit_fx/_bitfx_2
sound/bit/z80/asm_bit_fx/_bitfx_20
sound/bit/z80/asm_bit_fx/_bitfx_21
sound/bit/z80/asm_bit_fx/_bitfx_22
sound/bit/z80/asm_bit_fx/_bitfx_23
sound/bit/z80/asm_bit_fx/_bitfx_24
sound/bit/z80/asm_bit_fx/_bitfx_25
sound/bit/z80/asm_bit_fx/_bitfx_26
sound/bit/z80/asm_bit_fx/_bitfx_27
sound/bit/z80/asm_bit_fx/_bitfx_28
sound/bit/z80/asm_bit_fx/_bitfx_29
sound/bit/z80/asm_bit_fx/_bitfx_3
sound/bit/z80/asm_bit_fx/_bitfx_30
sound/bit/z80/asm_bit_fx/_bitfx_31
sound/bit/z80/asm_bit_fx/_bitfx_4
sound/bit/z80/asm_bit_fx/_bitfx_5
sound/bit/z80/asm_bit_fx/_bitfx_6
sound/bit/z80/asm_bit_fx/_bitfx_7
sound/bit/z80/asm_bit_fx/_bitfx_8
sound/bit/z80/asm_bit_fx/_bitfx_9
sound/bit/z80/asm_bit_beepfx/_bfx_0
sound/bit/z80/asm_bit_beepfx/_bfx_1
sound/bit/z80/asm_bit_beepfx/_bfx_10
sound/bit/z80/asm_bit_beepfx/_bfx_11
sound/bit/z80/asm_bit_beepfx/_bfx_12
sound/bit/z80/asm_bit_beepfx/_bfx_13
sound/bit/z80/asm_bit_beepfx/_bfx_14
sound/bit/z80/asm_bit_beepfx/_bfx_15
sound/bit/z80/asm_bit_beepfx/_bfx_16
sound/bit/z80/asm_bit_beepfx/_bfx_17
sound/bit/z80/asm_bit_beepfx/_bfx_18
sound/bit/z80/asm_bit_beepfx/_bfx_19
sound/bit/z80/asm_bit_beepfx/_bfx_2
sound/bit/z80/asm_bit_beepfx/_bfx_20
sound/bit/z80/asm_bit_beepfx/_bfx_21
sound/bit/z80/asm_bit_beepfx/_bfx_22
sound/bit/z80/asm_bit_beepfx/_bfx_23
sound/bit/z80/asm_bit_beepfx/_bfx_24
sound/bit/z80/asm_bit_beepfx/_bfx_25
sound/bit/z80/asm_bit_beepfx/_bfx_26
sound/bit/z80/asm_bit_beepfx/_bfx_27
sound/bit/z80/asm_bit_beepfx/_bfx_28
sound/bit/z80/asm_bit_beepfx/_bfx_29
sound/bit/z80/asm_bit_beepfx/_bfx_3
sound/bit/z80/asm_bit_beepfx/_bfx_30
sound/bit/z80/asm_bit_beepfx/_bfx_31
sound/bit/z80/asm_bit_beepfx/_bfx_32
sound/bit/z80/asm_bit_beepfx/_bfx_33
sound/bit/z80/asm_bit_beepfx/_bfx_34
sound/bit/z80/asm_bit_beepfx/_bfx_35
sound/bit/z80/asm_bit_beepfx/_bfx_36
sound/bit/z80/asm_bit_beepfx/_bfx_37
sound/bit/z80/asm_bit_beepfx/_bfx_38
sound/bit/z80/asm_bit_beepfx/_bfx_39
sound/bit/z80/asm_bit_beepfx/_bfx_4
sound/bit/z80/asm_bit_beepfx/_bfx_40
sound/bit/z80/asm_bit_beepfx/_bfx_41
sound/bit/z80/asm_bit_beepfx/_bfx_42
sound/bit/z80/asm_bit_beepfx/_bfx_43
sound/bit/z80/asm_bit_beepfx/_bfx_44
sound/bit/z80/asm_bit_beepfx/_bfx_45
sound/bit/z80/asm_bit_beepfx/_bfx_46
sound/bit/z80/asm_bit_beepfx/_bfx_47
sound/bit/z80/asm_bit_beepfx/_bfx_48
sound/bit/z80/asm_bit_beepfx/_bfx_49
sound/bit/z80/asm_bit_beepfx/_bfx_5
sound/bit/z80/asm_bit_beepfx/_bfx_50
sound/bit/z80/asm_bit_beepfx/_bfx_51
sound/bit/z80/asm_bit_beepfx/_bfx_52
sound/bit/z80/asm_bit_beepfx/_bfx_53
sound/bit/z80/asm_bit_beepfx/_bfx_54
sound/bit/z80/asm_bit_beepfx/_bfx_55
sound/bit/z80/asm_bit_beepfx/_bfx_56
sound/bit/z80/asm_bit_beepfx/_bfx_57
sound/bit/z80/asm_bit_beepfx/_bfx_6
sound/bit/z80/asm_bit_beepfx/_bfx_7
sound/bit/z80/asm_bit_beepfx/_bfx_8
sound/bit/z80/asm_bit_beepfx/_bfx_9
