ctype/c/sdcc_ix/isalnum
ctype/c/sdcc_ix/isalnum_fastcall
ctype/c/sdcc_ix/isalpha
ctype/c/sdcc_ix/isalpha_fastcall
ctype/c/sdcc_ix/isascii
ctype/c/sdcc_ix/isascii_fastcall
ctype/c/sdcc_ix/isbdigit
ctype/c/sdcc_ix/isbdigit_fastcall
ctype/c/sdcc_ix/isblank
ctype/c/sdcc_ix/isblank_fastcall
ctype/c/sdcc_ix/iscntrl
ctype/c/sdcc_ix/iscntrl_fastcall
ctype/c/sdcc_ix/isdigit
ctype/c/sdcc_ix/isdigit_fastcall
ctype/c/sdcc_ix/isgraph
ctype/c/sdcc_ix/isgraph_fastcall
ctype/c/sdcc_ix/islower
ctype/c/sdcc_ix/islower_fastcall
ctype/c/sdcc_ix/isodigit
ctype/c/sdcc_ix/isodigit_fastcall
ctype/c/sdcc_ix/isprint
ctype/c/sdcc_ix/isprint_fastcall
ctype/c/sdcc_ix/ispunct
ctype/c/sdcc_ix/ispunct_fastcall
ctype/c/sdcc_ix/isspace
ctype/c/sdcc_ix/isspace_fastcall
ctype/c/sdcc_ix/isupper
ctype/c/sdcc_ix/isupper_fastcall
ctype/c/sdcc_ix/isxdigit
ctype/c/sdcc_ix/isxdigit_fastcall
ctype/c/sdcc_ix/toascii
ctype/c/sdcc_ix/toascii_fastcall
ctype/c/sdcc_ix/tolower
ctype/c/sdcc_ix/tolower_fastcall
ctype/c/sdcc_ix/toupper
ctype/c/sdcc_ix/toupper_fastcall
@ctype/ctype_asm.lst
