ctype/c/sdcc_iy/isalnum
ctype/c/sdcc_iy/isalnum_fastcall
ctype/c/sdcc_iy/isalpha
ctype/c/sdcc_iy/isalpha_fastcall
ctype/c/sdcc_iy/isascii
ctype/c/sdcc_iy/isascii_fastcall
ctype/c/sdcc_iy/isbdigit
ctype/c/sdcc_iy/isbdigit_fastcall
ctype/c/sdcc_iy/isblank
ctype/c/sdcc_iy/isblank_fastcall
ctype/c/sdcc_iy/iscntrl
ctype/c/sdcc_iy/iscntrl_fastcall
ctype/c/sdcc_iy/isdigit
ctype/c/sdcc_iy/isdigit_fastcall
ctype/c/sdcc_iy/isgraph
ctype/c/sdcc_iy/isgraph_fastcall
ctype/c/sdcc_iy/islower
ctype/c/sdcc_iy/islower_fastcall
ctype/c/sdcc_iy/isodigit
ctype/c/sdcc_iy/isodigit_fastcall
ctype/c/sdcc_iy/isprint
ctype/c/sdcc_iy/isprint_fastcall
ctype/c/sdcc_iy/ispunct
ctype/c/sdcc_iy/ispunct_fastcall
ctype/c/sdcc_iy/isspace
ctype/c/sdcc_iy/isspace_fastcall
ctype/c/sdcc_iy/isupper
ctype/c/sdcc_iy/isupper_fastcall
ctype/c/sdcc_iy/isxdigit
ctype/c/sdcc_iy/isxdigit_fastcall
ctype/c/sdcc_iy/toascii
ctype/c/sdcc_iy/toascii_fastcall
ctype/c/sdcc_iy/tolower
ctype/c/sdcc_iy/tolower_fastcall
ctype/c/sdcc_iy/toupper
ctype/c/sdcc_iy/toupper_fastcall
@ctype/ctype_asm.lst
