target/laser500/im1_init
stdio/inkey/fgetc_cons
stdio/inkey/getk
target/laser500/stdio/generic_console
target/laser500/stdio/generic_console_ioctl
target/laser500/stdio/generic_console_vpeek
target/laser500/stdio/generic_console_xypos
target/laser500/stdio/fputc_cons
target/laser500/stdio/conio_map_colour
target/laser500/stdio/bordercolour
target/laser500/stdio/CRT_FONT
@stdio/stdio.lst
@font/font_8x8/font_8x8.lst
@input/input_keyboard.lst
target/laser500/graphics/clg
target/laser500/graphics/getmaxx
target/laser500/graphics/getmaxy
target/laser500/graphics/plot_MODE0
target/laser500/graphics/plot_MODE2
target/laser500/graphics/pointxy_MODE0
target/laser500/graphics/pointxy_MODE2
target/laser500/graphics/res_MODE0
target/laser500/graphics/res_MODE2
target/laser500/graphics/textpixl
target/laser500/graphics/w_pixladdr
target/laser500/graphics/w_plotpixl
target/laser500/graphics/w_pointxy
target/laser500/graphics/w_respixl
target/laser500/graphics/w_xorpixel
target/laser500/graphics/xor_MODE0
target/laser500/graphics/xor_MODE2
@gfx/wide/gfx_wide.lst
target/laser500/games/bit_open
target/laser500/games/bit_close
target/laser500/games/joystick
target/laser500/games/keys_joystick
@games/games_mwr.lst
games/obj/laser500/joystick_type
@z80.lst
