target/oz/stdio/fgetc_cons
target/oz/stdio/getk
@stdio/ansicore.lst
target/oz/stdio/ansi/f_ansi_attr
target/oz/stdio/ansi/f_ansi_bel
target/oz/stdio/ansi/f_ansi_char
target/oz/stdio/ansi/f_ansi_cls
stdio/ansi/generic/f_ansi_dline
target/oz/stdio/ansi/f_ansi_scrollup
@stdio/stdio.lst
target/oz/graphics/clg
target/oz/graphics/putsprite
target/oz/graphics/pixladdr
target/oz/graphics/stencil_render
target/oz/graphics/swapgfxbk
@gfx/narrow/gfx_narrow.lst
games/joystick
@z80.lst
target/oz/oz/obj/oz/restore_a000
target/oz/oz/obj/oz/ozcopy
target/oz/oz/obj/oz/ozdetectmodel
target/oz/oz/ozinput/ozclick
target/oz/oz/ozinput/ozeditline
target/oz/oz/ozinput/ozkbdon
target/oz/oz/ozinput/ozkbdoff
target/oz/oz/ozinput/ozkeyclear
target/oz/oz/ozinput/ozkeyhit
target/oz/oz/ozinput/ozkeyupper
target/oz/oz/ozinput/ozkeylower
target/oz/oz/ozinput/ozgetch
target/oz/oz/ozinput/ozungetch
target/oz/oz/ozinterrupt/ozintwait
target/oz/oz/ozinterrupt/serial_int
target/oz/oz/ozinterrupt/ozsetisr
target/oz/oz/ozinterrupt/ozinstisr
target/oz/oz/ozmisc/ozgetautorun
target/oz/oz/ozmisc/ozportin
target/oz/oz/ozmisc/ozportout
target/oz/oz/ozmisc/ozdelay
target/oz/oz/ozmisc/ozexitto
target/oz/oz/ozmisc/ozinitsound
target/oz/oz/ozmisc/ozsound
target/oz/oz/ozmisc/ozquiet
target/oz/oz/ozscreen/ozsetcontrast
target/oz/oz/ozscreen/ozgetcontrast
target/oz/oz/ozscreen/ozblankscreen
target/oz/oz/ozscreen/ozunblankscreen
target/oz/oz/ozscreen/ozfast
target/oz/oz/ozscreen/ozsetlight
target/oz/oz/ozscreen/oztogglelight
target/oz/oz/ozscreen/ozsetlcdstate
target/oz/oz/oztime/oztime
target/oz/oz/oztime/ozhour
target/oz/oz/oztime/ozmin
target/oz/oz/oztime/ozsec
target/oz/oz/oztime/ozweekday
target/oz/oz/oztime/ozday
target/oz/oz/oztime/ozmonth
target/oz/oz/oztime/ozyear
target/oz/oz/oztime/oztimecompute
target/oz/oz/ozgfx/ozdisplayputbyte
target/oz/oz/ozgfx/ozdisplayorbyte
target/oz/oz/ozgfx/ozdisplayandbyte
target/oz/oz/ozgfx/ozsetfont
target/oz/oz/ozgfx/ozgetfont
target/oz/oz/ozgfx/ozputs
target/oz/oz/ozgfx/ozfontpointers
target/oz/oz/ozgfx/ozputch
target/oz/oz/ozgfx/ozrestorescreen
target/oz/oz/ozgfx/ozsavescreen
target/oz/oz/ozgfx/ozscroll
target/oz/oz/ozgfx/ozscrolldown
target/oz/oz/ozgfx/ozscrollclear
target/oz/oz/ozgfx/ozscrolllinesclear
target/oz/oz/ozgfx/ozactivatedisplaypage
target/oz/oz/ozgfx/ozdisplayactivepage
target/oz/oz/ozgfx/ozgetactivepage
target/oz/oz/ozgfx/ozgetdisplaypage
target/oz/oz/ozgfx/ozsetactivepage
target/oz/oz/ozgfx/ozsetdisplaypage
target/oz/oz/ozgfx/ozswapactivedisplay
target/oz/oz/ozgfx/ozputsprite
target/oz/oz/ozserial/ozsnap
target/oz/oz/ozserial/ozclearserialbuffer
target/oz/oz/ozserial/ozgetrxhandshaking
target/oz/oz/ozserial/ozsetrxhandshaking
target/oz/oz/ozserial/ozserialgetc
target/oz/oz/ozserial/ozserialin
target/oz/oz/ozserial/ozserialout
target/oz/oz/ozserial/ozserinton
target/oz/oz/ozserial/ozserintoff
target/oz/oz/ozserial/ozdatabits
target/oz/oz/ozserial/ozstopbits
target/oz/oz/ozserial/ozparity
target/oz/oz/ozserial/ozsetbaud
target/oz/oz/ozserial/ozgetbaud
target/oz/oz/ozserial/ozsetlcr
target/oz/oz/ozserial/ozgetlcr
target/oz/oz/emu/ozgfx/__oz_gfxend
target/oz/oz/emu/ozgfx/ozbox
target/oz/oz/emu/ozgfx/ozfilledbox
target/oz/oz/emu/ozgfx/ozcircle
target/oz/oz/emu/ozgfx/ozline
target/oz/oz/emu/ozgfx/ozhline
target/oz/oz/emu/ozgfx/ozvline
target/oz/oz/emu/ozgfx/ozplotpixel
target/oz/oz/emu/ozgfx/ozpoint
target/oz/oz/emu/ozgfx/ozpointcolor
target/oz/oz/emu/ozgfx/ozgetpoint
