stdio/inkey/fgetc_cons
stdio/inkey/getk
target/spc1000/stdio/fputc_cons_native
target/spc1000/stdio/generic_console
target/spc1000/stdio/generic_console_ioctl
target/spc1000/stdio/generic_console_vpeek
target/spc1000/stdio/vpeek_MODE1
target/spc1000/stdio/vpeek_MODE2
target/spc1000/stdio/printc_MODE1
target/spc1000/stdio/printc_MODE2
target/spc1000/stdio/conio_vars
target/spc1000/stdio/CRT_FONT
@font/font_8x8/font_8x8.lst
@stdio/stdio.lst
@input/input_keyboard.lst
target/spc1000/tms9918
target/spc1000/games/joystick
target/spc1000/games/keys_joystick
@games/games.lst
target/spc1000/graphics/cleargraphics
target/spc1000/graphics/getmaxx
target/spc1000/graphics/getmaxy
target/spc1000/graphics/plotpixl
target/spc1000/graphics/respixl
target/spc1000/graphics/xorpixl
target/spc1000/graphics/pointxy
target/spc1000/graphics/pixladdr
target/spc1000/graphics/pixladdr_MODE1
target/spc1000/graphics/pixladdr_MODE2
target/spc1000/graphics/plot_MODE0
target/spc1000/graphics/res_MODE0
target/spc1000/graphics/xor_MODE0
target/spc1000/graphics/pointxy_MODE0
target/spc1000/graphics/plot_MODE1
target/spc1000/graphics/res_MODE1
target/spc1000/graphics/xor_MODE1
target/spc1000/graphics/pointxy_MODE1
target/spc1000/graphics/plot_MODE2
target/spc1000/graphics/res_MODE2
target/spc1000/graphics/xor_MODE2
target/spc1000/graphics/pointxy_MODE2
target/spc1000/graphics/swapgfxbk
target/spc1000/graphics/textpixl6
@gfx/narrow/gfx_narrow.lst
@video/tms9918/video_tms9918.lst
target/spc1000/psg/set_psg
target/spc1000/psg/set_psg_callee
target/spc1000/psg/get_psg
target/spc1000/psg/psg_init
@psg/psg.lst
@video/mc6847/mc6847.lst
@z80.lst
