@target/zx81/input_zx81.lst
target/zx80/stdio/fgetc_cons
target/zx80/stdio/getk
target/zx80/stdio/zx80_decode_keys
target/zx81/stdio/fputc_cons
target/zx81/stdio/generic_console
@stdio/ansicore.lst
target/zx81/stdio/ansi/f_ansi_bel
target/zx81/stdio/ansi_text/f_ansi_attr
target/zx81/stdio/ansi_text/f_ansi_char
target/zx81/stdio/ansi_text/f_ansi_cls
target/zx81/stdio/ansi_text/f_ansi_dline
target/zx81/stdio/ansi_text/f_ansi_scrollup
@stdio/stdio.lst
target/zx81/time/clock
target/zx81/graphics/clsgraph
target/zx80/graphics/zx_hardcopy
target/zx80/graphics/textpixl
target/zx80/graphics/plotpixl
target/zx80/graphics/respixl
target/zx80/graphics/xorpixl
target/zx80/graphics/pointxy
@gfx/narrow/gfx_narrow.lst
target/zx81/games/bit_open
target/zx81/games/bit_open_di
target/zx81/games/bit_close
target/zx81/games/bit_close_ei
target/zx81/games/bit_fx
target/zx81/games/bit_fx2
target/zx81/games/bit_fx3
target/zx81/games/bit_fx4
target/zx81/games/beeper
target/zx81/games/bit_synth
@games/games.lst
z80_crt0s/z80_emu/afswap
@target/zx81/arch_zx81.lst
target/zx81/psg/set_psg
target/zx81/psg/set_psg_callee
target/zx81/psg/get_psg
target/zx81/psg/psg_init
@psg/psg.lst
@z80.lst
